DEBUG:websockets.protocol:client - state = CONNECTING
DEBUG:websockets.protocol:client - event = connection_made(<asyncio.sslproto._SSLProtocolTransport object at 0x7f6bd6df7940>)
DEBUG:websockets.client:client > GET /api/exchange/v1/ws HTTP/1.1
DEBUG:websockets.client:client > Headers([('Host', 'api.probit.com'), ('Upgrade', 'websocket'), ('Connection', 'Upgrade'), ('Sec-WebSocket-Key', 'TCpz2VJeIL+EMlGQHfjLgg=='), ('Sec-WebSocket-Version', '13'), ('Sec-WebSocket-Extensions', 'permessage-deflate; client_max_window_bits'), ('User-Agent', 'Python/3.8 websockets/8.1')])
DEBUG:websockets.protocol:client - event = data_received(<420 bytes>)
DEBUG:websockets.client:client < HTTP/1.1 101 Switching Protocols
DEBUG:websockets.client:client < Headers([('Date', 'Fri, 16 Jul 2021 21:11:41 GMT'), ('Connection', 'upgrade'), ('Upgrade', 'websocket'), ('Sec-WebSocket-Accept', '9wOsCqx+qtm0/D+L9Rsbl75q9mE='), ('CF-Cache-Status', 'DYNAMIC'), ('Expect-CT', 'max-age=604800, report-uri="https://report-uri.cloudflare.com/cdn-cgi/beacon/expect-ct"'), ('Strict-Transport-Security', 'max-age=15552000'), ('X-Content-Type-Options', 'nosniff'), ('Server', 'cloudflare'), ('CF-RAY', '66fe396f398feccb-DFW')])
DEBUG:websockets.protocol:client - state = OPEN
DEBUG:websockets.protocol:client > Frame(fin=True, opcode=1, data=b'{"type":"authorization","token":"4gsK40vTHXMYKgYTjEQ1AUceug2I3zYewPA\\/bgiUZmc="}', rsv1=False, rsv2=False, rsv3=False)
DEBUG:websockets.protocol:client - event = data_received(<40 bytes>)
DEBUG:websockets.protocol:client < Frame(fin=True, opcode=1, data=b'{"type":"authorization","result":"ok"}', rsv1=False, rsv2=False, rsv3=False)
DEBUG:websockets.protocol:client > Frame(fin=True, opcode=1, data=b'{"type":"subscribe","channel":"order_history"}', rsv1=False, rsv2=False, rsv3=False)
DEBUG:websockets.protocol:client - event = data_received(<13036 bytes>)
DEBUG:websockets.protocol:client - event = data_received(<16384 bytes>)
DEBUG:websockets.protocol:client - event = data_received(<7474 bytes>)
DEBUG:websockets.protocol:client < Frame(fin=True, opcode=1, data=b'{"channel":"order_history","reset":true,"data":[{"id":"2146245548","user_id":"30693a78-b747-4b7a-b68d-e79aa6733be3","market_id":"BTC-USDT","type":"limit","side":"sell","quantity":"0.0003","limit_price":"31908","time_in_force":"gtc","filled_cost":"0","filled_quantity":"0","open_quantity":"0","cancelled_quantity":"0.0003","status":"cancelled","time":"2021-07-15T23:49:08.097Z","client_order_id":"1626392946016681"},{"id":"2146246016","user_id":"30693a78-b747-4b7a-b68d-e79aa6733be3","market_id":"BTC-USDT","type":"limit","side":"sell","quantity":"0.0003","limit_price":"31904.7","time_in_force":"gtc","filled_cost":"0","filled_quantity":"0","open_quantity":"0","cancelled_quantity":"0.0003","status":"cancelled","time":"2021-07-15T23:49:18.481Z","client_order_id":"1626392956004199"},{"id":"2146246042","user_id":"30693a78-b747-4b7a-b68d-e79aa6733be3","market_id":"BTC-USDT","type":"limit","side":"buy","quantity":"0.0003","limit_price":"31273","time_in_force":"gtc","filled_cost":"0","filled_quantity":"0","open_quantity":"0","cancelled_quantity":"0.0003","status":"cancelled","time":"2021-07-15T23:49:18.956Z","client_order_id":"1626392956003288"},{"id":"2146248990","user_id":"30693a78-b747-4b7a-b68d-e79aa6733be3","market_id":"BTC-USDT","type":"limit","side":"buy","quantity":"0.0003","limit_price":"31268.4","time_in_force":"gtc","filled_cost":"0","filled_quantity":"0","open_quantity":"0","cancelled_quantity":"0.0003","status":"cancelled","time":"2021-07-15T23:50:23.001Z","client_order_id":"1626393020002200"},{"id":"2146248992","user_id":"30693a78-b747-4b7a-b68d-e79aa6733be3","market_id":"BTC-USDT","type":"limit","side":"sell","quantity":"0.0003","limit_price":"31900","time_in_force":"gtc","filled_cost":"0","filled_quantity":"0","open_quantity":"0","cancelled_quantity":"0.0003","status":"cancelled","time":"2021-07-15T23:50:23.049Z","client_order_id":"1626393020002595"},{"id":"2146249252","user_id":"30693a78-b747-4b7a-b68d-e79aa6733be3","market_id":"BTC-USDT","type":"limit","side":"buy","quantity":"0.0003","limit_price":"31273","time_in_force":"gtc","filled_cost":"0","filled_quantity":"0","open_quantity":"0","cancelled_quantity":"0.0003","status":"cancelled","time":"2021-07-15T23:50:29.510Z","client_order_id":"1626393027001171"},{"id":"2146249268","user_id":"30693a78-b747-4b7a-b68d-e79aa6733be3","market_id":"BTC-USDT","type":"limit","side":"sell","quantity":"0.0003","limit_price":"31904.7","time_in_force":"gtc","filled_cost":"0","filled_quantity":"0","open_quantity":"0","cancelled_quantity":"0.0003","status":"cancelled","time":"2021-07-15T23:50:29.928Z","client_order_id":"1626393027001518"},{"id":"2146254542","user_id":"30693a78-b747-4b7a-b68d-e79aa6733be3","market_id":"BTC-USDT","type":"limit","side":"sell","quantity":"0.0003","limit_price":"31940.6","time_in_force":"gtc","filled_cost":"0","filled_quantity":"0","open_quantity":"0","cancelled_quantity":"0.0003","status":"cancelled","time":"2021-07-15T23:52:29.486Z","client_order_id":"1626393147001851"},{"id":"2146254560","user_id":"30693a78-b747-4b7a-b68d-e79aa6733be3","market_id":"BTC-USDT","type":"limit","side":"buy","quantity":"0.0003","limit_price":"31308.1","time_in_force":"gtc","filled_cost":"0","filled_quantity":"0","open_quantity":"0","cancelled_quantity":"0.0003","status":"cancelled","time":"2021-07-15T23:52:29.947Z","client_order_id":"1626393147001518"},{"id":"2146257392","user_id":"30693a78-b747-4b7a-b68d-e79aa6733be3","market_id":"BTC-USDT","type":"limit","side":"buy","quantity":"0.0003","limit_price":"31312.1","time_in_force":"gtc","filled_cost":"0","filled_quantity":"0","open_quantity":"0","cancelled_quantity":"0.0003","status":"cancelled","time":"2021-07-15T23:53:33.504Z","client_order_id":"1626393211001755"},{"id":"2146257401","user_id":"30693a78-b747-4b7a-b68d-e79aa6733be3","market_id":"BTC-USDT","type":"limit","side":"sell","quantity":"0.0003","limit_price":"31944.7","time_in_force":"gtc","filled_cost":"0","filled_quantity":"0","open_quantity":"0","cancelled_quantity":"0.0003","status":"cancelled","time":"2021-07-15T23:53:33.873Z","client_order_id":"1626393211002031"},{"id":"2146257607","user_id":"30693a78-b747-4b7a-b68d-e79aa6733be3","market_id":"BTC-USDT","type":"limit","side":"sell","quantity":"0.0003","limit_price":"31945.2","time_in_force":"gtc","filled_cost":"0","filled_quantity":"0","open_quantity":"0","cancelled_quantity":"0.0003","status":"cancelled","time":"2021-07-15T23:53:37.913Z","client_order_id":"1626393215002246"},{"id":"2146257610","user_id":"30693a78-b747-4b7a-b68d-e79aa6733be3","market_id":"BTC-USDT","type":"limit","side":"buy","quantity":"0.0003","limit_price":"31312.6","time_in_force":"gtc","filled_cost":"0","filled_quantity":"0","open_quantity":"0","cancelled_quantity":"0.0003","status":"cancelled","time":"2021-07-15T23:53:37.972Z","client_order_id":"1626393215001969"},{"id":"2146258196","user_id":"30693a78-b747-4b7a-b68d-e79aa6733be3","market_id":"BTC-USDT","type":"limit","side":"buy","quantity":"0.0003","limit_price":"31319.8","time_in_force":"gtc","filled_cost":"0","filled_quantity":"0","open_quantity":"0","cancelled_quantity":"0.0003","status":"cancelled","time":"2021-07-15T23:53:49.062Z","client_order_id":"1626393227001796"},{"id":"2146258223","user_id":"30693a78-b747-4b7a-b68d-e79aa6733be3","market_id":"BTC-USDT","type":"limit","side":"sell","quantity":"0.0003","limit_price":"31952.6","time_in_force":"gtc","filled_cost":"0","filled_quantity":"0","open_quantity":"0","cancelled_quantity":"0.0003","status":"cancelled","time":"2021-07-15T23:53:49.559Z","client_order_id":"1626393227002007"},{"id":"2146261233","user_id":"30693a78-b747-4b7a-b68d-e79aa6733be3","market_id":"BTC-USDT","type":"limit","side":"buy","quantity":"0.0003","limit_price":"31315.2","time_in_force":"gtc","filled_cost":"0","filled_quantity":"0","open_quantity":"0","cancelled_quantity":"0.0003","status":"cancelled","time":"2021-07-15T23:54:53.498Z","client_order_id":"1626393291001444"},{"id":"2146261234","user_id":"30693a78-b747-4b7a-b68d-e79aa6733be3","market_id":"BTC-USDT","type":"limit","side":"sell","quantity":"0.0003","limit_price":"31947.9","time_in_force":"gtc","filled_cost":"0","filled_quantity":"0","open_quantity":"0","cancelled_quantity":"0.0003","status":"cancelled","time":"2021-07-15T23:54:53.563Z","client_order_id":"1626393291001680"},{"id":"2146261972","user_id":"30693a78-b747-4b7a-b68d-e79aa6733be3","market_id":"BTC-USDT","type":"limit","side":"sell","quantity":"0.0003","limit_price":"31965.9","time_in_force":"gtc","filled_cost":"0","filled_quantity":"0","open_quantity":"0","cancelled_quantity":"0.0003","status":"cancelled","time":"2021-07-15T23:55:09.483Z","client_order_id":"1626393307001057"},{"id":"2146261987","user_id":"30693a78-b747-4b7a-b68d-e79aa6733be3","market_id":"BTC-USDT","type":"limit","side":"buy","quantity":"0.0003","limit_price":"31332.9","time_in_force":"gtc","filled_cost":"0","filled_quantity":"0","open_quantity":"0","cancelled_quantity":"0.0003","status":"cancelled","time":"2021-07-15T23:55:09.893Z","client_order_id":"1626393307000812"},{"id":"2146262099","user_id":"30693a78-b747-4b7a-b68d-e79aa6733be3","market_id":"BTC-USDT","type":"limit","side":"buy","quantity":"0.0003","limit_price":"31334.6","time_in_force":"gtc","filled_cost":"0","filled_quantity":"0","open_quantity":"0","cancelled_quantity":"0.0003","status":"cancelled","time":"2021-07-15T23:55:12.540Z","client_order_id":"1626393310045451"},{"id":"2146262121","user_id":"30693a78-b747-4b7a-b68d-e79aa6733be3","market_id":"BTC-USDT","type":"limit","side":"sell","quantity":"0.0003","limit_price":"31967.7","time_in_force":"gtc","filled_cost":"0","filled_quantity":"0","open_quantity":"0","cancelled_quantity":"0.0003","status":"cancelled","time":"2021-07-15T23:55:13.009Z","client_order_id":"1626393310045826"},{"id":"2146264998","user_id":"30693a78-b747-4b7a-b68d-e79aa6733be3","market_id":"BTC-USDT","type":"limit","side":"buy","quantity":"0.0003","limit_price":"31348.1","time_in_force":"gtc","filled_cost":"0","filled_quantity":"0","open_quantity":"0","cancelled_quantity":"0.0003","status":"cancelled","time":"2021-07-15T23:56:15.594Z","client_order_id":"1626393373115060"},{"id":"2146265024","user_id":"30693a78-b747-4b7a-b68d-e79aa6733be3","market_id":"BTC-USDT","type":"limit","side":"sell","quantity":"0.0003","limit_price":"31981.3","time_in_force":"gtc","filled_cost":"0","filled_quantity":"0","open_quantity":"0","cancelled_quantity":"0.0003","status":"cancelled","time":"2021-07-15T23:56:16.264Z","client_order_id":"1626393373115218"},{"id":"2146299433","user_id":"30693a78-b747-4b7a-b68d-e79aa6733be3","market_id":"BTC-USDT","type":"limit","side":"sell","quantity":"0.0003","limit_price":"31982.5","time_in_force":"gtc","filled_cost":"0","filled_quantity":"0","open_quantity":"0","cancelled_quantity":"0.0003","status":"cancelled","time":"2021-07-16T00:05:30.456Z","client_order_id":"1626393928002474"},{"id":"2146299435","user_id":"30693a78-b747-4b7a-b68d-e79aa6733be3","market_id":"BTC-USDT","type":"limit","side":"buy","quantity":"0.0003","limit_price":"31349.1","time_in_force":"gtc","filled_cost":"0","filled_quantity":"0","open_quantity":"0","cancelled_quantity":"0.0003","status":"cancelled","time":"2021-07-16T00:05:30.490Z","client_order_id":"1626393928002224"},{"id":"2146301136","user_id":"30693a78-b747-4b7a-b68d-e79aa6733be3","market_id":"BTC-USDT","type":"limit","side":"sell","quantity":"0.0003","limit_price":"32000.7","time_in_force":"gtc","filled_cost":"0","filled_quantity":"0","open_quantity":"0","cancelled_quantity":"0.0003","status":"cancelled","time":"2021-07-16T00:06:02.507Z","client_order_id":"1626393960002425"},{"id":"2146301137","user_id":"30693a78-b747-4b7a-b68d-e79aa6733be3","market_id":"BTC-USDT","type":"limit","side":"buy","quantity":"0.0003","limit_price":"31367","time_in_force":"gtc","filled_cost":"0","filled_quantity":"0","open_quantity":"0","cancelled_quantity":"0.0003","status":"cancelled","time":"2021-07-16T00:06:02.520Z","client_order_id":"1626393960002193"},{"id":"2146303070","user_id":"30693a78-b747-4b7a-b68d-e79aa6733be3","market_id":"BTC-USDT","type":"limit","side":"sell","quantity":"0.0003","limit_price":"32020","time_in_force":"gtc","filled_cost":"0","filled_quantity":"0","open_quantity":"0","cancelled_quantity":"0.0003","status":"cancelled","time":"2021-07-16T00:06:34.467Z","client_order_id":"1626393992001542"},{"id":"2146303091","user_id":"30693a78-b747-4b7a-b68d-e79aa6733be3","market_id":"BTC-USDT","type":"limit","side":"buy","quantity":"0.0003","limit_price":"31385.9","time_in_force":"gtc","filled_cost":"0","filled_quantity":"0","open_quantity":"0","cancelled_quantity":"0.0003","status":"cancelled","time":"2021-07-16T00:06:34.935Z","client_order_id":"1626393992001143"},{"id":"2146305115","user_id":"30693a78-b747-4b7a-b68d-e79aa6733be3","market_id":"BTC-USDT","type":"limit","side":"buy","quantity":"0.0003","limit_price":"31339.8","time_in_force":"gtc","filled_cost":"0","filled_quantity":"0","open_quantity":"0","cancelled_quantity":"0.0003","status":"cancelled","time":"2021-07-16T00:07:07.038Z","client_order_id":"1626394025001857"},{"id":"2146305190","user_id":"30693a78-b747-4b7a-b68d-e79aa6733be3","market_id":"BTC-USDT","type":"limit","side":"sell","quantity":"0.0003","limit_price":"31972.9","time_in_force":"gtc","filled_cost":"0","filled_quantity":"0","open_quantity":"0","cancelled_quantity":"0.0003","status":"cancelled","time":"2021-07-16T00:07:07.958Z","client_order_id":"1626394025002090"},{"id":"2146306842","user_id":"30693a78-b747-4b7a-b68d-e79aa6733be3","market_id":"BTC-USDT","type":"limit","side":"sell","quantity":"0.0003","limit_price":"32005.3","time_in_force":"gtc","filled_cost":"0","filled_quantity":"0","open_quantity":"0","cancelled_quantity":"0.0003","status":"cancelled","time":"2021-07-16T00:07:39.573Z","client_order_id":"1626394057002192"},{"id":"2146306862","user_id":"30693a78-b747-4b7a-b68d-e79aa6733be3","market_id":"BTC-USDT","type":"limit","side":"buy","quantity":"0.0003","limit_price":"31371.5","time_in_force":"gtc","filled_cost":"0","filled_quantity":"0","open_quantity":"0","cancelled_quantity":"0.0003","status":"cancelled","time":"2021-07-16T00:07:39.919Z","client_order_id":"1626394057001849"},{"id":"2146308419","user_id":"30693a78-b747-4b7a-b68d-e79aa6733be3","market_id":"BTC-USDT","type":"limit","side":"buy","quantity":"0.0003","limit_price":"31364.2","time_in_force":"gtc","filled_cost":"0","filled_quantity":"0","open_quantity":"0","cancelled_quantity":"0.0003","status":"cancelled","time":"2021-07-16T00:08:11.006Z","client_order_id":"1626394089001507"},{"id":"2146308472","user_id":"30693a78-b747-4b7a-b68d-e79aa6733be3","market_id":"BTC-USDT","type":"limit","side":"sell","quantity":"0.0003","limit_price":"31997.8","time_in_force":"gtc","filled_cost":"0","filled_quantity":"0","open_quantity":"0","cancelled_quantity":"0.0003","status":"cancelled","time":"2021-07-16T00:08:11.868Z","client_order_id":"1626394089001755"},{"id":"2146310076","user_id":"30693a78-b747-4b7a-b68d-e79aa6733be3","market_id":"BTC-USDT","type":"limit","side":"sell","quantity":"0.0003","limit_price":"32006.4","time_in_force":"gtc","filled_cost":"0","filled_quantity":"0","open_quantity":"0","cancelled_quantity":"0.0003","status":"cancelled","time":"2021-07-16T00:08:43.451Z","client_order_id":"1626394121002097"},{"id":"2146310100","user_id":"30693a78-b747-4b7a-b68d-e79aa6733be3","market_id":"BTC-USDT","type":"limit","side":"buy","quantity":"0.0003","limit_price":"31372.7","time_in_force":"gtc","filled_cost":"0","filled_quantity":"0","open_quantity":"0","cancelled_quantity":"0.0003","status":"cancelled","time":"2021-07-16T00:08:43.928Z","client_order_id":"1626394121001819"},{"id":"2146337787","user_id":"30693a78-b747-4b7a-b68d-e79aa6733be3","market_id":"LIMEX-USDT","type":"limit","side":"buy","quantity":"10000","limit_price":"0.00115","time_in_force":"gtc","filled_cost":"0","filled_quantity":"0","open_quantity":"0","cancelled_quantity":"10000","status":"cancelled","time":"2021-07-16T00:17:00.039Z","client_order_id":"1626394618002221"},{"id":"2146338004","user_id":"30693a78-b747-4b7a-b68d-e79aa6733be3","market_id":"LIMEX-USDT","type":"limit","side":"buy","quantity":"10000","limit_price":"0.00115","time_in_force":"gtc","filled_cost":"0","filled_quantity":"0","open_quantity":"0","cancelled_quantity":"10000","status":"cancelled","time":"2021-07-16T00:17:03.486Z","client_order_id":"1626394621002410"},{"id":"2146338106","user_id":"30693a78-b747-4b7a-b68d-e79aa6733be3","market_id":"LIMEX-USDT","type":"limit","side":"buy","quantity":"10000","limit_price":"0.00115","time_in_force":"gtc","filled_cost":"0","filled_quantity":"0","open_quantity":"0","cancelled_quantity":"10000","status":"cancelled","time":"2021-07-16T00:17:05.433Z","client_order_id":"1626394623001823"},{"id":"2146338192","user_id":"30693a78-b747-4b7a-b68d-e79aa6733be3","market_id":"LIMEX-USDT","type":"limit","side":"buy","quantity":"10000","limit_price":"0.00115","time_in_force":"gtc","filled_cost":"0","filled_quantity":"0","open_quantity":"0","cancelled_quantity":"10000","status":"cancelled","time":"2021-07-16T00:17:07.078Z","client_order_id":"1626394625001611"},{"id":"2146338334","user_id":"30693a78-b747-4b7a-b68d-e79aa6733be3","market_id":"LIMEX-USDT","type":"limit","side":"buy","quantity":"10000","limit_price":"0.00115","time_in_force":"gtc","filled_cost":"0","filled_quantity":"0","open_quantity":"0","cancelled_quantity":"10000","status":"cancelled","time":"2021-07-16T00:17:09.869Z","client_order_id":"1626394627001588"},{"id":"2146338479","user_id":"30693a78-b747-4b7a-b68d-e79aa6733be3","market_id":"LIMEX-USDT","type":"limit","side":"buy","quantity":"10000","limit_price":"0.00115","time_in_force":"gtc","filled_cost":"0","filled_quantity":"0","open_quantity":"0","cancelled_quantity":"10000","status":"cancelled","time":"2021-07-16T00:17:12.473Z","client_order_id":"1626394630001636"},{"id":"2146338710","user_id":"30693a78-b747-4b7a-b68d-e79aa6733be3","market_id":"LIMEX-USDT","type":"limit","side":"buy","quantity":"10000","limit_price":"0.00115","time_in_force":"gtc","filled_cost":"0","filled_quantity":"0","open_quantity":"0","cancelled_quantity":"10000","status":"cancelled","time":"2021-07-16T00:17:16.922Z","client_order_id":"1626394634001854"},{"id":"2146338859","user_id":"30693a78-b747-4b7a-b68d-e79aa6733be3","market_id":"LIMEX-USDT","type":"limit","side":"buy","quantity":"10000","limit_price":"0.00115","time_in_force":"gtc","filled_cost":"0","filled_quantity":"0","open_quantity":"0","cancelled_quantity":"10000","status":"cancelled","time":"2021-07-16T00:17:19.436Z","client_order_id":"1626394637001581"},{"id":"2146338953","user_id":"30693a78-b747-4b7a-b68d-e79aa6733be3","market_id":"LIMEX-USDT","type":"limit","side":"buy","quantity":"10000","limit_price":"0.00115","time_in_force":"gtc","filled_cost":"0","filled_quantity":"0","open_quantity":"0","cancelled_quantity":"10000","status":"cancelled","time":"2021-07-16T00:17:21.445Z","client_order_id":"1626394639002510"},{"id":"2146339078","user_id":"30693a78-b747-4b7a-b68d-e79aa6733be3","market_id":"LIMEX-USDT","type":"limit","side":"buy","quantity":"10000","limit_price":"0.00115","time_in_force":"gtc","filled_cost":"0","filled_quantity":"0","open_quantity":"0","cancelled_quantity":"10000","status":"cancelled","time":"2021-07-16T00:17:24.030Z","client_order_id":"1626394642001966"},{"id":"2146339187","user_id":"30693a78-b747-4b7a-b68d-e79aa6733be3","market_id":"LIMEX-USDT","type":"limit","side":"buy","quantity":"10000","limit_price":"0.00115","time_in_force":"gtc","filled_cost":"0","filled_quantity":"0","open_quantity":"0","cancelled_quantity":"10000","status":"cancelled","time":"2021-07-16T00:17:26.047Z","client_order_id":"1626394644001594"},{"id":"2146339297","user_id":"30693a78-b747-4b7a-b68d-e79aa6733be3","market_id":"LIMEX-USDT","type":"limit","side":"buy","quantity":"10000","limit_price":"0.00115","time_in_force":"gtc","filled_cost":"0","filled_quantity":"0","open_quantity":"0","cancelled_quantity":"10000","status":"cancelled","time":"2021-07-16T00:17:27.990Z","client_order_id":"1626394646003664"},{"id":"2146339389","user_id":"30693a78-b747-4b7a-b68d-e79aa6733be3","market_id":"LIMEX-USDT","type":"limit","side":"buy","quantity":"10000","limit_price":"0.00115","time_in_force":"gtc","filled_cost":"0","filled_quantity":"0","open_quantity":"0","cancelled_quantity":"10000","status":"cancelled","time":"2021-07-16T00:17:29.999Z","client_order_id":"1626394648001655"},{"id":"2146339535","user_id":"30693a78-b747-4b7a-b68d-e79aa6733be3","market_id":"LIMEX-USDT","type":"limit","side":"buy","quantity":"10000","limit_price":"0.00115","time_in_force":"gtc","filled_cost":"0","filled_quantity":"0","open_quantity":"0","cancelled_quantity":"10000","status":"cancelled","time":"2021-07-16T00:17:32.867Z","client_order_id":"1626394650001711"},{"id":"2146339661","user_id":"30693a78-b747-4b7a-b68d-e79aa6733be3","market_id":"LIMEX-USDT","type":"limit","side":"buy","quantity":"10000","limit_price":"0.00115","time_in_force":"gtc","filled_cost":"0","filled_quantity":"0","open_quantity":"0","cancelled_quantity":"10000","status":"cancelled","time":"2021-07-16T00:17:35.076Z","client_order_id":"1626394653002747"},{"id":"2146339744","user_id":"30693a78-b747-4b7a-b68d-e79aa6733be3","market_id":"LIMEX-USDT","type":"limit","side":"buy","quantity":"10000","limit_price":"0.00122","time_in_force":"gtc","filled_cost":"0","filled_quantity":"0","open_quantity":"0","cancelled_quantity":"10000","status":"cancelled","time":"2021-07-16T00:17:37.081Z","client_order_id":"1626394655007648"},{"id":"2146339839","user_id":"30693a78-b747-4b7a-b68d-e79aa6733be3","market_id":"LIMEX-USDT","type":"limit","side":"buy","quantity":"10000","limit_price":"0.00115","time_in_force":"gtc","filled_cost":"0","filled_quantity":"0","open_quantity":"0","cancelled_quantity":"10000","status":"cancelled","time":"2021-07-16T00:17:38.980Z","client_order_id":"1626394657002736"},{"id":"2146339935","user_id":"30693a78-b747-4b7a-b68d-e79aa6733be3","market_id":"LIMEX-USDT","type":"limit","side":"buy","quantity":"10000","limit_price":"0.00151","time_in_force":"gtc","filled_cost":"10.99046733","filled_quantity":"7435.1255","open_quantity":"0","cancelled_quantity":"2564.8745","status":"filled","time":"2021-07-16T00:17:40.988Z","client_order_id":"1626394659002909"},{"id":"2146340042","user_id":"30693a78-b747-4b7a-b68d-e79aa6733be3","market_id":"LIMEX-USDT","type":"limit","side":"buy","quantity":"10000","limit_price":"0.00127","time_in_force":"gtc","filled_cost":"0","filled_quantity":"0","open_quantity":"0","cancelled_quantity":"10000","status":"cancelled","time":"2021-07-16T00:17:43.091Z","client_order_id":"1626394661001936"},{"id":"2146340132","user_id":"30693a78-b747-4b7a-b68d-e79aa6733be3","market_id":"LIMEX-USDT","type":"limit","side":"buy","quantity":"10000","limit_price":"0.00127","time_in_force":"gtc","filled_cost":"0","filled_quantity":"0","open_quantity":"0","cancelled_quantity":"10000","status":"cancelled","time":"2021-07-16T00:17:44.985Z","client_order_id":"1626394663001811"},{"id":"2146340230","user_id":"30693a78-b747-4b7a-b68d-e79aa6733be3","market_id":"LIMEX-USDT","type":"limit","side":"buy","quantity":"10000","limit_price":"0.00127","time_in_force":"gtc","filled_cost":"0","filled_quantity":"0","open_quantity":"0","cancelled_quantity":"10000","status":"cancelled","time":"2021-07-16T00:17:47.003Z","client_order_id":"1626394665001183"},{"id":"2146340316","user_id":"30693a78-b747-4b7a-b68d-e79aa6733be3","market_id":"LIMEX-USDT","type":"limit","side":"buy","quantity":"10000","limit_price":"0.00127","time_in_force":"gtc","filled_cost":"0","filled_quantity":"0","open_quantity":"0","cancelled_quantity":"10000","status":"cancelled","time":"2021-07-16T00:17:49.037Z","client_order_id":"1626394667001778"},{"id":"2146340444","user_id":"30693a78-b747-4b7a-b68d-e79aa6733be3","market_id":"LIMEX-USDT","type":"limit","side":"buy","quantity":"10000","limit_price":"0.00127","time_in_force":"gtc","filled_cost":"0","filled_quantity":"0","open_quantity":"0","cancelled_quantity":"10000","status":"cancelled","time":"2021-07-16T00:17:51.458Z","client_order_id":"1626394669001376"},{"id":"2146340528","user_id":"30693a78-b747-4b7a-b68d-e79aa6733be3","market_id":"LIMEX-USDT","type":"limit","side":"buy","quantity":"10000","limit_price":"0.00127","time_in_force":"gtc","filled_cost":"0","filled_quantity":"0","open_quantity":"0","cancelled_quantity":"10000","status":"cancelled","time":"2021-07-16T00:17:52.981Z","client_order_id":"1626394671001874"},{"id":"2146340604","user_id":"30693a78-b747-4b7a-b68d-e79aa6733be3","market_id":"LIMEX-USDT","type":"limit","side":"buy","quantity":"10000","limit_price":"0.00127","time_in_force":"gtc","filled_cost":"0","filled_quantity":"0","open_quantity":"0","cancelled_quantity":"10000","status":"cancelled","time":"2021-07-16T00:17:55.006Z","client_order_id":"1626394673001169"},{"id":"2146340708","user_id":"30693a78-b747-4b7a-b68d-e79aa6733be3","market_id":"LIMEX-USDT","type":"limit","side":"buy","quantity":"10000","limit_price":"0.00127","time_in_force":"gtc","filled_cost":"0","filled_quantity":"0","open_quantity":"0","cancelled_quantity":"10000","status":"cancelled","time":"2021-07-16T00:17:57.448Z","client_order_id":"1626394675001221"},{"id":"2146340809","user_id":"30693a78-b747-4b7a-b68d-e79aa6733be3","market_id":"LIMEX-USDT","type":"limit","side":"buy","quantity":"10000","limit_price":"0.00127","time_in_force":"gtc","filled_cost":"0","filled_quantity":"0","open_quantity":"0","cancelled_quantity":"10000","status":"cancelled","time":"2021-07-16T00:18:00.003Z","client_order_id":"1626394678001195"},{"id":"2146340882","user_id":"30693a78-b747-4b7a-b68d-e79aa6733be3","market_id":"LIMEX-USDT","type":"limit","side":"buy","quantity":"10000","limit_price":"0.00127","time_in_force":"gtc","filled_cost":"0","filled_quantity":"0","open_quantity":"0","cancelled_quantity":"10000","status":"cancelled","time":"2021-07-16T00:18:01.999Z","client_order_id":"1626394680001813"},{"id":"2146340886","user_id":"30693a78-b747-4b7a-b68d-e79aa6733be3","market_id":"LIMEX-USDT","type":"limit","side":"sell","quantity":"10000","limit_price":"0.00132","time_in_force":"gtc","filled_cost":"0","filled_quantity":"0","open_quantity":"0","cancelled_quantity":"10000","status":"cancelled","time":"2021-07-16T00:18:02.091Z","client_order_id":"1626394680002086"},{"id":"2146462674","user_id":"30693a78-b747-4b7a-b68d-e79aa6733be3","market_id":"LIMEX-USDT","type":"limit","side":"sell","quantity":"10000","limit_price":"0.00181","time_in_force":"gtc","filled_cost":"0","filled_quantity":"0","open_quantity":"0","cancelled_quantity":"10000","status":"cancelled","time":"2021-07-16T00:58:49.855Z","client_order_id":"1626397127001935"},{"id":"2146462711","user_id":"30693a78-b747-4b7a-b68d-e79aa6733be3","market_id":"LIMEX-USDT","type":"limit","side":"buy","quantity":"10000","limit_price":"0.00173","time_in_force":"gtc","filled_cost":"0","filled_quantity":"0","open_quantity":"0","cancelled_quantity":"10000","status":"cancelled","time":"2021-07-16T00:58:50.450Z","client_order_id":"1626397127001281"},{"id":"2146462798","user_id":"30693a78-b747-4b7a-b68d-e79aa6733be3","market_id":"LIMEX-USDT","type":"limit","side":"sell","quantity":"10000","limit_price":"0.00181","time_in_force":"gtc","filled_cost":"0","filled_quantity":"0","open_quantity":"0","cancelled_quantity":"10000","status":"cancelled","time":"2021-07-16T00:58:52.431Z","client_order_id":"1626397130028989"},{"id":"2146462818","user_id":"30693a78-b747-4b7a-b68d-e79aa6733be3","market_id":"LIMEX-USDT","type":"limit","side":"buy","quantity":"10000","limit_price":"0.00173","time_in_force":"gtc","filled_cost":"0","filled_quantity":"0","open_quantity":"0","cancelled_quantity":"10000","status":"cancelled","time":"2021-07-16T00:58:52.877Z","client_order_id":"1626397130027560"},{"id":"2146465563","user_id":"30693a78-b747-4b7a-b68d-e79aa6733be3","market_id":"LIMEX-USDT","type":"limit","side":"sell","quantity":"10000","limit_price":"0.00187","time_in_force":"gtc","filled_cost":"0","filled_quantity":"0","open_quantity":"0","cancelled_quantity":"10000","status":"cancelled","time":"2021-07-16T00:59:56.404Z","client_order_id":"1626397194001542"},{"id":"2146465580","user_id":"30693a78-b747-4b7a-b68d-e79aa6733be3","market_id":"LIMEX-USDT","type":"limit","side":"buy","quantity":"10000","limit_price":"0.0018","time_in_force":"gtc","filled_cost":"0","filled_quantity":"0","open_quantity":"0","cancelled_quantity":"10000","status":"cancelled","time":"2021-07-16T00:59:56.844Z","client_order_id":"1626397194001259"},{"id":"2146469380","user_id":"30693a78-b747-4b7a-b68d-e79aa6733be3","market_id":"LIMEX-USDT","type":"limit","side":"sell","quantity":"10000","limit_price":"0.00195","time_in_force":"gtc","filled_cost":"0","filled_quantity":"0","open_quantity":"0","cancelled_quantity":"10000","status":"cancelled","time":"2021-07-16T01:00:59.406Z","client_order_id":"1626397257001149"},{"id":"2146469420","user_id":"30693a78-b747-4b7a-b68d-e79aa6733be3","market_id":"LIMEX-USDT","type":"limit","side":"buy","quantity":"10000","limit_price":"0.00188","time_in_force":"gtc","filled_cost":"0","filled_quantity":"0","open_quantity":"0","cancelled_quantity":"10000","status":"cancelled","time":"2021-07-16T01:00:59.922Z","client_order_id":"1626397257000902"},{"id":"2146472613","user_id":"30693a78-b747-4b7a-b68d-e79aa6733be3","market_id":"LIMEX-USDT","type":"limit","side":"buy","quantity":"10000","limit_price":"0.00189","time_in_force":"gtc","filled_cost":"0","filled_quantity":"0","open_quantity":"0","cancelled_quantity":"10000","status":"cancelled","time":"2021-07-16T01:02:02.441Z","client_order_id":"1626397320001625"},{"id":"2146472635","user_id":"30693a78-b747-4b7a-b68d-e79aa6733be3","market_id":"LIMEX-USDT","type":"limit","side":"sell","quantity":"10000","limit_price":"0.00197","time_in_force":"gtc","filled_cost":"0","filled_quantity":"0","open_quantity":"0","cancelled_quantity":"10000","status":"cancelled","time":"2021-07-16T01:02:02.880Z","client_order_id":"1626397320001877"},{"id":"2146475383","user_id":"30693a78-b747-4b7a-b68d-e79aa6733be3","market_id":"LIMEX-USDT","type":"limit","side":"sell","quantity":"10000","limit_price":"0.00192","time_in_force":"gtc","filled_cost":"0","filled_quantity":"0","open_quantity":"0","cancelled_quantity":"10000","status":"cancelled","time":"2021-07-16T01:03:06.822Z","client_order_id":"1626397384002216"},{"id":"2146475385","user_id":"30693a78-b747-4b7a-b68d-e79aa6733be3","market_id":"LIMEX-USDT","type":"limit","side":"buy","quantity":"10000","limit_price":"0.00185","time_in_force":"gtc","filled_cost":"0","filled_quantity":"0","open_quantity":"0","cancelled_quantity":"10000","status":"cancelled","time":"2021-07-16T01:03:06.832Z","client_order_id":"1626397384001920"},{"id":"2149840341","user_id":"30693a78-b747-4b7a-b68d-e79aa6733be3","market_id":"BTC-USDT","type":"limit","side":"buy","quantity":"0.0003","limit_price":"31595.4","time_in_force":"gtc","filled_cost":"0","filled_quantity":"0","open_quantity":"0","cancelled_quantity":"0.0003","status":"cancelled","time":"2021-07-16T19:32:36.729Z","client_order_id":"1626463955001831"},{"id":"2149840367","user_id":"30693a78-b747-4b7a-b68d-e79aa6733be3","market_id":"BTC-USDT","type":"limit","side":"sell","quantity":"0.0003","limit_price":"32233.6","time_in_force":"gtc","filled_cost":"0","filled_quantity":"0","open_quantity":"0","cancelled_quantity":"0.0003","status":"cancelled","time":"2021-07-16T19:32:37.237Z","client_order_id":"1626463955002214"},{"id":"2149842052","user_id":"30693a78-b747-4b7a-b68d-e79aa6733be3","market_id":"BTC-USDT","type":"limit","side":"buy","quantity":"0.0003","limit_price":"31596.4","time_in_force":"gtc","filled_cost":"0","filled_quantity":"0","open_quantity":"0","cancelled_quantity":"0.0003","status":"cancelled","time":"2021-07-16T19:33:08.770Z","client_order_id":"1626463987001596"},{"id":"2149842068","user_id":"30693a78-b747-4b7a-b68d-e79aa6733be3","market_id":"BTC-USDT","type":"limit","side":"sell","quantity":"0.0003","limit_price":"32234.8","time_in_force":"gtc","filled_cost":"0","filled_quantity":"0","open_quantity":"0","cancelled_quantity":"0.0003","status":"cancelled","time":"2021-07-16T19:33:09.175Z","client_order_id":"1626463987001816"},{"id":"2149844115","user_id":"30693a78-b747-4b7a-b68d-e79aa6733be3","market_id":"BTC-USDT","type":"limit","side":"sell","quantity":"0.0003","limit_price":"32217.4","time_in_force":"gtc","filled_cost":"0","filled_quantity":"0","open_quantity":"0","cancelled_quantity":"0.0003","status":"cancelled","time":"2021-07-16T19:33:40.740Z","client_order_id":"1626464019002158"},{"id":"2149844118","user_id":"30693a78-b747-4b7a-b68d-e79aa6733be3","market_id":"BTC-USDT","type":"limit","side":"buy","quantity":"0.0003","limit_price":"31579.5","time_in_force":"gtc","filled_cost":"0","filled_quantity":"0","open_quantity":"0","cancelled_quantity":"0.0003","status":"cancelled","time":"2021-07-16T19:33:40.811Z","client_order_id":"1626464019001764"},{"id":"2149845817","user_id":"30693a78-b747-4b7a-b68d-e79aa6733be3","market_id":"BTC-USDT","type":"limit","side":"buy","quantity":"0.0003","limit_price":"31597","time_in_force":"gtc","filled_cost":"0","filled_quantity":"0","open_quantity":"0","cancelled_quantity":"0.0003","status":"cancelled","time":"2021-07-16T19:34:13.219Z","client_order_id":"1626464051001367"},{"id":"2149845818","user_id":"30693a78-b747-4b7a-b68d-e79aa6733be3","market_id":"BTC-USDT","type":"limit","side":"sell","quantity":"0.0003","limit_price":"32235.3","time_in_force":"gtc","filled_cost":"0","filled_quantity":"0","open_quantity":"0","cancelled_quantity":"0.0003","status":"cancelled","time":"2021-07-16T19:34:13.250Z","client_order_id":"1626464051001617"},{"id":"2149847504","user_id":"30693a78-b747-4b7a-b68d-e79aa6733be3","market_id":"BTC-USDT","type":"limit","side":"sell","quantity":"0.0003","limit_price":"32239.8","time_in_force":"gtc","filled_cost":"0","filled_quantity":"0","open_quantity":"0","cancelled_quantity":"0.0003","status":"cancelled","time":"2021-07-16T19:34:45.163Z","client_order_id":"1626464083002214"},{"id":"2149847507","user_id":"30693a78-b747-4b7a-b68d-e79aa6733be3","market_id":"BTC-USDT","type":"limit","side":"buy","quantity":"0.0003","limit_price":"31601.3","time_in_force":"gtc","filled_cost":"0","filled_quantity":"0","open_quantity":"0","cancelled_quantity":"0.0003","status":"cancelled","time":"2021-07-16T19:34:45.212Z","client_order_id":"1626464083001937"},{"id":"2149849194","user_id":"30693a78-b747-4b7a-b68d-e79aa6733be3","market_id":"BTC-USDT","type":"limit","side":"buy","quantity":"0.0003","limit_price":"31608.2","time_in_force":"gtc","filled_cost":"0","filled_quantity":"0","open_quantity":"0","cancelled_quantity":"0.0003","status":"cancelled","time":"2021-07-16T19:35:16.775Z","client_order_id":"1626464115001812"},{"id":"2149849226","user_id":"30693a78-b747-4b7a-b68d-e79aa6733be3","market_id":"BTC-USDT","type":"limit","side":"sell","quantity":"0.0003","limit_price":"32246.8","time_in_force":"gtc","filled_cost":"0","filled_quantity":"0","open_quantity":"0","cancelled_quantity":"0.0003","status":"cancelled","time":"2021-07-16T19:35:17.239Z","client_order_id":"1626464115002028"},{"id":"2149851016","user_id":"30693a78-b747-4b7a-b68d-e79aa6733be3","market_id":"BTC-USDT","type":"limit","side":"buy","quantity":"0.0003","limit_price":"31602.1","time_in_force":"gtc","filled_cost":"0","filled_quantity":"0","open_quantity":"0","cancelled_quantity":"0.0003","status":"cancelled","time":"2021-07-16T19:35:49.170Z","client_order_id":"1626464147002260"},{"id":"2149851021","user_id":"30693a78-b747-4b7a-b68d-e79aa6733be3","market_id":"BTC-USDT","type":"limit","side":"sell","quantity":"0.0003","limit_price":"32240.6","time_in_force":"gtc","filled_cost":"0","filled_quantity":"0","open_quantity":"0","cancelled_quantity":"0.0003","status":"cancelled","time":"2021-07-16T19:35:49.193Z","client_order_id":"1626464147002587"},{"id":"2149852604","user_id":"30693a78-b747-4b7a-b68d-e79aa6733be3","market_id":"BTC-USDT","type":"limit","side":"sell","quantity":"0.0003","limit_price":"32237.6","time_in_force":"gtc","filled_cost":"0","filled_quantity":"0","open_quantity":"0","cancelled_quantity":"0.0003","status":"cancelled","time":"2021-07-16T19:36:20.785Z","client_order_id":"1626464179002489"},{"id":"2149852624","user_id":"30693a78-b747-4b7a-b68d-e79aa6733be3","market_id":"BTC-USDT","type":"limit","side":"buy","quantity":"0.0003","limit_price":"31599.3","time_in_force":"gtc","filled_cost":"0","filled_quantity":"0","open_quantity":"0","cancelled_quantity":"0.0003","status":"cancelled","time":"2021-07-16T19:36:21.290Z","client_order_id":"1626464179001991"},{"id":"2149854152","user_id":"30693a78-b747-4b7a-b68d-e79aa6733be3","market_id":"BTC-USDT","type":"limit","side":"buy","quantity":"0.0003","limit_price":"31600.4","time_in_force":"gtc","filled_cost":"0","filled_quantity":"0","open_quantity":"0","cancelled_quantity":"0.0003","status":"cancelled","time":"2021-07-16T19:36:51.721Z","client_order_id":"1626464210001664"},{"id":"2149854164","user_id":"30693a78-b747-4b7a-b68d-e79aa6733be3","market_id":"BTC-USDT","type":"limit","side":"sell","quantity":"0.0003","limit_price":"32238.8","time_in_force":"gtc","filled_cost":"0","filled_quantity":"0","open_quantity":"0","cancelled_quantity":"0.0003","status":"cancelled","time":"2021-07-16T19:36:52.181Z","client_order_id":"1626464210002045"},{"id":"2149855712","user_id":"30693a78-b747-4b7a-b68d-e79aa6733be3","market_id":"BTC-USDT","type":"limit","side":"buy","quantity":"0.0003","limit_price":"31597.8","time_in_force":"gtc","filled_cost":"0","filled_quantity":"0","open_quantity":"0","cancelled_quantity":"0.0003","status":"cancelled","time":"2021-07-16T19:37:23.740Z","client_order_id":"1626464242002299"},{"id":"2149855718","user_id":"30693a78-b747-4b7a-b68d-e79aa6733be3","market_id":"BTC-USDT","type":"limit","side":"sell","quantity":"0.0003","limit_price":"32236.1","time_in_force":"gtc","filled_cost":"0","filled_quantity":"0","open_quantity":"0","cancelled_quantity":"0.0003","status":"cancelled","time":"2021-07-16T19:37:23.828Z","client_order_id":"1626464242002560"},{"id":"2149857202","user_id":"30693a78-b747-4b7a-b68d-e79aa6733be3","market_id":"BTC-USDT","type":"limit","side":"buy","quantity":"0.0003","limit_price":"31598.8","time_in_force":"gtc","filled_cost":"0","filled_quantity":"0","open_quantity":"0","cancelled_quantity":"0.0003","status":"cancelled","time":"2021-07-16T19:37:55.743Z","client_order_id":"1626464274002092"},{"id":"2149857219","user_id":"30693a78-b747-4b7a-b68d-e79aa6733be3","market_id":"BTC-USDT","type":"limit","side":"sell","quantity":"0.0003","limit_price":"32237.2","time_in_force":"gtc","filled_cost":"0","filled_quantity":"0","open_quantity":"0","cancelled_quantity":"0.0003","status":"cancelled","time":"2021-07-16T19:37:56.224Z","client_order_id":"1626464274002570"}]}', rsv1=False, rsv2=False, rsv3=False)
DEBUG:websockets.protocol:client - event = data_received(<2 bytes>)
DEBUG:websockets.protocol:client < Frame(fin=True, opcode=9, data=b'', rsv1=False, rsv2=False, rsv3=False)
DEBUG:websockets.protocol:client - received ping, sending pong: [empty]
DEBUG:websockets.protocol:client > Frame(fin=True, opcode=10, data=b'', rsv1=False, rsv2=False, rsv3=False)
DEBUG:websockets.protocol:client - event = data_received(<2 bytes>)
DEBUG:websockets.protocol:client < Frame(fin=True, opcode=9, data=b'', rsv1=False, rsv2=False, rsv3=False)
DEBUG:websockets.protocol:client - received ping, sending pong: [empty]
DEBUG:websockets.protocol:client > Frame(fin=True, opcode=10, data=b'', rsv1=False, rsv2=False, rsv3=False)
DEBUG:websockets.protocol:client - event = data_received(<2 bytes>)
DEBUG:websockets.protocol:client < Frame(fin=True, opcode=9, data=b'', rsv1=False, rsv2=False, rsv3=False)
DEBUG:websockets.protocol:client - received ping, sending pong: [empty]
DEBUG:websockets.protocol:client > Frame(fin=True, opcode=10, data=b'', rsv1=False, rsv2=False, rsv3=False)
DEBUG:websockets.protocol:client - event = data_received(<2 bytes>)
DEBUG:websockets.protocol:client < Frame(fin=True, opcode=9, data=b'', rsv1=False, rsv2=False, rsv3=False)
DEBUG:websockets.protocol:client - received ping, sending pong: [empty]
DEBUG:websockets.protocol:client > Frame(fin=True, opcode=10, data=b'', rsv1=False, rsv2=False, rsv3=False)
DEBUG:websockets.protocol:client - event = data_received(<2 bytes>)
DEBUG:websockets.protocol:client < Frame(fin=True, opcode=9, data=b'', rsv1=False, rsv2=False, rsv3=False)
DEBUG:websockets.protocol:client - received ping, sending pong: [empty]
DEBUG:websockets.protocol:client > Frame(fin=True, opcode=10, data=b'', rsv1=False, rsv2=False, rsv3=False)
DEBUG:websockets.protocol:client > Frame(fin=True, opcode=9, data=b'\xd7%\xf5U', rsv1=False, rsv2=False, rsv3=False)
DEBUG:websockets.protocol:client - event = data_received(<6 bytes>)
DEBUG:websockets.protocol:client < Frame(fin=True, opcode=10, data=b'\xd7%\xf5U', rsv1=False, rsv2=False, rsv3=False)
DEBUG:websockets.protocol:client - received solicited pong: d725f555
DEBUG:websockets.protocol:client - event = data_received(<2 bytes>)
DEBUG:websockets.protocol:client < Frame(fin=True, opcode=9, data=b'', rsv1=False, rsv2=False, rsv3=False)
DEBUG:websockets.protocol:client - received ping, sending pong: [empty]
DEBUG:websockets.protocol:client > Frame(fin=True, opcode=10, data=b'', rsv1=False, rsv2=False, rsv3=False)
DEBUG:websockets.protocol:client - event = data_received(<2 bytes>)
DEBUG:websockets.protocol:client < Frame(fin=True, opcode=9, data=b'', rsv1=False, rsv2=False, rsv3=False)
DEBUG:websockets.protocol:client - received ping, sending pong: [empty]
DEBUG:websockets.protocol:client > Frame(fin=True, opcode=10, data=b'', rsv1=False, rsv2=False, rsv3=False)
DEBUG:websockets.protocol:client - event = data_received(<2 bytes>)
DEBUG:websockets.protocol:client < Frame(fin=True, opcode=9, data=b'', rsv1=False, rsv2=False, rsv3=False)
DEBUG:websockets.protocol:client - received ping, sending pong: [empty]
DEBUG:websockets.protocol:client > Frame(fin=True, opcode=10, data=b'', rsv1=False, rsv2=False, rsv3=False)
DEBUG:websockets.protocol:client > Frame(fin=True, opcode=9, data=b'?\x0c.\x87', rsv1=False, rsv2=False, rsv3=False)
DEBUG:websockets.protocol:client - event = data_received(<6 bytes>)
DEBUG:websockets.protocol:client < Frame(fin=True, opcode=10, data=b'?\x0c.\x87', rsv1=False, rsv2=False, rsv3=False)
DEBUG:websockets.protocol:client - received solicited pong: 3f0c2e87
DEBUG:websockets.protocol:client - event = data_received(<2 bytes>)
DEBUG:websockets.protocol:client < Frame(fin=True, opcode=9, data=b'', rsv1=False, rsv2=False, rsv3=False)
DEBUG:websockets.protocol:client - received ping, sending pong: [empty]
DEBUG:websockets.protocol:client > Frame(fin=True, opcode=10, data=b'', rsv1=False, rsv2=False, rsv3=False)
DEBUG:websockets.protocol:client - event = data_received(<2 bytes>)
DEBUG:websockets.protocol:client < Frame(fin=True, opcode=9, data=b'', rsv1=False, rsv2=False, rsv3=False)
DEBUG:websockets.protocol:client - received ping, sending pong: [empty]
DEBUG:websockets.protocol:client > Frame(fin=True, opcode=10, data=b'', rsv1=False, rsv2=False, rsv3=False)
DEBUG:websockets.protocol:client - event = data_received(<2 bytes>)
DEBUG:websockets.protocol:client < Frame(fin=True, opcode=9, data=b'', rsv1=False, rsv2=False, rsv3=False)
DEBUG:websockets.protocol:client - received ping, sending pong: [empty]
DEBUG:websockets.protocol:client > Frame(fin=True, opcode=10, data=b'', rsv1=False, rsv2=False, rsv3=False)
DEBUG:websockets.protocol:client > Frame(fin=True, opcode=9, data=b'\xb3Y{\x8e', rsv1=False, rsv2=False, rsv3=False)
DEBUG:websockets.protocol:client - event = data_received(<6 bytes>)
DEBUG:websockets.protocol:client < Frame(fin=True, opcode=10, data=b'\xb3Y{\x8e', rsv1=False, rsv2=False, rsv3=False)
DEBUG:websockets.protocol:client - received solicited pong: b3597b8e
DEBUG:websockets.protocol:client - event = data_received(<2 bytes>)
DEBUG:websockets.protocol:client < Frame(fin=True, opcode=9, data=b'', rsv1=False, rsv2=False, rsv3=False)
DEBUG:websockets.protocol:client - received ping, sending pong: [empty]
DEBUG:websockets.protocol:client > Frame(fin=True, opcode=10, data=b'', rsv1=False, rsv2=False, rsv3=False)
DEBUG:websockets.protocol:client - event = data_received(<2 bytes>)
DEBUG:websockets.protocol:client < Frame(fin=True, opcode=9, data=b'', rsv1=False, rsv2=False, rsv3=False)
DEBUG:websockets.protocol:client - received ping, sending pong: [empty]
DEBUG:websockets.protocol:client > Frame(fin=True, opcode=10, data=b'', rsv1=False, rsv2=False, rsv3=False)
DEBUG:websockets.protocol:client - event = data_received(<2 bytes>)
DEBUG:websockets.protocol:client < Frame(fin=True, opcode=9, data=b'', rsv1=False, rsv2=False, rsv3=False)
DEBUG:websockets.protocol:client - received ping, sending pong: [empty]
DEBUG:websockets.protocol:client > Frame(fin=True, opcode=10, data=b'', rsv1=False, rsv2=False, rsv3=False)
DEBUG:websockets.protocol:client - event = data_received(<2 bytes>)
DEBUG:websockets.protocol:client < Frame(fin=True, opcode=9, data=b'', rsv1=False, rsv2=False, rsv3=False)
DEBUG:websockets.protocol:client - received ping, sending pong: [empty]
DEBUG:websockets.protocol:client > Frame(fin=True, opcode=10, data=b'', rsv1=False, rsv2=False, rsv3=False)
DEBUG:websockets.protocol:client - event = data_received(<2 bytes>)
DEBUG:websockets.protocol:client < Frame(fin=True, opcode=9, data=b'', rsv1=False, rsv2=False, rsv3=False)
DEBUG:websockets.protocol:client - received ping, sending pong: [empty]
DEBUG:websockets.protocol:client > Frame(fin=True, opcode=10, data=b'', rsv1=False, rsv2=False, rsv3=False)
DEBUG:websockets.protocol:client - event = data_received(<2 bytes>)
DEBUG:websockets.protocol:client < Frame(fin=True, opcode=9, data=b'', rsv1=False, rsv2=False, rsv3=False)
DEBUG:websockets.protocol:client - received ping, sending pong: [empty]
DEBUG:websockets.protocol:client > Frame(fin=True, opcode=10, data=b'', rsv1=False, rsv2=False, rsv3=False)
DEBUG:websockets.protocol:client > Frame(fin=True, opcode=9, data=b'\x9d\xf0/\xc7', rsv1=False, rsv2=False, rsv3=False)
DEBUG:websockets.protocol:client > Frame(fin=True, opcode=9, data=b'\xcd\x11\xe2`', rsv1=False, rsv2=False, rsv3=False)
DEBUG:websockets.protocol:client - event = data_received(<6 bytes>)
DEBUG:websockets.protocol:client < Frame(fin=True, opcode=10, data=b'\x9d\xf0/\xc7', rsv1=False, rsv2=False, rsv3=False)
DEBUG:websockets.protocol:client - received solicited pong: 9df02fc7
DEBUG:websockets.protocol:client - event = data_received(<2 bytes>)
DEBUG:websockets.protocol:client < Frame(fin=True, opcode=9, data=b'', rsv1=False, rsv2=False, rsv3=False)
DEBUG:websockets.protocol:client - received ping, sending pong: [empty]
DEBUG:websockets.protocol:client > Frame(fin=True, opcode=10, data=b'', rsv1=False, rsv2=False, rsv3=False)
DEBUG:websockets.protocol:client - event = data_received(<6 bytes>)
DEBUG:websockets.protocol:client < Frame(fin=True, opcode=10, data=b'\xcd\x11\xe2`', rsv1=False, rsv2=False, rsv3=False)
DEBUG:websockets.protocol:client - received solicited pong: cd11e260
DEBUG:websockets.protocol:client - event = data_received(<2 bytes>)
DEBUG:websockets.protocol:client < Frame(fin=True, opcode=9, data=b'', rsv1=False, rsv2=False, rsv3=False)
DEBUG:websockets.protocol:client - received ping, sending pong: [empty]
DEBUG:websockets.protocol:client > Frame(fin=True, opcode=10, data=b'', rsv1=False, rsv2=False, rsv3=False)
DEBUG:websockets.protocol:client - event = data_received(<2 bytes>)
DEBUG:websockets.protocol:client < Frame(fin=True, opcode=9, data=b'', rsv1=False, rsv2=False, rsv3=False)
DEBUG:websockets.protocol:client - received ping, sending pong: [empty]
DEBUG:websockets.protocol:client > Frame(fin=True, opcode=10, data=b'', rsv1=False, rsv2=False, rsv3=False)
DEBUG:websockets.protocol:client - event = data_received(<2 bytes>)
DEBUG:websockets.protocol:client < Frame(fin=True, opcode=9, data=b'', rsv1=False, rsv2=False, rsv3=False)
DEBUG:websockets.protocol:client - received ping, sending pong: [empty]
DEBUG:websockets.protocol:client > Frame(fin=True, opcode=10, data=b'', rsv1=False, rsv2=False, rsv3=False)
DEBUG:websockets.protocol:client - event = data_received(<2 bytes>)
DEBUG:websockets.protocol:client < Frame(fin=True, opcode=9, data=b'', rsv1=False, rsv2=False, rsv3=False)
DEBUG:websockets.protocol:client - received ping, sending pong: [empty]
DEBUG:websockets.protocol:client > Frame(fin=True, opcode=10, data=b'', rsv1=False, rsv2=False, rsv3=False)
DEBUG:websockets.protocol:client > Frame(fin=True, opcode=9, data=b':\x8c\xf9B', rsv1=False, rsv2=False, rsv3=False)
DEBUG:websockets.protocol:client - event = data_received(<6 bytes>)
DEBUG:websockets.protocol:client < Frame(fin=True, opcode=10, data=b':\x8c\xf9B', rsv1=False, rsv2=False, rsv3=False)
DEBUG:websockets.protocol:client - received solicited pong: 3a8cf942
DEBUG:websockets.protocol:client - event = data_received(<2 bytes>)
DEBUG:websockets.protocol:client < Frame(fin=True, opcode=9, data=b'', rsv1=False, rsv2=False, rsv3=False)
DEBUG:websockets.protocol:client - received ping, sending pong: [empty]
DEBUG:websockets.protocol:client > Frame(fin=True, opcode=10, data=b'', rsv1=False, rsv2=False, rsv3=False)
DEBUG:websockets.protocol:client - event = data_received(<2 bytes>)
DEBUG:websockets.protocol:client < Frame(fin=True, opcode=9, data=b'', rsv1=False, rsv2=False, rsv3=False)
DEBUG:websockets.protocol:client - received ping, sending pong: [empty]
DEBUG:websockets.protocol:client > Frame(fin=True, opcode=10, data=b'', rsv1=False, rsv2=False, rsv3=False)
DEBUG:websockets.protocol:client - event = data_received(<2 bytes>)
DEBUG:websockets.protocol:client < Frame(fin=True, opcode=9, data=b'', rsv1=False, rsv2=False, rsv3=False)
DEBUG:websockets.protocol:client - received ping, sending pong: [empty]
DEBUG:websockets.protocol:client > Frame(fin=True, opcode=10, data=b'', rsv1=False, rsv2=False, rsv3=False)
DEBUG:websockets.protocol:client > Frame(fin=True, opcode=9, data=b'\xaf\xf7\xac\x96', rsv1=False, rsv2=False, rsv3=False)
DEBUG:websockets.protocol:client - event = data_received(<6 bytes>)
DEBUG:websockets.protocol:client < Frame(fin=True, opcode=10, data=b'\xaf\xf7\xac\x96', rsv1=False, rsv2=False, rsv3=False)
DEBUG:websockets.protocol:client - received solicited pong: aff7ac96
DEBUG:websockets.protocol:client - event = data_received(<2 bytes>)
DEBUG:websockets.protocol:client < Frame(fin=True, opcode=9, data=b'', rsv1=False, rsv2=False, rsv3=False)
DEBUG:websockets.protocol:client - received ping, sending pong: [empty]
DEBUG:websockets.protocol:client > Frame(fin=True, opcode=10, data=b'', rsv1=False, rsv2=False, rsv3=False)
DEBUG:websockets.protocol:client - event = data_received(<2 bytes>)
DEBUG:websockets.protocol:client < Frame(fin=True, opcode=9, data=b'', rsv1=False, rsv2=False, rsv3=False)
DEBUG:websockets.protocol:client - received ping, sending pong: [empty]
DEBUG:websockets.protocol:client > Frame(fin=True, opcode=10, data=b'', rsv1=False, rsv2=False, rsv3=False)
DEBUG:websockets.protocol:client - event = data_received(<2 bytes>)
DEBUG:websockets.protocol:client < Frame(fin=True, opcode=9, data=b'', rsv1=False, rsv2=False, rsv3=False)
DEBUG:websockets.protocol:client - received ping, sending pong: [empty]
DEBUG:websockets.protocol:client > Frame(fin=True, opcode=10, data=b'', rsv1=False, rsv2=False, rsv3=False)
DEBUG:websockets.protocol:client > Frame(fin=True, opcode=9, data=b'\xe7\x96S;', rsv1=False, rsv2=False, rsv3=False)
DEBUG:websockets.protocol:client - event = data_received(<6 bytes>)
DEBUG:websockets.protocol:client < Frame(fin=True, opcode=10, data=b'\xe7\x96S;', rsv1=False, rsv2=False, rsv3=False)
DEBUG:websockets.protocol:client - received solicited pong: e796533b
DEBUG:websockets.protocol:client - event = data_received(<2 bytes>)
DEBUG:websockets.protocol:client < Frame(fin=True, opcode=9, data=b'', rsv1=False, rsv2=False, rsv3=False)
DEBUG:websockets.protocol:client - received ping, sending pong: [empty]
DEBUG:websockets.protocol:client > Frame(fin=True, opcode=10, data=b'', rsv1=False, rsv2=False, rsv3=False)
DEBUG:websockets.protocol:client - event = data_received(<2 bytes>)
DEBUG:websockets.protocol:client < Frame(fin=True, opcode=9, data=b'', rsv1=False, rsv2=False, rsv3=False)
DEBUG:websockets.protocol:client - received ping, sending pong: [empty]
DEBUG:websockets.protocol:client > Frame(fin=True, opcode=10, data=b'', rsv1=False, rsv2=False, rsv3=False)
DEBUG:websockets.protocol:client - event = data_received(<2 bytes>)
DEBUG:websockets.protocol:client < Frame(fin=True, opcode=9, data=b'', rsv1=False, rsv2=False, rsv3=False)
DEBUG:websockets.protocol:client - received ping, sending pong: [empty]
DEBUG:websockets.protocol:client > Frame(fin=True, opcode=10, data=b'', rsv1=False, rsv2=False, rsv3=False)
DEBUG:websockets.protocol:client - event = data_received(<2 bytes>)
DEBUG:websockets.protocol:client < Frame(fin=True, opcode=9, data=b'', rsv1=False, rsv2=False, rsv3=False)
DEBUG:websockets.protocol:client - received ping, sending pong: [empty]
DEBUG:websockets.protocol:client > Frame(fin=True, opcode=10, data=b'', rsv1=False, rsv2=False, rsv3=False)
DEBUG:websockets.protocol:client - event = data_received(<2 bytes>)
DEBUG:websockets.protocol:client < Frame(fin=True, opcode=9, data=b'', rsv1=False, rsv2=False, rsv3=False)
DEBUG:websockets.protocol:client - received ping, sending pong: [empty]
DEBUG:websockets.protocol:client > Frame(fin=True, opcode=10, data=b'', rsv1=False, rsv2=False, rsv3=False)
DEBUG:websockets.protocol:client > Frame(fin=True, opcode=9, data=b'\xa5\xd6\x15r', rsv1=False, rsv2=False, rsv3=False)
DEBUG:websockets.protocol:client - event = data_received(<2 bytes>)
DEBUG:websockets.protocol:client < Frame(fin=True, opcode=9, data=b'', rsv1=False, rsv2=False, rsv3=False)
DEBUG:websockets.protocol:client - received ping, sending pong: [empty]
DEBUG:websockets.protocol:client > Frame(fin=True, opcode=10, data=b'', rsv1=False, rsv2=False, rsv3=False)
DEBUG:websockets.protocol:client - event = data_received(<6 bytes>)
DEBUG:websockets.protocol:client < Frame(fin=True, opcode=10, data=b'\xa5\xd6\x15r', rsv1=False, rsv2=False, rsv3=False)
DEBUG:websockets.protocol:client - received solicited pong: a5d61572
DEBUG:websockets.protocol:client > Frame(fin=True, opcode=9, data=b'3\x8c\xe6\xb5', rsv1=False, rsv2=False, rsv3=False)
DEBUG:websockets.protocol:client - event = data_received(<6 bytes>)
DEBUG:websockets.protocol:client < Frame(fin=True, opcode=10, data=b'3\x8c\xe6\xb5', rsv1=False, rsv2=False, rsv3=False)
DEBUG:websockets.protocol:client - received solicited pong: 338ce6b5
DEBUG:websockets.protocol:client - event = data_received(<2 bytes>)
DEBUG:websockets.protocol:client < Frame(fin=True, opcode=9, data=b'', rsv1=False, rsv2=False, rsv3=False)
DEBUG:websockets.protocol:client - received ping, sending pong: [empty]
DEBUG:websockets.protocol:client > Frame(fin=True, opcode=10, data=b'', rsv1=False, rsv2=False, rsv3=False)
DEBUG:websockets.protocol:client - event = data_received(<2 bytes>)
DEBUG:websockets.protocol:client < Frame(fin=True, opcode=9, data=b'', rsv1=False, rsv2=False, rsv3=False)
DEBUG:websockets.protocol:client - received ping, sending pong: [empty]
DEBUG:websockets.protocol:client > Frame(fin=True, opcode=10, data=b'', rsv1=False, rsv2=False, rsv3=False)
DEBUG:websockets.protocol:client - event = data_received(<2 bytes>)
DEBUG:websockets.protocol:client < Frame(fin=True, opcode=9, data=b'', rsv1=False, rsv2=False, rsv3=False)
DEBUG:websockets.protocol:client - received ping, sending pong: [empty]
DEBUG:websockets.protocol:client > Frame(fin=True, opcode=10, data=b'', rsv1=False, rsv2=False, rsv3=False)
DEBUG:websockets.protocol:client - event = data_received(<2 bytes>)
DEBUG:websockets.protocol:client < Frame(fin=True, opcode=9, data=b'', rsv1=False, rsv2=False, rsv3=False)
DEBUG:websockets.protocol:client - received ping, sending pong: [empty]
DEBUG:websockets.protocol:client > Frame(fin=True, opcode=10, data=b'', rsv1=False, rsv2=False, rsv3=False)
DEBUG:websockets.protocol:client - event = data_received(<2 bytes>)
DEBUG:websockets.protocol:client < Frame(fin=True, opcode=9, data=b'', rsv1=False, rsv2=False, rsv3=False)
DEBUG:websockets.protocol:client - received ping, sending pong: [empty]
DEBUG:websockets.protocol:client > Frame(fin=True, opcode=10, data=b'', rsv1=False, rsv2=False, rsv3=False)
DEBUG:websockets.protocol:client - event = data_received(<2 bytes>)
DEBUG:websockets.protocol:client < Frame(fin=True, opcode=9, data=b'', rsv1=False, rsv2=False, rsv3=False)
DEBUG:websockets.protocol:client - received ping, sending pong: [empty]
DEBUG:websockets.protocol:client > Frame(fin=True, opcode=10, data=b'', rsv1=False, rsv2=False, rsv3=False)
DEBUG:websockets.protocol:client > Frame(fin=True, opcode=9, data=b'\xd0o\xb0\x89', rsv1=False, rsv2=False, rsv3=False)
DEBUG:websockets.protocol:client - event = data_received(<6 bytes>)
DEBUG:websockets.protocol:client < Frame(fin=True, opcode=10, data=b'\xd0o\xb0\x89', rsv1=False, rsv2=False, rsv3=False)
DEBUG:websockets.protocol:client - received solicited pong: d06fb089
DEBUG:websockets.protocol:client - event = data_received(<2 bytes>)
DEBUG:websockets.protocol:client < Frame(fin=True, opcode=9, data=b'', rsv1=False, rsv2=False, rsv3=False)
DEBUG:websockets.protocol:client - received ping, sending pong: [empty]
DEBUG:websockets.protocol:client > Frame(fin=True, opcode=10, data=b'', rsv1=False, rsv2=False, rsv3=False)
DEBUG:websockets.protocol:client - event = data_received(<2 bytes>)
DEBUG:websockets.protocol:client < Frame(fin=True, opcode=9, data=b'', rsv1=False, rsv2=False, rsv3=False)
DEBUG:websockets.protocol:client - received ping, sending pong: [empty]
DEBUG:websockets.protocol:client > Frame(fin=True, opcode=10, data=b'', rsv1=False, rsv2=False, rsv3=False)
DEBUG:websockets.protocol:client > Frame(fin=True, opcode=9, data=b'V^\x02\xd5', rsv1=False, rsv2=False, rsv3=False)
DEBUG:websockets.protocol:client - event = data_received(<6 bytes>)
DEBUG:websockets.protocol:client < Frame(fin=True, opcode=10, data=b'V^\x02\xd5', rsv1=False, rsv2=False, rsv3=False)
DEBUG:websockets.protocol:client - received solicited pong: 565e02d5
DEBUG:websockets.protocol:client - event = data_received(<2 bytes>)
DEBUG:websockets.protocol:client < Frame(fin=True, opcode=9, data=b'', rsv1=False, rsv2=False, rsv3=False)
DEBUG:websockets.protocol:client - received ping, sending pong: [empty]
DEBUG:websockets.protocol:client > Frame(fin=True, opcode=10, data=b'', rsv1=False, rsv2=False, rsv3=False)
DEBUG:websockets.protocol:client - event = data_received(<2 bytes>)
DEBUG:websockets.protocol:client < Frame(fin=True, opcode=9, data=b'', rsv1=False, rsv2=False, rsv3=False)
DEBUG:websockets.protocol:client - received ping, sending pong: [empty]
DEBUG:websockets.protocol:client > Frame(fin=True, opcode=10, data=b'', rsv1=False, rsv2=False, rsv3=False)
DEBUG:websockets.protocol:client - event = data_received(<2 bytes>)
DEBUG:websockets.protocol:client < Frame(fin=True, opcode=9, data=b'', rsv1=False, rsv2=False, rsv3=False)
DEBUG:websockets.protocol:client - received ping, sending pong: [empty]
DEBUG:websockets.protocol:client > Frame(fin=True, opcode=10, data=b'', rsv1=False, rsv2=False, rsv3=False)
DEBUG:websockets.protocol:client > Frame(fin=True, opcode=9, data=b'\xa9e[\x8e', rsv1=False, rsv2=False, rsv3=False)
DEBUG:websockets.protocol:client - event = data_received(<6 bytes>)
DEBUG:websockets.protocol:client < Frame(fin=True, opcode=10, data=b'\xa9e[\x8e', rsv1=False, rsv2=False, rsv3=False)
DEBUG:websockets.protocol:client - received solicited pong: a9655b8e
DEBUG:websockets.protocol:client - event = data_received(<2 bytes>)
DEBUG:websockets.protocol:client < Frame(fin=True, opcode=9, data=b'', rsv1=False, rsv2=False, rsv3=False)
DEBUG:websockets.protocol:client - received ping, sending pong: [empty]
DEBUG:websockets.protocol:client > Frame(fin=True, opcode=10, data=b'', rsv1=False, rsv2=False, rsv3=False)
DEBUG:websockets.protocol:client - event = data_received(<2 bytes>)
DEBUG:websockets.protocol:client < Frame(fin=True, opcode=9, data=b'', rsv1=False, rsv2=False, rsv3=False)
DEBUG:websockets.protocol:client - received ping, sending pong: [empty]
DEBUG:websockets.protocol:client > Frame(fin=True, opcode=10, data=b'', rsv1=False, rsv2=False, rsv3=False)
DEBUG:websockets.protocol:client - event = data_received(<2 bytes>)
DEBUG:websockets.protocol:client < Frame(fin=True, opcode=9, data=b'', rsv1=False, rsv2=False, rsv3=False)
DEBUG:websockets.protocol:client - received ping, sending pong: [empty]
DEBUG:websockets.protocol:client > Frame(fin=True, opcode=10, data=b'', rsv1=False, rsv2=False, rsv3=False)
DEBUG:websockets.protocol:client - event = data_received(<2 bytes>)
DEBUG:websockets.protocol:client < Frame(fin=True, opcode=9, data=b'', rsv1=False, rsv2=False, rsv3=False)
DEBUG:websockets.protocol:client - received ping, sending pong: [empty]
DEBUG:websockets.protocol:client > Frame(fin=True, opcode=10, data=b'', rsv1=False, rsv2=False, rsv3=False)
DEBUG:websockets.protocol:client - event = data_received(<2 bytes>)
DEBUG:websockets.protocol:client < Frame(fin=True, opcode=9, data=b'', rsv1=False, rsv2=False, rsv3=False)
DEBUG:websockets.protocol:client - received ping, sending pong: [empty]
DEBUG:websockets.protocol:client > Frame(fin=True, opcode=10, data=b'', rsv1=False, rsv2=False, rsv3=False)
DEBUG:websockets.protocol:client > Frame(fin=True, opcode=9, data=b'\x9en\xe0n', rsv1=False, rsv2=False, rsv3=False)
DEBUG:websockets.protocol:client - event = data_received(<6 bytes>)
DEBUG:websockets.protocol:client < Frame(fin=True, opcode=10, data=b'\x9en\xe0n', rsv1=False, rsv2=False, rsv3=False)
DEBUG:websockets.protocol:client - received solicited pong: 9e6ee06e
DEBUG:websockets.protocol:client > Frame(fin=True, opcode=9, data=b'I"\xd6\xaa', rsv1=False, rsv2=False, rsv3=False)
DEBUG:websockets.protocol:client - event = data_received(<6 bytes>)
DEBUG:websockets.protocol:client < Frame(fin=True, opcode=10, data=b'I"\xd6\xaa', rsv1=False, rsv2=False, rsv3=False)
DEBUG:websockets.protocol:client - received solicited pong: 4922d6aa
DEBUG:websockets.protocol:client - event = data_received(<2 bytes>)
DEBUG:websockets.protocol:client < Frame(fin=True, opcode=9, data=b'', rsv1=False, rsv2=False, rsv3=False)
DEBUG:websockets.protocol:client - received ping, sending pong: [empty]
DEBUG:websockets.protocol:client > Frame(fin=True, opcode=10, data=b'', rsv1=False, rsv2=False, rsv3=False)
DEBUG:websockets.protocol:client - event = data_received(<2 bytes>)
DEBUG:websockets.protocol:client < Frame(fin=True, opcode=9, data=b'', rsv1=False, rsv2=False, rsv3=False)
DEBUG:websockets.protocol:client - received ping, sending pong: [empty]
DEBUG:websockets.protocol:client > Frame(fin=True, opcode=10, data=b'', rsv1=False, rsv2=False, rsv3=False)
DEBUG:websockets.protocol:client - event = data_received(<2 bytes>)
DEBUG:websockets.protocol:client < Frame(fin=True, opcode=9, data=b'', rsv1=False, rsv2=False, rsv3=False)
DEBUG:websockets.protocol:client - received ping, sending pong: [empty]
DEBUG:websockets.protocol:client > Frame(fin=True, opcode=10, data=b'', rsv1=False, rsv2=False, rsv3=False)
DEBUG:websockets.protocol:client - event = data_received(<2 bytes>)
DEBUG:websockets.protocol:client < Frame(fin=True, opcode=9, data=b'', rsv1=False, rsv2=False, rsv3=False)
DEBUG:websockets.protocol:client - received ping, sending pong: [empty]
DEBUG:websockets.protocol:client > Frame(fin=True, opcode=10, data=b'', rsv1=False, rsv2=False, rsv3=False)
DEBUG:websockets.protocol:client - event = data_received(<2 bytes>)
DEBUG:websockets.protocol:client < Frame(fin=True, opcode=9, data=b'', rsv1=False, rsv2=False, rsv3=False)
DEBUG:websockets.protocol:client - received ping, sending pong: [empty]
DEBUG:websockets.protocol:client > Frame(fin=True, opcode=10, data=b'', rsv1=False, rsv2=False, rsv3=False)
DEBUG:websockets.protocol:client - event = data_received(<2 bytes>)
DEBUG:websockets.protocol:client < Frame(fin=True, opcode=9, data=b'', rsv1=False, rsv2=False, rsv3=False)
DEBUG:websockets.protocol:client - received ping, sending pong: [empty]
DEBUG:websockets.protocol:client > Frame(fin=True, opcode=10, data=b'', rsv1=False, rsv2=False, rsv3=False)
DEBUG:websockets.protocol:client - event = data_received(<2 bytes>)
DEBUG:websockets.protocol:client < Frame(fin=True, opcode=9, data=b'', rsv1=False, rsv2=False, rsv3=False)
DEBUG:websockets.protocol:client - received ping, sending pong: [empty]
DEBUG:websockets.protocol:client > Frame(fin=True, opcode=10, data=b'', rsv1=False, rsv2=False, rsv3=False)
DEBUG:websockets.protocol:client > Frame(fin=True, opcode=9, data=b'j`\x08\xc8', rsv1=False, rsv2=False, rsv3=False)
DEBUG:websockets.protocol:client - event = data_received(<6 bytes>)
DEBUG:websockets.protocol:client < Frame(fin=True, opcode=10, data=b'j`\x08\xc8', rsv1=False, rsv2=False, rsv3=False)
DEBUG:websockets.protocol:client - received solicited pong: 6a6008c8
DEBUG:websockets.protocol:client - event = data_received(<2 bytes>)
DEBUG:websockets.protocol:client < Frame(fin=True, opcode=9, data=b'', rsv1=False, rsv2=False, rsv3=False)
DEBUG:websockets.protocol:client - received ping, sending pong: [empty]
DEBUG:websockets.protocol:client > Frame(fin=True, opcode=10, data=b'', rsv1=False, rsv2=False, rsv3=False)
DEBUG:websockets.protocol:client - event = data_received(<2 bytes>)
DEBUG:websockets.protocol:client < Frame(fin=True, opcode=9, data=b'', rsv1=False, rsv2=False, rsv3=False)
DEBUG:websockets.protocol:client - received ping, sending pong: [empty]
DEBUG:websockets.protocol:client > Frame(fin=True, opcode=10, data=b'', rsv1=False, rsv2=False, rsv3=False)
DEBUG:websockets.protocol:client > Frame(fin=True, opcode=9, data=b'\xf2\xd5\x9a\x1e', rsv1=False, rsv2=False, rsv3=False)
DEBUG:websockets.protocol:client - event = data_received(<6 bytes>)
DEBUG:websockets.protocol:client < Frame(fin=True, opcode=10, data=b'\xf2\xd5\x9a\x1e', rsv1=False, rsv2=False, rsv3=False)
DEBUG:websockets.protocol:client - received solicited pong: f2d59a1e
DEBUG:websockets.protocol:client - event = data_received(<2 bytes>)
DEBUG:websockets.protocol:client < Frame(fin=True, opcode=9, data=b'', rsv1=False, rsv2=False, rsv3=False)
DEBUG:websockets.protocol:client - received ping, sending pong: [empty]
DEBUG:websockets.protocol:client > Frame(fin=True, opcode=10, data=b'', rsv1=False, rsv2=False, rsv3=False)
DEBUG:websockets.protocol:client - event = data_received(<2 bytes>)
DEBUG:websockets.protocol:client < Frame(fin=True, opcode=9, data=b'', rsv1=False, rsv2=False, rsv3=False)
DEBUG:websockets.protocol:client - received ping, sending pong: [empty]
DEBUG:websockets.protocol:client > Frame(fin=True, opcode=10, data=b'', rsv1=False, rsv2=False, rsv3=False)
DEBUG:websockets.protocol:client - event = data_received(<2 bytes>)
DEBUG:websockets.protocol:client < Frame(fin=True, opcode=9, data=b'', rsv1=False, rsv2=False, rsv3=False)
DEBUG:websockets.protocol:client - received ping, sending pong: [empty]
DEBUG:websockets.protocol:client > Frame(fin=True, opcode=10, data=b'', rsv1=False, rsv2=False, rsv3=False)
DEBUG:websockets.protocol:client > Frame(fin=True, opcode=9, data=b'e\xfd[5', rsv1=False, rsv2=False, rsv3=False)
DEBUG:websockets.protocol:client - event = data_received(<6 bytes>)
DEBUG:websockets.protocol:client < Frame(fin=True, opcode=10, data=b'e\xfd[5', rsv1=False, rsv2=False, rsv3=False)
DEBUG:websockets.protocol:client - received solicited pong: 65fd5b35
DEBUG:websockets.protocol:client - event = data_received(<2 bytes>)
DEBUG:websockets.protocol:client < Frame(fin=True, opcode=9, data=b'', rsv1=False, rsv2=False, rsv3=False)
DEBUG:websockets.protocol:client - received ping, sending pong: [empty]
DEBUG:websockets.protocol:client > Frame(fin=True, opcode=10, data=b'', rsv1=False, rsv2=False, rsv3=False)
DEBUG:websockets.protocol:client - event = data_received(<2 bytes>)
DEBUG:websockets.protocol:client < Frame(fin=True, opcode=9, data=b'', rsv1=False, rsv2=False, rsv3=False)
DEBUG:websockets.protocol:client - received ping, sending pong: [empty]
DEBUG:websockets.protocol:client > Frame(fin=True, opcode=10, data=b'', rsv1=False, rsv2=False, rsv3=False)
DEBUG:websockets.protocol:client - event = data_received(<2 bytes>)
DEBUG:websockets.protocol:client < Frame(fin=True, opcode=9, data=b'', rsv1=False, rsv2=False, rsv3=False)
DEBUG:websockets.protocol:client - received ping, sending pong: [empty]
DEBUG:websockets.protocol:client > Frame(fin=True, opcode=10, data=b'', rsv1=False, rsv2=False, rsv3=False)
DEBUG:websockets.protocol:client - event = data_received(<2 bytes>)
DEBUG:websockets.protocol:client < Frame(fin=True, opcode=9, data=b'', rsv1=False, rsv2=False, rsv3=False)
DEBUG:websockets.protocol:client - received ping, sending pong: [empty]
DEBUG:websockets.protocol:client > Frame(fin=True, opcode=10, data=b'', rsv1=False, rsv2=False, rsv3=False)
DEBUG:websockets.protocol:client - event = data_received(<2 bytes>)
DEBUG:websockets.protocol:client < Frame(fin=True, opcode=9, data=b'', rsv1=False, rsv2=False, rsv3=False)
DEBUG:websockets.protocol:client - received ping, sending pong: [empty]
DEBUG:websockets.protocol:client > Frame(fin=True, opcode=10, data=b'', rsv1=False, rsv2=False, rsv3=False)
DEBUG:websockets.protocol:client > Frame(fin=True, opcode=9, data=b'i\xc4\x86\x81', rsv1=False, rsv2=False, rsv3=False)
DEBUG:websockets.protocol:client - event = data_received(<6 bytes>)
DEBUG:websockets.protocol:client < Frame(fin=True, opcode=10, data=b'i\xc4\x86\x81', rsv1=False, rsv2=False, rsv3=False)
DEBUG:websockets.protocol:client - received solicited pong: 69c48681
DEBUG:websockets.protocol:client - event = data_received(<2 bytes>)
DEBUG:websockets.protocol:client < Frame(fin=True, opcode=9, data=b'', rsv1=False, rsv2=False, rsv3=False)
DEBUG:websockets.protocol:client - received ping, sending pong: [empty]
DEBUG:websockets.protocol:client > Frame(fin=True, opcode=10, data=b'', rsv1=False, rsv2=False, rsv3=False)
DEBUG:websockets.protocol:client > Frame(fin=True, opcode=9, data=b'W\xfd\xda\xd3', rsv1=False, rsv2=False, rsv3=False)
DEBUG:websockets.protocol:client - event = data_received(<6 bytes>)
DEBUG:websockets.protocol:client < Frame(fin=True, opcode=10, data=b'W\xfd\xda\xd3', rsv1=False, rsv2=False, rsv3=False)
DEBUG:websockets.protocol:client - received solicited pong: 57fddad3
DEBUG:websockets.protocol:client - event = data_received(<2 bytes>)
DEBUG:websockets.protocol:client < Frame(fin=True, opcode=9, data=b'', rsv1=False, rsv2=False, rsv3=False)
DEBUG:websockets.protocol:client - received ping, sending pong: [empty]
DEBUG:websockets.protocol:client > Frame(fin=True, opcode=10, data=b'', rsv1=False, rsv2=False, rsv3=False)
DEBUG:websockets.protocol:client - event = data_received(<2 bytes>)
DEBUG:websockets.protocol:client < Frame(fin=True, opcode=9, data=b'', rsv1=False, rsv2=False, rsv3=False)
DEBUG:websockets.protocol:client - received ping, sending pong: [empty]
DEBUG:websockets.protocol:client > Frame(fin=True, opcode=10, data=b'', rsv1=False, rsv2=False, rsv3=False)
DEBUG:websockets.protocol:client - event = data_received(<2 bytes>)
DEBUG:websockets.protocol:client < Frame(fin=True, opcode=9, data=b'', rsv1=False, rsv2=False, rsv3=False)
DEBUG:websockets.protocol:client - received ping, sending pong: [empty]
DEBUG:websockets.protocol:client > Frame(fin=True, opcode=10, data=b'', rsv1=False, rsv2=False, rsv3=False)
DEBUG:websockets.protocol:client - event = data_received(<2 bytes>)
DEBUG:websockets.protocol:client < Frame(fin=True, opcode=9, data=b'', rsv1=False, rsv2=False, rsv3=False)
DEBUG:websockets.protocol:client - received ping, sending pong: [empty]
DEBUG:websockets.protocol:client > Frame(fin=True, opcode=10, data=b'', rsv1=False, rsv2=False, rsv3=False)
DEBUG:websockets.protocol:client - event = data_received(<2 bytes>)
DEBUG:websockets.protocol:client < Frame(fin=True, opcode=9, data=b'', rsv1=False, rsv2=False, rsv3=False)
DEBUG:websockets.protocol:client - received ping, sending pong: [empty]
DEBUG:websockets.protocol:client > Frame(fin=True, opcode=10, data=b'', rsv1=False, rsv2=False, rsv3=False)
DEBUG:websockets.protocol:client - event = data_received(<2 bytes>)
DEBUG:websockets.protocol:client < Frame(fin=True, opcode=9, data=b'', rsv1=False, rsv2=False, rsv3=False)
DEBUG:websockets.protocol:client - received ping, sending pong: [empty]
DEBUG:websockets.protocol:client > Frame(fin=True, opcode=10, data=b'', rsv1=False, rsv2=False, rsv3=False)
DEBUG:websockets.protocol:client > Frame(fin=True, opcode=9, data=b'\xd3y_\x87', rsv1=False, rsv2=False, rsv3=False)
DEBUG:websockets.protocol:client - event = data_received(<6 bytes>)
DEBUG:websockets.protocol:client < Frame(fin=True, opcode=10, data=b'\xd3y_\x87', rsv1=False, rsv2=False, rsv3=False)
DEBUG:websockets.protocol:client - received solicited pong: d3795f87
DEBUG:websockets.protocol:client - event = data_received(<2 bytes>)
DEBUG:websockets.protocol:client < Frame(fin=True, opcode=9, data=b'', rsv1=False, rsv2=False, rsv3=False)
DEBUG:websockets.protocol:client - received ping, sending pong: [empty]
DEBUG:websockets.protocol:client > Frame(fin=True, opcode=10, data=b'', rsv1=False, rsv2=False, rsv3=False)
DEBUG:websockets.protocol:client - event = data_received(<2 bytes>)
DEBUG:websockets.protocol:client < Frame(fin=True, opcode=9, data=b'', rsv1=False, rsv2=False, rsv3=False)
DEBUG:websockets.protocol:client - received ping, sending pong: [empty]
DEBUG:websockets.protocol:client > Frame(fin=True, opcode=10, data=b'', rsv1=False, rsv2=False, rsv3=False)
DEBUG:websockets.protocol:client > Frame(fin=True, opcode=9, data=b'\x82y(|', rsv1=False, rsv2=False, rsv3=False)
DEBUG:websockets.protocol:client - event = data_received(<6 bytes>)
DEBUG:websockets.protocol:client < Frame(fin=True, opcode=10, data=b'\x82y(|', rsv1=False, rsv2=False, rsv3=False)
DEBUG:websockets.protocol:client - received solicited pong: 8279287c
DEBUG:websockets.protocol:client - event = data_received(<2 bytes>)
DEBUG:websockets.protocol:client < Frame(fin=True, opcode=9, data=b'', rsv1=False, rsv2=False, rsv3=False)
DEBUG:websockets.protocol:client - received ping, sending pong: [empty]
DEBUG:websockets.protocol:client > Frame(fin=True, opcode=10, data=b'', rsv1=False, rsv2=False, rsv3=False)
DEBUG:websockets.protocol:client - event = data_received(<2 bytes>)
DEBUG:websockets.protocol:client < Frame(fin=True, opcode=9, data=b'', rsv1=False, rsv2=False, rsv3=False)
DEBUG:websockets.protocol:client - received ping, sending pong: [empty]
DEBUG:websockets.protocol:client > Frame(fin=True, opcode=10, data=b'', rsv1=False, rsv2=False, rsv3=False)
DEBUG:websockets.protocol:client - event = data_received(<2 bytes>)
DEBUG:websockets.protocol:client < Frame(fin=True, opcode=9, data=b'', rsv1=False, rsv2=False, rsv3=False)
DEBUG:websockets.protocol:client - received ping, sending pong: [empty]
DEBUG:websockets.protocol:client > Frame(fin=True, opcode=10, data=b'', rsv1=False, rsv2=False, rsv3=False)
DEBUG:websockets.protocol:client > Frame(fin=True, opcode=9, data=b'\xb7x-\xc3', rsv1=False, rsv2=False, rsv3=False)
DEBUG:websockets.protocol:client - event = data_received(<6 bytes>)
DEBUG:websockets.protocol:client < Frame(fin=True, opcode=10, data=b'\xb7x-\xc3', rsv1=False, rsv2=False, rsv3=False)
DEBUG:websockets.protocol:client - received solicited pong: b7782dc3
DEBUG:websockets.protocol:client - event = data_received(<2 bytes>)
DEBUG:websockets.protocol:client < Frame(fin=True, opcode=9, data=b'', rsv1=False, rsv2=False, rsv3=False)
DEBUG:websockets.protocol:client - received ping, sending pong: [empty]
DEBUG:websockets.protocol:client > Frame(fin=True, opcode=10, data=b'', rsv1=False, rsv2=False, rsv3=False)
DEBUG:websockets.protocol:client - event = data_received(<2 bytes>)
DEBUG:websockets.protocol:client < Frame(fin=True, opcode=9, data=b'', rsv1=False, rsv2=False, rsv3=False)
DEBUG:websockets.protocol:client - received ping, sending pong: [empty]
DEBUG:websockets.protocol:client > Frame(fin=True, opcode=10, data=b'', rsv1=False, rsv2=False, rsv3=False)
DEBUG:websockets.protocol:client - event = data_received(<2 bytes>)
DEBUG:websockets.protocol:client < Frame(fin=True, opcode=9, data=b'', rsv1=False, rsv2=False, rsv3=False)
DEBUG:websockets.protocol:client - received ping, sending pong: [empty]
DEBUG:websockets.protocol:client > Frame(fin=True, opcode=10, data=b'', rsv1=False, rsv2=False, rsv3=False)
DEBUG:websockets.protocol:client - event = data_received(<2 bytes>)
DEBUG:websockets.protocol:client < Frame(fin=True, opcode=9, data=b'', rsv1=False, rsv2=False, rsv3=False)
DEBUG:websockets.protocol:client - received ping, sending pong: [empty]
DEBUG:websockets.protocol:client > Frame(fin=True, opcode=10, data=b'', rsv1=False, rsv2=False, rsv3=False)
DEBUG:websockets.protocol:client - event = data_received(<2 bytes>)
DEBUG:websockets.protocol:client < Frame(fin=True, opcode=9, data=b'', rsv1=False, rsv2=False, rsv3=False)
DEBUG:websockets.protocol:client - received ping, sending pong: [empty]
DEBUG:websockets.protocol:client > Frame(fin=True, opcode=10, data=b'', rsv1=False, rsv2=False, rsv3=False)
DEBUG:websockets.protocol:client > Frame(fin=True, opcode=9, data=b'\xe8]\x92\xc0', rsv1=False, rsv2=False, rsv3=False)
DEBUG:websockets.protocol:client - event = data_received(<6 bytes>)
DEBUG:websockets.protocol:client < Frame(fin=True, opcode=10, data=b'\xe8]\x92\xc0', rsv1=False, rsv2=False, rsv3=False)
DEBUG:websockets.protocol:client - received solicited pong: e85d92c0
DEBUG:websockets.protocol:client - event = data_received(<2 bytes>)
DEBUG:websockets.protocol:client < Frame(fin=True, opcode=9, data=b'', rsv1=False, rsv2=False, rsv3=False)
DEBUG:websockets.protocol:client - received ping, sending pong: [empty]
DEBUG:websockets.protocol:client > Frame(fin=True, opcode=10, data=b'', rsv1=False, rsv2=False, rsv3=False)
DEBUG:websockets.protocol:client > Frame(fin=True, opcode=9, data=b'\xe2u\xcf\xe6', rsv1=False, rsv2=False, rsv3=False)
DEBUG:websockets.protocol:client - event = data_received(<6 bytes>)
DEBUG:websockets.protocol:client < Frame(fin=True, opcode=10, data=b'\xe2u\xcf\xe6', rsv1=False, rsv2=False, rsv3=False)
DEBUG:websockets.protocol:client - received solicited pong: e275cfe6
DEBUG:websockets.protocol:client - event = data_received(<2 bytes>)
DEBUG:websockets.protocol:client < Frame(fin=True, opcode=9, data=b'', rsv1=False, rsv2=False, rsv3=False)
DEBUG:websockets.protocol:client - received ping, sending pong: [empty]
DEBUG:websockets.protocol:client > Frame(fin=True, opcode=10, data=b'', rsv1=False, rsv2=False, rsv3=False)
DEBUG:websockets.protocol:client - event = data_received(<2 bytes>)
DEBUG:websockets.protocol:client < Frame(fin=True, opcode=9, data=b'', rsv1=False, rsv2=False, rsv3=False)
DEBUG:websockets.protocol:client - received ping, sending pong: [empty]
DEBUG:websockets.protocol:client > Frame(fin=True, opcode=10, data=b'', rsv1=False, rsv2=False, rsv3=False)
DEBUG:websockets.protocol:client - event = data_received(<2 bytes>)
DEBUG:websockets.protocol:client < Frame(fin=True, opcode=9, data=b'', rsv1=False, rsv2=False, rsv3=False)
DEBUG:websockets.protocol:client - received ping, sending pong: [empty]
DEBUG:websockets.protocol:client > Frame(fin=True, opcode=10, data=b'', rsv1=False, rsv2=False, rsv3=False)
DEBUG:websockets.protocol:client - event = data_received(<2 bytes>)
DEBUG:websockets.protocol:client < Frame(fin=True, opcode=9, data=b'', rsv1=False, rsv2=False, rsv3=False)
DEBUG:websockets.protocol:client - received ping, sending pong: [empty]
DEBUG:websockets.protocol:client > Frame(fin=True, opcode=10, data=b'', rsv1=False, rsv2=False, rsv3=False)
DEBUG:websockets.protocol:client - event = data_received(<2 bytes>)
DEBUG:websockets.protocol:client < Frame(fin=True, opcode=9, data=b'', rsv1=False, rsv2=False, rsv3=False)
DEBUG:websockets.protocol:client - received ping, sending pong: [empty]
DEBUG:websockets.protocol:client > Frame(fin=True, opcode=10, data=b'', rsv1=False, rsv2=False, rsv3=False)
DEBUG:websockets.protocol:client - event = data_received(<2 bytes>)
DEBUG:websockets.protocol:client < Frame(fin=True, opcode=9, data=b'', rsv1=False, rsv2=False, rsv3=False)
DEBUG:websockets.protocol:client - received ping, sending pong: [empty]
DEBUG:websockets.protocol:client > Frame(fin=True, opcode=10, data=b'', rsv1=False, rsv2=False, rsv3=False)
DEBUG:websockets.protocol:client > Frame(fin=True, opcode=9, data=b'\xea\xb8a_', rsv1=False, rsv2=False, rsv3=False)
DEBUG:websockets.protocol:client - event = data_received(<6 bytes>)
DEBUG:websockets.protocol:client < Frame(fin=True, opcode=10, data=b'\xea\xb8a_', rsv1=False, rsv2=False, rsv3=False)
DEBUG:websockets.protocol:client - received solicited pong: eab8615f
DEBUG:websockets.protocol:client - event = data_received(<2 bytes>)
DEBUG:websockets.protocol:client < Frame(fin=True, opcode=9, data=b'', rsv1=False, rsv2=False, rsv3=False)
DEBUG:websockets.protocol:client - received ping, sending pong: [empty]
DEBUG:websockets.protocol:client > Frame(fin=True, opcode=10, data=b'', rsv1=False, rsv2=False, rsv3=False)
DEBUG:websockets.protocol:client - event = data_received(<2 bytes>)
DEBUG:websockets.protocol:client < Frame(fin=True, opcode=9, data=b'', rsv1=False, rsv2=False, rsv3=False)
DEBUG:websockets.protocol:client - received ping, sending pong: [empty]
DEBUG:websockets.protocol:client > Frame(fin=True, opcode=10, data=b'', rsv1=False, rsv2=False, rsv3=False)
DEBUG:websockets.protocol:client > Frame(fin=True, opcode=9, data=b'\x9c\x83\xe8`', rsv1=False, rsv2=False, rsv3=False)
DEBUG:websockets.protocol:client - event = data_received(<6 bytes>)
DEBUG:websockets.protocol:client < Frame(fin=True, opcode=10, data=b'\x9c\x83\xe8`', rsv1=False, rsv2=False, rsv3=False)
DEBUG:websockets.protocol:client - received solicited pong: 9c83e860
DEBUG:websockets.protocol:client - event = data_received(<2 bytes>)
DEBUG:websockets.protocol:client < Frame(fin=True, opcode=9, data=b'', rsv1=False, rsv2=False, rsv3=False)
DEBUG:websockets.protocol:client - received ping, sending pong: [empty]
DEBUG:websockets.protocol:client > Frame(fin=True, opcode=10, data=b'', rsv1=False, rsv2=False, rsv3=False)
DEBUG:websockets.protocol:client - event = data_received(<2 bytes>)
DEBUG:websockets.protocol:client < Frame(fin=True, opcode=9, data=b'', rsv1=False, rsv2=False, rsv3=False)
DEBUG:websockets.protocol:client - received ping, sending pong: [empty]
DEBUG:websockets.protocol:client > Frame(fin=True, opcode=10, data=b'', rsv1=False, rsv2=False, rsv3=False)
DEBUG:websockets.protocol:client - event = data_received(<2 bytes>)
DEBUG:websockets.protocol:client < Frame(fin=True, opcode=9, data=b'', rsv1=False, rsv2=False, rsv3=False)
DEBUG:websockets.protocol:client - received ping, sending pong: [empty]
DEBUG:websockets.protocol:client > Frame(fin=True, opcode=10, data=b'', rsv1=False, rsv2=False, rsv3=False)
DEBUG:websockets.protocol:client - event = data_received(<2 bytes>)
DEBUG:websockets.protocol:client < Frame(fin=True, opcode=9, data=b'', rsv1=False, rsv2=False, rsv3=False)
DEBUG:websockets.protocol:client - received ping, sending pong: [empty]
DEBUG:websockets.protocol:client > Frame(fin=True, opcode=10, data=b'', rsv1=False, rsv2=False, rsv3=False)
DEBUG:websockets.protocol:client > Frame(fin=True, opcode=9, data=b'\xd0\xe343', rsv1=False, rsv2=False, rsv3=False)
DEBUG:websockets.protocol:client - event = data_received(<6 bytes>)
DEBUG:websockets.protocol:client < Frame(fin=True, opcode=10, data=b'\xd0\xe343', rsv1=False, rsv2=False, rsv3=False)
DEBUG:websockets.protocol:client - received solicited pong: d0e33433
DEBUG:websockets.protocol:client - event = data_received(<2 bytes>)
DEBUG:websockets.protocol:client < Frame(fin=True, opcode=9, data=b'', rsv1=False, rsv2=False, rsv3=False)
DEBUG:websockets.protocol:client - received ping, sending pong: [empty]
DEBUG:websockets.protocol:client > Frame(fin=True, opcode=10, data=b'', rsv1=False, rsv2=False, rsv3=False)
DEBUG:websockets.protocol:client - event = data_received(<2 bytes>)
DEBUG:websockets.protocol:client < Frame(fin=True, opcode=9, data=b'', rsv1=False, rsv2=False, rsv3=False)
DEBUG:websockets.protocol:client - received ping, sending pong: [empty]
DEBUG:websockets.protocol:client > Frame(fin=True, opcode=10, data=b'', rsv1=False, rsv2=False, rsv3=False)
DEBUG:websockets.protocol:client - event = data_received(<2 bytes>)
DEBUG:websockets.protocol:client < Frame(fin=True, opcode=9, data=b'', rsv1=False, rsv2=False, rsv3=False)
DEBUG:websockets.protocol:client - received ping, sending pong: [empty]
DEBUG:websockets.protocol:client > Frame(fin=True, opcode=10, data=b'', rsv1=False, rsv2=False, rsv3=False)
DEBUG:websockets.protocol:client - event = data_received(<2 bytes>)
DEBUG:websockets.protocol:client < Frame(fin=True, opcode=9, data=b'', rsv1=False, rsv2=False, rsv3=False)
DEBUG:websockets.protocol:client - received ping, sending pong: [empty]
DEBUG:websockets.protocol:client > Frame(fin=True, opcode=10, data=b'', rsv1=False, rsv2=False, rsv3=False)
DEBUG:websockets.protocol:client - event = data_received(<2 bytes>)
DEBUG:websockets.protocol:client < Frame(fin=True, opcode=9, data=b'', rsv1=False, rsv2=False, rsv3=False)
DEBUG:websockets.protocol:client - received ping, sending pong: [empty]
DEBUG:websockets.protocol:client > Frame(fin=True, opcode=10, data=b'', rsv1=False, rsv2=False, rsv3=False)
DEBUG:websockets.protocol:client > Frame(fin=True, opcode=9, data=b'\x92-8c', rsv1=False, rsv2=False, rsv3=False)
DEBUG:websockets.protocol:client - event = data_received(<6 bytes>)
DEBUG:websockets.protocol:client < Frame(fin=True, opcode=10, data=b'\x92-8c', rsv1=False, rsv2=False, rsv3=False)
DEBUG:websockets.protocol:client - received solicited pong: 922d3863
DEBUG:websockets.protocol:client - event = data_received(<2 bytes>)
DEBUG:websockets.protocol:client < Frame(fin=True, opcode=9, data=b'', rsv1=False, rsv2=False, rsv3=False)
DEBUG:websockets.protocol:client - received ping, sending pong: [empty]
DEBUG:websockets.protocol:client > Frame(fin=True, opcode=10, data=b'', rsv1=False, rsv2=False, rsv3=False)
DEBUG:websockets.protocol:client > Frame(fin=True, opcode=9, data=b'\xd4\xf2\x8c\\', rsv1=False, rsv2=False, rsv3=False)
DEBUG:websockets.protocol:client - event = data_received(<6 bytes>)
DEBUG:websockets.protocol:client < Frame(fin=True, opcode=10, data=b'\xd4\xf2\x8c\\', rsv1=False, rsv2=False, rsv3=False)
DEBUG:websockets.protocol:client - received solicited pong: d4f28c5c
DEBUG:websockets.protocol:client - event = data_received(<2 bytes>)
DEBUG:websockets.protocol:client < Frame(fin=True, opcode=9, data=b'', rsv1=False, rsv2=False, rsv3=False)
DEBUG:websockets.protocol:client - received ping, sending pong: [empty]
DEBUG:websockets.protocol:client > Frame(fin=True, opcode=10, data=b'', rsv1=False, rsv2=False, rsv3=False)
DEBUG:websockets.protocol:client - event = data_received(<2 bytes>)
DEBUG:websockets.protocol:client < Frame(fin=True, opcode=9, data=b'', rsv1=False, rsv2=False, rsv3=False)
DEBUG:websockets.protocol:client - received ping, sending pong: [empty]
DEBUG:websockets.protocol:client > Frame(fin=True, opcode=10, data=b'', rsv1=False, rsv2=False, rsv3=False)
DEBUG:websockets.protocol:client - event = data_received(<2 bytes>)
DEBUG:websockets.protocol:client < Frame(fin=True, opcode=9, data=b'', rsv1=False, rsv2=False, rsv3=False)
DEBUG:websockets.protocol:client - received ping, sending pong: [empty]
DEBUG:websockets.protocol:client > Frame(fin=True, opcode=10, data=b'', rsv1=False, rsv2=False, rsv3=False)
DEBUG:websockets.protocol:client - event = data_received(<2 bytes>)
DEBUG:websockets.protocol:client < Frame(fin=True, opcode=9, data=b'', rsv1=False, rsv2=False, rsv3=False)
DEBUG:websockets.protocol:client - received ping, sending pong: [empty]
DEBUG:websockets.protocol:client > Frame(fin=True, opcode=10, data=b'', rsv1=False, rsv2=False, rsv3=False)
DEBUG:websockets.protocol:client - event = data_received(<2 bytes>)
DEBUG:websockets.protocol:client < Frame(fin=True, opcode=9, data=b'', rsv1=False, rsv2=False, rsv3=False)
DEBUG:websockets.protocol:client - received ping, sending pong: [empty]
DEBUG:websockets.protocol:client > Frame(fin=True, opcode=10, data=b'', rsv1=False, rsv2=False, rsv3=False)
DEBUG:websockets.protocol:client > Frame(fin=True, opcode=9, data=b'\xa7\x9a\xdat', rsv1=False, rsv2=False, rsv3=False)
DEBUG:websockets.protocol:client - event = data_received(<6 bytes>)
DEBUG:websockets.protocol:client < Frame(fin=True, opcode=10, data=b'\xa7\x9a\xdat', rsv1=False, rsv2=False, rsv3=False)
DEBUG:websockets.protocol:client - received solicited pong: a79ada74
DEBUG:websockets.protocol:client - event = data_received(<2 bytes>)
DEBUG:websockets.protocol:client < Frame(fin=True, opcode=9, data=b'', rsv1=False, rsv2=False, rsv3=False)
DEBUG:websockets.protocol:client - received ping, sending pong: [empty]
DEBUG:websockets.protocol:client > Frame(fin=True, opcode=10, data=b'', rsv1=False, rsv2=False, rsv3=False)
DEBUG:websockets.protocol:client - event = data_received(<2 bytes>)
DEBUG:websockets.protocol:client < Frame(fin=True, opcode=9, data=b'', rsv1=False, rsv2=False, rsv3=False)
DEBUG:websockets.protocol:client - received ping, sending pong: [empty]
DEBUG:websockets.protocol:client > Frame(fin=True, opcode=10, data=b'', rsv1=False, rsv2=False, rsv3=False)
DEBUG:websockets.protocol:client > Frame(fin=True, opcode=9, data=b'\x15\x92\x90W', rsv1=False, rsv2=False, rsv3=False)
DEBUG:websockets.protocol:client - event = data_received(<6 bytes>)
DEBUG:websockets.protocol:client < Frame(fin=True, opcode=10, data=b'\x15\x92\x90W', rsv1=False, rsv2=False, rsv3=False)
DEBUG:websockets.protocol:client - received solicited pong: 15929057
DEBUG:websockets.protocol:client - event = data_received(<2 bytes>)
DEBUG:websockets.protocol:client < Frame(fin=True, opcode=9, data=b'', rsv1=False, rsv2=False, rsv3=False)
DEBUG:websockets.protocol:client - received ping, sending pong: [empty]
DEBUG:websockets.protocol:client > Frame(fin=True, opcode=10, data=b'', rsv1=False, rsv2=False, rsv3=False)
DEBUG:websockets.protocol:client - event = data_received(<2 bytes>)
DEBUG:websockets.protocol:client < Frame(fin=True, opcode=9, data=b'', rsv1=False, rsv2=False, rsv3=False)
DEBUG:websockets.protocol:client - received ping, sending pong: [empty]
DEBUG:websockets.protocol:client > Frame(fin=True, opcode=10, data=b'', rsv1=False, rsv2=False, rsv3=False)
DEBUG:websockets.protocol:client - event = data_received(<2 bytes>)
DEBUG:websockets.protocol:client < Frame(fin=True, opcode=9, data=b'', rsv1=False, rsv2=False, rsv3=False)
DEBUG:websockets.protocol:client - received ping, sending pong: [empty]
DEBUG:websockets.protocol:client > Frame(fin=True, opcode=10, data=b'', rsv1=False, rsv2=False, rsv3=False)
DEBUG:websockets.protocol:client - event = data_received(<2 bytes>)
DEBUG:websockets.protocol:client < Frame(fin=True, opcode=9, data=b'', rsv1=False, rsv2=False, rsv3=False)
DEBUG:websockets.protocol:client - received ping, sending pong: [empty]
DEBUG:websockets.protocol:client > Frame(fin=True, opcode=10, data=b'', rsv1=False, rsv2=False, rsv3=False)
DEBUG:websockets.protocol:client > Frame(fin=True, opcode=9, data=b'\x9d\xe8\xf0\xe1', rsv1=False, rsv2=False, rsv3=False)
DEBUG:websockets.protocol:client - event = data_received(<6 bytes>)
DEBUG:websockets.protocol:client < Frame(fin=True, opcode=10, data=b'\x9d\xe8\xf0\xe1', rsv1=False, rsv2=False, rsv3=False)
DEBUG:websockets.protocol:client - received solicited pong: 9de8f0e1
DEBUG:websockets.protocol:client - event = data_received(<2 bytes>)
DEBUG:websockets.protocol:client < Frame(fin=True, opcode=9, data=b'', rsv1=False, rsv2=False, rsv3=False)
DEBUG:websockets.protocol:client - received ping, sending pong: [empty]
DEBUG:websockets.protocol:client > Frame(fin=True, opcode=10, data=b'', rsv1=False, rsv2=False, rsv3=False)
DEBUG:websockets.protocol:client - event = data_received(<2 bytes>)
DEBUG:websockets.protocol:client < Frame(fin=True, opcode=9, data=b'', rsv1=False, rsv2=False, rsv3=False)
DEBUG:websockets.protocol:client - received ping, sending pong: [empty]
DEBUG:websockets.protocol:client > Frame(fin=True, opcode=10, data=b'', rsv1=False, rsv2=False, rsv3=False)
DEBUG:websockets.protocol:client - event = data_received(<2 bytes>)
DEBUG:websockets.protocol:client < Frame(fin=True, opcode=9, data=b'', rsv1=False, rsv2=False, rsv3=False)
DEBUG:websockets.protocol:client - received ping, sending pong: [empty]
DEBUG:websockets.protocol:client > Frame(fin=True, opcode=10, data=b'', rsv1=False, rsv2=False, rsv3=False)
DEBUG:websockets.protocol:client - event = data_received(<2 bytes>)
DEBUG:websockets.protocol:client < Frame(fin=True, opcode=9, data=b'', rsv1=False, rsv2=False, rsv3=False)
DEBUG:websockets.protocol:client - received ping, sending pong: [empty]
DEBUG:websockets.protocol:client > Frame(fin=True, opcode=10, data=b'', rsv1=False, rsv2=False, rsv3=False)
DEBUG:websockets.protocol:client - event = data_received(<2 bytes>)
DEBUG:websockets.protocol:client < Frame(fin=True, opcode=9, data=b'', rsv1=False, rsv2=False, rsv3=False)
DEBUG:websockets.protocol:client - received ping, sending pong: [empty]
DEBUG:websockets.protocol:client > Frame(fin=True, opcode=10, data=b'', rsv1=False, rsv2=False, rsv3=False)
DEBUG:websockets.protocol:client > Frame(fin=True, opcode=9, data=b'\xccaH|', rsv1=False, rsv2=False, rsv3=False)
DEBUG:websockets.protocol:client - event = data_received(<6 bytes>)
DEBUG:websockets.protocol:client < Frame(fin=True, opcode=10, data=b'\xccaH|', rsv1=False, rsv2=False, rsv3=False)
DEBUG:websockets.protocol:client - received solicited pong: cc61487c
DEBUG:websockets.protocol:client > Frame(fin=True, opcode=9, data=b'y\x17\x9c\xbf', rsv1=False, rsv2=False, rsv3=False)
DEBUG:websockets.protocol:client - event = data_received(<2 bytes>)
DEBUG:websockets.protocol:client < Frame(fin=True, opcode=9, data=b'', rsv1=False, rsv2=False, rsv3=False)
DEBUG:websockets.protocol:client - received ping, sending pong: [empty]
DEBUG:websockets.protocol:client > Frame(fin=True, opcode=10, data=b'', rsv1=False, rsv2=False, rsv3=False)
DEBUG:websockets.protocol:client - event = data_received(<6 bytes>)
DEBUG:websockets.protocol:client < Frame(fin=True, opcode=10, data=b'y\x17\x9c\xbf', rsv1=False, rsv2=False, rsv3=False)
DEBUG:websockets.protocol:client - received solicited pong: 79179cbf
DEBUG:websockets.protocol:client - event = data_received(<2 bytes>)
DEBUG:websockets.protocol:client < Frame(fin=True, opcode=9, data=b'', rsv1=False, rsv2=False, rsv3=False)
DEBUG:websockets.protocol:client - received ping, sending pong: [empty]
DEBUG:websockets.protocol:client > Frame(fin=True, opcode=10, data=b'', rsv1=False, rsv2=False, rsv3=False)
DEBUG:websockets.protocol:client - event = data_received(<2 bytes>)
DEBUG:websockets.protocol:client < Frame(fin=True, opcode=9, data=b'', rsv1=False, rsv2=False, rsv3=False)
DEBUG:websockets.protocol:client - received ping, sending pong: [empty]
DEBUG:websockets.protocol:client > Frame(fin=True, opcode=10, data=b'', rsv1=False, rsv2=False, rsv3=False)
DEBUG:websockets.protocol:client - event = data_received(<2 bytes>)
DEBUG:websockets.protocol:client < Frame(fin=True, opcode=9, data=b'', rsv1=False, rsv2=False, rsv3=False)
DEBUG:websockets.protocol:client - received ping, sending pong: [empty]
DEBUG:websockets.protocol:client > Frame(fin=True, opcode=10, data=b'', rsv1=False, rsv2=False, rsv3=False)
DEBUG:websockets.protocol:client - event = data_received(<2 bytes>)
DEBUG:websockets.protocol:client < Frame(fin=True, opcode=9, data=b'', rsv1=False, rsv2=False, rsv3=False)
DEBUG:websockets.protocol:client - received ping, sending pong: [empty]
DEBUG:websockets.protocol:client > Frame(fin=True, opcode=10, data=b'', rsv1=False, rsv2=False, rsv3=False)
DEBUG:websockets.protocol:client - event = data_received(<2 bytes>)
DEBUG:websockets.protocol:client < Frame(fin=True, opcode=9, data=b'', rsv1=False, rsv2=False, rsv3=False)
DEBUG:websockets.protocol:client - received ping, sending pong: [empty]
DEBUG:websockets.protocol:client > Frame(fin=True, opcode=10, data=b'', rsv1=False, rsv2=False, rsv3=False)
DEBUG:websockets.protocol:client - event = data_received(<2 bytes>)
DEBUG:websockets.protocol:client < Frame(fin=True, opcode=9, data=b'', rsv1=False, rsv2=False, rsv3=False)
DEBUG:websockets.protocol:client - received ping, sending pong: [empty]
DEBUG:websockets.protocol:client > Frame(fin=True, opcode=10, data=b'', rsv1=False, rsv2=False, rsv3=False)
DEBUG:websockets.protocol:client > Frame(fin=True, opcode=9, data=b'_\x85\xf7*', rsv1=False, rsv2=False, rsv3=False)
DEBUG:websockets.protocol:client - event = data_received(<6 bytes>)
DEBUG:websockets.protocol:client < Frame(fin=True, opcode=10, data=b'_\x85\xf7*', rsv1=False, rsv2=False, rsv3=False)
DEBUG:websockets.protocol:client - received solicited pong: 5f85f72a
DEBUG:websockets.protocol:client - event = data_received(<2 bytes>)
DEBUG:websockets.protocol:client < Frame(fin=True, opcode=9, data=b'', rsv1=False, rsv2=False, rsv3=False)
DEBUG:websockets.protocol:client - received ping, sending pong: [empty]
DEBUG:websockets.protocol:client > Frame(fin=True, opcode=10, data=b'', rsv1=False, rsv2=False, rsv3=False)
DEBUG:websockets.protocol:client > Frame(fin=True, opcode=9, data=b'\x03T\x03)', rsv1=False, rsv2=False, rsv3=False)
DEBUG:websockets.protocol:client - event = data_received(<6 bytes>)
DEBUG:websockets.protocol:client < Frame(fin=True, opcode=10, data=b'\x03T\x03)', rsv1=False, rsv2=False, rsv3=False)
DEBUG:websockets.protocol:client - received solicited pong: 03540329
DEBUG:websockets.protocol:client - event = data_received(<2 bytes>)
DEBUG:websockets.protocol:client < Frame(fin=True, opcode=9, data=b'', rsv1=False, rsv2=False, rsv3=False)
DEBUG:websockets.protocol:client - received ping, sending pong: [empty]
DEBUG:websockets.protocol:client > Frame(fin=True, opcode=10, data=b'', rsv1=False, rsv2=False, rsv3=False)
DEBUG:websockets.protocol:client - event = data_received(<2 bytes>)
DEBUG:websockets.protocol:client < Frame(fin=True, opcode=9, data=b'', rsv1=False, rsv2=False, rsv3=False)
DEBUG:websockets.protocol:client - received ping, sending pong: [empty]
DEBUG:websockets.protocol:client > Frame(fin=True, opcode=10, data=b'', rsv1=False, rsv2=False, rsv3=False)
DEBUG:websockets.protocol:client - event = data_received(<2 bytes>)
DEBUG:websockets.protocol:client < Frame(fin=True, opcode=9, data=b'', rsv1=False, rsv2=False, rsv3=False)
DEBUG:websockets.protocol:client - received ping, sending pong: [empty]
DEBUG:websockets.protocol:client > Frame(fin=True, opcode=10, data=b'', rsv1=False, rsv2=False, rsv3=False)
DEBUG:websockets.protocol:client - event = data_received(<2 bytes>)
DEBUG:websockets.protocol:client < Frame(fin=True, opcode=9, data=b'', rsv1=False, rsv2=False, rsv3=False)
DEBUG:websockets.protocol:client - received ping, sending pong: [empty]
DEBUG:websockets.protocol:client > Frame(fin=True, opcode=10, data=b'', rsv1=False, rsv2=False, rsv3=False)
DEBUG:websockets.protocol:client > Frame(fin=True, opcode=9, data=b'@),\x9d', rsv1=False, rsv2=False, rsv3=False)
DEBUG:websockets.protocol:client - event = data_received(<6 bytes>)
DEBUG:websockets.protocol:client < Frame(fin=True, opcode=10, data=b'@),\x9d', rsv1=False, rsv2=False, rsv3=False)
DEBUG:websockets.protocol:client - received solicited pong: 40292c9d
DEBUG:websockets.protocol:client - event = data_received(<2 bytes>)
DEBUG:websockets.protocol:client < Frame(fin=True, opcode=9, data=b'', rsv1=False, rsv2=False, rsv3=False)
DEBUG:websockets.protocol:client - received ping, sending pong: [empty]
DEBUG:websockets.protocol:client > Frame(fin=True, opcode=10, data=b'', rsv1=False, rsv2=False, rsv3=False)
DEBUG:websockets.protocol:client - event = data_received(<2 bytes>)
DEBUG:websockets.protocol:client < Frame(fin=True, opcode=9, data=b'', rsv1=False, rsv2=False, rsv3=False)
DEBUG:websockets.protocol:client - received ping, sending pong: [empty]
DEBUG:websockets.protocol:client > Frame(fin=True, opcode=10, data=b'', rsv1=False, rsv2=False, rsv3=False)
DEBUG:websockets.protocol:client - event = data_received(<2 bytes>)
DEBUG:websockets.protocol:client < Frame(fin=True, opcode=9, data=b'', rsv1=False, rsv2=False, rsv3=False)
DEBUG:websockets.protocol:client - received ping, sending pong: [empty]
DEBUG:websockets.protocol:client > Frame(fin=True, opcode=10, data=b'', rsv1=False, rsv2=False, rsv3=False)
DEBUG:websockets.protocol:client - event = data_received(<2 bytes>)
DEBUG:websockets.protocol:client < Frame(fin=True, opcode=9, data=b'', rsv1=False, rsv2=False, rsv3=False)
DEBUG:websockets.protocol:client - received ping, sending pong: [empty]
DEBUG:websockets.protocol:client > Frame(fin=True, opcode=10, data=b'', rsv1=False, rsv2=False, rsv3=False)
DEBUG:websockets.protocol:client > Frame(fin=True, opcode=9, data=b'P\x9e\xba\xb6', rsv1=False, rsv2=False, rsv3=False)
DEBUG:websockets.protocol:client - event = data_received(<2 bytes>)
DEBUG:websockets.protocol:client < Frame(fin=True, opcode=9, data=b'', rsv1=False, rsv2=False, rsv3=False)
DEBUG:websockets.protocol:client - received ping, sending pong: [empty]
DEBUG:websockets.protocol:client > Frame(fin=True, opcode=10, data=b'', rsv1=False, rsv2=False, rsv3=False)
DEBUG:websockets.protocol:client - event = data_received(<6 bytes>)
DEBUG:websockets.protocol:client < Frame(fin=True, opcode=10, data=b'P\x9e\xba\xb6', rsv1=False, rsv2=False, rsv3=False)
DEBUG:websockets.protocol:client - received solicited pong: 509ebab6
DEBUG:websockets.protocol:client > Frame(fin=True, opcode=9, data=b'N\xf73_', rsv1=False, rsv2=False, rsv3=False)
DEBUG:websockets.protocol:client - event = data_received(<6 bytes>)
DEBUG:websockets.protocol:client < Frame(fin=True, opcode=10, data=b'N\xf73_', rsv1=False, rsv2=False, rsv3=False)
DEBUG:websockets.protocol:client - received solicited pong: 4ef7335f
DEBUG:websockets.protocol:client - event = data_received(<2 bytes>)
DEBUG:websockets.protocol:client < Frame(fin=True, opcode=9, data=b'', rsv1=False, rsv2=False, rsv3=False)
DEBUG:websockets.protocol:client - received ping, sending pong: [empty]
DEBUG:websockets.protocol:client > Frame(fin=True, opcode=10, data=b'', rsv1=False, rsv2=False, rsv3=False)
DEBUG:websockets.protocol:client - event = data_received(<2 bytes>)
DEBUG:websockets.protocol:client < Frame(fin=True, opcode=9, data=b'', rsv1=False, rsv2=False, rsv3=False)
DEBUG:websockets.protocol:client - received ping, sending pong: [empty]
DEBUG:websockets.protocol:client > Frame(fin=True, opcode=10, data=b'', rsv1=False, rsv2=False, rsv3=False)
DEBUG:websockets.protocol:client - event = data_received(<2 bytes>)
DEBUG:websockets.protocol:client < Frame(fin=True, opcode=9, data=b'', rsv1=False, rsv2=False, rsv3=False)
DEBUG:websockets.protocol:client - received ping, sending pong: [empty]
DEBUG:websockets.protocol:client > Frame(fin=True, opcode=10, data=b'', rsv1=False, rsv2=False, rsv3=False)
DEBUG:websockets.protocol:client - event = data_received(<2 bytes>)
DEBUG:websockets.protocol:client < Frame(fin=True, opcode=9, data=b'', rsv1=False, rsv2=False, rsv3=False)
DEBUG:websockets.protocol:client - received ping, sending pong: [empty]
DEBUG:websockets.protocol:client > Frame(fin=True, opcode=10, data=b'', rsv1=False, rsv2=False, rsv3=False)
DEBUG:websockets.protocol:client - event = data_received(<2 bytes>)
DEBUG:websockets.protocol:client < Frame(fin=True, opcode=9, data=b'', rsv1=False, rsv2=False, rsv3=False)
DEBUG:websockets.protocol:client - received ping, sending pong: [empty]
DEBUG:websockets.protocol:client > Frame(fin=True, opcode=10, data=b'', rsv1=False, rsv2=False, rsv3=False)
DEBUG:websockets.protocol:client - event = data_received(<2 bytes>)
DEBUG:websockets.protocol:client < Frame(fin=True, opcode=9, data=b'', rsv1=False, rsv2=False, rsv3=False)
DEBUG:websockets.protocol:client - received ping, sending pong: [empty]
DEBUG:websockets.protocol:client > Frame(fin=True, opcode=10, data=b'', rsv1=False, rsv2=False, rsv3=False)
DEBUG:websockets.protocol:client > Frame(fin=True, opcode=9, data=b'vm\x9f\x8e', rsv1=False, rsv2=False, rsv3=False)
DEBUG:websockets.protocol:client - event = data_received(<6 bytes>)
DEBUG:websockets.protocol:client < Frame(fin=True, opcode=10, data=b'vm\x9f\x8e', rsv1=False, rsv2=False, rsv3=False)
DEBUG:websockets.protocol:client - received solicited pong: 766d9f8e
DEBUG:websockets.protocol:client - event = data_received(<2 bytes>)
DEBUG:websockets.protocol:client < Frame(fin=True, opcode=9, data=b'', rsv1=False, rsv2=False, rsv3=False)
DEBUG:websockets.protocol:client - received ping, sending pong: [empty]
DEBUG:websockets.protocol:client > Frame(fin=True, opcode=10, data=b'', rsv1=False, rsv2=False, rsv3=False)
DEBUG:websockets.protocol:client > Frame(fin=True, opcode=9, data=b'Qe:\xec', rsv1=False, rsv2=False, rsv3=False)
DEBUG:websockets.protocol:client - event = data_received(<2 bytes>)
DEBUG:websockets.protocol:client < Frame(fin=True, opcode=9, data=b'', rsv1=False, rsv2=False, rsv3=False)
DEBUG:websockets.protocol:client - received ping, sending pong: [empty]
DEBUG:websockets.protocol:client > Frame(fin=True, opcode=10, data=b'', rsv1=False, rsv2=False, rsv3=False)
DEBUG:websockets.protocol:client - event = data_received(<6 bytes>)
DEBUG:websockets.protocol:client < Frame(fin=True, opcode=10, data=b'Qe:\xec', rsv1=False, rsv2=False, rsv3=False)
DEBUG:websockets.protocol:client - received solicited pong: 51653aec
DEBUG:websockets.protocol:client - event = data_received(<2 bytes>)
DEBUG:websockets.protocol:client < Frame(fin=True, opcode=9, data=b'', rsv1=False, rsv2=False, rsv3=False)
DEBUG:websockets.protocol:client - received ping, sending pong: [empty]
DEBUG:websockets.protocol:client > Frame(fin=True, opcode=10, data=b'', rsv1=False, rsv2=False, rsv3=False)
DEBUG:websockets.protocol:client - event = data_received(<2 bytes>)
DEBUG:websockets.protocol:client < Frame(fin=True, opcode=9, data=b'', rsv1=False, rsv2=False, rsv3=False)
DEBUG:websockets.protocol:client - received ping, sending pong: [empty]
DEBUG:websockets.protocol:client > Frame(fin=True, opcode=10, data=b'', rsv1=False, rsv2=False, rsv3=False)
DEBUG:websockets.protocol:client - event = data_received(<2 bytes>)
DEBUG:websockets.protocol:client < Frame(fin=True, opcode=9, data=b'', rsv1=False, rsv2=False, rsv3=False)
DEBUG:websockets.protocol:client - received ping, sending pong: [empty]
DEBUG:websockets.protocol:client > Frame(fin=True, opcode=10, data=b'', rsv1=False, rsv2=False, rsv3=False)
DEBUG:websockets.protocol:client - event = data_received(<2 bytes>)
DEBUG:websockets.protocol:client < Frame(fin=True, opcode=9, data=b'', rsv1=False, rsv2=False, rsv3=False)
DEBUG:websockets.protocol:client - received ping, sending pong: [empty]
DEBUG:websockets.protocol:client > Frame(fin=True, opcode=10, data=b'', rsv1=False, rsv2=False, rsv3=False)
DEBUG:websockets.protocol:client > Frame(fin=True, opcode=9, data=b'\xb1D\xef\xaf', rsv1=False, rsv2=False, rsv3=False)
DEBUG:websockets.protocol:client - event = data_received(<6 bytes>)
DEBUG:websockets.protocol:client < Frame(fin=True, opcode=10, data=b'\xb1D\xef\xaf', rsv1=False, rsv2=False, rsv3=False)
DEBUG:websockets.protocol:client - received solicited pong: b144efaf
DEBUG:websockets.protocol:client - event = data_received(<2 bytes>)
DEBUG:websockets.protocol:client < Frame(fin=True, opcode=9, data=b'', rsv1=False, rsv2=False, rsv3=False)
DEBUG:websockets.protocol:client - received ping, sending pong: [empty]
DEBUG:websockets.protocol:client > Frame(fin=True, opcode=10, data=b'', rsv1=False, rsv2=False, rsv3=False)
DEBUG:websockets.protocol:client - event = data_received(<2 bytes>)
DEBUG:websockets.protocol:client < Frame(fin=True, opcode=9, data=b'', rsv1=False, rsv2=False, rsv3=False)
DEBUG:websockets.protocol:client - received ping, sending pong: [empty]
DEBUG:websockets.protocol:client > Frame(fin=True, opcode=10, data=b'', rsv1=False, rsv2=False, rsv3=False)
DEBUG:websockets.protocol:client - event = data_received(<2 bytes>)
DEBUG:websockets.protocol:client < Frame(fin=True, opcode=9, data=b'', rsv1=False, rsv2=False, rsv3=False)
DEBUG:websockets.protocol:client - received ping, sending pong: [empty]
DEBUG:websockets.protocol:client > Frame(fin=True, opcode=10, data=b'', rsv1=False, rsv2=False, rsv3=False)
DEBUG:websockets.protocol:client - event = data_received(<2 bytes>)
DEBUG:websockets.protocol:client < Frame(fin=True, opcode=9, data=b'', rsv1=False, rsv2=False, rsv3=False)
DEBUG:websockets.protocol:client - received ping, sending pong: [empty]
DEBUG:websockets.protocol:client > Frame(fin=True, opcode=10, data=b'', rsv1=False, rsv2=False, rsv3=False)
DEBUG:websockets.protocol:client > Frame(fin=True, opcode=9, data=b'\xfc\xef.\xb2', rsv1=False, rsv2=False, rsv3=False)
DEBUG:websockets.protocol:client - event = data_received(<6 bytes>)
DEBUG:websockets.protocol:client < Frame(fin=True, opcode=10, data=b'\xfc\xef.\xb2', rsv1=False, rsv2=False, rsv3=False)
DEBUG:websockets.protocol:client - received solicited pong: fcef2eb2
DEBUG:websockets.protocol:client - event = data_received(<2 bytes>)
DEBUG:websockets.protocol:client < Frame(fin=True, opcode=9, data=b'', rsv1=False, rsv2=False, rsv3=False)
DEBUG:websockets.protocol:client - received ping, sending pong: [empty]
DEBUG:websockets.protocol:client > Frame(fin=True, opcode=10, data=b'', rsv1=False, rsv2=False, rsv3=False)
DEBUG:websockets.protocol:client > Frame(fin=True, opcode=9, data=b'\x93\x86\x80|', rsv1=False, rsv2=False, rsv3=False)
DEBUG:websockets.protocol:client - event = data_received(<2 bytes>)
DEBUG:websockets.protocol:client < Frame(fin=True, opcode=9, data=b'', rsv1=False, rsv2=False, rsv3=False)
DEBUG:websockets.protocol:client - received ping, sending pong: [empty]
DEBUG:websockets.protocol:client > Frame(fin=True, opcode=10, data=b'', rsv1=False, rsv2=False, rsv3=False)
DEBUG:websockets.protocol:client - event = data_received(<6 bytes>)
DEBUG:websockets.protocol:client < Frame(fin=True, opcode=10, data=b'\x93\x86\x80|', rsv1=False, rsv2=False, rsv3=False)
DEBUG:websockets.protocol:client - received solicited pong: 9386807c
DEBUG:websockets.protocol:client - event = data_received(<2 bytes>)
DEBUG:websockets.protocol:client < Frame(fin=True, opcode=9, data=b'', rsv1=False, rsv2=False, rsv3=False)
DEBUG:websockets.protocol:client - received ping, sending pong: [empty]
DEBUG:websockets.protocol:client > Frame(fin=True, opcode=10, data=b'', rsv1=False, rsv2=False, rsv3=False)
DEBUG:websockets.protocol:client - event = data_received(<2 bytes>)
DEBUG:websockets.protocol:client < Frame(fin=True, opcode=9, data=b'', rsv1=False, rsv2=False, rsv3=False)
DEBUG:websockets.protocol:client - received ping, sending pong: [empty]
DEBUG:websockets.protocol:client > Frame(fin=True, opcode=10, data=b'', rsv1=False, rsv2=False, rsv3=False)
DEBUG:websockets.protocol:client - event = data_received(<2 bytes>)
DEBUG:websockets.protocol:client < Frame(fin=True, opcode=9, data=b'', rsv1=False, rsv2=False, rsv3=False)
DEBUG:websockets.protocol:client - received ping, sending pong: [empty]
DEBUG:websockets.protocol:client > Frame(fin=True, opcode=10, data=b'', rsv1=False, rsv2=False, rsv3=False)
DEBUG:websockets.protocol:client - event = data_received(<2 bytes>)
DEBUG:websockets.protocol:client < Frame(fin=True, opcode=9, data=b'', rsv1=False, rsv2=False, rsv3=False)
DEBUG:websockets.protocol:client - received ping, sending pong: [empty]
DEBUG:websockets.protocol:client > Frame(fin=True, opcode=10, data=b'', rsv1=False, rsv2=False, rsv3=False)
DEBUG:websockets.protocol:client - event = data_received(<2 bytes>)
DEBUG:websockets.protocol:client < Frame(fin=True, opcode=9, data=b'', rsv1=False, rsv2=False, rsv3=False)
DEBUG:websockets.protocol:client - received ping, sending pong: [empty]
DEBUG:websockets.protocol:client > Frame(fin=True, opcode=10, data=b'', rsv1=False, rsv2=False, rsv3=False)
DEBUG:websockets.protocol:client - event = data_received(<2 bytes>)
DEBUG:websockets.protocol:client < Frame(fin=True, opcode=9, data=b'', rsv1=False, rsv2=False, rsv3=False)
DEBUG:websockets.protocol:client - received ping, sending pong: [empty]
DEBUG:websockets.protocol:client > Frame(fin=True, opcode=10, data=b'', rsv1=False, rsv2=False, rsv3=False)
DEBUG:websockets.protocol:client > Frame(fin=True, opcode=9, data=b'Y\xf7\xa8O', rsv1=False, rsv2=False, rsv3=False)
DEBUG:websockets.protocol:client - event = data_received(<6 bytes>)
DEBUG:websockets.protocol:client < Frame(fin=True, opcode=10, data=b'Y\xf7\xa8O', rsv1=False, rsv2=False, rsv3=False)
DEBUG:websockets.protocol:client - received solicited pong: 59f7a84f
DEBUG:websockets.protocol:client - event = data_received(<2 bytes>)
DEBUG:websockets.protocol:client < Frame(fin=True, opcode=9, data=b'', rsv1=False, rsv2=False, rsv3=False)
DEBUG:websockets.protocol:client - received ping, sending pong: [empty]
DEBUG:websockets.protocol:client > Frame(fin=True, opcode=10, data=b'', rsv1=False, rsv2=False, rsv3=False)
DEBUG:websockets.protocol:client > Frame(fin=True, opcode=9, data=b'\x14g\xab\xd2', rsv1=False, rsv2=False, rsv3=False)
DEBUG:websockets.protocol:client - event = data_received(<2 bytes>)
DEBUG:websockets.protocol:client < Frame(fin=True, opcode=9, data=b'', rsv1=False, rsv2=False, rsv3=False)
DEBUG:websockets.protocol:client - received ping, sending pong: [empty]
DEBUG:websockets.protocol:client > Frame(fin=True, opcode=10, data=b'', rsv1=False, rsv2=False, rsv3=False)
DEBUG:websockets.protocol:client - event = data_received(<6 bytes>)
DEBUG:websockets.protocol:client < Frame(fin=True, opcode=10, data=b'\x14g\xab\xd2', rsv1=False, rsv2=False, rsv3=False)
DEBUG:websockets.protocol:client - received solicited pong: 1467abd2
DEBUG:websockets.protocol:client - event = data_received(<2 bytes>)
DEBUG:websockets.protocol:client < Frame(fin=True, opcode=9, data=b'', rsv1=False, rsv2=False, rsv3=False)
DEBUG:websockets.protocol:client - received ping, sending pong: [empty]
DEBUG:websockets.protocol:client > Frame(fin=True, opcode=10, data=b'', rsv1=False, rsv2=False, rsv3=False)
DEBUG:websockets.protocol:client - event = data_received(<2 bytes>)
DEBUG:websockets.protocol:client < Frame(fin=True, opcode=9, data=b'', rsv1=False, rsv2=False, rsv3=False)
DEBUG:websockets.protocol:client - received ping, sending pong: [empty]
DEBUG:websockets.protocol:client > Frame(fin=True, opcode=10, data=b'', rsv1=False, rsv2=False, rsv3=False)
DEBUG:websockets.protocol:client - event = data_received(<2 bytes>)
DEBUG:websockets.protocol:client < Frame(fin=True, opcode=9, data=b'', rsv1=False, rsv2=False, rsv3=False)
DEBUG:websockets.protocol:client - received ping, sending pong: [empty]
DEBUG:websockets.protocol:client > Frame(fin=True, opcode=10, data=b'', rsv1=False, rsv2=False, rsv3=False)
DEBUG:websockets.protocol:client - event = data_received(<2 bytes>)
DEBUG:websockets.protocol:client < Frame(fin=True, opcode=9, data=b'', rsv1=False, rsv2=False, rsv3=False)
DEBUG:websockets.protocol:client - received ping, sending pong: [empty]
DEBUG:websockets.protocol:client > Frame(fin=True, opcode=10, data=b'', rsv1=False, rsv2=False, rsv3=False)
DEBUG:websockets.protocol:client > Frame(fin=True, opcode=9, data=b'J;\xa9\xba', rsv1=False, rsv2=False, rsv3=False)
DEBUG:websockets.protocol:client - event = data_received(<6 bytes>)
DEBUG:websockets.protocol:client < Frame(fin=True, opcode=10, data=b'J;\xa9\xba', rsv1=False, rsv2=False, rsv3=False)
DEBUG:websockets.protocol:client - received solicited pong: 4a3ba9ba
DEBUG:websockets.protocol:client - event = data_received(<2 bytes>)
DEBUG:websockets.protocol:client < Frame(fin=True, opcode=9, data=b'', rsv1=False, rsv2=False, rsv3=False)
DEBUG:websockets.protocol:client - received ping, sending pong: [empty]
DEBUG:websockets.protocol:client > Frame(fin=True, opcode=10, data=b'', rsv1=False, rsv2=False, rsv3=False)
DEBUG:websockets.protocol:client - event = data_received(<2 bytes>)
DEBUG:websockets.protocol:client < Frame(fin=True, opcode=9, data=b'', rsv1=False, rsv2=False, rsv3=False)
DEBUG:websockets.protocol:client - received ping, sending pong: [empty]
DEBUG:websockets.protocol:client > Frame(fin=True, opcode=10, data=b'', rsv1=False, rsv2=False, rsv3=False)
DEBUG:websockets.protocol:client - event = data_received(<2 bytes>)
DEBUG:websockets.protocol:client < Frame(fin=True, opcode=9, data=b'', rsv1=False, rsv2=False, rsv3=False)
DEBUG:websockets.protocol:client - received ping, sending pong: [empty]
DEBUG:websockets.protocol:client > Frame(fin=True, opcode=10, data=b'', rsv1=False, rsv2=False, rsv3=False)
DEBUG:websockets.protocol:client - event = data_received(<2 bytes>)
DEBUG:websockets.protocol:client < Frame(fin=True, opcode=9, data=b'', rsv1=False, rsv2=False, rsv3=False)
DEBUG:websockets.protocol:client - received ping, sending pong: [empty]
DEBUG:websockets.protocol:client > Frame(fin=True, opcode=10, data=b'', rsv1=False, rsv2=False, rsv3=False)
DEBUG:websockets.protocol:client > Frame(fin=True, opcode=9, data=b'\xef\xddVt', rsv1=False, rsv2=False, rsv3=False)
DEBUG:websockets.protocol:client - event = data_received(<6 bytes>)
DEBUG:websockets.protocol:client < Frame(fin=True, opcode=10, data=b'\xef\xddVt', rsv1=False, rsv2=False, rsv3=False)
DEBUG:websockets.protocol:client - received solicited pong: efdd5674
DEBUG:websockets.protocol:client - event = data_received(<2 bytes>)
DEBUG:websockets.protocol:client < Frame(fin=True, opcode=9, data=b'', rsv1=False, rsv2=False, rsv3=False)
DEBUG:websockets.protocol:client - received ping, sending pong: [empty]
DEBUG:websockets.protocol:client > Frame(fin=True, opcode=10, data=b'', rsv1=False, rsv2=False, rsv3=False)
DEBUG:websockets.protocol:client > Frame(fin=True, opcode=9, data=b'73n\xe8', rsv1=False, rsv2=False, rsv3=False)
DEBUG:websockets.protocol:client - event = data_received(<6 bytes>)
DEBUG:websockets.protocol:client < Frame(fin=True, opcode=10, data=b'73n\xe8', rsv1=False, rsv2=False, rsv3=False)
DEBUG:websockets.protocol:client - received solicited pong: 37336ee8
DEBUG:websockets.protocol:client - event = data_received(<2 bytes>)
DEBUG:websockets.protocol:client < Frame(fin=True, opcode=9, data=b'', rsv1=False, rsv2=False, rsv3=False)
DEBUG:websockets.protocol:client - received ping, sending pong: [empty]
DEBUG:websockets.protocol:client > Frame(fin=True, opcode=10, data=b'', rsv1=False, rsv2=False, rsv3=False)
DEBUG:websockets.protocol:client - event = data_received(<2 bytes>)
DEBUG:websockets.protocol:client < Frame(fin=True, opcode=9, data=b'', rsv1=False, rsv2=False, rsv3=False)
DEBUG:websockets.protocol:client - received ping, sending pong: [empty]
DEBUG:websockets.protocol:client > Frame(fin=True, opcode=10, data=b'', rsv1=False, rsv2=False, rsv3=False)
DEBUG:websockets.protocol:client - event = data_received(<2 bytes>)
DEBUG:websockets.protocol:client < Frame(fin=True, opcode=9, data=b'', rsv1=False, rsv2=False, rsv3=False)
DEBUG:websockets.protocol:client - received ping, sending pong: [empty]
DEBUG:websockets.protocol:client > Frame(fin=True, opcode=10, data=b'', rsv1=False, rsv2=False, rsv3=False)
DEBUG:websockets.protocol:client - event = data_received(<2 bytes>)
DEBUG:websockets.protocol:client < Frame(fin=True, opcode=9, data=b'', rsv1=False, rsv2=False, rsv3=False)
DEBUG:websockets.protocol:client - received ping, sending pong: [empty]
DEBUG:websockets.protocol:client > Frame(fin=True, opcode=10, data=b'', rsv1=False, rsv2=False, rsv3=False)
DEBUG:websockets.protocol:client - event = data_received(<2 bytes>)
DEBUG:websockets.protocol:client < Frame(fin=True, opcode=9, data=b'', rsv1=False, rsv2=False, rsv3=False)
DEBUG:websockets.protocol:client - received ping, sending pong: [empty]
DEBUG:websockets.protocol:client > Frame(fin=True, opcode=10, data=b'', rsv1=False, rsv2=False, rsv3=False)
DEBUG:websockets.protocol:client - event = data_received(<2 bytes>)
DEBUG:websockets.protocol:client < Frame(fin=True, opcode=9, data=b'', rsv1=False, rsv2=False, rsv3=False)
DEBUG:websockets.protocol:client - received ping, sending pong: [empty]
DEBUG:websockets.protocol:client > Frame(fin=True, opcode=10, data=b'', rsv1=False, rsv2=False, rsv3=False)
DEBUG:websockets.protocol:client > Frame(fin=True, opcode=9, data=b'\x0b\x818\xd6', rsv1=False, rsv2=False, rsv3=False)
DEBUG:websockets.protocol:client - event = data_received(<6 bytes>)
DEBUG:websockets.protocol:client < Frame(fin=True, opcode=10, data=b'\x0b\x818\xd6', rsv1=False, rsv2=False, rsv3=False)
DEBUG:websockets.protocol:client - received solicited pong: 0b8138d6
DEBUG:websockets.protocol:client - event = data_received(<2 bytes>)
DEBUG:websockets.protocol:client < Frame(fin=True, opcode=9, data=b'', rsv1=False, rsv2=False, rsv3=False)
DEBUG:websockets.protocol:client - received ping, sending pong: [empty]
DEBUG:websockets.protocol:client > Frame(fin=True, opcode=10, data=b'', rsv1=False, rsv2=False, rsv3=False)
DEBUG:websockets.protocol:client > Frame(fin=True, opcode=9, data=b'\xed\xe5K\x91', rsv1=False, rsv2=False, rsv3=False)
DEBUG:websockets.protocol:client - event = data_received(<6 bytes>)
DEBUG:websockets.protocol:client < Frame(fin=True, opcode=10, data=b'\xed\xe5K\x91', rsv1=False, rsv2=False, rsv3=False)
DEBUG:websockets.protocol:client - received solicited pong: ede54b91
DEBUG:websockets.protocol:client - event = data_received(<2 bytes>)
DEBUG:websockets.protocol:client < Frame(fin=True, opcode=9, data=b'', rsv1=False, rsv2=False, rsv3=False)
DEBUG:websockets.protocol:client - received ping, sending pong: [empty]
DEBUG:websockets.protocol:client > Frame(fin=True, opcode=10, data=b'', rsv1=False, rsv2=False, rsv3=False)
DEBUG:websockets.protocol:client - event = data_received(<2 bytes>)
DEBUG:websockets.protocol:client < Frame(fin=True, opcode=9, data=b'', rsv1=False, rsv2=False, rsv3=False)
DEBUG:websockets.protocol:client - received ping, sending pong: [empty]
DEBUG:websockets.protocol:client > Frame(fin=True, opcode=10, data=b'', rsv1=False, rsv2=False, rsv3=False)
DEBUG:websockets.protocol:client - event = data_received(<2 bytes>)
DEBUG:websockets.protocol:client < Frame(fin=True, opcode=9, data=b'', rsv1=False, rsv2=False, rsv3=False)
DEBUG:websockets.protocol:client - received ping, sending pong: [empty]
DEBUG:websockets.protocol:client > Frame(fin=True, opcode=10, data=b'', rsv1=False, rsv2=False, rsv3=False)
DEBUG:websockets.protocol:client - event = data_received(<2 bytes>)
DEBUG:websockets.protocol:client < Frame(fin=True, opcode=9, data=b'', rsv1=False, rsv2=False, rsv3=False)
DEBUG:websockets.protocol:client - received ping, sending pong: [empty]
DEBUG:websockets.protocol:client > Frame(fin=True, opcode=10, data=b'', rsv1=False, rsv2=False, rsv3=False)
DEBUG:websockets.protocol:client - event = data_received(<2 bytes>)
DEBUG:websockets.protocol:client < Frame(fin=True, opcode=9, data=b'', rsv1=False, rsv2=False, rsv3=False)
DEBUG:websockets.protocol:client - received ping, sending pong: [empty]
DEBUG:websockets.protocol:client > Frame(fin=True, opcode=10, data=b'', rsv1=False, rsv2=False, rsv3=False)
DEBUG:websockets.protocol:client > Frame(fin=True, opcode=9, data=b'<\xf7![', rsv1=False, rsv2=False, rsv3=False)
DEBUG:websockets.protocol:client - event = data_received(<6 bytes>)
DEBUG:websockets.protocol:client < Frame(fin=True, opcode=10, data=b'<\xf7![', rsv1=False, rsv2=False, rsv3=False)
DEBUG:websockets.protocol:client - received solicited pong: 3cf7215b
DEBUG:websockets.protocol:client - event = data_received(<2 bytes>)
DEBUG:websockets.protocol:client < Frame(fin=True, opcode=9, data=b'', rsv1=False, rsv2=False, rsv3=False)
DEBUG:websockets.protocol:client - received ping, sending pong: [empty]
DEBUG:websockets.protocol:client > Frame(fin=True, opcode=10, data=b'', rsv1=False, rsv2=False, rsv3=False)
DEBUG:websockets.protocol:client - event = data_received(<2 bytes>)
DEBUG:websockets.protocol:client < Frame(fin=True, opcode=9, data=b'', rsv1=False, rsv2=False, rsv3=False)
DEBUG:websockets.protocol:client - received ping, sending pong: [empty]
DEBUG:websockets.protocol:client > Frame(fin=True, opcode=10, data=b'', rsv1=False, rsv2=False, rsv3=False)
DEBUG:websockets.protocol:client - event = data_received(<2 bytes>)
DEBUG:websockets.protocol:client < Frame(fin=True, opcode=9, data=b'', rsv1=False, rsv2=False, rsv3=False)
DEBUG:websockets.protocol:client - received ping, sending pong: [empty]
DEBUG:websockets.protocol:client > Frame(fin=True, opcode=10, data=b'', rsv1=False, rsv2=False, rsv3=False)
DEBUG:websockets.protocol:client - event = data_received(<2 bytes>)
DEBUG:websockets.protocol:client < Frame(fin=True, opcode=9, data=b'', rsv1=False, rsv2=False, rsv3=False)
DEBUG:websockets.protocol:client - received ping, sending pong: [empty]
DEBUG:websockets.protocol:client > Frame(fin=True, opcode=10, data=b'', rsv1=False, rsv2=False, rsv3=False)
DEBUG:websockets.protocol:client > Frame(fin=True, opcode=9, data=b'\xae\xb0\xdd\xae', rsv1=False, rsv2=False, rsv3=False)
DEBUG:websockets.protocol:client - event = data_received(<6 bytes>)
DEBUG:websockets.protocol:client < Frame(fin=True, opcode=10, data=b'\xae\xb0\xdd\xae', rsv1=False, rsv2=False, rsv3=False)
DEBUG:websockets.protocol:client - received solicited pong: aeb0ddae
DEBUG:websockets.protocol:client - event = data_received(<2 bytes>)
DEBUG:websockets.protocol:client < Frame(fin=True, opcode=9, data=b'', rsv1=False, rsv2=False, rsv3=False)
DEBUG:websockets.protocol:client - received ping, sending pong: [empty]
DEBUG:websockets.protocol:client > Frame(fin=True, opcode=10, data=b'', rsv1=False, rsv2=False, rsv3=False)
DEBUG:websockets.protocol:client - event = data_received(<2 bytes>)
DEBUG:websockets.protocol:client < Frame(fin=True, opcode=9, data=b'', rsv1=False, rsv2=False, rsv3=False)
DEBUG:websockets.protocol:client - received ping, sending pong: [empty]
DEBUG:websockets.protocol:client > Frame(fin=True, opcode=10, data=b'', rsv1=False, rsv2=False, rsv3=False)
DEBUG:websockets.protocol:client - event = data_received(<2 bytes>)
DEBUG:websockets.protocol:client < Frame(fin=True, opcode=9, data=b'', rsv1=False, rsv2=False, rsv3=False)
DEBUG:websockets.protocol:client - received ping, sending pong: [empty]
DEBUG:websockets.protocol:client > Frame(fin=True, opcode=10, data=b'', rsv1=False, rsv2=False, rsv3=False)
DEBUG:websockets.protocol:client > Frame(fin=True, opcode=9, data=b'\xe9G\x9a\xb2', rsv1=False, rsv2=False, rsv3=False)
DEBUG:websockets.protocol:client - event = data_received(<6 bytes>)
DEBUG:websockets.protocol:client < Frame(fin=True, opcode=10, data=b'\xe9G\x9a\xb2', rsv1=False, rsv2=False, rsv3=False)
DEBUG:websockets.protocol:client - received solicited pong: e9479ab2
DEBUG:websockets.protocol:client - event = data_received(<2 bytes>)
DEBUG:websockets.protocol:client < Frame(fin=True, opcode=9, data=b'', rsv1=False, rsv2=False, rsv3=False)
DEBUG:websockets.protocol:client - received ping, sending pong: [empty]
DEBUG:websockets.protocol:client > Frame(fin=True, opcode=10, data=b'', rsv1=False, rsv2=False, rsv3=False)
DEBUG:websockets.protocol:client - event = data_received(<2 bytes>)
DEBUG:websockets.protocol:client < Frame(fin=True, opcode=9, data=b'', rsv1=False, rsv2=False, rsv3=False)
DEBUG:websockets.protocol:client - received ping, sending pong: [empty]
DEBUG:websockets.protocol:client > Frame(fin=True, opcode=10, data=b'', rsv1=False, rsv2=False, rsv3=False)
DEBUG:websockets.protocol:client - event = data_received(<2 bytes>)
DEBUG:websockets.protocol:client < Frame(fin=True, opcode=9, data=b'', rsv1=False, rsv2=False, rsv3=False)
DEBUG:websockets.protocol:client - received ping, sending pong: [empty]
DEBUG:websockets.protocol:client > Frame(fin=True, opcode=10, data=b'', rsv1=False, rsv2=False, rsv3=False)
DEBUG:websockets.protocol:client - event = data_received(<2 bytes>)
DEBUG:websockets.protocol:client < Frame(fin=True, opcode=9, data=b'', rsv1=False, rsv2=False, rsv3=False)
DEBUG:websockets.protocol:client - received ping, sending pong: [empty]
DEBUG:websockets.protocol:client > Frame(fin=True, opcode=10, data=b'', rsv1=False, rsv2=False, rsv3=False)
DEBUG:websockets.protocol:client > Frame(fin=True, opcode=9, data=b'\xa3\x1er\x01', rsv1=False, rsv2=False, rsv3=False)
DEBUG:websockets.protocol:client - event = data_received(<6 bytes>)
DEBUG:websockets.protocol:client < Frame(fin=True, opcode=10, data=b'\xa3\x1er\x01', rsv1=False, rsv2=False, rsv3=False)
DEBUG:websockets.protocol:client - received solicited pong: a31e7201
DEBUG:websockets.protocol:client - event = data_received(<2 bytes>)
DEBUG:websockets.protocol:client < Frame(fin=True, opcode=9, data=b'', rsv1=False, rsv2=False, rsv3=False)
DEBUG:websockets.protocol:client - received ping, sending pong: [empty]
DEBUG:websockets.protocol:client > Frame(fin=True, opcode=10, data=b'', rsv1=False, rsv2=False, rsv3=False)
DEBUG:websockets.protocol:client > Frame(fin=True, opcode=9, data=b'\xbc\x97\xcbe', rsv1=False, rsv2=False, rsv3=False)
DEBUG:websockets.protocol:client - event = data_received(<6 bytes>)
DEBUG:websockets.protocol:client < Frame(fin=True, opcode=10, data=b'\xbc\x97\xcbe', rsv1=False, rsv2=False, rsv3=False)
DEBUG:websockets.protocol:client - received solicited pong: bc97cb65
DEBUG:websockets.protocol:client - event = data_received(<2 bytes>)
DEBUG:websockets.protocol:client < Frame(fin=True, opcode=9, data=b'', rsv1=False, rsv2=False, rsv3=False)
DEBUG:websockets.protocol:client - received ping, sending pong: [empty]
DEBUG:websockets.protocol:client > Frame(fin=True, opcode=10, data=b'', rsv1=False, rsv2=False, rsv3=False)
DEBUG:websockets.protocol:client - event = data_received(<2 bytes>)
DEBUG:websockets.protocol:client < Frame(fin=True, opcode=9, data=b'', rsv1=False, rsv2=False, rsv3=False)
DEBUG:websockets.protocol:client - received ping, sending pong: [empty]
DEBUG:websockets.protocol:client > Frame(fin=True, opcode=10, data=b'', rsv1=False, rsv2=False, rsv3=False)
DEBUG:websockets.protocol:client - event = data_received(<2 bytes>)
DEBUG:websockets.protocol:client < Frame(fin=True, opcode=9, data=b'', rsv1=False, rsv2=False, rsv3=False)
DEBUG:websockets.protocol:client - received ping, sending pong: [empty]
DEBUG:websockets.protocol:client > Frame(fin=True, opcode=10, data=b'', rsv1=False, rsv2=False, rsv3=False)
DEBUG:websockets.protocol:client - event = data_received(<2 bytes>)
DEBUG:websockets.protocol:client < Frame(fin=True, opcode=9, data=b'', rsv1=False, rsv2=False, rsv3=False)
DEBUG:websockets.protocol:client - received ping, sending pong: [empty]
DEBUG:websockets.protocol:client > Frame(fin=True, opcode=10, data=b'', rsv1=False, rsv2=False, rsv3=False)
DEBUG:websockets.protocol:client - event = data_received(<2 bytes>)
DEBUG:websockets.protocol:client < Frame(fin=True, opcode=9, data=b'', rsv1=False, rsv2=False, rsv3=False)
DEBUG:websockets.protocol:client - received ping, sending pong: [empty]
DEBUG:websockets.protocol:client > Frame(fin=True, opcode=10, data=b'', rsv1=False, rsv2=False, rsv3=False)
DEBUG:websockets.protocol:client > Frame(fin=True, opcode=9, data=b' 0\xd9\xe1', rsv1=False, rsv2=False, rsv3=False)
DEBUG:websockets.protocol:client - event = data_received(<6 bytes>)
DEBUG:websockets.protocol:client < Frame(fin=True, opcode=10, data=b' 0\xd9\xe1', rsv1=False, rsv2=False, rsv3=False)
DEBUG:websockets.protocol:client - received solicited pong: 2030d9e1
DEBUG:websockets.protocol:client - event = data_received(<2 bytes>)
DEBUG:websockets.protocol:client < Frame(fin=True, opcode=9, data=b'', rsv1=False, rsv2=False, rsv3=False)
DEBUG:websockets.protocol:client - received ping, sending pong: [empty]
DEBUG:websockets.protocol:client > Frame(fin=True, opcode=10, data=b'', rsv1=False, rsv2=False, rsv3=False)
DEBUG:websockets.protocol:client - event = data_received(<2 bytes>)
DEBUG:websockets.protocol:client < Frame(fin=True, opcode=9, data=b'', rsv1=False, rsv2=False, rsv3=False)
DEBUG:websockets.protocol:client - received ping, sending pong: [empty]
DEBUG:websockets.protocol:client > Frame(fin=True, opcode=10, data=b'', rsv1=False, rsv2=False, rsv3=False)
DEBUG:websockets.protocol:client - event = data_received(<2 bytes>)
DEBUG:websockets.protocol:client < Frame(fin=True, opcode=9, data=b'', rsv1=False, rsv2=False, rsv3=False)
DEBUG:websockets.protocol:client - received ping, sending pong: [empty]
DEBUG:websockets.protocol:client > Frame(fin=True, opcode=10, data=b'', rsv1=False, rsv2=False, rsv3=False)
DEBUG:websockets.protocol:client - event = data_received(<2 bytes>)
DEBUG:websockets.protocol:client < Frame(fin=True, opcode=9, data=b'', rsv1=False, rsv2=False, rsv3=False)
DEBUG:websockets.protocol:client - received ping, sending pong: [empty]
DEBUG:websockets.protocol:client > Frame(fin=True, opcode=10, data=b'', rsv1=False, rsv2=False, rsv3=False)
DEBUG:websockets.protocol:client > Frame(fin=True, opcode=9, data=b'\xa7\xd3\xe4\x98', rsv1=False, rsv2=False, rsv3=False)
DEBUG:websockets.protocol:client - event = data_received(<6 bytes>)
DEBUG:websockets.protocol:client < Frame(fin=True, opcode=10, data=b'\xa7\xd3\xe4\x98', rsv1=False, rsv2=False, rsv3=False)
DEBUG:websockets.protocol:client - received solicited pong: a7d3e498
DEBUG:websockets.protocol:client - event = data_received(<2 bytes>)
DEBUG:websockets.protocol:client < Frame(fin=True, opcode=9, data=b'', rsv1=False, rsv2=False, rsv3=False)
DEBUG:websockets.protocol:client - received ping, sending pong: [empty]
DEBUG:websockets.protocol:client > Frame(fin=True, opcode=10, data=b'', rsv1=False, rsv2=False, rsv3=False)
DEBUG:websockets.protocol:client - event = data_received(<2 bytes>)
DEBUG:websockets.protocol:client < Frame(fin=True, opcode=9, data=b'', rsv1=False, rsv2=False, rsv3=False)
DEBUG:websockets.protocol:client - received ping, sending pong: [empty]
DEBUG:websockets.protocol:client > Frame(fin=True, opcode=10, data=b'', rsv1=False, rsv2=False, rsv3=False)
DEBUG:websockets.protocol:client > Frame(fin=True, opcode=9, data=b'8\x90\xbb.', rsv1=False, rsv2=False, rsv3=False)
DEBUG:websockets.protocol:client - event = data_received(<6 bytes>)
DEBUG:websockets.protocol:client < Frame(fin=True, opcode=10, data=b'8\x90\xbb.', rsv1=False, rsv2=False, rsv3=False)
DEBUG:websockets.protocol:client - received solicited pong: 3890bb2e
DEBUG:websockets.protocol:client - event = data_received(<2 bytes>)
DEBUG:websockets.protocol:client < Frame(fin=True, opcode=9, data=b'', rsv1=False, rsv2=False, rsv3=False)
DEBUG:websockets.protocol:client - received ping, sending pong: [empty]
DEBUG:websockets.protocol:client > Frame(fin=True, opcode=10, data=b'', rsv1=False, rsv2=False, rsv3=False)
DEBUG:websockets.protocol:client - event = data_received(<2 bytes>)
DEBUG:websockets.protocol:client < Frame(fin=True, opcode=9, data=b'', rsv1=False, rsv2=False, rsv3=False)
DEBUG:websockets.protocol:client - received ping, sending pong: [empty]
DEBUG:websockets.protocol:client > Frame(fin=True, opcode=10, data=b'', rsv1=False, rsv2=False, rsv3=False)
DEBUG:websockets.protocol:client - event = data_received(<2 bytes>)
DEBUG:websockets.protocol:client < Frame(fin=True, opcode=9, data=b'', rsv1=False, rsv2=False, rsv3=False)
DEBUG:websockets.protocol:client - received ping, sending pong: [empty]
DEBUG:websockets.protocol:client > Frame(fin=True, opcode=10, data=b'', rsv1=False, rsv2=False, rsv3=False)
DEBUG:websockets.protocol:client - event = data_received(<2 bytes>)
DEBUG:websockets.protocol:client < Frame(fin=True, opcode=9, data=b'', rsv1=False, rsv2=False, rsv3=False)
DEBUG:websockets.protocol:client - received ping, sending pong: [empty]
DEBUG:websockets.protocol:client > Frame(fin=True, opcode=10, data=b'', rsv1=False, rsv2=False, rsv3=False)
DEBUG:websockets.protocol:client - event = data_received(<2 bytes>)
DEBUG:websockets.protocol:client < Frame(fin=True, opcode=9, data=b'', rsv1=False, rsv2=False, rsv3=False)
DEBUG:websockets.protocol:client - received ping, sending pong: [empty]
DEBUG:websockets.protocol:client > Frame(fin=True, opcode=10, data=b'', rsv1=False, rsv2=False, rsv3=False)
DEBUG:websockets.protocol:client - event = data_received(<2 bytes>)
DEBUG:websockets.protocol:client < Frame(fin=True, opcode=9, data=b'', rsv1=False, rsv2=False, rsv3=False)
DEBUG:websockets.protocol:client - received ping, sending pong: [empty]
DEBUG:websockets.protocol:client > Frame(fin=True, opcode=10, data=b'', rsv1=False, rsv2=False, rsv3=False)
DEBUG:websockets.protocol:client - event = data_received(<2 bytes>)
DEBUG:websockets.protocol:client < Frame(fin=True, opcode=9, data=b'', rsv1=False, rsv2=False, rsv3=False)
DEBUG:websockets.protocol:client - received ping, sending pong: [empty]
DEBUG:websockets.protocol:client > Frame(fin=True, opcode=10, data=b'', rsv1=False, rsv2=False, rsv3=False)
DEBUG:websockets.protocol:client > Frame(fin=True, opcode=9, data=b'=q8\x04', rsv1=False, rsv2=False, rsv3=False)
DEBUG:websockets.protocol:client - event = data_received(<6 bytes>)
DEBUG:websockets.protocol:client < Frame(fin=True, opcode=10, data=b'=q8\x04', rsv1=False, rsv2=False, rsv3=False)
DEBUG:websockets.protocol:client - received solicited pong: 3d713804
DEBUG:websockets.protocol:client > Frame(fin=True, opcode=9, data=b'P<L;', rsv1=False, rsv2=False, rsv3=False)
DEBUG:websockets.protocol:client - event = data_received(<6 bytes>)
DEBUG:websockets.protocol:client < Frame(fin=True, opcode=10, data=b'P<L;', rsv1=False, rsv2=False, rsv3=False)
DEBUG:websockets.protocol:client - received solicited pong: 503c4c3b
DEBUG:websockets.protocol:client - event = data_received(<2 bytes>)
DEBUG:websockets.protocol:client < Frame(fin=True, opcode=9, data=b'', rsv1=False, rsv2=False, rsv3=False)
DEBUG:websockets.protocol:client - received ping, sending pong: [empty]
DEBUG:websockets.protocol:client > Frame(fin=True, opcode=10, data=b'', rsv1=False, rsv2=False, rsv3=False)
DEBUG:websockets.protocol:client - event = data_received(<2 bytes>)
DEBUG:websockets.protocol:client < Frame(fin=True, opcode=9, data=b'', rsv1=False, rsv2=False, rsv3=False)
DEBUG:websockets.protocol:client - received ping, sending pong: [empty]
DEBUG:websockets.protocol:client > Frame(fin=True, opcode=10, data=b'', rsv1=False, rsv2=False, rsv3=False)
DEBUG:websockets.protocol:client - event = data_received(<2 bytes>)
DEBUG:websockets.protocol:client < Frame(fin=True, opcode=9, data=b'', rsv1=False, rsv2=False, rsv3=False)
DEBUG:websockets.protocol:client - received ping, sending pong: [empty]
DEBUG:websockets.protocol:client > Frame(fin=True, opcode=10, data=b'', rsv1=False, rsv2=False, rsv3=False)
DEBUG:websockets.protocol:client - event = data_received(<2 bytes>)
DEBUG:websockets.protocol:client < Frame(fin=True, opcode=9, data=b'', rsv1=False, rsv2=False, rsv3=False)
DEBUG:websockets.protocol:client - received ping, sending pong: [empty]
DEBUG:websockets.protocol:client > Frame(fin=True, opcode=10, data=b'', rsv1=False, rsv2=False, rsv3=False)
DEBUG:websockets.protocol:client - event = data_received(<2 bytes>)
DEBUG:websockets.protocol:client < Frame(fin=True, opcode=9, data=b'', rsv1=False, rsv2=False, rsv3=False)
DEBUG:websockets.protocol:client - received ping, sending pong: [empty]
DEBUG:websockets.protocol:client > Frame(fin=True, opcode=10, data=b'', rsv1=False, rsv2=False, rsv3=False)
DEBUG:websockets.protocol:client > Frame(fin=True, opcode=9, data=b'\xce\x16\x92\xc2', rsv1=False, rsv2=False, rsv3=False)
DEBUG:websockets.protocol:client - event = data_received(<6 bytes>)
DEBUG:websockets.protocol:client < Frame(fin=True, opcode=10, data=b'\xce\x16\x92\xc2', rsv1=False, rsv2=False, rsv3=False)
DEBUG:websockets.protocol:client - received solicited pong: ce1692c2
DEBUG:websockets.protocol:client - event = data_received(<2 bytes>)
DEBUG:websockets.protocol:client < Frame(fin=True, opcode=9, data=b'', rsv1=False, rsv2=False, rsv3=False)
DEBUG:websockets.protocol:client - received ping, sending pong: [empty]
DEBUG:websockets.protocol:client > Frame(fin=True, opcode=10, data=b'', rsv1=False, rsv2=False, rsv3=False)
DEBUG:websockets.protocol:client - event = data_received(<2 bytes>)
DEBUG:websockets.protocol:client < Frame(fin=True, opcode=9, data=b'', rsv1=False, rsv2=False, rsv3=False)
DEBUG:websockets.protocol:client - received ping, sending pong: [empty]
DEBUG:websockets.protocol:client > Frame(fin=True, opcode=10, data=b'', rsv1=False, rsv2=False, rsv3=False)
DEBUG:websockets.protocol:client - event = data_received(<2 bytes>)
DEBUG:websockets.protocol:client < Frame(fin=True, opcode=9, data=b'', rsv1=False, rsv2=False, rsv3=False)
DEBUG:websockets.protocol:client - received ping, sending pong: [empty]
DEBUG:websockets.protocol:client > Frame(fin=True, opcode=10, data=b'', rsv1=False, rsv2=False, rsv3=False)
DEBUG:websockets.protocol:client - event = data_received(<2 bytes>)
DEBUG:websockets.protocol:client < Frame(fin=True, opcode=9, data=b'', rsv1=False, rsv2=False, rsv3=False)
DEBUG:websockets.protocol:client - received ping, sending pong: [empty]
DEBUG:websockets.protocol:client > Frame(fin=True, opcode=10, data=b'', rsv1=False, rsv2=False, rsv3=False)
DEBUG:websockets.protocol:client > Frame(fin=True, opcode=9, data=b'\x9e\x8da\x18', rsv1=False, rsv2=False, rsv3=False)
DEBUG:websockets.protocol:client - event = data_received(<6 bytes>)
DEBUG:websockets.protocol:client < Frame(fin=True, opcode=10, data=b'\x9e\x8da\x18', rsv1=False, rsv2=False, rsv3=False)
DEBUG:websockets.protocol:client - received solicited pong: 9e8d6118
DEBUG:websockets.protocol:client - event = data_received(<2 bytes>)
DEBUG:websockets.protocol:client < Frame(fin=True, opcode=9, data=b'', rsv1=False, rsv2=False, rsv3=False)
DEBUG:websockets.protocol:client - received ping, sending pong: [empty]
DEBUG:websockets.protocol:client > Frame(fin=True, opcode=10, data=b'', rsv1=False, rsv2=False, rsv3=False)
DEBUG:websockets.protocol:client - event = data_received(<2 bytes>)
DEBUG:websockets.protocol:client < Frame(fin=True, opcode=9, data=b'', rsv1=False, rsv2=False, rsv3=False)
DEBUG:websockets.protocol:client - received ping, sending pong: [empty]
DEBUG:websockets.protocol:client > Frame(fin=True, opcode=10, data=b'', rsv1=False, rsv2=False, rsv3=False)
DEBUG:websockets.protocol:client > Frame(fin=True, opcode=9, data=b'\xa1~he', rsv1=False, rsv2=False, rsv3=False)
DEBUG:websockets.protocol:client - event = data_received(<6 bytes>)
DEBUG:websockets.protocol:client < Frame(fin=True, opcode=10, data=b'\xa1~he', rsv1=False, rsv2=False, rsv3=False)
DEBUG:websockets.protocol:client - received solicited pong: a17e6865
DEBUG:websockets.protocol:client - event = data_received(<2 bytes>)
DEBUG:websockets.protocol:client < Frame(fin=True, opcode=9, data=b'', rsv1=False, rsv2=False, rsv3=False)
DEBUG:websockets.protocol:client - received ping, sending pong: [empty]
DEBUG:websockets.protocol:client > Frame(fin=True, opcode=10, data=b'', rsv1=False, rsv2=False, rsv3=False)
DEBUG:websockets.protocol:client - event = data_received(<2 bytes>)
DEBUG:websockets.protocol:client < Frame(fin=True, opcode=9, data=b'', rsv1=False, rsv2=False, rsv3=False)
DEBUG:websockets.protocol:client - received ping, sending pong: [empty]
DEBUG:websockets.protocol:client > Frame(fin=True, opcode=10, data=b'', rsv1=False, rsv2=False, rsv3=False)
DEBUG:websockets.protocol:client - event = data_received(<2 bytes>)
DEBUG:websockets.protocol:client < Frame(fin=True, opcode=9, data=b'', rsv1=False, rsv2=False, rsv3=False)
DEBUG:websockets.protocol:client - received ping, sending pong: [empty]
DEBUG:websockets.protocol:client > Frame(fin=True, opcode=10, data=b'', rsv1=False, rsv2=False, rsv3=False)
DEBUG:websockets.protocol:client - event = data_received(<2 bytes>)
DEBUG:websockets.protocol:client < Frame(fin=True, opcode=9, data=b'', rsv1=False, rsv2=False, rsv3=False)
DEBUG:websockets.protocol:client - received ping, sending pong: [empty]
DEBUG:websockets.protocol:client > Frame(fin=True, opcode=10, data=b'', rsv1=False, rsv2=False, rsv3=False)
DEBUG:websockets.protocol:client - event = data_received(<2 bytes>)
DEBUG:websockets.protocol:client < Frame(fin=True, opcode=9, data=b'', rsv1=False, rsv2=False, rsv3=False)
DEBUG:websockets.protocol:client - received ping, sending pong: [empty]
DEBUG:websockets.protocol:client > Frame(fin=True, opcode=10, data=b'', rsv1=False, rsv2=False, rsv3=False)
DEBUG:websockets.protocol:client - event = data_received(<2 bytes>)
DEBUG:websockets.protocol:client < Frame(fin=True, opcode=9, data=b'', rsv1=False, rsv2=False, rsv3=False)
DEBUG:websockets.protocol:client - received ping, sending pong: [empty]
DEBUG:websockets.protocol:client > Frame(fin=True, opcode=10, data=b'', rsv1=False, rsv2=False, rsv3=False)
DEBUG:websockets.protocol:client - event = data_received(<2 bytes>)
DEBUG:websockets.protocol:client < Frame(fin=True, opcode=9, data=b'', rsv1=False, rsv2=False, rsv3=False)
DEBUG:websockets.protocol:client - received ping, sending pong: [empty]
DEBUG:websockets.protocol:client > Frame(fin=True, opcode=10, data=b'', rsv1=False, rsv2=False, rsv3=False)
DEBUG:websockets.protocol:client > Frame(fin=True, opcode=9, data=b'%UU\x8a', rsv1=False, rsv2=False, rsv3=False)
DEBUG:websockets.protocol:client - event = data_received(<6 bytes>)
DEBUG:websockets.protocol:client < Frame(fin=True, opcode=10, data=b'%UU\x8a', rsv1=False, rsv2=False, rsv3=False)
DEBUG:websockets.protocol:client - received solicited pong: 2555558a
DEBUG:websockets.protocol:client > Frame(fin=True, opcode=9, data=b':N\xdeH', rsv1=False, rsv2=False, rsv3=False)
DEBUG:websockets.protocol:client - event = data_received(<6 bytes>)
DEBUG:websockets.protocol:client < Frame(fin=True, opcode=10, data=b':N\xdeH', rsv1=False, rsv2=False, rsv3=False)
DEBUG:websockets.protocol:client - received solicited pong: 3a4ede48
DEBUG:websockets.protocol:client - event = data_received(<2 bytes>)
DEBUG:websockets.protocol:client < Frame(fin=True, opcode=9, data=b'', rsv1=False, rsv2=False, rsv3=False)
DEBUG:websockets.protocol:client - received ping, sending pong: [empty]
DEBUG:websockets.protocol:client > Frame(fin=True, opcode=10, data=b'', rsv1=False, rsv2=False, rsv3=False)
DEBUG:websockets.protocol:client - event = data_received(<2 bytes>)
DEBUG:websockets.protocol:client < Frame(fin=True, opcode=9, data=b'', rsv1=False, rsv2=False, rsv3=False)
DEBUG:websockets.protocol:client - received ping, sending pong: [empty]
DEBUG:websockets.protocol:client > Frame(fin=True, opcode=10, data=b'', rsv1=False, rsv2=False, rsv3=False)
DEBUG:websockets.protocol:client - event = data_received(<2 bytes>)
DEBUG:websockets.protocol:client < Frame(fin=True, opcode=9, data=b'', rsv1=False, rsv2=False, rsv3=False)
DEBUG:websockets.protocol:client - received ping, sending pong: [empty]
DEBUG:websockets.protocol:client > Frame(fin=True, opcode=10, data=b'', rsv1=False, rsv2=False, rsv3=False)
DEBUG:websockets.protocol:client - event = data_received(<2 bytes>)
DEBUG:websockets.protocol:client < Frame(fin=True, opcode=9, data=b'', rsv1=False, rsv2=False, rsv3=False)
DEBUG:websockets.protocol:client - received ping, sending pong: [empty]
DEBUG:websockets.protocol:client > Frame(fin=True, opcode=10, data=b'', rsv1=False, rsv2=False, rsv3=False)
DEBUG:websockets.protocol:client - event = data_received(<2 bytes>)
DEBUG:websockets.protocol:client < Frame(fin=True, opcode=9, data=b'', rsv1=False, rsv2=False, rsv3=False)
DEBUG:websockets.protocol:client - received ping, sending pong: [empty]
DEBUG:websockets.protocol:client > Frame(fin=True, opcode=10, data=b'', rsv1=False, rsv2=False, rsv3=False)
DEBUG:websockets.protocol:client > Frame(fin=True, opcode=9, data=b'\x92\x91\xae\xbd', rsv1=False, rsv2=False, rsv3=False)
DEBUG:websockets.protocol:client - event = data_received(<6 bytes>)
DEBUG:websockets.protocol:client < Frame(fin=True, opcode=10, data=b'\x92\x91\xae\xbd', rsv1=False, rsv2=False, rsv3=False)
DEBUG:websockets.protocol:client - received solicited pong: 9291aebd
DEBUG:websockets.protocol:client - event = data_received(<2 bytes>)
DEBUG:websockets.protocol:client < Frame(fin=True, opcode=9, data=b'', rsv1=False, rsv2=False, rsv3=False)
DEBUG:websockets.protocol:client - received ping, sending pong: [empty]
DEBUG:websockets.protocol:client > Frame(fin=True, opcode=10, data=b'', rsv1=False, rsv2=False, rsv3=False)
DEBUG:websockets.protocol:client - event = data_received(<2 bytes>)
DEBUG:websockets.protocol:client < Frame(fin=True, opcode=9, data=b'', rsv1=False, rsv2=False, rsv3=False)
DEBUG:websockets.protocol:client - received ping, sending pong: [empty]
DEBUG:websockets.protocol:client > Frame(fin=True, opcode=10, data=b'', rsv1=False, rsv2=False, rsv3=False)
DEBUG:websockets.protocol:client - event = data_received(<2 bytes>)
DEBUG:websockets.protocol:client < Frame(fin=True, opcode=9, data=b'', rsv1=False, rsv2=False, rsv3=False)
DEBUG:websockets.protocol:client - received ping, sending pong: [empty]
DEBUG:websockets.protocol:client > Frame(fin=True, opcode=10, data=b'', rsv1=False, rsv2=False, rsv3=False)
DEBUG:websockets.protocol:client - event = data_received(<2 bytes>)
DEBUG:websockets.protocol:client < Frame(fin=True, opcode=9, data=b'', rsv1=False, rsv2=False, rsv3=False)
DEBUG:websockets.protocol:client - received ping, sending pong: [empty]
DEBUG:websockets.protocol:client > Frame(fin=True, opcode=10, data=b'', rsv1=False, rsv2=False, rsv3=False)
DEBUG:websockets.protocol:client > Frame(fin=True, opcode=9, data=b'v\x96\xebK', rsv1=False, rsv2=False, rsv3=False)
DEBUG:websockets.protocol:client - event = data_received(<6 bytes>)
DEBUG:websockets.protocol:client < Frame(fin=True, opcode=10, data=b'v\x96\xebK', rsv1=False, rsv2=False, rsv3=False)
DEBUG:websockets.protocol:client - received solicited pong: 7696eb4b
DEBUG:websockets.protocol:client - event = data_received(<2 bytes>)
DEBUG:websockets.protocol:client < Frame(fin=True, opcode=9, data=b'', rsv1=False, rsv2=False, rsv3=False)
DEBUG:websockets.protocol:client - received ping, sending pong: [empty]
DEBUG:websockets.protocol:client > Frame(fin=True, opcode=10, data=b'', rsv1=False, rsv2=False, rsv3=False)
DEBUG:websockets.protocol:client - event = data_received(<2 bytes>)
DEBUG:websockets.protocol:client < Frame(fin=True, opcode=9, data=b'', rsv1=False, rsv2=False, rsv3=False)
DEBUG:websockets.protocol:client - received ping, sending pong: [empty]
DEBUG:websockets.protocol:client > Frame(fin=True, opcode=10, data=b'', rsv1=False, rsv2=False, rsv3=False)
DEBUG:websockets.protocol:client > Frame(fin=True, opcode=9, data=b'\xc3d\x0b\xec', rsv1=False, rsv2=False, rsv3=False)
DEBUG:websockets.protocol:client - event = data_received(<6 bytes>)
DEBUG:websockets.protocol:client < Frame(fin=True, opcode=10, data=b'\xc3d\x0b\xec', rsv1=False, rsv2=False, rsv3=False)
DEBUG:websockets.protocol:client - received solicited pong: c3640bec
DEBUG:websockets.protocol:client - event = data_received(<2 bytes>)
DEBUG:websockets.protocol:client < Frame(fin=True, opcode=9, data=b'', rsv1=False, rsv2=False, rsv3=False)
DEBUG:websockets.protocol:client - received ping, sending pong: [empty]
DEBUG:websockets.protocol:client > Frame(fin=True, opcode=10, data=b'', rsv1=False, rsv2=False, rsv3=False)
DEBUG:websockets.protocol:client - event = data_received(<2 bytes>)
DEBUG:websockets.protocol:client < Frame(fin=True, opcode=9, data=b'', rsv1=False, rsv2=False, rsv3=False)
DEBUG:websockets.protocol:client - received ping, sending pong: [empty]
DEBUG:websockets.protocol:client > Frame(fin=True, opcode=10, data=b'', rsv1=False, rsv2=False, rsv3=False)
DEBUG:websockets.protocol:client - event = data_received(<2 bytes>)
DEBUG:websockets.protocol:client < Frame(fin=True, opcode=9, data=b'', rsv1=False, rsv2=False, rsv3=False)
DEBUG:websockets.protocol:client - received ping, sending pong: [empty]
DEBUG:websockets.protocol:client > Frame(fin=True, opcode=10, data=b'', rsv1=False, rsv2=False, rsv3=False)
DEBUG:websockets.protocol:client - event = data_received(<2 bytes>)
DEBUG:websockets.protocol:client < Frame(fin=True, opcode=9, data=b'', rsv1=False, rsv2=False, rsv3=False)
DEBUG:websockets.protocol:client - received ping, sending pong: [empty]
DEBUG:websockets.protocol:client > Frame(fin=True, opcode=10, data=b'', rsv1=False, rsv2=False, rsv3=False)
DEBUG:websockets.protocol:client - event = data_received(<2 bytes>)
DEBUG:websockets.protocol:client < Frame(fin=True, opcode=9, data=b'', rsv1=False, rsv2=False, rsv3=False)
DEBUG:websockets.protocol:client - received ping, sending pong: [empty]
DEBUG:websockets.protocol:client > Frame(fin=True, opcode=10, data=b'', rsv1=False, rsv2=False, rsv3=False)
DEBUG:websockets.protocol:client - event = data_received(<2 bytes>)
DEBUG:websockets.protocol:client < Frame(fin=True, opcode=9, data=b'', rsv1=False, rsv2=False, rsv3=False)
DEBUG:websockets.protocol:client - received ping, sending pong: [empty]
DEBUG:websockets.protocol:client > Frame(fin=True, opcode=10, data=b'', rsv1=False, rsv2=False, rsv3=False)
DEBUG:websockets.protocol:client > Frame(fin=True, opcode=9, data=b'\xaa\xb8\xd9$', rsv1=False, rsv2=False, rsv3=False)
DEBUG:websockets.protocol:client - event = data_received(<6 bytes>)
DEBUG:websockets.protocol:client < Frame(fin=True, opcode=10, data=b'\xaa\xb8\xd9$', rsv1=False, rsv2=False, rsv3=False)
DEBUG:websockets.protocol:client - received solicited pong: aab8d924
DEBUG:websockets.protocol:client - event = data_received(<2 bytes>)
DEBUG:websockets.protocol:client < Frame(fin=True, opcode=9, data=b'', rsv1=False, rsv2=False, rsv3=False)
DEBUG:websockets.protocol:client - received ping, sending pong: [empty]
DEBUG:websockets.protocol:client > Frame(fin=True, opcode=10, data=b'', rsv1=False, rsv2=False, rsv3=False)
DEBUG:websockets.protocol:client > Frame(fin=True, opcode=9, data=b"4sP'", rsv1=False, rsv2=False, rsv3=False)
DEBUG:websockets.protocol:client - event = data_received(<6 bytes>)
DEBUG:websockets.protocol:client < Frame(fin=True, opcode=10, data=b"4sP'", rsv1=False, rsv2=False, rsv3=False)
DEBUG:websockets.protocol:client - received solicited pong: 34735027
DEBUG:websockets.protocol:client - event = data_received(<2 bytes>)
DEBUG:websockets.protocol:client < Frame(fin=True, opcode=9, data=b'', rsv1=False, rsv2=False, rsv3=False)
DEBUG:websockets.protocol:client - received ping, sending pong: [empty]
DEBUG:websockets.protocol:client > Frame(fin=True, opcode=10, data=b'', rsv1=False, rsv2=False, rsv3=False)
DEBUG:websockets.protocol:client - event = data_received(<2 bytes>)
DEBUG:websockets.protocol:client < Frame(fin=True, opcode=9, data=b'', rsv1=False, rsv2=False, rsv3=False)
DEBUG:websockets.protocol:client - received ping, sending pong: [empty]
DEBUG:websockets.protocol:client > Frame(fin=True, opcode=10, data=b'', rsv1=False, rsv2=False, rsv3=False)
DEBUG:websockets.protocol:client - event = data_received(<2 bytes>)
DEBUG:websockets.protocol:client < Frame(fin=True, opcode=9, data=b'', rsv1=False, rsv2=False, rsv3=False)
DEBUG:websockets.protocol:client - received ping, sending pong: [empty]
DEBUG:websockets.protocol:client > Frame(fin=True, opcode=10, data=b'', rsv1=False, rsv2=False, rsv3=False)
DEBUG:websockets.protocol:client - event = data_received(<2 bytes>)
DEBUG:websockets.protocol:client < Frame(fin=True, opcode=9, data=b'', rsv1=False, rsv2=False, rsv3=False)
DEBUG:websockets.protocol:client - received ping, sending pong: [empty]
DEBUG:websockets.protocol:client > Frame(fin=True, opcode=10, data=b'', rsv1=False, rsv2=False, rsv3=False)
DEBUG:websockets.protocol:client - event = data_received(<2 bytes>)
DEBUG:websockets.protocol:client < Frame(fin=True, opcode=9, data=b'', rsv1=False, rsv2=False, rsv3=False)
DEBUG:websockets.protocol:client - received ping, sending pong: [empty]
DEBUG:websockets.protocol:client > Frame(fin=True, opcode=10, data=b'', rsv1=False, rsv2=False, rsv3=False)
DEBUG:websockets.protocol:client > Frame(fin=True, opcode=9, data=b'\x92\xfd\xc6\x15', rsv1=False, rsv2=False, rsv3=False)
DEBUG:websockets.protocol:client - event = data_received(<6 bytes>)
DEBUG:websockets.protocol:client < Frame(fin=True, opcode=10, data=b'\x92\xfd\xc6\x15', rsv1=False, rsv2=False, rsv3=False)
DEBUG:websockets.protocol:client - received solicited pong: 92fdc615
DEBUG:websockets.protocol:client - event = data_received(<2 bytes>)
DEBUG:websockets.protocol:client < Frame(fin=True, opcode=9, data=b'', rsv1=False, rsv2=False, rsv3=False)
DEBUG:websockets.protocol:client - received ping, sending pong: [empty]
DEBUG:websockets.protocol:client > Frame(fin=True, opcode=10, data=b'', rsv1=False, rsv2=False, rsv3=False)
DEBUG:websockets.protocol:client - event = data_received(<2 bytes>)
DEBUG:websockets.protocol:client < Frame(fin=True, opcode=9, data=b'', rsv1=False, rsv2=False, rsv3=False)
DEBUG:websockets.protocol:client - received ping, sending pong: [empty]
DEBUG:websockets.protocol:client > Frame(fin=True, opcode=10, data=b'', rsv1=False, rsv2=False, rsv3=False)
DEBUG:websockets.protocol:client - event = data_received(<2 bytes>)
DEBUG:websockets.protocol:client < Frame(fin=True, opcode=9, data=b'', rsv1=False, rsv2=False, rsv3=False)
DEBUG:websockets.protocol:client - received ping, sending pong: [empty]
DEBUG:websockets.protocol:client > Frame(fin=True, opcode=10, data=b'', rsv1=False, rsv2=False, rsv3=False)
DEBUG:websockets.protocol:client > Frame(fin=True, opcode=9, data=b'\xe9\x16O\x97', rsv1=False, rsv2=False, rsv3=False)
DEBUG:websockets.protocol:client - event = data_received(<6 bytes>)
DEBUG:websockets.protocol:client < Frame(fin=True, opcode=10, data=b'\xe9\x16O\x97', rsv1=False, rsv2=False, rsv3=False)
DEBUG:websockets.protocol:client - received solicited pong: e9164f97
DEBUG:websockets.protocol:client - event = data_received(<2 bytes>)
DEBUG:websockets.protocol:client < Frame(fin=True, opcode=9, data=b'', rsv1=False, rsv2=False, rsv3=False)
DEBUG:websockets.protocol:client - received ping, sending pong: [empty]
DEBUG:websockets.protocol:client > Frame(fin=True, opcode=10, data=b'', rsv1=False, rsv2=False, rsv3=False)
DEBUG:websockets.protocol:client - event = data_received(<2 bytes>)
DEBUG:websockets.protocol:client < Frame(fin=True, opcode=9, data=b'', rsv1=False, rsv2=False, rsv3=False)
DEBUG:websockets.protocol:client - received ping, sending pong: [empty]
DEBUG:websockets.protocol:client > Frame(fin=True, opcode=10, data=b'', rsv1=False, rsv2=False, rsv3=False)
DEBUG:websockets.protocol:client > Frame(fin=True, opcode=9, data=b'\xb1\xe3\xf2\xb9', rsv1=False, rsv2=False, rsv3=False)
DEBUG:websockets.protocol:client - event = data_received(<6 bytes>)
DEBUG:websockets.protocol:client < Frame(fin=True, opcode=10, data=b'\xb1\xe3\xf2\xb9', rsv1=False, rsv2=False, rsv3=False)
DEBUG:websockets.protocol:client - received solicited pong: b1e3f2b9
DEBUG:websockets.protocol:client - event = data_received(<2 bytes>)
DEBUG:websockets.protocol:client < Frame(fin=True, opcode=9, data=b'', rsv1=False, rsv2=False, rsv3=False)
DEBUG:websockets.protocol:client - received ping, sending pong: [empty]
DEBUG:websockets.protocol:client > Frame(fin=True, opcode=10, data=b'', rsv1=False, rsv2=False, rsv3=False)
DEBUG:websockets.protocol:client - event = data_received(<2 bytes>)
DEBUG:websockets.protocol:client < Frame(fin=True, opcode=9, data=b'', rsv1=False, rsv2=False, rsv3=False)
DEBUG:websockets.protocol:client - received ping, sending pong: [empty]
DEBUG:websockets.protocol:client > Frame(fin=True, opcode=10, data=b'', rsv1=False, rsv2=False, rsv3=False)
DEBUG:websockets.protocol:client - event = data_received(<2 bytes>)
DEBUG:websockets.protocol:client < Frame(fin=True, opcode=9, data=b'', rsv1=False, rsv2=False, rsv3=False)
DEBUG:websockets.protocol:client - received ping, sending pong: [empty]
DEBUG:websockets.protocol:client > Frame(fin=True, opcode=10, data=b'', rsv1=False, rsv2=False, rsv3=False)
DEBUG:websockets.protocol:client - event = data_received(<2 bytes>)
DEBUG:websockets.protocol:client < Frame(fin=True, opcode=9, data=b'', rsv1=False, rsv2=False, rsv3=False)
DEBUG:websockets.protocol:client - received ping, sending pong: [empty]
DEBUG:websockets.protocol:client > Frame(fin=True, opcode=10, data=b'', rsv1=False, rsv2=False, rsv3=False)
DEBUG:websockets.protocol:client - event = data_received(<2 bytes>)
DEBUG:websockets.protocol:client < Frame(fin=True, opcode=9, data=b'', rsv1=False, rsv2=False, rsv3=False)
DEBUG:websockets.protocol:client - received ping, sending pong: [empty]
DEBUG:websockets.protocol:client > Frame(fin=True, opcode=10, data=b'', rsv1=False, rsv2=False, rsv3=False)
DEBUG:websockets.protocol:client > Frame(fin=True, opcode=9, data=b'_\xa4s\xe1', rsv1=False, rsv2=False, rsv3=False)
DEBUG:websockets.protocol:client - event = data_received(<6 bytes>)
DEBUG:websockets.protocol:client < Frame(fin=True, opcode=10, data=b'_\xa4s\xe1', rsv1=False, rsv2=False, rsv3=False)
DEBUG:websockets.protocol:client - received solicited pong: 5fa473e1
DEBUG:websockets.protocol:client > Frame(fin=True, opcode=9, data=b'\x7f4\x87\xa8', rsv1=False, rsv2=False, rsv3=False)
DEBUG:websockets.protocol:client - event = data_received(<2 bytes>)
DEBUG:websockets.protocol:client < Frame(fin=True, opcode=9, data=b'', rsv1=False, rsv2=False, rsv3=False)
DEBUG:websockets.protocol:client - received ping, sending pong: [empty]
DEBUG:websockets.protocol:client > Frame(fin=True, opcode=10, data=b'', rsv1=False, rsv2=False, rsv3=False)
DEBUG:websockets.protocol:client - event = data_received(<6 bytes>)
DEBUG:websockets.protocol:client < Frame(fin=True, opcode=10, data=b'\x7f4\x87\xa8', rsv1=False, rsv2=False, rsv3=False)
DEBUG:websockets.protocol:client - received solicited pong: 7f3487a8
DEBUG:websockets.protocol:client - event = data_received(<2 bytes>)
DEBUG:websockets.protocol:client < Frame(fin=True, opcode=9, data=b'', rsv1=False, rsv2=False, rsv3=False)
DEBUG:websockets.protocol:client - received ping, sending pong: [empty]
DEBUG:websockets.protocol:client > Frame(fin=True, opcode=10, data=b'', rsv1=False, rsv2=False, rsv3=False)
DEBUG:websockets.protocol:client - event = data_received(<2 bytes>)
DEBUG:websockets.protocol:client < Frame(fin=True, opcode=9, data=b'', rsv1=False, rsv2=False, rsv3=False)
DEBUG:websockets.protocol:client - received ping, sending pong: [empty]
DEBUG:websockets.protocol:client > Frame(fin=True, opcode=10, data=b'', rsv1=False, rsv2=False, rsv3=False)
DEBUG:websockets.protocol:client - event = data_received(<2 bytes>)
DEBUG:websockets.protocol:client < Frame(fin=True, opcode=9, data=b'', rsv1=False, rsv2=False, rsv3=False)
DEBUG:websockets.protocol:client - received ping, sending pong: [empty]
DEBUG:websockets.protocol:client > Frame(fin=True, opcode=10, data=b'', rsv1=False, rsv2=False, rsv3=False)
DEBUG:websockets.protocol:client - event = data_received(<2 bytes>)
DEBUG:websockets.protocol:client < Frame(fin=True, opcode=9, data=b'', rsv1=False, rsv2=False, rsv3=False)
DEBUG:websockets.protocol:client - received ping, sending pong: [empty]
DEBUG:websockets.protocol:client > Frame(fin=True, opcode=10, data=b'', rsv1=False, rsv2=False, rsv3=False)
DEBUG:websockets.protocol:client > Frame(fin=True, opcode=9, data=b'F\t\x04\x81', rsv1=False, rsv2=False, rsv3=False)
DEBUG:websockets.protocol:client - event = data_received(<2 bytes>)
DEBUG:websockets.protocol:client < Frame(fin=True, opcode=9, data=b'', rsv1=False, rsv2=False, rsv3=False)
DEBUG:websockets.protocol:client - received ping, sending pong: [empty]
DEBUG:websockets.protocol:client > Frame(fin=True, opcode=10, data=b'', rsv1=False, rsv2=False, rsv3=False)
DEBUG:websockets.protocol:client - event = data_received(<6 bytes>)
DEBUG:websockets.protocol:client < Frame(fin=True, opcode=10, data=b'F\t\x04\x81', rsv1=False, rsv2=False, rsv3=False)
DEBUG:websockets.protocol:client - received solicited pong: 46090481
DEBUG:websockets.protocol:client - event = data_received(<2 bytes>)
DEBUG:websockets.protocol:client < Frame(fin=True, opcode=9, data=b'', rsv1=False, rsv2=False, rsv3=False)
DEBUG:websockets.protocol:client - received ping, sending pong: [empty]
DEBUG:websockets.protocol:client > Frame(fin=True, opcode=10, data=b'', rsv1=False, rsv2=False, rsv3=False)
DEBUG:websockets.protocol:client - event = data_received(<2 bytes>)
DEBUG:websockets.protocol:client < Frame(fin=True, opcode=9, data=b'', rsv1=False, rsv2=False, rsv3=False)
DEBUG:websockets.protocol:client - received ping, sending pong: [empty]
DEBUG:websockets.protocol:client > Frame(fin=True, opcode=10, data=b'', rsv1=False, rsv2=False, rsv3=False)
DEBUG:websockets.protocol:client - event = data_received(<2 bytes>)
DEBUG:websockets.protocol:client < Frame(fin=True, opcode=9, data=b'', rsv1=False, rsv2=False, rsv3=False)
DEBUG:websockets.protocol:client - received ping, sending pong: [empty]
DEBUG:websockets.protocol:client > Frame(fin=True, opcode=10, data=b'', rsv1=False, rsv2=False, rsv3=False)
DEBUG:websockets.protocol:client > Frame(fin=True, opcode=9, data=b'X\xc7\xe5\xb1', rsv1=False, rsv2=False, rsv3=False)
DEBUG:websockets.protocol:client - event = data_received(<6 bytes>)
DEBUG:websockets.protocol:client < Frame(fin=True, opcode=10, data=b'X\xc7\xe5\xb1', rsv1=False, rsv2=False, rsv3=False)
DEBUG:websockets.protocol:client - received solicited pong: 58c7e5b1
DEBUG:websockets.protocol:client - event = data_received(<2 bytes>)
DEBUG:websockets.protocol:client < Frame(fin=True, opcode=9, data=b'', rsv1=False, rsv2=False, rsv3=False)
DEBUG:websockets.protocol:client - received ping, sending pong: [empty]
DEBUG:websockets.protocol:client > Frame(fin=True, opcode=10, data=b'', rsv1=False, rsv2=False, rsv3=False)
DEBUG:websockets.protocol:client - event = data_received(<2 bytes>)
DEBUG:websockets.protocol:client < Frame(fin=True, opcode=9, data=b'', rsv1=False, rsv2=False, rsv3=False)
DEBUG:websockets.protocol:client - received ping, sending pong: [empty]
DEBUG:websockets.protocol:client > Frame(fin=True, opcode=10, data=b'', rsv1=False, rsv2=False, rsv3=False)
DEBUG:websockets.protocol:client > Frame(fin=True, opcode=9, data=b'~\x11\xe4o', rsv1=False, rsv2=False, rsv3=False)
DEBUG:websockets.protocol:client - event = data_received(<6 bytes>)
DEBUG:websockets.protocol:client < Frame(fin=True, opcode=10, data=b'~\x11\xe4o', rsv1=False, rsv2=False, rsv3=False)
DEBUG:websockets.protocol:client - received solicited pong: 7e11e46f
DEBUG:websockets.protocol:client - event = data_received(<2 bytes>)
DEBUG:websockets.protocol:client < Frame(fin=True, opcode=9, data=b'', rsv1=False, rsv2=False, rsv3=False)
DEBUG:websockets.protocol:client - received ping, sending pong: [empty]
DEBUG:websockets.protocol:client > Frame(fin=True, opcode=10, data=b'', rsv1=False, rsv2=False, rsv3=False)
DEBUG:websockets.protocol:client - event = data_received(<2 bytes>)
DEBUG:websockets.protocol:client < Frame(fin=True, opcode=9, data=b'', rsv1=False, rsv2=False, rsv3=False)
DEBUG:websockets.protocol:client - received ping, sending pong: [empty]
DEBUG:websockets.protocol:client > Frame(fin=True, opcode=10, data=b'', rsv1=False, rsv2=False, rsv3=False)
DEBUG:websockets.protocol:client - event = data_received(<2 bytes>)
DEBUG:websockets.protocol:client < Frame(fin=True, opcode=9, data=b'', rsv1=False, rsv2=False, rsv3=False)
DEBUG:websockets.protocol:client - received ping, sending pong: [empty]
DEBUG:websockets.protocol:client > Frame(fin=True, opcode=10, data=b'', rsv1=False, rsv2=False, rsv3=False)
DEBUG:websockets.protocol:client - event = data_received(<2 bytes>)
DEBUG:websockets.protocol:client < Frame(fin=True, opcode=9, data=b'', rsv1=False, rsv2=False, rsv3=False)
DEBUG:websockets.protocol:client - received ping, sending pong: [empty]
DEBUG:websockets.protocol:client > Frame(fin=True, opcode=10, data=b'', rsv1=False, rsv2=False, rsv3=False)
DEBUG:websockets.protocol:client - event = data_received(<2 bytes>)
DEBUG:websockets.protocol:client < Frame(fin=True, opcode=9, data=b'', rsv1=False, rsv2=False, rsv3=False)
DEBUG:websockets.protocol:client - received ping, sending pong: [empty]
DEBUG:websockets.protocol:client > Frame(fin=True, opcode=10, data=b'', rsv1=False, rsv2=False, rsv3=False)
DEBUG:websockets.protocol:client - event = data_received(<2 bytes>)
DEBUG:websockets.protocol:client < Frame(fin=True, opcode=9, data=b'', rsv1=False, rsv2=False, rsv3=False)
DEBUG:websockets.protocol:client - received ping, sending pong: [empty]
DEBUG:websockets.protocol:client > Frame(fin=True, opcode=10, data=b'', rsv1=False, rsv2=False, rsv3=False)
DEBUG:websockets.protocol:client > Frame(fin=True, opcode=9, data=b'lP\xf3\xfb', rsv1=False, rsv2=False, rsv3=False)
DEBUG:websockets.protocol:client - event = data_received(<6 bytes>)
DEBUG:websockets.protocol:client < Frame(fin=True, opcode=10, data=b'lP\xf3\xfb', rsv1=False, rsv2=False, rsv3=False)
DEBUG:websockets.protocol:client - received solicited pong: 6c50f3fb
DEBUG:websockets.protocol:client > Frame(fin=True, opcode=9, data=b'\xab\x16\x95\xee', rsv1=False, rsv2=False, rsv3=False)
DEBUG:websockets.protocol:client - event = data_received(<6 bytes>)
DEBUG:websockets.protocol:client < Frame(fin=True, opcode=10, data=b'\xab\x16\x95\xee', rsv1=False, rsv2=False, rsv3=False)
DEBUG:websockets.protocol:client - received solicited pong: ab1695ee
DEBUG:websockets.protocol:client - event = data_received(<2 bytes>)
DEBUG:websockets.protocol:client < Frame(fin=True, opcode=9, data=b'', rsv1=False, rsv2=False, rsv3=False)
DEBUG:websockets.protocol:client - received ping, sending pong: [empty]
DEBUG:websockets.protocol:client > Frame(fin=True, opcode=10, data=b'', rsv1=False, rsv2=False, rsv3=False)
DEBUG:websockets.protocol:client - event = data_received(<2 bytes>)
DEBUG:websockets.protocol:client < Frame(fin=True, opcode=9, data=b'', rsv1=False, rsv2=False, rsv3=False)
DEBUG:websockets.protocol:client - received ping, sending pong: [empty]
DEBUG:websockets.protocol:client > Frame(fin=True, opcode=10, data=b'', rsv1=False, rsv2=False, rsv3=False)
DEBUG:websockets.protocol:client - event = data_received(<2 bytes>)
DEBUG:websockets.protocol:client < Frame(fin=True, opcode=9, data=b'', rsv1=False, rsv2=False, rsv3=False)
DEBUG:websockets.protocol:client - received ping, sending pong: [empty]
DEBUG:websockets.protocol:client > Frame(fin=True, opcode=10, data=b'', rsv1=False, rsv2=False, rsv3=False)
DEBUG:websockets.protocol:client - event = data_received(<2 bytes>)
DEBUG:websockets.protocol:client < Frame(fin=True, opcode=9, data=b'', rsv1=False, rsv2=False, rsv3=False)
DEBUG:websockets.protocol:client - received ping, sending pong: [empty]
DEBUG:websockets.protocol:client > Frame(fin=True, opcode=10, data=b'', rsv1=False, rsv2=False, rsv3=False)
DEBUG:websockets.protocol:client - event = data_received(<2 bytes>)
DEBUG:websockets.protocol:client < Frame(fin=True, opcode=9, data=b'', rsv1=False, rsv2=False, rsv3=False)
DEBUG:websockets.protocol:client - received ping, sending pong: [empty]
DEBUG:websockets.protocol:client > Frame(fin=True, opcode=10, data=b'', rsv1=False, rsv2=False, rsv3=False)
DEBUG:websockets.protocol:client - event = data_received(<2 bytes>)
DEBUG:websockets.protocol:client < Frame(fin=True, opcode=9, data=b'', rsv1=False, rsv2=False, rsv3=False)
DEBUG:websockets.protocol:client - received ping, sending pong: [empty]
DEBUG:websockets.protocol:client > Frame(fin=True, opcode=10, data=b'', rsv1=False, rsv2=False, rsv3=False)
DEBUG:websockets.protocol:client > Frame(fin=True, opcode=9, data=b'>\xd4\x92\x8a', rsv1=False, rsv2=False, rsv3=False)
DEBUG:websockets.protocol:client - event = data_received(<6 bytes>)
DEBUG:websockets.protocol:client < Frame(fin=True, opcode=10, data=b'>\xd4\x92\x8a', rsv1=False, rsv2=False, rsv3=False)
DEBUG:websockets.protocol:client - received solicited pong: 3ed4928a
DEBUG:websockets.protocol:client - event = data_received(<2 bytes>)
DEBUG:websockets.protocol:client < Frame(fin=True, opcode=9, data=b'', rsv1=False, rsv2=False, rsv3=False)
DEBUG:websockets.protocol:client - received ping, sending pong: [empty]
DEBUG:websockets.protocol:client > Frame(fin=True, opcode=10, data=b'', rsv1=False, rsv2=False, rsv3=False)
DEBUG:websockets.protocol:client - event = data_received(<2 bytes>)
DEBUG:websockets.protocol:client < Frame(fin=True, opcode=9, data=b'', rsv1=False, rsv2=False, rsv3=False)
DEBUG:websockets.protocol:client - received ping, sending pong: [empty]
DEBUG:websockets.protocol:client > Frame(fin=True, opcode=10, data=b'', rsv1=False, rsv2=False, rsv3=False)
DEBUG:websockets.protocol:client - event = data_received(<2 bytes>)
DEBUG:websockets.protocol:client < Frame(fin=True, opcode=9, data=b'', rsv1=False, rsv2=False, rsv3=False)
DEBUG:websockets.protocol:client - received ping, sending pong: [empty]
DEBUG:websockets.protocol:client > Frame(fin=True, opcode=10, data=b'', rsv1=False, rsv2=False, rsv3=False)
DEBUG:websockets.protocol:client > Frame(fin=True, opcode=9, data=b'\xdb\xc4_<', rsv1=False, rsv2=False, rsv3=False)
DEBUG:websockets.protocol:client - event = data_received(<6 bytes>)
DEBUG:websockets.protocol:client < Frame(fin=True, opcode=10, data=b'\xdb\xc4_<', rsv1=False, rsv2=False, rsv3=False)
DEBUG:websockets.protocol:client - received solicited pong: dbc45f3c
DEBUG:websockets.protocol:client - event = data_received(<2 bytes>)
DEBUG:websockets.protocol:client < Frame(fin=True, opcode=9, data=b'', rsv1=False, rsv2=False, rsv3=False)
DEBUG:websockets.protocol:client - received ping, sending pong: [empty]
DEBUG:websockets.protocol:client > Frame(fin=True, opcode=10, data=b'', rsv1=False, rsv2=False, rsv3=False)
DEBUG:websockets.protocol:client - event = data_received(<2 bytes>)
DEBUG:websockets.protocol:client < Frame(fin=True, opcode=9, data=b'', rsv1=False, rsv2=False, rsv3=False)
DEBUG:websockets.protocol:client - received ping, sending pong: [empty]
DEBUG:websockets.protocol:client > Frame(fin=True, opcode=10, data=b'', rsv1=False, rsv2=False, rsv3=False)
DEBUG:websockets.protocol:client > Frame(fin=True, opcode=9, data=b'\xb4QX^', rsv1=False, rsv2=False, rsv3=False)
DEBUG:websockets.protocol:client - event = data_received(<6 bytes>)
DEBUG:websockets.protocol:client < Frame(fin=True, opcode=10, data=b'\xb4QX^', rsv1=False, rsv2=False, rsv3=False)
DEBUG:websockets.protocol:client - received solicited pong: b451585e
DEBUG:websockets.protocol:client - event = data_received(<2 bytes>)
DEBUG:websockets.protocol:client < Frame(fin=True, opcode=9, data=b'', rsv1=False, rsv2=False, rsv3=False)
DEBUG:websockets.protocol:client - received ping, sending pong: [empty]
DEBUG:websockets.protocol:client > Frame(fin=True, opcode=10, data=b'', rsv1=False, rsv2=False, rsv3=False)
DEBUG:websockets.protocol:client - event = data_received(<2 bytes>)
DEBUG:websockets.protocol:client < Frame(fin=True, opcode=9, data=b'', rsv1=False, rsv2=False, rsv3=False)
DEBUG:websockets.protocol:client - received ping, sending pong: [empty]
DEBUG:websockets.protocol:client > Frame(fin=True, opcode=10, data=b'', rsv1=False, rsv2=False, rsv3=False)
DEBUG:websockets.protocol:client - event = data_received(<2 bytes>)
DEBUG:websockets.protocol:client < Frame(fin=True, opcode=9, data=b'', rsv1=False, rsv2=False, rsv3=False)
DEBUG:websockets.protocol:client - received ping, sending pong: [empty]
DEBUG:websockets.protocol:client > Frame(fin=True, opcode=10, data=b'', rsv1=False, rsv2=False, rsv3=False)
DEBUG:websockets.protocol:client - event = data_received(<2 bytes>)
DEBUG:websockets.protocol:client < Frame(fin=True, opcode=9, data=b'', rsv1=False, rsv2=False, rsv3=False)
DEBUG:websockets.protocol:client - received ping, sending pong: [empty]
DEBUG:websockets.protocol:client > Frame(fin=True, opcode=10, data=b'', rsv1=False, rsv2=False, rsv3=False)
DEBUG:websockets.protocol:client - event = data_received(<2 bytes>)
DEBUG:websockets.protocol:client < Frame(fin=True, opcode=9, data=b'', rsv1=False, rsv2=False, rsv3=False)
DEBUG:websockets.protocol:client - received ping, sending pong: [empty]
DEBUG:websockets.protocol:client > Frame(fin=True, opcode=10, data=b'', rsv1=False, rsv2=False, rsv3=False)
DEBUG:websockets.protocol:client - event = data_received(<2 bytes>)
DEBUG:websockets.protocol:client < Frame(fin=True, opcode=9, data=b'', rsv1=False, rsv2=False, rsv3=False)
DEBUG:websockets.protocol:client - received ping, sending pong: [empty]
DEBUG:websockets.protocol:client > Frame(fin=True, opcode=10, data=b'', rsv1=False, rsv2=False, rsv3=False)
DEBUG:websockets.protocol:client - event = data_received(<2 bytes>)
DEBUG:websockets.protocol:client < Frame(fin=True, opcode=9, data=b'', rsv1=False, rsv2=False, rsv3=False)
DEBUG:websockets.protocol:client - received ping, sending pong: [empty]
DEBUG:websockets.protocol:client > Frame(fin=True, opcode=10, data=b'', rsv1=False, rsv2=False, rsv3=False)
DEBUG:websockets.protocol:client > Frame(fin=True, opcode=9, data=b'\xcbz\xd4%', rsv1=False, rsv2=False, rsv3=False)
DEBUG:websockets.protocol:client - event = data_received(<6 bytes>)
DEBUG:websockets.protocol:client < Frame(fin=True, opcode=10, data=b'\xcbz\xd4%', rsv1=False, rsv2=False, rsv3=False)
DEBUG:websockets.protocol:client - received solicited pong: cb7ad425
DEBUG:websockets.protocol:client > Frame(fin=True, opcode=9, data=b'2:\x18\x95', rsv1=False, rsv2=False, rsv3=False)
DEBUG:websockets.protocol:client - event = data_received(<6 bytes>)
DEBUG:websockets.protocol:client < Frame(fin=True, opcode=10, data=b'2:\x18\x95', rsv1=False, rsv2=False, rsv3=False)
DEBUG:websockets.protocol:client - received solicited pong: 323a1895
DEBUG:websockets.protocol:client - event = data_received(<2 bytes>)
DEBUG:websockets.protocol:client < Frame(fin=True, opcode=9, data=b'', rsv1=False, rsv2=False, rsv3=False)
DEBUG:websockets.protocol:client - received ping, sending pong: [empty]
DEBUG:websockets.protocol:client > Frame(fin=True, opcode=10, data=b'', rsv1=False, rsv2=False, rsv3=False)
DEBUG:websockets.protocol:client - event = data_received(<2 bytes>)
DEBUG:websockets.protocol:client < Frame(fin=True, opcode=9, data=b'', rsv1=False, rsv2=False, rsv3=False)
DEBUG:websockets.protocol:client - received ping, sending pong: [empty]
DEBUG:websockets.protocol:client > Frame(fin=True, opcode=10, data=b'', rsv1=False, rsv2=False, rsv3=False)
DEBUG:websockets.protocol:client - event = data_received(<2 bytes>)
DEBUG:websockets.protocol:client < Frame(fin=True, opcode=9, data=b'', rsv1=False, rsv2=False, rsv3=False)
DEBUG:websockets.protocol:client - received ping, sending pong: [empty]
DEBUG:websockets.protocol:client > Frame(fin=True, opcode=10, data=b'', rsv1=False, rsv2=False, rsv3=False)
DEBUG:websockets.protocol:client - event = data_received(<2 bytes>)
DEBUG:websockets.protocol:client < Frame(fin=True, opcode=9, data=b'', rsv1=False, rsv2=False, rsv3=False)
DEBUG:websockets.protocol:client - received ping, sending pong: [empty]
DEBUG:websockets.protocol:client > Frame(fin=True, opcode=10, data=b'', rsv1=False, rsv2=False, rsv3=False)
DEBUG:websockets.protocol:client - event = data_received(<2 bytes>)
DEBUG:websockets.protocol:client < Frame(fin=True, opcode=9, data=b'', rsv1=False, rsv2=False, rsv3=False)
DEBUG:websockets.protocol:client - received ping, sending pong: [empty]
DEBUG:websockets.protocol:client > Frame(fin=True, opcode=10, data=b'', rsv1=False, rsv2=False, rsv3=False)
DEBUG:websockets.protocol:client - event = data_received(<2 bytes>)
DEBUG:websockets.protocol:client < Frame(fin=True, opcode=9, data=b'', rsv1=False, rsv2=False, rsv3=False)
DEBUG:websockets.protocol:client - received ping, sending pong: [empty]
DEBUG:websockets.protocol:client > Frame(fin=True, opcode=10, data=b'', rsv1=False, rsv2=False, rsv3=False)
DEBUG:websockets.protocol:client > Frame(fin=True, opcode=9, data=b'<\xf7\x81\xfb', rsv1=False, rsv2=False, rsv3=False)
DEBUG:websockets.protocol:client - event = data_received(<6 bytes>)
DEBUG:websockets.protocol:client < Frame(fin=True, opcode=10, data=b'<\xf7\x81\xfb', rsv1=False, rsv2=False, rsv3=False)
DEBUG:websockets.protocol:client - received solicited pong: 3cf781fb
DEBUG:websockets.protocol:client - event = data_received(<2 bytes>)
DEBUG:websockets.protocol:client < Frame(fin=True, opcode=9, data=b'', rsv1=False, rsv2=False, rsv3=False)
DEBUG:websockets.protocol:client - received ping, sending pong: [empty]
DEBUG:websockets.protocol:client > Frame(fin=True, opcode=10, data=b'', rsv1=False, rsv2=False, rsv3=False)
DEBUG:websockets.protocol:client - event = data_received(<2 bytes>)
DEBUG:websockets.protocol:client < Frame(fin=True, opcode=9, data=b'', rsv1=False, rsv2=False, rsv3=False)
DEBUG:websockets.protocol:client - received ping, sending pong: [empty]
DEBUG:websockets.protocol:client > Frame(fin=True, opcode=10, data=b'', rsv1=False, rsv2=False, rsv3=False)
DEBUG:websockets.protocol:client - event = data_received(<2 bytes>)
DEBUG:websockets.protocol:client < Frame(fin=True, opcode=9, data=b'', rsv1=False, rsv2=False, rsv3=False)
DEBUG:websockets.protocol:client - received ping, sending pong: [empty]
DEBUG:websockets.protocol:client > Frame(fin=True, opcode=10, data=b'', rsv1=False, rsv2=False, rsv3=False)
DEBUG:websockets.protocol:client > Frame(fin=True, opcode=9, data=b'\x08\xc9\xfe\xc8', rsv1=False, rsv2=False, rsv3=False)
DEBUG:websockets.protocol:client - event = data_received(<6 bytes>)
DEBUG:websockets.protocol:client < Frame(fin=True, opcode=10, data=b'\x08\xc9\xfe\xc8', rsv1=False, rsv2=False, rsv3=False)
DEBUG:websockets.protocol:client - received solicited pong: 08c9fec8
DEBUG:websockets.protocol:client - event = data_received(<2 bytes>)
DEBUG:websockets.protocol:client < Frame(fin=True, opcode=9, data=b'', rsv1=False, rsv2=False, rsv3=False)
DEBUG:websockets.protocol:client - received ping, sending pong: [empty]
DEBUG:websockets.protocol:client > Frame(fin=True, opcode=10, data=b'', rsv1=False, rsv2=False, rsv3=False)
DEBUG:websockets.protocol:client - event = data_received(<2 bytes>)
DEBUG:websockets.protocol:client < Frame(fin=True, opcode=9, data=b'', rsv1=False, rsv2=False, rsv3=False)
DEBUG:websockets.protocol:client - received ping, sending pong: [empty]
DEBUG:websockets.protocol:client > Frame(fin=True, opcode=10, data=b'', rsv1=False, rsv2=False, rsv3=False)
DEBUG:websockets.protocol:client > Frame(fin=True, opcode=9, data=b'`\t9\xd4', rsv1=False, rsv2=False, rsv3=False)
DEBUG:websockets.protocol:client - event = data_received(<6 bytes>)
DEBUG:websockets.protocol:client < Frame(fin=True, opcode=10, data=b'`\t9\xd4', rsv1=False, rsv2=False, rsv3=False)
DEBUG:websockets.protocol:client - received solicited pong: 600939d4
DEBUG:websockets.protocol:client - event = data_received(<2 bytes>)
DEBUG:websockets.protocol:client < Frame(fin=True, opcode=9, data=b'', rsv1=False, rsv2=False, rsv3=False)
DEBUG:websockets.protocol:client - received ping, sending pong: [empty]
DEBUG:websockets.protocol:client > Frame(fin=True, opcode=10, data=b'', rsv1=False, rsv2=False, rsv3=False)
DEBUG:websockets.protocol:client - event = data_received(<2 bytes>)
DEBUG:websockets.protocol:client < Frame(fin=True, opcode=9, data=b'', rsv1=False, rsv2=False, rsv3=False)
DEBUG:websockets.protocol:client - received ping, sending pong: [empty]
DEBUG:websockets.protocol:client > Frame(fin=True, opcode=10, data=b'', rsv1=False, rsv2=False, rsv3=False)
DEBUG:websockets.protocol:client - event = data_received(<2 bytes>)
DEBUG:websockets.protocol:client < Frame(fin=True, opcode=9, data=b'', rsv1=False, rsv2=False, rsv3=False)
DEBUG:websockets.protocol:client - received ping, sending pong: [empty]
DEBUG:websockets.protocol:client > Frame(fin=True, opcode=10, data=b'', rsv1=False, rsv2=False, rsv3=False)
DEBUG:websockets.protocol:client - event = data_received(<2 bytes>)
DEBUG:websockets.protocol:client < Frame(fin=True, opcode=9, data=b'', rsv1=False, rsv2=False, rsv3=False)
DEBUG:websockets.protocol:client - received ping, sending pong: [empty]
DEBUG:websockets.protocol:client > Frame(fin=True, opcode=10, data=b'', rsv1=False, rsv2=False, rsv3=False)
DEBUG:websockets.protocol:client - event = data_received(<2 bytes>)
DEBUG:websockets.protocol:client < Frame(fin=True, opcode=9, data=b'', rsv1=False, rsv2=False, rsv3=False)
DEBUG:websockets.protocol:client - received ping, sending pong: [empty]
DEBUG:websockets.protocol:client > Frame(fin=True, opcode=10, data=b'', rsv1=False, rsv2=False, rsv3=False)
DEBUG:websockets.protocol:client - event = data_received(<2 bytes>)
DEBUG:websockets.protocol:client < Frame(fin=True, opcode=9, data=b'', rsv1=False, rsv2=False, rsv3=False)
DEBUG:websockets.protocol:client - received ping, sending pong: [empty]
DEBUG:websockets.protocol:client > Frame(fin=True, opcode=10, data=b'', rsv1=False, rsv2=False, rsv3=False)
DEBUG:websockets.protocol:client - event = data_received(<2 bytes>)
DEBUG:websockets.protocol:client < Frame(fin=True, opcode=9, data=b'', rsv1=False, rsv2=False, rsv3=False)
DEBUG:websockets.protocol:client - received ping, sending pong: [empty]
DEBUG:websockets.protocol:client > Frame(fin=True, opcode=10, data=b'', rsv1=False, rsv2=False, rsv3=False)
DEBUG:websockets.protocol:client > Frame(fin=True, opcode=9, data=b'\x8a%\xfeR', rsv1=False, rsv2=False, rsv3=False)
DEBUG:websockets.protocol:client - event = data_received(<6 bytes>)
DEBUG:websockets.protocol:client < Frame(fin=True, opcode=10, data=b'\x8a%\xfeR', rsv1=False, rsv2=False, rsv3=False)
DEBUG:websockets.protocol:client - received solicited pong: 8a25fe52
DEBUG:websockets.protocol:client > Frame(fin=True, opcode=9, data=b'\xbf&c\xe8', rsv1=False, rsv2=False, rsv3=False)
DEBUG:websockets.protocol:client - event = data_received(<6 bytes>)
DEBUG:websockets.protocol:client < Frame(fin=True, opcode=10, data=b'\xbf&c\xe8', rsv1=False, rsv2=False, rsv3=False)
DEBUG:websockets.protocol:client - received solicited pong: bf2663e8
DEBUG:websockets.protocol:client - event = data_received(<2 bytes>)
DEBUG:websockets.protocol:client < Frame(fin=True, opcode=9, data=b'', rsv1=False, rsv2=False, rsv3=False)
DEBUG:websockets.protocol:client - received ping, sending pong: [empty]
DEBUG:websockets.protocol:client > Frame(fin=True, opcode=10, data=b'', rsv1=False, rsv2=False, rsv3=False)
DEBUG:websockets.protocol:client - event = data_received(<2 bytes>)
DEBUG:websockets.protocol:client < Frame(fin=True, opcode=9, data=b'', rsv1=False, rsv2=False, rsv3=False)
DEBUG:websockets.protocol:client - received ping, sending pong: [empty]
DEBUG:websockets.protocol:client > Frame(fin=True, opcode=10, data=b'', rsv1=False, rsv2=False, rsv3=False)
DEBUG:websockets.protocol:client - event = data_received(<2 bytes>)
DEBUG:websockets.protocol:client < Frame(fin=True, opcode=9, data=b'', rsv1=False, rsv2=False, rsv3=False)
DEBUG:websockets.protocol:client - received ping, sending pong: [empty]
DEBUG:websockets.protocol:client > Frame(fin=True, opcode=10, data=b'', rsv1=False, rsv2=False, rsv3=False)
DEBUG:websockets.protocol:client - event = data_received(<2 bytes>)
DEBUG:websockets.protocol:client < Frame(fin=True, opcode=9, data=b'', rsv1=False, rsv2=False, rsv3=False)
DEBUG:websockets.protocol:client - received ping, sending pong: [empty]
DEBUG:websockets.protocol:client > Frame(fin=True, opcode=10, data=b'', rsv1=False, rsv2=False, rsv3=False)
DEBUG:websockets.protocol:client - event = data_received(<2 bytes>)
DEBUG:websockets.protocol:client < Frame(fin=True, opcode=9, data=b'', rsv1=False, rsv2=False, rsv3=False)
DEBUG:websockets.protocol:client - received ping, sending pong: [empty]
DEBUG:websockets.protocol:client > Frame(fin=True, opcode=10, data=b'', rsv1=False, rsv2=False, rsv3=False)
DEBUG:websockets.protocol:client > Frame(fin=True, opcode=9, data=b'e\xf4r\xb3', rsv1=False, rsv2=False, rsv3=False)
DEBUG:websockets.protocol:client - event = data_received(<6 bytes>)
DEBUG:websockets.protocol:client < Frame(fin=True, opcode=10, data=b'e\xf4r\xb3', rsv1=False, rsv2=False, rsv3=False)
DEBUG:websockets.protocol:client - received solicited pong: 65f472b3
DEBUG:websockets.protocol:client - event = data_received(<2 bytes>)
DEBUG:websockets.protocol:client < Frame(fin=True, opcode=9, data=b'', rsv1=False, rsv2=False, rsv3=False)
DEBUG:websockets.protocol:client - received ping, sending pong: [empty]
DEBUG:websockets.protocol:client > Frame(fin=True, opcode=10, data=b'', rsv1=False, rsv2=False, rsv3=False)
DEBUG:websockets.protocol:client - event = data_received(<2 bytes>)
DEBUG:websockets.protocol:client < Frame(fin=True, opcode=9, data=b'', rsv1=False, rsv2=False, rsv3=False)
DEBUG:websockets.protocol:client - received ping, sending pong: [empty]
DEBUG:websockets.protocol:client > Frame(fin=True, opcode=10, data=b'', rsv1=False, rsv2=False, rsv3=False)
DEBUG:websockets.protocol:client - event = data_received(<2 bytes>)
DEBUG:websockets.protocol:client < Frame(fin=True, opcode=9, data=b'', rsv1=False, rsv2=False, rsv3=False)
DEBUG:websockets.protocol:client - received ping, sending pong: [empty]
DEBUG:websockets.protocol:client > Frame(fin=True, opcode=10, data=b'', rsv1=False, rsv2=False, rsv3=False)
DEBUG:websockets.protocol:client - event = data_received(<2 bytes>)
DEBUG:websockets.protocol:client < Frame(fin=True, opcode=9, data=b'', rsv1=False, rsv2=False, rsv3=False)
DEBUG:websockets.protocol:client - received ping, sending pong: [empty]
DEBUG:websockets.protocol:client > Frame(fin=True, opcode=10, data=b'', rsv1=False, rsv2=False, rsv3=False)
DEBUG:websockets.protocol:client > Frame(fin=True, opcode=9, data=b'\x90\x16\xc9\x17', rsv1=False, rsv2=False, rsv3=False)
DEBUG:websockets.protocol:client - event = data_received(<6 bytes>)
DEBUG:websockets.protocol:client < Frame(fin=True, opcode=10, data=b'\x90\x16\xc9\x17', rsv1=False, rsv2=False, rsv3=False)
DEBUG:websockets.protocol:client - received solicited pong: 9016c917
DEBUG:websockets.protocol:client - event = data_received(<2 bytes>)
DEBUG:websockets.protocol:client < Frame(fin=True, opcode=9, data=b'', rsv1=False, rsv2=False, rsv3=False)
DEBUG:websockets.protocol:client - received ping, sending pong: [empty]
DEBUG:websockets.protocol:client > Frame(fin=True, opcode=10, data=b'', rsv1=False, rsv2=False, rsv3=False)
DEBUG:websockets.protocol:client - event = data_received(<2 bytes>)
DEBUG:websockets.protocol:client < Frame(fin=True, opcode=9, data=b'', rsv1=False, rsv2=False, rsv3=False)
DEBUG:websockets.protocol:client - received ping, sending pong: [empty]
DEBUG:websockets.protocol:client > Frame(fin=True, opcode=10, data=b'', rsv1=False, rsv2=False, rsv3=False)
DEBUG:websockets.protocol:client > Frame(fin=True, opcode=9, data=b'\xc0\x14\xca\xed', rsv1=False, rsv2=False, rsv3=False)
DEBUG:websockets.protocol:client - event = data_received(<6 bytes>)
DEBUG:websockets.protocol:client < Frame(fin=True, opcode=10, data=b'\xc0\x14\xca\xed', rsv1=False, rsv2=False, rsv3=False)
DEBUG:websockets.protocol:client - received solicited pong: c014caed
DEBUG:websockets.protocol:client - event = data_received(<2 bytes>)
DEBUG:websockets.protocol:client < Frame(fin=True, opcode=9, data=b'', rsv1=False, rsv2=False, rsv3=False)
DEBUG:websockets.protocol:client - received ping, sending pong: [empty]
DEBUG:websockets.protocol:client > Frame(fin=True, opcode=10, data=b'', rsv1=False, rsv2=False, rsv3=False)
DEBUG:websockets.protocol:client - event = data_received(<2 bytes>)
DEBUG:websockets.protocol:client < Frame(fin=True, opcode=9, data=b'', rsv1=False, rsv2=False, rsv3=False)
DEBUG:websockets.protocol:client - received ping, sending pong: [empty]
DEBUG:websockets.protocol:client > Frame(fin=True, opcode=10, data=b'', rsv1=False, rsv2=False, rsv3=False)
DEBUG:websockets.protocol:client - event = data_received(<2 bytes>)
DEBUG:websockets.protocol:client < Frame(fin=True, opcode=9, data=b'', rsv1=False, rsv2=False, rsv3=False)
DEBUG:websockets.protocol:client - received ping, sending pong: [empty]
DEBUG:websockets.protocol:client > Frame(fin=True, opcode=10, data=b'', rsv1=False, rsv2=False, rsv3=False)
DEBUG:websockets.protocol:client - event = data_received(<2 bytes>)
DEBUG:websockets.protocol:client < Frame(fin=True, opcode=9, data=b'', rsv1=False, rsv2=False, rsv3=False)
DEBUG:websockets.protocol:client - received ping, sending pong: [empty]
DEBUG:websockets.protocol:client > Frame(fin=True, opcode=10, data=b'', rsv1=False, rsv2=False, rsv3=False)
DEBUG:websockets.protocol:client - event = data_received(<2 bytes>)
DEBUG:websockets.protocol:client < Frame(fin=True, opcode=9, data=b'', rsv1=False, rsv2=False, rsv3=False)
DEBUG:websockets.protocol:client - received ping, sending pong: [empty]
DEBUG:websockets.protocol:client > Frame(fin=True, opcode=10, data=b'', rsv1=False, rsv2=False, rsv3=False)
DEBUG:websockets.protocol:client > Frame(fin=True, opcode=9, data=b'\xa0\xe9\x98v', rsv1=False, rsv2=False, rsv3=False)
DEBUG:websockets.protocol:client > Frame(fin=True, opcode=9, data=b'fHr%', rsv1=False, rsv2=False, rsv3=False)
DEBUG:websockets.protocol:client - event = data_received(<6 bytes>)
DEBUG:websockets.protocol:client < Frame(fin=True, opcode=10, data=b'\xa0\xe9\x98v', rsv1=False, rsv2=False, rsv3=False)
DEBUG:websockets.protocol:client - received solicited pong: a0e99876
DEBUG:websockets.protocol:client - event = data_received(<6 bytes>)
DEBUG:websockets.protocol:client < Frame(fin=True, opcode=10, data=b'fHr%', rsv1=False, rsv2=False, rsv3=False)
DEBUG:websockets.protocol:client - received solicited pong: 66487225
DEBUG:websockets.protocol:client - event = data_received(<2 bytes>)
DEBUG:websockets.protocol:client < Frame(fin=True, opcode=9, data=b'', rsv1=False, rsv2=False, rsv3=False)
DEBUG:websockets.protocol:client - received ping, sending pong: [empty]
DEBUG:websockets.protocol:client > Frame(fin=True, opcode=10, data=b'', rsv1=False, rsv2=False, rsv3=False)
DEBUG:websockets.protocol:client - event = data_received(<2 bytes>)
DEBUG:websockets.protocol:client < Frame(fin=True, opcode=9, data=b'', rsv1=False, rsv2=False, rsv3=False)
DEBUG:websockets.protocol:client - received ping, sending pong: [empty]
DEBUG:websockets.protocol:client > Frame(fin=True, opcode=10, data=b'', rsv1=False, rsv2=False, rsv3=False)
DEBUG:websockets.protocol:client - event = data_received(<2 bytes>)
DEBUG:websockets.protocol:client < Frame(fin=True, opcode=9, data=b'', rsv1=False, rsv2=False, rsv3=False)
DEBUG:websockets.protocol:client - received ping, sending pong: [empty]
DEBUG:websockets.protocol:client > Frame(fin=True, opcode=10, data=b'', rsv1=False, rsv2=False, rsv3=False)
DEBUG:websockets.protocol:client - event = data_received(<2 bytes>)
DEBUG:websockets.protocol:client < Frame(fin=True, opcode=9, data=b'', rsv1=False, rsv2=False, rsv3=False)
DEBUG:websockets.protocol:client - received ping, sending pong: [empty]
DEBUG:websockets.protocol:client > Frame(fin=True, opcode=10, data=b'', rsv1=False, rsv2=False, rsv3=False)
DEBUG:websockets.protocol:client - event = data_received(<2 bytes>)
DEBUG:websockets.protocol:client < Frame(fin=True, opcode=9, data=b'', rsv1=False, rsv2=False, rsv3=False)
DEBUG:websockets.protocol:client - received ping, sending pong: [empty]
DEBUG:websockets.protocol:client > Frame(fin=True, opcode=10, data=b'', rsv1=False, rsv2=False, rsv3=False)
DEBUG:websockets.protocol:client - event = data_received(<2 bytes>)
DEBUG:websockets.protocol:client < Frame(fin=True, opcode=9, data=b'', rsv1=False, rsv2=False, rsv3=False)
DEBUG:websockets.protocol:client - received ping, sending pong: [empty]
DEBUG:websockets.protocol:client > Frame(fin=True, opcode=10, data=b'', rsv1=False, rsv2=False, rsv3=False)
DEBUG:websockets.protocol:client - event = data_received(<2 bytes>)
DEBUG:websockets.protocol:client < Frame(fin=True, opcode=9, data=b'', rsv1=False, rsv2=False, rsv3=False)
DEBUG:websockets.protocol:client - received ping, sending pong: [empty]
DEBUG:websockets.protocol:client > Frame(fin=True, opcode=10, data=b'', rsv1=False, rsv2=False, rsv3=False)
DEBUG:websockets.protocol:client > Frame(fin=True, opcode=9, data=b'\xb6\x11\xdc\xc6', rsv1=False, rsv2=False, rsv3=False)
DEBUG:websockets.protocol:client - event = data_received(<6 bytes>)
DEBUG:websockets.protocol:client < Frame(fin=True, opcode=10, data=b'\xb6\x11\xdc\xc6', rsv1=False, rsv2=False, rsv3=False)
DEBUG:websockets.protocol:client - received solicited pong: b611dcc6
DEBUG:websockets.protocol:client - event = data_received(<2 bytes>)
DEBUG:websockets.protocol:client < Frame(fin=True, opcode=9, data=b'', rsv1=False, rsv2=False, rsv3=False)
DEBUG:websockets.protocol:client - received ping, sending pong: [empty]
DEBUG:websockets.protocol:client > Frame(fin=True, opcode=10, data=b'', rsv1=False, rsv2=False, rsv3=False)
DEBUG:websockets.protocol:client - event = data_received(<2 bytes>)
DEBUG:websockets.protocol:client < Frame(fin=True, opcode=9, data=b'', rsv1=False, rsv2=False, rsv3=False)
DEBUG:websockets.protocol:client - received ping, sending pong: [empty]
DEBUG:websockets.protocol:client > Frame(fin=True, opcode=10, data=b'', rsv1=False, rsv2=False, rsv3=False)
DEBUG:websockets.protocol:client - event = data_received(<2 bytes>)
DEBUG:websockets.protocol:client < Frame(fin=True, opcode=9, data=b'', rsv1=False, rsv2=False, rsv3=False)
DEBUG:websockets.protocol:client - received ping, sending pong: [empty]
DEBUG:websockets.protocol:client > Frame(fin=True, opcode=10, data=b'', rsv1=False, rsv2=False, rsv3=False)
DEBUG:websockets.protocol:client > Frame(fin=True, opcode=9, data=b'\xd1pL\xfc', rsv1=False, rsv2=False, rsv3=False)
DEBUG:websockets.protocol:client - event = data_received(<6 bytes>)
DEBUG:websockets.protocol:client < Frame(fin=True, opcode=10, data=b'\xd1pL\xfc', rsv1=False, rsv2=False, rsv3=False)
DEBUG:websockets.protocol:client - received solicited pong: d1704cfc
DEBUG:websockets.protocol:client - event = data_received(<2 bytes>)
DEBUG:websockets.protocol:client < Frame(fin=True, opcode=9, data=b'', rsv1=False, rsv2=False, rsv3=False)
DEBUG:websockets.protocol:client - received ping, sending pong: [empty]
DEBUG:websockets.protocol:client > Frame(fin=True, opcode=10, data=b'', rsv1=False, rsv2=False, rsv3=False)
DEBUG:websockets.protocol:client - event = data_received(<2 bytes>)
DEBUG:websockets.protocol:client < Frame(fin=True, opcode=9, data=b'', rsv1=False, rsv2=False, rsv3=False)
DEBUG:websockets.protocol:client - received ping, sending pong: [empty]
DEBUG:websockets.protocol:client > Frame(fin=True, opcode=10, data=b'', rsv1=False, rsv2=False, rsv3=False)
DEBUG:websockets.protocol:client - event = data_received(<2 bytes>)
DEBUG:websockets.protocol:client < Frame(fin=True, opcode=9, data=b'', rsv1=False, rsv2=False, rsv3=False)
DEBUG:websockets.protocol:client - received ping, sending pong: [empty]
DEBUG:websockets.protocol:client > Frame(fin=True, opcode=10, data=b'', rsv1=False, rsv2=False, rsv3=False)
DEBUG:websockets.protocol:client > Frame(fin=True, opcode=9, data=b'\xfeSvy', rsv1=False, rsv2=False, rsv3=False)
DEBUG:websockets.protocol:client - event = data_received(<6 bytes>)
DEBUG:websockets.protocol:client < Frame(fin=True, opcode=10, data=b'\xfeSvy', rsv1=False, rsv2=False, rsv3=False)
DEBUG:websockets.protocol:client - received solicited pong: fe537679
DEBUG:websockets.protocol:client - event = data_received(<2 bytes>)
DEBUG:websockets.protocol:client < Frame(fin=True, opcode=9, data=b'', rsv1=False, rsv2=False, rsv3=False)
DEBUG:websockets.protocol:client - received ping, sending pong: [empty]
DEBUG:websockets.protocol:client > Frame(fin=True, opcode=10, data=b'', rsv1=False, rsv2=False, rsv3=False)
DEBUG:websockets.protocol:client - event = data_received(<2 bytes>)
DEBUG:websockets.protocol:client < Frame(fin=True, opcode=9, data=b'', rsv1=False, rsv2=False, rsv3=False)
DEBUG:websockets.protocol:client - received ping, sending pong: [empty]
DEBUG:websockets.protocol:client > Frame(fin=True, opcode=10, data=b'', rsv1=False, rsv2=False, rsv3=False)
DEBUG:websockets.protocol:client - event = data_received(<2 bytes>)
DEBUG:websockets.protocol:client < Frame(fin=True, opcode=9, data=b'', rsv1=False, rsv2=False, rsv3=False)
DEBUG:websockets.protocol:client - received ping, sending pong: [empty]
DEBUG:websockets.protocol:client > Frame(fin=True, opcode=10, data=b'', rsv1=False, rsv2=False, rsv3=False)
DEBUG:websockets.protocol:client - event = data_received(<2 bytes>)
DEBUG:websockets.protocol:client < Frame(fin=True, opcode=9, data=b'', rsv1=False, rsv2=False, rsv3=False)
DEBUG:websockets.protocol:client - received ping, sending pong: [empty]
DEBUG:websockets.protocol:client > Frame(fin=True, opcode=10, data=b'', rsv1=False, rsv2=False, rsv3=False)
DEBUG:websockets.protocol:client - event = data_received(<2 bytes>)
DEBUG:websockets.protocol:client < Frame(fin=True, opcode=9, data=b'', rsv1=False, rsv2=False, rsv3=False)
DEBUG:websockets.protocol:client - received ping, sending pong: [empty]
DEBUG:websockets.protocol:client > Frame(fin=True, opcode=10, data=b'', rsv1=False, rsv2=False, rsv3=False)
DEBUG:websockets.protocol:client > Frame(fin=True, opcode=9, data=b'\xef\x9c\xac4', rsv1=False, rsv2=False, rsv3=False)
DEBUG:websockets.protocol:client - event = data_received(<6 bytes>)
DEBUG:websockets.protocol:client < Frame(fin=True, opcode=10, data=b'\xef\x9c\xac4', rsv1=False, rsv2=False, rsv3=False)
DEBUG:websockets.protocol:client - received solicited pong: ef9cac34
DEBUG:websockets.protocol:client > Frame(fin=True, opcode=9, data=b'\x97d\x85\xc6', rsv1=False, rsv2=False, rsv3=False)
DEBUG:websockets.protocol:client - event = data_received(<6 bytes>)
DEBUG:websockets.protocol:client < Frame(fin=True, opcode=10, data=b'\x97d\x85\xc6', rsv1=False, rsv2=False, rsv3=False)
DEBUG:websockets.protocol:client - received solicited pong: 976485c6
DEBUG:websockets.protocol:client - event = data_received(<2 bytes>)
DEBUG:websockets.protocol:client < Frame(fin=True, opcode=9, data=b'', rsv1=False, rsv2=False, rsv3=False)
DEBUG:websockets.protocol:client - received ping, sending pong: [empty]
DEBUG:websockets.protocol:client > Frame(fin=True, opcode=10, data=b'', rsv1=False, rsv2=False, rsv3=False)
DEBUG:websockets.protocol:client - event = data_received(<2 bytes>)
DEBUG:websockets.protocol:client < Frame(fin=True, opcode=9, data=b'', rsv1=False, rsv2=False, rsv3=False)
DEBUG:websockets.protocol:client - received ping, sending pong: [empty]
DEBUG:websockets.protocol:client > Frame(fin=True, opcode=10, data=b'', rsv1=False, rsv2=False, rsv3=False)
DEBUG:websockets.protocol:client - event = data_received(<2 bytes>)
DEBUG:websockets.protocol:client < Frame(fin=True, opcode=9, data=b'', rsv1=False, rsv2=False, rsv3=False)
DEBUG:websockets.protocol:client - received ping, sending pong: [empty]
DEBUG:websockets.protocol:client > Frame(fin=True, opcode=10, data=b'', rsv1=False, rsv2=False, rsv3=False)
DEBUG:websockets.protocol:client - event = data_received(<2 bytes>)
DEBUG:websockets.protocol:client < Frame(fin=True, opcode=9, data=b'', rsv1=False, rsv2=False, rsv3=False)
DEBUG:websockets.protocol:client - received ping, sending pong: [empty]
DEBUG:websockets.protocol:client > Frame(fin=True, opcode=10, data=b'', rsv1=False, rsv2=False, rsv3=False)
DEBUG:websockets.protocol:client - event = data_received(<2 bytes>)
DEBUG:websockets.protocol:client < Frame(fin=True, opcode=9, data=b'', rsv1=False, rsv2=False, rsv3=False)
DEBUG:websockets.protocol:client - received ping, sending pong: [empty]
DEBUG:websockets.protocol:client > Frame(fin=True, opcode=10, data=b'', rsv1=False, rsv2=False, rsv3=False)
DEBUG:websockets.protocol:client - event = data_received(<2 bytes>)
DEBUG:websockets.protocol:client < Frame(fin=True, opcode=9, data=b'', rsv1=False, rsv2=False, rsv3=False)
DEBUG:websockets.protocol:client - received ping, sending pong: [empty]
DEBUG:websockets.protocol:client > Frame(fin=True, opcode=10, data=b'', rsv1=False, rsv2=False, rsv3=False)
DEBUG:websockets.protocol:client > Frame(fin=True, opcode=9, data=b'\x98\x0f<4', rsv1=False, rsv2=False, rsv3=False)
DEBUG:websockets.protocol:client - event = data_received(<6 bytes>)
DEBUG:websockets.protocol:client < Frame(fin=True, opcode=10, data=b'\x98\x0f<4', rsv1=False, rsv2=False, rsv3=False)
DEBUG:websockets.protocol:client - received solicited pong: 980f3c34
DEBUG:websockets.protocol:client - event = data_received(<2 bytes>)
DEBUG:websockets.protocol:client < Frame(fin=True, opcode=9, data=b'', rsv1=False, rsv2=False, rsv3=False)
DEBUG:websockets.protocol:client - received ping, sending pong: [empty]
DEBUG:websockets.protocol:client > Frame(fin=True, opcode=10, data=b'', rsv1=False, rsv2=False, rsv3=False)
DEBUG:websockets.protocol:client - event = data_received(<2 bytes>)
DEBUG:websockets.protocol:client < Frame(fin=True, opcode=9, data=b'', rsv1=False, rsv2=False, rsv3=False)
DEBUG:websockets.protocol:client - received ping, sending pong: [empty]
DEBUG:websockets.protocol:client > Frame(fin=True, opcode=10, data=b'', rsv1=False, rsv2=False, rsv3=False)
DEBUG:websockets.protocol:client - event = data_received(<2 bytes>)
DEBUG:websockets.protocol:client < Frame(fin=True, opcode=9, data=b'', rsv1=False, rsv2=False, rsv3=False)
DEBUG:websockets.protocol:client - received ping, sending pong: [empty]
DEBUG:websockets.protocol:client > Frame(fin=True, opcode=10, data=b'', rsv1=False, rsv2=False, rsv3=False)
DEBUG:websockets.protocol:client - event = data_received(<2 bytes>)
DEBUG:websockets.protocol:client < Frame(fin=True, opcode=9, data=b'', rsv1=False, rsv2=False, rsv3=False)
DEBUG:websockets.protocol:client - received ping, sending pong: [empty]
DEBUG:websockets.protocol:client > Frame(fin=True, opcode=10, data=b'', rsv1=False, rsv2=False, rsv3=False)
DEBUG:websockets.protocol:client > Frame(fin=True, opcode=9, data=b'*\x08H#', rsv1=False, rsv2=False, rsv3=False)
DEBUG:websockets.protocol:client - event = data_received(<6 bytes>)
DEBUG:websockets.protocol:client < Frame(fin=True, opcode=10, data=b'*\x08H#', rsv1=False, rsv2=False, rsv3=False)
DEBUG:websockets.protocol:client - received solicited pong: 2a084823
DEBUG:websockets.protocol:client - event = data_received(<2 bytes>)
DEBUG:websockets.protocol:client < Frame(fin=True, opcode=9, data=b'', rsv1=False, rsv2=False, rsv3=False)
DEBUG:websockets.protocol:client - received ping, sending pong: [empty]
DEBUG:websockets.protocol:client > Frame(fin=True, opcode=10, data=b'', rsv1=False, rsv2=False, rsv3=False)
DEBUG:websockets.protocol:client - event = data_received(<2 bytes>)
DEBUG:websockets.protocol:client < Frame(fin=True, opcode=9, data=b'', rsv1=False, rsv2=False, rsv3=False)
DEBUG:websockets.protocol:client - received ping, sending pong: [empty]
DEBUG:websockets.protocol:client > Frame(fin=True, opcode=10, data=b'', rsv1=False, rsv2=False, rsv3=False)
DEBUG:websockets.protocol:client > Frame(fin=True, opcode=9, data=b'\x14\x8bl`', rsv1=False, rsv2=False, rsv3=False)
DEBUG:websockets.protocol:client - event = data_received(<2 bytes>)
DEBUG:websockets.protocol:client < Frame(fin=True, opcode=9, data=b'', rsv1=False, rsv2=False, rsv3=False)
DEBUG:websockets.protocol:client - received ping, sending pong: [empty]
DEBUG:websockets.protocol:client > Frame(fin=True, opcode=10, data=b'', rsv1=False, rsv2=False, rsv3=False)
DEBUG:websockets.protocol:client - event = data_received(<6 bytes>)
DEBUG:websockets.protocol:client < Frame(fin=True, opcode=10, data=b'\x14\x8bl`', rsv1=False, rsv2=False, rsv3=False)
DEBUG:websockets.protocol:client - received solicited pong: 148b6c60
DEBUG:websockets.protocol:client - event = data_received(<2 bytes>)
DEBUG:websockets.protocol:client < Frame(fin=True, opcode=9, data=b'', rsv1=False, rsv2=False, rsv3=False)
DEBUG:websockets.protocol:client - received ping, sending pong: [empty]
DEBUG:websockets.protocol:client > Frame(fin=True, opcode=10, data=b'', rsv1=False, rsv2=False, rsv3=False)
DEBUG:websockets.protocol:client - event = data_received(<2 bytes>)
DEBUG:websockets.protocol:client < Frame(fin=True, opcode=9, data=b'', rsv1=False, rsv2=False, rsv3=False)
DEBUG:websockets.protocol:client - received ping, sending pong: [empty]
DEBUG:websockets.protocol:client > Frame(fin=True, opcode=10, data=b'', rsv1=False, rsv2=False, rsv3=False)
DEBUG:websockets.protocol:client - event = data_received(<2 bytes>)
DEBUG:websockets.protocol:client < Frame(fin=True, opcode=9, data=b'', rsv1=False, rsv2=False, rsv3=False)
DEBUG:websockets.protocol:client - received ping, sending pong: [empty]
DEBUG:websockets.protocol:client > Frame(fin=True, opcode=10, data=b'', rsv1=False, rsv2=False, rsv3=False)
DEBUG:websockets.protocol:client - event = data_received(<2 bytes>)
DEBUG:websockets.protocol:client < Frame(fin=True, opcode=9, data=b'', rsv1=False, rsv2=False, rsv3=False)
DEBUG:websockets.protocol:client - received ping, sending pong: [empty]
DEBUG:websockets.protocol:client > Frame(fin=True, opcode=10, data=b'', rsv1=False, rsv2=False, rsv3=False)
DEBUG:websockets.protocol:client - event = data_received(<2 bytes>)
DEBUG:websockets.protocol:client < Frame(fin=True, opcode=9, data=b'', rsv1=False, rsv2=False, rsv3=False)
DEBUG:websockets.protocol:client - received ping, sending pong: [empty]
DEBUG:websockets.protocol:client > Frame(fin=True, opcode=10, data=b'', rsv1=False, rsv2=False, rsv3=False)
DEBUG:websockets.protocol:client - event = data_received(<2 bytes>)
DEBUG:websockets.protocol:client < Frame(fin=True, opcode=9, data=b'', rsv1=False, rsv2=False, rsv3=False)
DEBUG:websockets.protocol:client - received ping, sending pong: [empty]
DEBUG:websockets.protocol:client > Frame(fin=True, opcode=10, data=b'', rsv1=False, rsv2=False, rsv3=False)
DEBUG:websockets.protocol:client > Frame(fin=True, opcode=9, data=b'e\xeb\xbfu', rsv1=False, rsv2=False, rsv3=False)
DEBUG:websockets.protocol:client - event = data_received(<6 bytes>)
DEBUG:websockets.protocol:client < Frame(fin=True, opcode=10, data=b'e\xeb\xbfu', rsv1=False, rsv2=False, rsv3=False)
DEBUG:websockets.protocol:client - received solicited pong: 65ebbf75
DEBUG:websockets.protocol:client > Frame(fin=True, opcode=9, data=b'>\xcbhV', rsv1=False, rsv2=False, rsv3=False)
DEBUG:websockets.protocol:client - event = data_received(<6 bytes>)
DEBUG:websockets.protocol:client < Frame(fin=True, opcode=10, data=b'>\xcbhV', rsv1=False, rsv2=False, rsv3=False)
DEBUG:websockets.protocol:client - received solicited pong: 3ecb6856
DEBUG:websockets.protocol:client - event = data_received(<2 bytes>)
DEBUG:websockets.protocol:client < Frame(fin=True, opcode=9, data=b'', rsv1=False, rsv2=False, rsv3=False)
DEBUG:websockets.protocol:client - received ping, sending pong: [empty]
DEBUG:websockets.protocol:client > Frame(fin=True, opcode=10, data=b'', rsv1=False, rsv2=False, rsv3=False)
DEBUG:websockets.protocol:client - event = data_received(<2 bytes>)
DEBUG:websockets.protocol:client < Frame(fin=True, opcode=9, data=b'', rsv1=False, rsv2=False, rsv3=False)
DEBUG:websockets.protocol:client - received ping, sending pong: [empty]
DEBUG:websockets.protocol:client > Frame(fin=True, opcode=10, data=b'', rsv1=False, rsv2=False, rsv3=False)
DEBUG:websockets.protocol:client - event = data_received(<2 bytes>)
DEBUG:websockets.protocol:client < Frame(fin=True, opcode=9, data=b'', rsv1=False, rsv2=False, rsv3=False)
DEBUG:websockets.protocol:client - received ping, sending pong: [empty]
DEBUG:websockets.protocol:client > Frame(fin=True, opcode=10, data=b'', rsv1=False, rsv2=False, rsv3=False)
DEBUG:websockets.protocol:client - event = data_received(<2 bytes>)
DEBUG:websockets.protocol:client < Frame(fin=True, opcode=9, data=b'', rsv1=False, rsv2=False, rsv3=False)
DEBUG:websockets.protocol:client - received ping, sending pong: [empty]
DEBUG:websockets.protocol:client > Frame(fin=True, opcode=10, data=b'', rsv1=False, rsv2=False, rsv3=False)
DEBUG:websockets.protocol:client - event = data_received(<2 bytes>)
DEBUG:websockets.protocol:client < Frame(fin=True, opcode=9, data=b'', rsv1=False, rsv2=False, rsv3=False)
DEBUG:websockets.protocol:client - received ping, sending pong: [empty]
DEBUG:websockets.protocol:client > Frame(fin=True, opcode=10, data=b'', rsv1=False, rsv2=False, rsv3=False)
DEBUG:websockets.protocol:client - event = data_received(<2 bytes>)
DEBUG:websockets.protocol:client < Frame(fin=True, opcode=9, data=b'', rsv1=False, rsv2=False, rsv3=False)
DEBUG:websockets.protocol:client - received ping, sending pong: [empty]
DEBUG:websockets.protocol:client > Frame(fin=True, opcode=10, data=b'', rsv1=False, rsv2=False, rsv3=False)
DEBUG:websockets.protocol:client > Frame(fin=True, opcode=9, data=b'\xf3\xd0u\x95', rsv1=False, rsv2=False, rsv3=False)
DEBUG:websockets.protocol:client - event = data_received(<6 bytes>)
DEBUG:websockets.protocol:client < Frame(fin=True, opcode=10, data=b'\xf3\xd0u\x95', rsv1=False, rsv2=False, rsv3=False)
DEBUG:websockets.protocol:client - received solicited pong: f3d07595
DEBUG:websockets.protocol:client - event = data_received(<2 bytes>)
DEBUG:websockets.protocol:client < Frame(fin=True, opcode=9, data=b'', rsv1=False, rsv2=False, rsv3=False)
DEBUG:websockets.protocol:client - received ping, sending pong: [empty]
DEBUG:websockets.protocol:client > Frame(fin=True, opcode=10, data=b'', rsv1=False, rsv2=False, rsv3=False)
DEBUG:websockets.protocol:client - event = data_received(<2 bytes>)
DEBUG:websockets.protocol:client < Frame(fin=True, opcode=9, data=b'', rsv1=False, rsv2=False, rsv3=False)
DEBUG:websockets.protocol:client - received ping, sending pong: [empty]
DEBUG:websockets.protocol:client > Frame(fin=True, opcode=10, data=b'', rsv1=False, rsv2=False, rsv3=False)
DEBUG:websockets.protocol:client > Frame(fin=True, opcode=9, data=b'\xd1\xa9BB', rsv1=False, rsv2=False, rsv3=False)
DEBUG:websockets.protocol:client - event = data_received(<6 bytes>)
DEBUG:websockets.protocol:client < Frame(fin=True, opcode=10, data=b'\xd1\xa9BB', rsv1=False, rsv2=False, rsv3=False)
DEBUG:websockets.protocol:client - received solicited pong: d1a94242
DEBUG:websockets.protocol:client - event = data_received(<2 bytes>)
DEBUG:websockets.protocol:client < Frame(fin=True, opcode=9, data=b'', rsv1=False, rsv2=False, rsv3=False)
DEBUG:websockets.protocol:client - received ping, sending pong: [empty]
DEBUG:websockets.protocol:client > Frame(fin=True, opcode=10, data=b'', rsv1=False, rsv2=False, rsv3=False)
DEBUG:websockets.protocol:client - event = data_received(<2 bytes>)
DEBUG:websockets.protocol:client < Frame(fin=True, opcode=9, data=b'', rsv1=False, rsv2=False, rsv3=False)
DEBUG:websockets.protocol:client - received ping, sending pong: [empty]
DEBUG:websockets.protocol:client > Frame(fin=True, opcode=10, data=b'', rsv1=False, rsv2=False, rsv3=False)
DEBUG:websockets.protocol:client - event = data_received(<2 bytes>)
DEBUG:websockets.protocol:client < Frame(fin=True, opcode=9, data=b'', rsv1=False, rsv2=False, rsv3=False)
DEBUG:websockets.protocol:client - received ping, sending pong: [empty]
DEBUG:websockets.protocol:client > Frame(fin=True, opcode=10, data=b'', rsv1=False, rsv2=False, rsv3=False)
DEBUG:websockets.protocol:client > Frame(fin=True, opcode=9, data=b'}\xbahY', rsv1=False, rsv2=False, rsv3=False)
DEBUG:websockets.protocol:client - event = data_received(<6 bytes>)
DEBUG:websockets.protocol:client < Frame(fin=True, opcode=10, data=b'}\xbahY', rsv1=False, rsv2=False, rsv3=False)
DEBUG:websockets.protocol:client - received solicited pong: 7dba6859
DEBUG:websockets.protocol:client - event = data_received(<2 bytes>)
DEBUG:websockets.protocol:client < Frame(fin=True, opcode=9, data=b'', rsv1=False, rsv2=False, rsv3=False)
DEBUG:websockets.protocol:client - received ping, sending pong: [empty]
DEBUG:websockets.protocol:client > Frame(fin=True, opcode=10, data=b'', rsv1=False, rsv2=False, rsv3=False)
DEBUG:websockets.protocol:client - event = data_received(<2 bytes>)
DEBUG:websockets.protocol:client < Frame(fin=True, opcode=9, data=b'', rsv1=False, rsv2=False, rsv3=False)
DEBUG:websockets.protocol:client - received ping, sending pong: [empty]
DEBUG:websockets.protocol:client > Frame(fin=True, opcode=10, data=b'', rsv1=False, rsv2=False, rsv3=False)
DEBUG:websockets.protocol:client - event = data_received(<2 bytes>)
DEBUG:websockets.protocol:client < Frame(fin=True, opcode=9, data=b'', rsv1=False, rsv2=False, rsv3=False)
DEBUG:websockets.protocol:client - received ping, sending pong: [empty]
DEBUG:websockets.protocol:client > Frame(fin=True, opcode=10, data=b'', rsv1=False, rsv2=False, rsv3=False)
DEBUG:websockets.protocol:client - event = data_received(<2 bytes>)
DEBUG:websockets.protocol:client < Frame(fin=True, opcode=9, data=b'', rsv1=False, rsv2=False, rsv3=False)
DEBUG:websockets.protocol:client - received ping, sending pong: [empty]
DEBUG:websockets.protocol:client > Frame(fin=True, opcode=10, data=b'', rsv1=False, rsv2=False, rsv3=False)
DEBUG:websockets.protocol:client - event = data_received(<2 bytes>)
DEBUG:websockets.protocol:client < Frame(fin=True, opcode=9, data=b'', rsv1=False, rsv2=False, rsv3=False)
DEBUG:websockets.protocol:client - received ping, sending pong: [empty]
DEBUG:websockets.protocol:client > Frame(fin=True, opcode=10, data=b'', rsv1=False, rsv2=False, rsv3=False)
DEBUG:websockets.protocol:client - event = data_received(<2 bytes>)
DEBUG:websockets.protocol:client < Frame(fin=True, opcode=9, data=b'', rsv1=False, rsv2=False, rsv3=False)
DEBUG:websockets.protocol:client - received ping, sending pong: [empty]
DEBUG:websockets.protocol:client > Frame(fin=True, opcode=10, data=b'', rsv1=False, rsv2=False, rsv3=False)
DEBUG:websockets.protocol:client - event = data_received(<2 bytes>)
DEBUG:websockets.protocol:client < Frame(fin=True, opcode=9, data=b'', rsv1=False, rsv2=False, rsv3=False)
DEBUG:websockets.protocol:client - received ping, sending pong: [empty]
DEBUG:websockets.protocol:client > Frame(fin=True, opcode=10, data=b'', rsv1=False, rsv2=False, rsv3=False)
DEBUG:websockets.protocol:client > Frame(fin=True, opcode=9, data=b'hm\xbc\x89', rsv1=False, rsv2=False, rsv3=False)
DEBUG:websockets.protocol:client - event = data_received(<6 bytes>)
DEBUG:websockets.protocol:client < Frame(fin=True, opcode=10, data=b'hm\xbc\x89', rsv1=False, rsv2=False, rsv3=False)
DEBUG:websockets.protocol:client - received solicited pong: 686dbc89
DEBUG:websockets.protocol:client > Frame(fin=True, opcode=9, data=b' \xec\xaa\xcf', rsv1=False, rsv2=False, rsv3=False)
DEBUG:websockets.protocol:client - event = data_received(<6 bytes>)
DEBUG:websockets.protocol:client < Frame(fin=True, opcode=10, data=b' \xec\xaa\xcf', rsv1=False, rsv2=False, rsv3=False)
DEBUG:websockets.protocol:client - received solicited pong: 20ecaacf
DEBUG:websockets.protocol:client - event = data_received(<2 bytes>)
DEBUG:websockets.protocol:client < Frame(fin=True, opcode=9, data=b'', rsv1=False, rsv2=False, rsv3=False)
DEBUG:websockets.protocol:client - received ping, sending pong: [empty]
DEBUG:websockets.protocol:client > Frame(fin=True, opcode=10, data=b'', rsv1=False, rsv2=False, rsv3=False)
DEBUG:websockets.protocol:client - event = data_received(<2 bytes>)
DEBUG:websockets.protocol:client < Frame(fin=True, opcode=9, data=b'', rsv1=False, rsv2=False, rsv3=False)
DEBUG:websockets.protocol:client - received ping, sending pong: [empty]
DEBUG:websockets.protocol:client > Frame(fin=True, opcode=10, data=b'', rsv1=False, rsv2=False, rsv3=False)
DEBUG:websockets.protocol:client - event = data_received(<2 bytes>)
DEBUG:websockets.protocol:client < Frame(fin=True, opcode=9, data=b'', rsv1=False, rsv2=False, rsv3=False)
DEBUG:websockets.protocol:client - received ping, sending pong: [empty]
DEBUG:websockets.protocol:client > Frame(fin=True, opcode=10, data=b'', rsv1=False, rsv2=False, rsv3=False)
DEBUG:websockets.protocol:client - event = data_received(<2 bytes>)
DEBUG:websockets.protocol:client < Frame(fin=True, opcode=9, data=b'', rsv1=False, rsv2=False, rsv3=False)
DEBUG:websockets.protocol:client - received ping, sending pong: [empty]
DEBUG:websockets.protocol:client > Frame(fin=True, opcode=10, data=b'', rsv1=False, rsv2=False, rsv3=False)
DEBUG:websockets.protocol:client - event = data_received(<2 bytes>)
DEBUG:websockets.protocol:client < Frame(fin=True, opcode=9, data=b'', rsv1=False, rsv2=False, rsv3=False)
DEBUG:websockets.protocol:client - received ping, sending pong: [empty]
DEBUG:websockets.protocol:client > Frame(fin=True, opcode=10, data=b'', rsv1=False, rsv2=False, rsv3=False)
DEBUG:websockets.protocol:client > Frame(fin=True, opcode=9, data=b')\xee\xc7k', rsv1=False, rsv2=False, rsv3=False)
DEBUG:websockets.protocol:client - event = data_received(<6 bytes>)
DEBUG:websockets.protocol:client < Frame(fin=True, opcode=10, data=b')\xee\xc7k', rsv1=False, rsv2=False, rsv3=False)
DEBUG:websockets.protocol:client - received solicited pong: 29eec76b
DEBUG:websockets.protocol:client - event = data_received(<2 bytes>)
DEBUG:websockets.protocol:client < Frame(fin=True, opcode=9, data=b'', rsv1=False, rsv2=False, rsv3=False)
DEBUG:websockets.protocol:client - received ping, sending pong: [empty]
DEBUG:websockets.protocol:client > Frame(fin=True, opcode=10, data=b'', rsv1=False, rsv2=False, rsv3=False)
DEBUG:websockets.protocol:client - event = data_received(<2 bytes>)
DEBUG:websockets.protocol:client < Frame(fin=True, opcode=9, data=b'', rsv1=False, rsv2=False, rsv3=False)
DEBUG:websockets.protocol:client - received ping, sending pong: [empty]
DEBUG:websockets.protocol:client > Frame(fin=True, opcode=10, data=b'', rsv1=False, rsv2=False, rsv3=False)
DEBUG:websockets.protocol:client > Frame(fin=True, opcode=9, data=b'\xf8\xc3\xc5\xc3', rsv1=False, rsv2=False, rsv3=False)
DEBUG:websockets.protocol:client - event = data_received(<2 bytes>)
DEBUG:websockets.protocol:client < Frame(fin=True, opcode=9, data=b'', rsv1=False, rsv2=False, rsv3=False)
DEBUG:websockets.protocol:client - received ping, sending pong: [empty]
DEBUG:websockets.protocol:client > Frame(fin=True, opcode=10, data=b'', rsv1=False, rsv2=False, rsv3=False)
DEBUG:websockets.protocol:client - event = data_received(<6 bytes>)
DEBUG:websockets.protocol:client < Frame(fin=True, opcode=10, data=b'\xf8\xc3\xc5\xc3', rsv1=False, rsv2=False, rsv3=False)
DEBUG:websockets.protocol:client - received solicited pong: f8c3c5c3
DEBUG:websockets.protocol:client - event = data_received(<2 bytes>)
DEBUG:websockets.protocol:client < Frame(fin=True, opcode=9, data=b'', rsv1=False, rsv2=False, rsv3=False)
DEBUG:websockets.protocol:client - received ping, sending pong: [empty]
DEBUG:websockets.protocol:client > Frame(fin=True, opcode=10, data=b'', rsv1=False, rsv2=False, rsv3=False)
DEBUG:websockets.protocol:client - event = data_received(<2 bytes>)
DEBUG:websockets.protocol:client < Frame(fin=True, opcode=9, data=b'', rsv1=False, rsv2=False, rsv3=False)
DEBUG:websockets.protocol:client - received ping, sending pong: [empty]
DEBUG:websockets.protocol:client > Frame(fin=True, opcode=10, data=b'', rsv1=False, rsv2=False, rsv3=False)
DEBUG:websockets.protocol:client - event = data_received(<2 bytes>)
DEBUG:websockets.protocol:client < Frame(fin=True, opcode=9, data=b'', rsv1=False, rsv2=False, rsv3=False)
DEBUG:websockets.protocol:client - received ping, sending pong: [empty]
DEBUG:websockets.protocol:client > Frame(fin=True, opcode=10, data=b'', rsv1=False, rsv2=False, rsv3=False)
DEBUG:websockets.protocol:client > Frame(fin=True, opcode=9, data=b'B\xcc\x14\xdf', rsv1=False, rsv2=False, rsv3=False)
DEBUG:websockets.protocol:client - event = data_received(<6 bytes>)
DEBUG:websockets.protocol:client < Frame(fin=True, opcode=10, data=b'B\xcc\x14\xdf', rsv1=False, rsv2=False, rsv3=False)
DEBUG:websockets.protocol:client - received solicited pong: 42cc14df
DEBUG:websockets.protocol:client - event = data_received(<2 bytes>)
DEBUG:websockets.protocol:client < Frame(fin=True, opcode=9, data=b'', rsv1=False, rsv2=False, rsv3=False)
DEBUG:websockets.protocol:client - received ping, sending pong: [empty]
DEBUG:websockets.protocol:client > Frame(fin=True, opcode=10, data=b'', rsv1=False, rsv2=False, rsv3=False)
DEBUG:websockets.protocol:client - event = data_received(<2 bytes>)
DEBUG:websockets.protocol:client < Frame(fin=True, opcode=9, data=b'', rsv1=False, rsv2=False, rsv3=False)
DEBUG:websockets.protocol:client - received ping, sending pong: [empty]
DEBUG:websockets.protocol:client > Frame(fin=True, opcode=10, data=b'', rsv1=False, rsv2=False, rsv3=False)
DEBUG:websockets.protocol:client - event = data_received(<2 bytes>)
DEBUG:websockets.protocol:client < Frame(fin=True, opcode=9, data=b'', rsv1=False, rsv2=False, rsv3=False)
DEBUG:websockets.protocol:client - received ping, sending pong: [empty]
DEBUG:websockets.protocol:client > Frame(fin=True, opcode=10, data=b'', rsv1=False, rsv2=False, rsv3=False)
DEBUG:websockets.protocol:client - event = data_received(<2 bytes>)
DEBUG:websockets.protocol:client < Frame(fin=True, opcode=9, data=b'', rsv1=False, rsv2=False, rsv3=False)
DEBUG:websockets.protocol:client - received ping, sending pong: [empty]
DEBUG:websockets.protocol:client > Frame(fin=True, opcode=10, data=b'', rsv1=False, rsv2=False, rsv3=False)
DEBUG:websockets.protocol:client - event = data_received(<2 bytes>)
DEBUG:websockets.protocol:client < Frame(fin=True, opcode=9, data=b'', rsv1=False, rsv2=False, rsv3=False)
DEBUG:websockets.protocol:client - received ping, sending pong: [empty]
DEBUG:websockets.protocol:client > Frame(fin=True, opcode=10, data=b'', rsv1=False, rsv2=False, rsv3=False)
DEBUG:websockets.protocol:client > Frame(fin=True, opcode=9, data=b'N\xf5\x1c\xbd', rsv1=False, rsv2=False, rsv3=False)
DEBUG:websockets.protocol:client - event = data_received(<6 bytes>)
DEBUG:websockets.protocol:client < Frame(fin=True, opcode=10, data=b'N\xf5\x1c\xbd', rsv1=False, rsv2=False, rsv3=False)
DEBUG:websockets.protocol:client - received solicited pong: 4ef51cbd
DEBUG:websockets.protocol:client > Frame(fin=True, opcode=9, data=b'\nmx\xd2', rsv1=False, rsv2=False, rsv3=False)
DEBUG:websockets.protocol:client - event = data_received(<6 bytes>)
DEBUG:websockets.protocol:client < Frame(fin=True, opcode=10, data=b'\nmx\xd2', rsv1=False, rsv2=False, rsv3=False)
DEBUG:websockets.protocol:client - received solicited pong: 0a6d78d2
DEBUG:websockets.protocol:client - event = data_received(<2 bytes>)
DEBUG:websockets.protocol:client < Frame(fin=True, opcode=9, data=b'', rsv1=False, rsv2=False, rsv3=False)
DEBUG:websockets.protocol:client - received ping, sending pong: [empty]
DEBUG:websockets.protocol:client > Frame(fin=True, opcode=10, data=b'', rsv1=False, rsv2=False, rsv3=False)
DEBUG:websockets.protocol:client - event = data_received(<2 bytes>)
DEBUG:websockets.protocol:client < Frame(fin=True, opcode=9, data=b'', rsv1=False, rsv2=False, rsv3=False)
DEBUG:websockets.protocol:client - received ping, sending pong: [empty]
DEBUG:websockets.protocol:client > Frame(fin=True, opcode=10, data=b'', rsv1=False, rsv2=False, rsv3=False)
DEBUG:websockets.protocol:client - event = data_received(<2 bytes>)
DEBUG:websockets.protocol:client < Frame(fin=True, opcode=9, data=b'', rsv1=False, rsv2=False, rsv3=False)
DEBUG:websockets.protocol:client - received ping, sending pong: [empty]
DEBUG:websockets.protocol:client > Frame(fin=True, opcode=10, data=b'', rsv1=False, rsv2=False, rsv3=False)
DEBUG:websockets.protocol:client - event = data_received(<2 bytes>)
DEBUG:websockets.protocol:client < Frame(fin=True, opcode=9, data=b'', rsv1=False, rsv2=False, rsv3=False)
DEBUG:websockets.protocol:client - received ping, sending pong: [empty]
DEBUG:websockets.protocol:client > Frame(fin=True, opcode=10, data=b'', rsv1=False, rsv2=False, rsv3=False)
DEBUG:websockets.protocol:client - event = data_received(<2 bytes>)
DEBUG:websockets.protocol:client < Frame(fin=True, opcode=9, data=b'', rsv1=False, rsv2=False, rsv3=False)
DEBUG:websockets.protocol:client - received ping, sending pong: [empty]
DEBUG:websockets.protocol:client > Frame(fin=True, opcode=10, data=b'', rsv1=False, rsv2=False, rsv3=False)
DEBUG:websockets.protocol:client - event = data_received(<2 bytes>)
DEBUG:websockets.protocol:client < Frame(fin=True, opcode=9, data=b'', rsv1=False, rsv2=False, rsv3=False)
DEBUG:websockets.protocol:client - received ping, sending pong: [empty]
DEBUG:websockets.protocol:client > Frame(fin=True, opcode=10, data=b'', rsv1=False, rsv2=False, rsv3=False)
DEBUG:websockets.protocol:client > Frame(fin=True, opcode=9, data=b'\xa1\xf4)\x16', rsv1=False, rsv2=False, rsv3=False)
DEBUG:websockets.protocol:client - event = data_received(<6 bytes>)
DEBUG:websockets.protocol:client < Frame(fin=True, opcode=10, data=b'\xa1\xf4)\x16', rsv1=False, rsv2=False, rsv3=False)
DEBUG:websockets.protocol:client - received solicited pong: a1f42916
DEBUG:websockets.protocol:client - event = data_received(<2 bytes>)
DEBUG:websockets.protocol:client < Frame(fin=True, opcode=9, data=b'', rsv1=False, rsv2=False, rsv3=False)
DEBUG:websockets.protocol:client - received ping, sending pong: [empty]
DEBUG:websockets.protocol:client > Frame(fin=True, opcode=10, data=b'', rsv1=False, rsv2=False, rsv3=False)
DEBUG:websockets.protocol:client > Frame(fin=True, opcode=9, data=b'\xfav\x1b\xbb', rsv1=False, rsv2=False, rsv3=False)
DEBUG:websockets.protocol:client - event = data_received(<6 bytes>)
DEBUG:websockets.protocol:client < Frame(fin=True, opcode=10, data=b'\xfav\x1b\xbb', rsv1=False, rsv2=False, rsv3=False)
DEBUG:websockets.protocol:client - received solicited pong: fa761bbb
DEBUG:websockets.protocol:client - event = data_received(<2 bytes>)
DEBUG:websockets.protocol:client < Frame(fin=True, opcode=9, data=b'', rsv1=False, rsv2=False, rsv3=False)
DEBUG:websockets.protocol:client - received ping, sending pong: [empty]
DEBUG:websockets.protocol:client > Frame(fin=True, opcode=10, data=b'', rsv1=False, rsv2=False, rsv3=False)
DEBUG:websockets.protocol:client - event = data_received(<2 bytes>)
DEBUG:websockets.protocol:client < Frame(fin=True, opcode=9, data=b'', rsv1=False, rsv2=False, rsv3=False)
DEBUG:websockets.protocol:client - received ping, sending pong: [empty]
DEBUG:websockets.protocol:client > Frame(fin=True, opcode=10, data=b'', rsv1=False, rsv2=False, rsv3=False)
DEBUG:websockets.protocol:client - event = data_received(<2 bytes>)
DEBUG:websockets.protocol:client < Frame(fin=True, opcode=9, data=b'', rsv1=False, rsv2=False, rsv3=False)
DEBUG:websockets.protocol:client - received ping, sending pong: [empty]
DEBUG:websockets.protocol:client > Frame(fin=True, opcode=10, data=b'', rsv1=False, rsv2=False, rsv3=False)
DEBUG:websockets.protocol:client - event = data_received(<2 bytes>)
DEBUG:websockets.protocol:client < Frame(fin=True, opcode=9, data=b'', rsv1=False, rsv2=False, rsv3=False)
DEBUG:websockets.protocol:client - received ping, sending pong: [empty]
DEBUG:websockets.protocol:client > Frame(fin=True, opcode=10, data=b'', rsv1=False, rsv2=False, rsv3=False)
DEBUG:websockets.protocol:client > Frame(fin=True, opcode=9, data=b'\xcf\xb4i\xdc', rsv1=False, rsv2=False, rsv3=False)
DEBUG:websockets.protocol:client - event = data_received(<6 bytes>)
DEBUG:websockets.protocol:client < Frame(fin=True, opcode=10, data=b'\xcf\xb4i\xdc', rsv1=False, rsv2=False, rsv3=False)
DEBUG:websockets.protocol:client - received solicited pong: cfb469dc
DEBUG:websockets.protocol:client - event = data_received(<2 bytes>)
DEBUG:websockets.protocol:client < Frame(fin=True, opcode=9, data=b'', rsv1=False, rsv2=False, rsv3=False)
DEBUG:websockets.protocol:client - received ping, sending pong: [empty]
DEBUG:websockets.protocol:client > Frame(fin=True, opcode=10, data=b'', rsv1=False, rsv2=False, rsv3=False)
DEBUG:websockets.protocol:client - event = data_received(<2 bytes>)
DEBUG:websockets.protocol:client < Frame(fin=True, opcode=9, data=b'', rsv1=False, rsv2=False, rsv3=False)
DEBUG:websockets.protocol:client - received ping, sending pong: [empty]
DEBUG:websockets.protocol:client > Frame(fin=True, opcode=10, data=b'', rsv1=False, rsv2=False, rsv3=False)
DEBUG:websockets.protocol:client - event = data_received(<2 bytes>)
DEBUG:websockets.protocol:client < Frame(fin=True, opcode=9, data=b'', rsv1=False, rsv2=False, rsv3=False)
DEBUG:websockets.protocol:client - received ping, sending pong: [empty]
DEBUG:websockets.protocol:client > Frame(fin=True, opcode=10, data=b'', rsv1=False, rsv2=False, rsv3=False)
DEBUG:websockets.protocol:client - event = data_received(<2 bytes>)
DEBUG:websockets.protocol:client < Frame(fin=True, opcode=9, data=b'', rsv1=False, rsv2=False, rsv3=False)
DEBUG:websockets.protocol:client - received ping, sending pong: [empty]
DEBUG:websockets.protocol:client > Frame(fin=True, opcode=10, data=b'', rsv1=False, rsv2=False, rsv3=False)
DEBUG:websockets.protocol:client - event = data_received(<2 bytes>)
DEBUG:websockets.protocol:client < Frame(fin=True, opcode=9, data=b'', rsv1=False, rsv2=False, rsv3=False)
DEBUG:websockets.protocol:client - received ping, sending pong: [empty]
DEBUG:websockets.protocol:client > Frame(fin=True, opcode=10, data=b'', rsv1=False, rsv2=False, rsv3=False)
DEBUG:websockets.protocol:client > Frame(fin=True, opcode=9, data=b'\x93\x12dZ', rsv1=False, rsv2=False, rsv3=False)
DEBUG:websockets.protocol:client - event = data_received(<6 bytes>)
DEBUG:websockets.protocol:client < Frame(fin=True, opcode=10, data=b'\x93\x12dZ', rsv1=False, rsv2=False, rsv3=False)
DEBUG:websockets.protocol:client - received solicited pong: 9312645a
DEBUG:websockets.protocol:client - event = data_received(<2 bytes>)
DEBUG:websockets.protocol:client < Frame(fin=True, opcode=9, data=b'', rsv1=False, rsv2=False, rsv3=False)
DEBUG:websockets.protocol:client - received ping, sending pong: [empty]
DEBUG:websockets.protocol:client > Frame(fin=True, opcode=10, data=b'', rsv1=False, rsv2=False, rsv3=False)
DEBUG:websockets.protocol:client > Frame(fin=True, opcode=9, data=b'\x86A\x80\xde', rsv1=False, rsv2=False, rsv3=False)
DEBUG:websockets.protocol:client - event = data_received(<6 bytes>)
DEBUG:websockets.protocol:client < Frame(fin=True, opcode=10, data=b'\x86A\x80\xde', rsv1=False, rsv2=False, rsv3=False)
DEBUG:websockets.protocol:client - received solicited pong: 864180de
DEBUG:websockets.protocol:client - event = data_received(<2 bytes>)
DEBUG:websockets.protocol:client < Frame(fin=True, opcode=9, data=b'', rsv1=False, rsv2=False, rsv3=False)
DEBUG:websockets.protocol:client - received ping, sending pong: [empty]
DEBUG:websockets.protocol:client > Frame(fin=True, opcode=10, data=b'', rsv1=False, rsv2=False, rsv3=False)
DEBUG:websockets.protocol:client - event = data_received(<2 bytes>)
DEBUG:websockets.protocol:client < Frame(fin=True, opcode=9, data=b'', rsv1=False, rsv2=False, rsv3=False)
DEBUG:websockets.protocol:client - received ping, sending pong: [empty]
DEBUG:websockets.protocol:client > Frame(fin=True, opcode=10, data=b'', rsv1=False, rsv2=False, rsv3=False)
DEBUG:websockets.protocol:client - event = data_received(<2 bytes>)
DEBUG:websockets.protocol:client < Frame(fin=True, opcode=9, data=b'', rsv1=False, rsv2=False, rsv3=False)
DEBUG:websockets.protocol:client - received ping, sending pong: [empty]
DEBUG:websockets.protocol:client > Frame(fin=True, opcode=10, data=b'', rsv1=False, rsv2=False, rsv3=False)
DEBUG:websockets.protocol:client - event = data_received(<2 bytes>)
DEBUG:websockets.protocol:client < Frame(fin=True, opcode=9, data=b'', rsv1=False, rsv2=False, rsv3=False)
DEBUG:websockets.protocol:client - received ping, sending pong: [empty]
DEBUG:websockets.protocol:client > Frame(fin=True, opcode=10, data=b'', rsv1=False, rsv2=False, rsv3=False)
DEBUG:websockets.protocol:client - event = data_received(<2 bytes>)
DEBUG:websockets.protocol:client < Frame(fin=True, opcode=9, data=b'', rsv1=False, rsv2=False, rsv3=False)
DEBUG:websockets.protocol:client - received ping, sending pong: [empty]
DEBUG:websockets.protocol:client > Frame(fin=True, opcode=10, data=b'', rsv1=False, rsv2=False, rsv3=False)
DEBUG:websockets.protocol:client - event = data_received(<2 bytes>)
DEBUG:websockets.protocol:client < Frame(fin=True, opcode=9, data=b'', rsv1=False, rsv2=False, rsv3=False)
DEBUG:websockets.protocol:client - received ping, sending pong: [empty]
DEBUG:websockets.protocol:client > Frame(fin=True, opcode=10, data=b'', rsv1=False, rsv2=False, rsv3=False)
DEBUG:websockets.protocol:client > Frame(fin=True, opcode=9, data=b'iR\xd6\xe8', rsv1=False, rsv2=False, rsv3=False)
DEBUG:websockets.protocol:client - event = data_received(<6 bytes>)
DEBUG:websockets.protocol:client < Frame(fin=True, opcode=10, data=b'iR\xd6\xe8', rsv1=False, rsv2=False, rsv3=False)
DEBUG:websockets.protocol:client - received solicited pong: 6952d6e8
DEBUG:websockets.protocol:client - event = data_received(<2 bytes>)
DEBUG:websockets.protocol:client < Frame(fin=True, opcode=9, data=b'', rsv1=False, rsv2=False, rsv3=False)
DEBUG:websockets.protocol:client - received ping, sending pong: [empty]
DEBUG:websockets.protocol:client > Frame(fin=True, opcode=10, data=b'', rsv1=False, rsv2=False, rsv3=False)
DEBUG:websockets.protocol:client - event = data_received(<2 bytes>)
DEBUG:websockets.protocol:client < Frame(fin=True, opcode=9, data=b'', rsv1=False, rsv2=False, rsv3=False)
DEBUG:websockets.protocol:client - received ping, sending pong: [empty]
DEBUG:websockets.protocol:client > Frame(fin=True, opcode=10, data=b'', rsv1=False, rsv2=False, rsv3=False)
DEBUG:websockets.protocol:client > Frame(fin=True, opcode=9, data=b' \xb0\xf5\xb5', rsv1=False, rsv2=False, rsv3=False)
DEBUG:websockets.protocol:client - event = data_received(<6 bytes>)
DEBUG:websockets.protocol:client < Frame(fin=True, opcode=10, data=b' \xb0\xf5\xb5', rsv1=False, rsv2=False, rsv3=False)
DEBUG:websockets.protocol:client - received solicited pong: 20b0f5b5
DEBUG:websockets.protocol:client - event = data_received(<2 bytes>)
DEBUG:websockets.protocol:client < Frame(fin=True, opcode=9, data=b'', rsv1=False, rsv2=False, rsv3=False)
DEBUG:websockets.protocol:client - received ping, sending pong: [empty]
DEBUG:websockets.protocol:client > Frame(fin=True, opcode=10, data=b'', rsv1=False, rsv2=False, rsv3=False)
DEBUG:websockets.protocol:client - event = data_received(<2 bytes>)
DEBUG:websockets.protocol:client < Frame(fin=True, opcode=9, data=b'', rsv1=False, rsv2=False, rsv3=False)
DEBUG:websockets.protocol:client - received ping, sending pong: [empty]
DEBUG:websockets.protocol:client > Frame(fin=True, opcode=10, data=b'', rsv1=False, rsv2=False, rsv3=False)
DEBUG:websockets.protocol:client - event = data_received(<2 bytes>)
DEBUG:websockets.protocol:client < Frame(fin=True, opcode=9, data=b'', rsv1=False, rsv2=False, rsv3=False)
DEBUG:websockets.protocol:client - received ping, sending pong: [empty]
DEBUG:websockets.protocol:client > Frame(fin=True, opcode=10, data=b'', rsv1=False, rsv2=False, rsv3=False)
DEBUG:websockets.protocol:client > Frame(fin=True, opcode=9, data=b'\x7fsP\x13', rsv1=False, rsv2=False, rsv3=False)
DEBUG:websockets.protocol:client - event = data_received(<6 bytes>)
DEBUG:websockets.protocol:client < Frame(fin=True, opcode=10, data=b'\x7fsP\x13', rsv1=False, rsv2=False, rsv3=False)
DEBUG:websockets.protocol:client - received solicited pong: 7f735013
DEBUG:websockets.protocol:client - event = data_received(<2 bytes>)
DEBUG:websockets.protocol:client < Frame(fin=True, opcode=9, data=b'', rsv1=False, rsv2=False, rsv3=False)
DEBUG:websockets.protocol:client - received ping, sending pong: [empty]
DEBUG:websockets.protocol:client > Frame(fin=True, opcode=10, data=b'', rsv1=False, rsv2=False, rsv3=False)
DEBUG:websockets.protocol:client - event = data_received(<2 bytes>)
DEBUG:websockets.protocol:client < Frame(fin=True, opcode=9, data=b'', rsv1=False, rsv2=False, rsv3=False)
DEBUG:websockets.protocol:client - received ping, sending pong: [empty]
DEBUG:websockets.protocol:client > Frame(fin=True, opcode=10, data=b'', rsv1=False, rsv2=False, rsv3=False)
DEBUG:websockets.protocol:client - event = data_received(<2 bytes>)
DEBUG:websockets.protocol:client < Frame(fin=True, opcode=9, data=b'', rsv1=False, rsv2=False, rsv3=False)
DEBUG:websockets.protocol:client - received ping, sending pong: [empty]
DEBUG:websockets.protocol:client > Frame(fin=True, opcode=10, data=b'', rsv1=False, rsv2=False, rsv3=False)
DEBUG:websockets.protocol:client - event = data_received(<2 bytes>)
DEBUG:websockets.protocol:client < Frame(fin=True, opcode=9, data=b'', rsv1=False, rsv2=False, rsv3=False)
DEBUG:websockets.protocol:client - received ping, sending pong: [empty]
DEBUG:websockets.protocol:client > Frame(fin=True, opcode=10, data=b'', rsv1=False, rsv2=False, rsv3=False)
DEBUG:websockets.protocol:client - event = data_received(<2 bytes>)
DEBUG:websockets.protocol:client < Frame(fin=True, opcode=9, data=b'', rsv1=False, rsv2=False, rsv3=False)
DEBUG:websockets.protocol:client - received ping, sending pong: [empty]
DEBUG:websockets.protocol:client > Frame(fin=True, opcode=10, data=b'', rsv1=False, rsv2=False, rsv3=False)
DEBUG:websockets.protocol:client - event = data_received(<2 bytes>)
DEBUG:websockets.protocol:client < Frame(fin=True, opcode=9, data=b'', rsv1=False, rsv2=False, rsv3=False)
DEBUG:websockets.protocol:client - received ping, sending pong: [empty]
DEBUG:websockets.protocol:client > Frame(fin=True, opcode=10, data=b'', rsv1=False, rsv2=False, rsv3=False)
DEBUG:websockets.protocol:client > Frame(fin=True, opcode=9, data=b'\x90B\x8c\xf8', rsv1=False, rsv2=False, rsv3=False)
DEBUG:websockets.protocol:client - event = data_received(<6 bytes>)
DEBUG:websockets.protocol:client < Frame(fin=True, opcode=10, data=b'\x90B\x8c\xf8', rsv1=False, rsv2=False, rsv3=False)
DEBUG:websockets.protocol:client - received solicited pong: 90428cf8
DEBUG:websockets.protocol:client - event = data_received(<2 bytes>)
DEBUG:websockets.protocol:client < Frame(fin=True, opcode=9, data=b'', rsv1=False, rsv2=False, rsv3=False)
DEBUG:websockets.protocol:client - received ping, sending pong: [empty]
DEBUG:websockets.protocol:client > Frame(fin=True, opcode=10, data=b'', rsv1=False, rsv2=False, rsv3=False)
DEBUG:websockets.protocol:client > Frame(fin=True, opcode=9, data=b'\x1ch\xa9_', rsv1=False, rsv2=False, rsv3=False)
DEBUG:websockets.protocol:client - event = data_received(<6 bytes>)
DEBUG:websockets.protocol:client < Frame(fin=True, opcode=10, data=b'\x1ch\xa9_', rsv1=False, rsv2=False, rsv3=False)
DEBUG:websockets.protocol:client - received solicited pong: 1c68a95f
DEBUG:websockets.protocol:client - event = data_received(<2 bytes>)
DEBUG:websockets.protocol:client < Frame(fin=True, opcode=9, data=b'', rsv1=False, rsv2=False, rsv3=False)
DEBUG:websockets.protocol:client - received ping, sending pong: [empty]
DEBUG:websockets.protocol:client > Frame(fin=True, opcode=10, data=b'', rsv1=False, rsv2=False, rsv3=False)
DEBUG:websockets.protocol:client - event = data_received(<2 bytes>)
DEBUG:websockets.protocol:client < Frame(fin=True, opcode=9, data=b'', rsv1=False, rsv2=False, rsv3=False)
DEBUG:websockets.protocol:client - received ping, sending pong: [empty]
DEBUG:websockets.protocol:client > Frame(fin=True, opcode=10, data=b'', rsv1=False, rsv2=False, rsv3=False)
DEBUG:websockets.protocol:client - event = data_received(<2 bytes>)
DEBUG:websockets.protocol:client < Frame(fin=True, opcode=9, data=b'', rsv1=False, rsv2=False, rsv3=False)
DEBUG:websockets.protocol:client - received ping, sending pong: [empty]
DEBUG:websockets.protocol:client > Frame(fin=True, opcode=10, data=b'', rsv1=False, rsv2=False, rsv3=False)
DEBUG:websockets.protocol:client - event = data_received(<2 bytes>)
DEBUG:websockets.protocol:client < Frame(fin=True, opcode=9, data=b'', rsv1=False, rsv2=False, rsv3=False)
DEBUG:websockets.protocol:client - received ping, sending pong: [empty]
DEBUG:websockets.protocol:client > Frame(fin=True, opcode=10, data=b'', rsv1=False, rsv2=False, rsv3=False)
DEBUG:websockets.protocol:client - event = data_received(<2 bytes>)
DEBUG:websockets.protocol:client < Frame(fin=True, opcode=9, data=b'', rsv1=False, rsv2=False, rsv3=False)
DEBUG:websockets.protocol:client - received ping, sending pong: [empty]
DEBUG:websockets.protocol:client > Frame(fin=True, opcode=10, data=b'', rsv1=False, rsv2=False, rsv3=False)
DEBUG:websockets.protocol:client - event = data_received(<2 bytes>)
DEBUG:websockets.protocol:client < Frame(fin=True, opcode=9, data=b'', rsv1=False, rsv2=False, rsv3=False)
DEBUG:websockets.protocol:client - received ping, sending pong: [empty]
DEBUG:websockets.protocol:client > Frame(fin=True, opcode=10, data=b'', rsv1=False, rsv2=False, rsv3=False)
DEBUG:websockets.protocol:client > Frame(fin=True, opcode=9, data=b'\xc9V\xc5K', rsv1=False, rsv2=False, rsv3=False)
DEBUG:websockets.protocol:client - event = data_received(<6 bytes>)
DEBUG:websockets.protocol:client < Frame(fin=True, opcode=10, data=b'\xc9V\xc5K', rsv1=False, rsv2=False, rsv3=False)
DEBUG:websockets.protocol:client - received solicited pong: c956c54b
DEBUG:websockets.protocol:client - event = data_received(<2 bytes>)
DEBUG:websockets.protocol:client < Frame(fin=True, opcode=9, data=b'', rsv1=False, rsv2=False, rsv3=False)
DEBUG:websockets.protocol:client - received ping, sending pong: [empty]
DEBUG:websockets.protocol:client > Frame(fin=True, opcode=10, data=b'', rsv1=False, rsv2=False, rsv3=False)
DEBUG:websockets.protocol:client > Frame(fin=True, opcode=9, data=b'|\xba\xad\x00', rsv1=False, rsv2=False, rsv3=False)
DEBUG:websockets.protocol:client - event = data_received(<6 bytes>)
DEBUG:websockets.protocol:client < Frame(fin=True, opcode=10, data=b'|\xba\xad\x00', rsv1=False, rsv2=False, rsv3=False)
DEBUG:websockets.protocol:client - received solicited pong: 7cbaad00
DEBUG:websockets.protocol:client - event = data_received(<2 bytes>)
DEBUG:websockets.protocol:client < Frame(fin=True, opcode=9, data=b'', rsv1=False, rsv2=False, rsv3=False)
DEBUG:websockets.protocol:client - received ping, sending pong: [empty]
DEBUG:websockets.protocol:client > Frame(fin=True, opcode=10, data=b'', rsv1=False, rsv2=False, rsv3=False)
DEBUG:websockets.protocol:client - event = data_received(<2 bytes>)
DEBUG:websockets.protocol:client < Frame(fin=True, opcode=9, data=b'', rsv1=False, rsv2=False, rsv3=False)
DEBUG:websockets.protocol:client - received ping, sending pong: [empty]
DEBUG:websockets.protocol:client > Frame(fin=True, opcode=10, data=b'', rsv1=False, rsv2=False, rsv3=False)
DEBUG:websockets.protocol:client - event = data_received(<2 bytes>)
DEBUG:websockets.protocol:client < Frame(fin=True, opcode=9, data=b'', rsv1=False, rsv2=False, rsv3=False)
DEBUG:websockets.protocol:client - received ping, sending pong: [empty]
DEBUG:websockets.protocol:client > Frame(fin=True, opcode=10, data=b'', rsv1=False, rsv2=False, rsv3=False)
DEBUG:websockets.protocol:client - event = data_received(<2 bytes>)
DEBUG:websockets.protocol:client < Frame(fin=True, opcode=9, data=b'', rsv1=False, rsv2=False, rsv3=False)
DEBUG:websockets.protocol:client - received ping, sending pong: [empty]
DEBUG:websockets.protocol:client > Frame(fin=True, opcode=10, data=b'', rsv1=False, rsv2=False, rsv3=False)
DEBUG:websockets.protocol:client - event = data_received(<2 bytes>)
DEBUG:websockets.protocol:client < Frame(fin=True, opcode=9, data=b'', rsv1=False, rsv2=False, rsv3=False)
DEBUG:websockets.protocol:client - received ping, sending pong: [empty]
DEBUG:websockets.protocol:client > Frame(fin=True, opcode=10, data=b'', rsv1=False, rsv2=False, rsv3=False)
DEBUG:websockets.protocol:client > Frame(fin=True, opcode=9, data=b'\x9d\xd5\xe7k', rsv1=False, rsv2=False, rsv3=False)
DEBUG:websockets.protocol:client - event = data_received(<6 bytes>)
DEBUG:websockets.protocol:client < Frame(fin=True, opcode=10, data=b'\x9d\xd5\xe7k', rsv1=False, rsv2=False, rsv3=False)
DEBUG:websockets.protocol:client - received solicited pong: 9dd5e76b
DEBUG:websockets.protocol:client - event = data_received(<2 bytes>)
DEBUG:websockets.protocol:client < Frame(fin=True, opcode=9, data=b'', rsv1=False, rsv2=False, rsv3=False)
DEBUG:websockets.protocol:client - received ping, sending pong: [empty]
DEBUG:websockets.protocol:client > Frame(fin=True, opcode=10, data=b'', rsv1=False, rsv2=False, rsv3=False)
DEBUG:websockets.protocol:client - event = data_received(<2 bytes>)
DEBUG:websockets.protocol:client < Frame(fin=True, opcode=9, data=b'', rsv1=False, rsv2=False, rsv3=False)
DEBUG:websockets.protocol:client - received ping, sending pong: [empty]
DEBUG:websockets.protocol:client > Frame(fin=True, opcode=10, data=b'', rsv1=False, rsv2=False, rsv3=False)
DEBUG:websockets.protocol:client - event = data_received(<2 bytes>)
DEBUG:websockets.protocol:client < Frame(fin=True, opcode=9, data=b'', rsv1=False, rsv2=False, rsv3=False)
DEBUG:websockets.protocol:client - received ping, sending pong: [empty]
DEBUG:websockets.protocol:client > Frame(fin=True, opcode=10, data=b'', rsv1=False, rsv2=False, rsv3=False)
DEBUG:websockets.protocol:client - event = data_received(<2 bytes>)
DEBUG:websockets.protocol:client < Frame(fin=True, opcode=9, data=b'', rsv1=False, rsv2=False, rsv3=False)
DEBUG:websockets.protocol:client - received ping, sending pong: [empty]
DEBUG:websockets.protocol:client > Frame(fin=True, opcode=10, data=b'', rsv1=False, rsv2=False, rsv3=False)
DEBUG:websockets.protocol:client > Frame(fin=True, opcode=9, data=b'\x9a1\x1e\xc9', rsv1=False, rsv2=False, rsv3=False)
DEBUG:websockets.protocol:client - event = data_received(<6 bytes>)
DEBUG:websockets.protocol:client < Frame(fin=True, opcode=10, data=b'\x9a1\x1e\xc9', rsv1=False, rsv2=False, rsv3=False)
DEBUG:websockets.protocol:client - received solicited pong: 9a311ec9
DEBUG:websockets.protocol:client - event = data_received(<2 bytes>)
DEBUG:websockets.protocol:client < Frame(fin=True, opcode=9, data=b'', rsv1=False, rsv2=False, rsv3=False)
DEBUG:websockets.protocol:client - received ping, sending pong: [empty]
DEBUG:websockets.protocol:client > Frame(fin=True, opcode=10, data=b'', rsv1=False, rsv2=False, rsv3=False)
DEBUG:websockets.protocol:client - event = data_received(<2 bytes>)
DEBUG:websockets.protocol:client < Frame(fin=True, opcode=9, data=b'', rsv1=False, rsv2=False, rsv3=False)
DEBUG:websockets.protocol:client - received ping, sending pong: [empty]
DEBUG:websockets.protocol:client > Frame(fin=True, opcode=10, data=b'', rsv1=False, rsv2=False, rsv3=False)
DEBUG:websockets.protocol:client > Frame(fin=True, opcode=9, data=b'S\x8b\x97\xb8', rsv1=False, rsv2=False, rsv3=False)
DEBUG:websockets.protocol:client - event = data_received(<6 bytes>)
DEBUG:websockets.protocol:client < Frame(fin=True, opcode=10, data=b'S\x8b\x97\xb8', rsv1=False, rsv2=False, rsv3=False)
DEBUG:websockets.protocol:client - received solicited pong: 538b97b8
DEBUG:websockets.protocol:client - event = data_received(<2 bytes>)
DEBUG:websockets.protocol:client < Frame(fin=True, opcode=9, data=b'', rsv1=False, rsv2=False, rsv3=False)
DEBUG:websockets.protocol:client - received ping, sending pong: [empty]
DEBUG:websockets.protocol:client > Frame(fin=True, opcode=10, data=b'', rsv1=False, rsv2=False, rsv3=False)
DEBUG:websockets.protocol:client - event = data_received(<2 bytes>)
DEBUG:websockets.protocol:client < Frame(fin=True, opcode=9, data=b'', rsv1=False, rsv2=False, rsv3=False)
DEBUG:websockets.protocol:client - received ping, sending pong: [empty]
DEBUG:websockets.protocol:client > Frame(fin=True, opcode=10, data=b'', rsv1=False, rsv2=False, rsv3=False)
DEBUG:websockets.protocol:client - event = data_received(<2 bytes>)
DEBUG:websockets.protocol:client < Frame(fin=True, opcode=9, data=b'', rsv1=False, rsv2=False, rsv3=False)
DEBUG:websockets.protocol:client - received ping, sending pong: [empty]
DEBUG:websockets.protocol:client > Frame(fin=True, opcode=10, data=b'', rsv1=False, rsv2=False, rsv3=False)
DEBUG:websockets.protocol:client - event = data_received(<2 bytes>)
DEBUG:websockets.protocol:client < Frame(fin=True, opcode=9, data=b'', rsv1=False, rsv2=False, rsv3=False)
DEBUG:websockets.protocol:client - received ping, sending pong: [empty]
DEBUG:websockets.protocol:client > Frame(fin=True, opcode=10, data=b'', rsv1=False, rsv2=False, rsv3=False)
DEBUG:websockets.protocol:client - event = data_received(<2 bytes>)
DEBUG:websockets.protocol:client < Frame(fin=True, opcode=9, data=b'', rsv1=False, rsv2=False, rsv3=False)
DEBUG:websockets.protocol:client - received ping, sending pong: [empty]
DEBUG:websockets.protocol:client > Frame(fin=True, opcode=10, data=b'', rsv1=False, rsv2=False, rsv3=False)
DEBUG:websockets.protocol:client - event = data_received(<2 bytes>)
DEBUG:websockets.protocol:client < Frame(fin=True, opcode=9, data=b'', rsv1=False, rsv2=False, rsv3=False)
DEBUG:websockets.protocol:client - received ping, sending pong: [empty]
DEBUG:websockets.protocol:client > Frame(fin=True, opcode=10, data=b'', rsv1=False, rsv2=False, rsv3=False)
DEBUG:websockets.protocol:client > Frame(fin=True, opcode=9, data=b'u\xd3\xe0\xef', rsv1=False, rsv2=False, rsv3=False)
DEBUG:websockets.protocol:client - event = data_received(<6 bytes>)
DEBUG:websockets.protocol:client < Frame(fin=True, opcode=10, data=b'u\xd3\xe0\xef', rsv1=False, rsv2=False, rsv3=False)
DEBUG:websockets.protocol:client - received solicited pong: 75d3e0ef
DEBUG:websockets.protocol:client - event = data_received(<2 bytes>)
DEBUG:websockets.protocol:client < Frame(fin=True, opcode=9, data=b'', rsv1=False, rsv2=False, rsv3=False)
DEBUG:websockets.protocol:client - received ping, sending pong: [empty]
DEBUG:websockets.protocol:client > Frame(fin=True, opcode=10, data=b'', rsv1=False, rsv2=False, rsv3=False)
DEBUG:websockets.protocol:client > Frame(fin=True, opcode=9, data=b'z\x9b\x86a', rsv1=False, rsv2=False, rsv3=False)
DEBUG:websockets.protocol:client - event = data_received(<6 bytes>)
DEBUG:websockets.protocol:client < Frame(fin=True, opcode=10, data=b'z\x9b\x86a', rsv1=False, rsv2=False, rsv3=False)
DEBUG:websockets.protocol:client - received solicited pong: 7a9b8661
DEBUG:websockets.protocol:client - event = data_received(<2 bytes>)
DEBUG:websockets.protocol:client < Frame(fin=True, opcode=9, data=b'', rsv1=False, rsv2=False, rsv3=False)
DEBUG:websockets.protocol:client - received ping, sending pong: [empty]
DEBUG:websockets.protocol:client > Frame(fin=True, opcode=10, data=b'', rsv1=False, rsv2=False, rsv3=False)
DEBUG:websockets.protocol:client - event = data_received(<2 bytes>)
DEBUG:websockets.protocol:client < Frame(fin=True, opcode=9, data=b'', rsv1=False, rsv2=False, rsv3=False)
DEBUG:websockets.protocol:client - received ping, sending pong: [empty]
DEBUG:websockets.protocol:client > Frame(fin=True, opcode=10, data=b'', rsv1=False, rsv2=False, rsv3=False)
DEBUG:websockets.protocol:client - event = data_received(<2 bytes>)
DEBUG:websockets.protocol:client < Frame(fin=True, opcode=9, data=b'', rsv1=False, rsv2=False, rsv3=False)
DEBUG:websockets.protocol:client - received ping, sending pong: [empty]
DEBUG:websockets.protocol:client > Frame(fin=True, opcode=10, data=b'', rsv1=False, rsv2=False, rsv3=False)
DEBUG:websockets.protocol:client - event = data_received(<2 bytes>)
DEBUG:websockets.protocol:client < Frame(fin=True, opcode=9, data=b'', rsv1=False, rsv2=False, rsv3=False)
DEBUG:websockets.protocol:client - received ping, sending pong: [empty]
DEBUG:websockets.protocol:client > Frame(fin=True, opcode=10, data=b'', rsv1=False, rsv2=False, rsv3=False)
DEBUG:websockets.protocol:client > Frame(fin=True, opcode=9, data=b'B\xfb\xae\xc0', rsv1=False, rsv2=False, rsv3=False)
DEBUG:websockets.protocol:client - event = data_received(<6 bytes>)
DEBUG:websockets.protocol:client < Frame(fin=True, opcode=10, data=b'B\xfb\xae\xc0', rsv1=False, rsv2=False, rsv3=False)
DEBUG:websockets.protocol:client - received solicited pong: 42fbaec0
DEBUG:websockets.protocol:client - event = data_received(<2 bytes>)
DEBUG:websockets.protocol:client < Frame(fin=True, opcode=9, data=b'', rsv1=False, rsv2=False, rsv3=False)
DEBUG:websockets.protocol:client - received ping, sending pong: [empty]
DEBUG:websockets.protocol:client > Frame(fin=True, opcode=10, data=b'', rsv1=False, rsv2=False, rsv3=False)
DEBUG:websockets.protocol:client - event = data_received(<2 bytes>)
DEBUG:websockets.protocol:client < Frame(fin=True, opcode=9, data=b'', rsv1=False, rsv2=False, rsv3=False)
DEBUG:websockets.protocol:client - received ping, sending pong: [empty]
DEBUG:websockets.protocol:client > Frame(fin=True, opcode=10, data=b'', rsv1=False, rsv2=False, rsv3=False)
DEBUG:websockets.protocol:client - event = data_received(<2 bytes>)
DEBUG:websockets.protocol:client < Frame(fin=True, opcode=9, data=b'', rsv1=False, rsv2=False, rsv3=False)
DEBUG:websockets.protocol:client - received ping, sending pong: [empty]
DEBUG:websockets.protocol:client > Frame(fin=True, opcode=10, data=b'', rsv1=False, rsv2=False, rsv3=False)
DEBUG:websockets.protocol:client - event = data_received(<2 bytes>)
DEBUG:websockets.protocol:client < Frame(fin=True, opcode=9, data=b'', rsv1=False, rsv2=False, rsv3=False)
DEBUG:websockets.protocol:client - received ping, sending pong: [empty]
DEBUG:websockets.protocol:client > Frame(fin=True, opcode=10, data=b'', rsv1=False, rsv2=False, rsv3=False)
DEBUG:websockets.protocol:client - event = data_received(<2 bytes>)
DEBUG:websockets.protocol:client < Frame(fin=True, opcode=9, data=b'', rsv1=False, rsv2=False, rsv3=False)
DEBUG:websockets.protocol:client - received ping, sending pong: [empty]
DEBUG:websockets.protocol:client > Frame(fin=True, opcode=10, data=b'', rsv1=False, rsv2=False, rsv3=False)
DEBUG:websockets.protocol:client > Frame(fin=True, opcode=9, data=b'\xb0\x91g\xfd', rsv1=False, rsv2=False, rsv3=False)
DEBUG:websockets.protocol:client - event = data_received(<6 bytes>)
DEBUG:websockets.protocol:client < Frame(fin=True, opcode=10, data=b'\xb0\x91g\xfd', rsv1=False, rsv2=False, rsv3=False)
DEBUG:websockets.protocol:client - received solicited pong: b09167fd
DEBUG:websockets.protocol:client - event = data_received(<2 bytes>)
DEBUG:websockets.protocol:client < Frame(fin=True, opcode=9, data=b'', rsv1=False, rsv2=False, rsv3=False)
DEBUG:websockets.protocol:client - received ping, sending pong: [empty]
DEBUG:websockets.protocol:client > Frame(fin=True, opcode=10, data=b'', rsv1=False, rsv2=False, rsv3=False)
DEBUG:websockets.protocol:client > Frame(fin=True, opcode=9, data=b'\x98\x005l', rsv1=False, rsv2=False, rsv3=False)
DEBUG:websockets.protocol:client - event = data_received(<6 bytes>)
DEBUG:websockets.protocol:client < Frame(fin=True, opcode=10, data=b'\x98\x005l', rsv1=False, rsv2=False, rsv3=False)
DEBUG:websockets.protocol:client - received solicited pong: 9800356c
DEBUG:websockets.protocol:client - event = data_received(<2 bytes>)
DEBUG:websockets.protocol:client < Frame(fin=True, opcode=9, data=b'', rsv1=False, rsv2=False, rsv3=False)
DEBUG:websockets.protocol:client - received ping, sending pong: [empty]
DEBUG:websockets.protocol:client > Frame(fin=True, opcode=10, data=b'', rsv1=False, rsv2=False, rsv3=False)
DEBUG:websockets.protocol:client - event = data_received(<2 bytes>)
DEBUG:websockets.protocol:client < Frame(fin=True, opcode=9, data=b'', rsv1=False, rsv2=False, rsv3=False)
DEBUG:websockets.protocol:client - received ping, sending pong: [empty]
DEBUG:websockets.protocol:client > Frame(fin=True, opcode=10, data=b'', rsv1=False, rsv2=False, rsv3=False)
DEBUG:websockets.protocol:client - event = data_received(<2 bytes>)
DEBUG:websockets.protocol:client < Frame(fin=True, opcode=9, data=b'', rsv1=False, rsv2=False, rsv3=False)
DEBUG:websockets.protocol:client - received ping, sending pong: [empty]
DEBUG:websockets.protocol:client > Frame(fin=True, opcode=10, data=b'', rsv1=False, rsv2=False, rsv3=False)
DEBUG:websockets.protocol:client - event = data_received(<2 bytes>)
DEBUG:websockets.protocol:client < Frame(fin=True, opcode=9, data=b'', rsv1=False, rsv2=False, rsv3=False)
DEBUG:websockets.protocol:client - received ping, sending pong: [empty]
DEBUG:websockets.protocol:client > Frame(fin=True, opcode=10, data=b'', rsv1=False, rsv2=False, rsv3=False)
DEBUG:websockets.protocol:client - event = data_received(<2 bytes>)
DEBUG:websockets.protocol:client < Frame(fin=True, opcode=9, data=b'', rsv1=False, rsv2=False, rsv3=False)
DEBUG:websockets.protocol:client - received ping, sending pong: [empty]
DEBUG:websockets.protocol:client > Frame(fin=True, opcode=10, data=b'', rsv1=False, rsv2=False, rsv3=False)
DEBUG:websockets.protocol:client - event = data_received(<2 bytes>)
DEBUG:websockets.protocol:client < Frame(fin=True, opcode=9, data=b'', rsv1=False, rsv2=False, rsv3=False)
DEBUG:websockets.protocol:client - received ping, sending pong: [empty]
DEBUG:websockets.protocol:client > Frame(fin=True, opcode=10, data=b'', rsv1=False, rsv2=False, rsv3=False)
DEBUG:websockets.protocol:client > Frame(fin=True, opcode=9, data=b'\x04\x03\xa1\xa2', rsv1=False, rsv2=False, rsv3=False)
DEBUG:websockets.protocol:client - event = data_received(<6 bytes>)
DEBUG:websockets.protocol:client < Frame(fin=True, opcode=10, data=b'\x04\x03\xa1\xa2', rsv1=False, rsv2=False, rsv3=False)
DEBUG:websockets.protocol:client - received solicited pong: 0403a1a2
DEBUG:websockets.protocol:client - event = data_received(<2 bytes>)
DEBUG:websockets.protocol:client < Frame(fin=True, opcode=9, data=b'', rsv1=False, rsv2=False, rsv3=False)
DEBUG:websockets.protocol:client - received ping, sending pong: [empty]
DEBUG:websockets.protocol:client > Frame(fin=True, opcode=10, data=b'', rsv1=False, rsv2=False, rsv3=False)
DEBUG:websockets.protocol:client - event = data_received(<2 bytes>)
DEBUG:websockets.protocol:client < Frame(fin=True, opcode=9, data=b'', rsv1=False, rsv2=False, rsv3=False)
DEBUG:websockets.protocol:client - received ping, sending pong: [empty]
DEBUG:websockets.protocol:client > Frame(fin=True, opcode=10, data=b'', rsv1=False, rsv2=False, rsv3=False)
DEBUG:websockets.protocol:client > Frame(fin=True, opcode=9, data=b'\xfa\xe6x\\', rsv1=False, rsv2=False, rsv3=False)
DEBUG:websockets.protocol:client - event = data_received(<6 bytes>)
DEBUG:websockets.protocol:client < Frame(fin=True, opcode=10, data=b'\xfa\xe6x\\', rsv1=False, rsv2=False, rsv3=False)
DEBUG:websockets.protocol:client - received solicited pong: fae6785c
DEBUG:websockets.protocol:client - event = data_received(<2 bytes>)
DEBUG:websockets.protocol:client < Frame(fin=True, opcode=9, data=b'', rsv1=False, rsv2=False, rsv3=False)
DEBUG:websockets.protocol:client - received ping, sending pong: [empty]
DEBUG:websockets.protocol:client > Frame(fin=True, opcode=10, data=b'', rsv1=False, rsv2=False, rsv3=False)
DEBUG:websockets.protocol:client - event = data_received(<2 bytes>)
DEBUG:websockets.protocol:client < Frame(fin=True, opcode=9, data=b'', rsv1=False, rsv2=False, rsv3=False)
DEBUG:websockets.protocol:client - received ping, sending pong: [empty]
DEBUG:websockets.protocol:client > Frame(fin=True, opcode=10, data=b'', rsv1=False, rsv2=False, rsv3=False)
DEBUG:websockets.protocol:client - event = data_received(<2 bytes>)
DEBUG:websockets.protocol:client < Frame(fin=True, opcode=9, data=b'', rsv1=False, rsv2=False, rsv3=False)
DEBUG:websockets.protocol:client - received ping, sending pong: [empty]
DEBUG:websockets.protocol:client > Frame(fin=True, opcode=10, data=b'', rsv1=False, rsv2=False, rsv3=False)
DEBUG:websockets.protocol:client > Frame(fin=True, opcode=9, data=b'(g1J', rsv1=False, rsv2=False, rsv3=False)
DEBUG:websockets.protocol:client - event = data_received(<6 bytes>)
DEBUG:websockets.protocol:client < Frame(fin=True, opcode=10, data=b'(g1J', rsv1=False, rsv2=False, rsv3=False)
DEBUG:websockets.protocol:client - received solicited pong: 2867314a
DEBUG:websockets.protocol:client - event = data_received(<2 bytes>)
DEBUG:websockets.protocol:client < Frame(fin=True, opcode=9, data=b'', rsv1=False, rsv2=False, rsv3=False)
DEBUG:websockets.protocol:client - received ping, sending pong: [empty]
DEBUG:websockets.protocol:client > Frame(fin=True, opcode=10, data=b'', rsv1=False, rsv2=False, rsv3=False)
DEBUG:websockets.protocol:client - event = data_received(<2 bytes>)
DEBUG:websockets.protocol:client < Frame(fin=True, opcode=9, data=b'', rsv1=False, rsv2=False, rsv3=False)
DEBUG:websockets.protocol:client - received ping, sending pong: [empty]
DEBUG:websockets.protocol:client > Frame(fin=True, opcode=10, data=b'', rsv1=False, rsv2=False, rsv3=False)
DEBUG:websockets.protocol:client - event = data_received(<2 bytes>)
DEBUG:websockets.protocol:client < Frame(fin=True, opcode=9, data=b'', rsv1=False, rsv2=False, rsv3=False)
DEBUG:websockets.protocol:client - received ping, sending pong: [empty]
DEBUG:websockets.protocol:client > Frame(fin=True, opcode=10, data=b'', rsv1=False, rsv2=False, rsv3=False)
DEBUG:websockets.protocol:client - event = data_received(<2 bytes>)
DEBUG:websockets.protocol:client < Frame(fin=True, opcode=9, data=b'', rsv1=False, rsv2=False, rsv3=False)
DEBUG:websockets.protocol:client - received ping, sending pong: [empty]
DEBUG:websockets.protocol:client > Frame(fin=True, opcode=10, data=b'', rsv1=False, rsv2=False, rsv3=False)
DEBUG:websockets.protocol:client - event = data_received(<2 bytes>)
DEBUG:websockets.protocol:client < Frame(fin=True, opcode=9, data=b'', rsv1=False, rsv2=False, rsv3=False)
DEBUG:websockets.protocol:client - received ping, sending pong: [empty]
DEBUG:websockets.protocol:client > Frame(fin=True, opcode=10, data=b'', rsv1=False, rsv2=False, rsv3=False)
DEBUG:websockets.protocol:client > Frame(fin=True, opcode=9, data=b'C~\x9c\xb5', rsv1=False, rsv2=False, rsv3=False)
DEBUG:websockets.protocol:client - event = data_received(<6 bytes>)
DEBUG:websockets.protocol:client < Frame(fin=True, opcode=10, data=b'C~\x9c\xb5', rsv1=False, rsv2=False, rsv3=False)
DEBUG:websockets.protocol:client - received solicited pong: 437e9cb5
DEBUG:websockets.protocol:client - event = data_received(<2 bytes>)
DEBUG:websockets.protocol:client < Frame(fin=True, opcode=9, data=b'', rsv1=False, rsv2=False, rsv3=False)
DEBUG:websockets.protocol:client - received ping, sending pong: [empty]
DEBUG:websockets.protocol:client > Frame(fin=True, opcode=10, data=b'', rsv1=False, rsv2=False, rsv3=False)
DEBUG:websockets.protocol:client - event = data_received(<2 bytes>)
DEBUG:websockets.protocol:client < Frame(fin=True, opcode=9, data=b'', rsv1=False, rsv2=False, rsv3=False)
DEBUG:websockets.protocol:client - received ping, sending pong: [empty]
DEBUG:websockets.protocol:client > Frame(fin=True, opcode=10, data=b'', rsv1=False, rsv2=False, rsv3=False)
DEBUG:websockets.protocol:client > Frame(fin=True, opcode=9, data=b'Z\xb7!\xe9', rsv1=False, rsv2=False, rsv3=False)
DEBUG:websockets.protocol:client - event = data_received(<6 bytes>)
DEBUG:websockets.protocol:client < Frame(fin=True, opcode=10, data=b'Z\xb7!\xe9', rsv1=False, rsv2=False, rsv3=False)
DEBUG:websockets.protocol:client - received solicited pong: 5ab721e9
DEBUG:websockets.protocol:client - event = data_received(<2 bytes>)
DEBUG:websockets.protocol:client < Frame(fin=True, opcode=9, data=b'', rsv1=False, rsv2=False, rsv3=False)
DEBUG:websockets.protocol:client - received ping, sending pong: [empty]
DEBUG:websockets.protocol:client > Frame(fin=True, opcode=10, data=b'', rsv1=False, rsv2=False, rsv3=False)
DEBUG:websockets.protocol:client - event = data_received(<2 bytes>)
DEBUG:websockets.protocol:client < Frame(fin=True, opcode=9, data=b'', rsv1=False, rsv2=False, rsv3=False)
DEBUG:websockets.protocol:client - received ping, sending pong: [empty]
DEBUG:websockets.protocol:client > Frame(fin=True, opcode=10, data=b'', rsv1=False, rsv2=False, rsv3=False)
DEBUG:websockets.protocol:client - event = data_received(<2 bytes>)
DEBUG:websockets.protocol:client < Frame(fin=True, opcode=9, data=b'', rsv1=False, rsv2=False, rsv3=False)
DEBUG:websockets.protocol:client - received ping, sending pong: [empty]
DEBUG:websockets.protocol:client > Frame(fin=True, opcode=10, data=b'', rsv1=False, rsv2=False, rsv3=False)
DEBUG:websockets.protocol:client - event = data_received(<2 bytes>)
DEBUG:websockets.protocol:client < Frame(fin=True, opcode=9, data=b'', rsv1=False, rsv2=False, rsv3=False)
DEBUG:websockets.protocol:client - received ping, sending pong: [empty]
DEBUG:websockets.protocol:client > Frame(fin=True, opcode=10, data=b'', rsv1=False, rsv2=False, rsv3=False)
DEBUG:websockets.protocol:client - event = data_received(<2 bytes>)
DEBUG:websockets.protocol:client < Frame(fin=True, opcode=9, data=b'', rsv1=False, rsv2=False, rsv3=False)
DEBUG:websockets.protocol:client - received ping, sending pong: [empty]
DEBUG:websockets.protocol:client > Frame(fin=True, opcode=10, data=b'', rsv1=False, rsv2=False, rsv3=False)
DEBUG:websockets.protocol:client > Frame(fin=True, opcode=9, data=b'\x8b\x9d#\xe4', rsv1=False, rsv2=False, rsv3=False)
DEBUG:websockets.protocol:client - event = data_received(<6 bytes>)
DEBUG:websockets.protocol:client < Frame(fin=True, opcode=10, data=b'\x8b\x9d#\xe4', rsv1=False, rsv2=False, rsv3=False)
DEBUG:websockets.protocol:client - received solicited pong: 8b9d23e4
DEBUG:websockets.protocol:client - event = data_received(<2 bytes>)
DEBUG:websockets.protocol:client < Frame(fin=True, opcode=9, data=b'', rsv1=False, rsv2=False, rsv3=False)
DEBUG:websockets.protocol:client - received ping, sending pong: [empty]
DEBUG:websockets.protocol:client > Frame(fin=True, opcode=10, data=b'', rsv1=False, rsv2=False, rsv3=False)
DEBUG:websockets.protocol:client - event = data_received(<2 bytes>)
DEBUG:websockets.protocol:client < Frame(fin=True, opcode=9, data=b'', rsv1=False, rsv2=False, rsv3=False)
DEBUG:websockets.protocol:client - received ping, sending pong: [empty]
DEBUG:websockets.protocol:client > Frame(fin=True, opcode=10, data=b'', rsv1=False, rsv2=False, rsv3=False)
DEBUG:websockets.protocol:client > Frame(fin=True, opcode=9, data=b'\xbd<\xa3\xc1', rsv1=False, rsv2=False, rsv3=False)
DEBUG:websockets.protocol:client - event = data_received(<6 bytes>)
DEBUG:websockets.protocol:client < Frame(fin=True, opcode=10, data=b'\xbd<\xa3\xc1', rsv1=False, rsv2=False, rsv3=False)
DEBUG:websockets.protocol:client - received solicited pong: bd3ca3c1
DEBUG:websockets.protocol:client - event = data_received(<2 bytes>)
DEBUG:websockets.protocol:client < Frame(fin=True, opcode=9, data=b'', rsv1=False, rsv2=False, rsv3=False)
DEBUG:websockets.protocol:client - received ping, sending pong: [empty]
DEBUG:websockets.protocol:client > Frame(fin=True, opcode=10, data=b'', rsv1=False, rsv2=False, rsv3=False)
DEBUG:websockets.protocol:client - event = data_received(<2 bytes>)
DEBUG:websockets.protocol:client < Frame(fin=True, opcode=9, data=b'', rsv1=False, rsv2=False, rsv3=False)
DEBUG:websockets.protocol:client - received ping, sending pong: [empty]
DEBUG:websockets.protocol:client > Frame(fin=True, opcode=10, data=b'', rsv1=False, rsv2=False, rsv3=False)
DEBUG:websockets.protocol:client - event = data_received(<2 bytes>)
DEBUG:websockets.protocol:client < Frame(fin=True, opcode=9, data=b'', rsv1=False, rsv2=False, rsv3=False)
DEBUG:websockets.protocol:client - received ping, sending pong: [empty]
DEBUG:websockets.protocol:client > Frame(fin=True, opcode=10, data=b'', rsv1=False, rsv2=False, rsv3=False)
DEBUG:websockets.protocol:client > Frame(fin=True, opcode=9, data=b'\x95`p\x88', rsv1=False, rsv2=False, rsv3=False)
DEBUG:websockets.protocol:client - event = data_received(<6 bytes>)
DEBUG:websockets.protocol:client < Frame(fin=True, opcode=10, data=b'\x95`p\x88', rsv1=False, rsv2=False, rsv3=False)
DEBUG:websockets.protocol:client - received solicited pong: 95607088
DEBUG:websockets.protocol:client - event = data_received(<2 bytes>)
DEBUG:websockets.protocol:client < Frame(fin=True, opcode=9, data=b'', rsv1=False, rsv2=False, rsv3=False)
DEBUG:websockets.protocol:client - received ping, sending pong: [empty]
DEBUG:websockets.protocol:client > Frame(fin=True, opcode=10, data=b'', rsv1=False, rsv2=False, rsv3=False)
DEBUG:websockets.protocol:client - event = data_received(<2 bytes>)
DEBUG:websockets.protocol:client < Frame(fin=True, opcode=9, data=b'', rsv1=False, rsv2=False, rsv3=False)
DEBUG:websockets.protocol:client - received ping, sending pong: [empty]
DEBUG:websockets.protocol:client > Frame(fin=True, opcode=10, data=b'', rsv1=False, rsv2=False, rsv3=False)
DEBUG:websockets.protocol:client - event = data_received(<2 bytes>)
DEBUG:websockets.protocol:client < Frame(fin=True, opcode=9, data=b'', rsv1=False, rsv2=False, rsv3=False)
DEBUG:websockets.protocol:client - received ping, sending pong: [empty]
DEBUG:websockets.protocol:client > Frame(fin=True, opcode=10, data=b'', rsv1=False, rsv2=False, rsv3=False)
DEBUG:websockets.protocol:client - event = data_received(<2 bytes>)
DEBUG:websockets.protocol:client < Frame(fin=True, opcode=9, data=b'', rsv1=False, rsv2=False, rsv3=False)
DEBUG:websockets.protocol:client - received ping, sending pong: [empty]
DEBUG:websockets.protocol:client > Frame(fin=True, opcode=10, data=b'', rsv1=False, rsv2=False, rsv3=False)
DEBUG:websockets.protocol:client - event = data_received(<2 bytes>)
DEBUG:websockets.protocol:client < Frame(fin=True, opcode=9, data=b'', rsv1=False, rsv2=False, rsv3=False)
DEBUG:websockets.protocol:client - received ping, sending pong: [empty]
DEBUG:websockets.protocol:client > Frame(fin=True, opcode=10, data=b'', rsv1=False, rsv2=False, rsv3=False)
DEBUG:websockets.protocol:client > Frame(fin=True, opcode=9, data=b'CW\x80\x9b', rsv1=False, rsv2=False, rsv3=False)
DEBUG:websockets.protocol:client - event = data_received(<6 bytes>)
DEBUG:websockets.protocol:client < Frame(fin=True, opcode=10, data=b'CW\x80\x9b', rsv1=False, rsv2=False, rsv3=False)
DEBUG:websockets.protocol:client - received solicited pong: 4357809b
DEBUG:websockets.protocol:client - event = data_received(<2 bytes>)
DEBUG:websockets.protocol:client < Frame(fin=True, opcode=9, data=b'', rsv1=False, rsv2=False, rsv3=False)
DEBUG:websockets.protocol:client - received ping, sending pong: [empty]
DEBUG:websockets.protocol:client > Frame(fin=True, opcode=10, data=b'', rsv1=False, rsv2=False, rsv3=False)
DEBUG:websockets.protocol:client > Frame(fin=True, opcode=9, data=b'\xa0\xb6\xe4\x8b', rsv1=False, rsv2=False, rsv3=False)
DEBUG:websockets.protocol:client - event = data_received(<6 bytes>)
DEBUG:websockets.protocol:client < Frame(fin=True, opcode=10, data=b'\xa0\xb6\xe4\x8b', rsv1=False, rsv2=False, rsv3=False)
DEBUG:websockets.protocol:client - received solicited pong: a0b6e48b
DEBUG:websockets.protocol:client - event = data_received(<2 bytes>)
DEBUG:websockets.protocol:client < Frame(fin=True, opcode=9, data=b'', rsv1=False, rsv2=False, rsv3=False)
DEBUG:websockets.protocol:client - received ping, sending pong: [empty]
DEBUG:websockets.protocol:client > Frame(fin=True, opcode=10, data=b'', rsv1=False, rsv2=False, rsv3=False)
DEBUG:websockets.protocol:client - event = data_received(<2 bytes>)
DEBUG:websockets.protocol:client < Frame(fin=True, opcode=9, data=b'', rsv1=False, rsv2=False, rsv3=False)
DEBUG:websockets.protocol:client - received ping, sending pong: [empty]
DEBUG:websockets.protocol:client > Frame(fin=True, opcode=10, data=b'', rsv1=False, rsv2=False, rsv3=False)
DEBUG:websockets.protocol:client - event = data_received(<2 bytes>)
DEBUG:websockets.protocol:client < Frame(fin=True, opcode=9, data=b'', rsv1=False, rsv2=False, rsv3=False)
DEBUG:websockets.protocol:client - received ping, sending pong: [empty]
DEBUG:websockets.protocol:client > Frame(fin=True, opcode=10, data=b'', rsv1=False, rsv2=False, rsv3=False)
DEBUG:websockets.protocol:client - event = data_received(<2 bytes>)
DEBUG:websockets.protocol:client < Frame(fin=True, opcode=9, data=b'', rsv1=False, rsv2=False, rsv3=False)
DEBUG:websockets.protocol:client - received ping, sending pong: [empty]
DEBUG:websockets.protocol:client > Frame(fin=True, opcode=10, data=b'', rsv1=False, rsv2=False, rsv3=False)
DEBUG:websockets.protocol:client - event = data_received(<2 bytes>)
DEBUG:websockets.protocol:client < Frame(fin=True, opcode=9, data=b'', rsv1=False, rsv2=False, rsv3=False)
DEBUG:websockets.protocol:client - received ping, sending pong: [empty]
DEBUG:websockets.protocol:client > Frame(fin=True, opcode=10, data=b'', rsv1=False, rsv2=False, rsv3=False)
DEBUG:websockets.protocol:client - event = data_received(<2 bytes>)
DEBUG:websockets.protocol:client < Frame(fin=True, opcode=9, data=b'', rsv1=False, rsv2=False, rsv3=False)
DEBUG:websockets.protocol:client - received ping, sending pong: [empty]
DEBUG:websockets.protocol:client > Frame(fin=True, opcode=10, data=b'', rsv1=False, rsv2=False, rsv3=False)
DEBUG:websockets.protocol:client - event = data_received(<2 bytes>)
DEBUG:websockets.protocol:client < Frame(fin=True, opcode=9, data=b'', rsv1=False, rsv2=False, rsv3=False)
DEBUG:websockets.protocol:client - received ping, sending pong: [empty]
DEBUG:websockets.protocol:client > Frame(fin=True, opcode=10, data=b'', rsv1=False, rsv2=False, rsv3=False)
DEBUG:websockets.protocol:client - event = data_received(<2 bytes>)
DEBUG:websockets.protocol:client < Frame(fin=True, opcode=9, data=b'', rsv1=False, rsv2=False, rsv3=False)
DEBUG:websockets.protocol:client - received ping, sending pong: [empty]
DEBUG:websockets.protocol:client > Frame(fin=True, opcode=10, data=b'', rsv1=False, rsv2=False, rsv3=False)
DEBUG:websockets.protocol:client > Frame(fin=True, opcode=9, data=b'\xad\xb1\x12\xd8', rsv1=False, rsv2=False, rsv3=False)
DEBUG:websockets.protocol:client - event = data_received(<6 bytes>)
DEBUG:websockets.protocol:client < Frame(fin=True, opcode=10, data=b'\xad\xb1\x12\xd8', rsv1=False, rsv2=False, rsv3=False)
DEBUG:websockets.protocol:client - received solicited pong: adb112d8
DEBUG:websockets.protocol:client - event = data_received(<2 bytes>)
DEBUG:websockets.protocol:client < Frame(fin=True, opcode=9, data=b'', rsv1=False, rsv2=False, rsv3=False)
DEBUG:websockets.protocol:client - received ping, sending pong: [empty]
DEBUG:websockets.protocol:client > Frame(fin=True, opcode=10, data=b'', rsv1=False, rsv2=False, rsv3=False)
DEBUG:websockets.protocol:client > Frame(fin=True, opcode=9, data=b'\xa1g5\xbc', rsv1=False, rsv2=False, rsv3=False)
DEBUG:websockets.protocol:client - event = data_received(<6 bytes>)
DEBUG:websockets.protocol:client < Frame(fin=True, opcode=10, data=b'\xa1g5\xbc', rsv1=False, rsv2=False, rsv3=False)
DEBUG:websockets.protocol:client - received solicited pong: a16735bc
DEBUG:websockets.protocol:client - event = data_received(<2 bytes>)
DEBUG:websockets.protocol:client < Frame(fin=True, opcode=9, data=b'', rsv1=False, rsv2=False, rsv3=False)
DEBUG:websockets.protocol:client - received ping, sending pong: [empty]
DEBUG:websockets.protocol:client > Frame(fin=True, opcode=10, data=b'', rsv1=False, rsv2=False, rsv3=False)
DEBUG:websockets.protocol:client - event = data_received(<2 bytes>)
DEBUG:websockets.protocol:client < Frame(fin=True, opcode=9, data=b'', rsv1=False, rsv2=False, rsv3=False)
DEBUG:websockets.protocol:client - received ping, sending pong: [empty]
DEBUG:websockets.protocol:client > Frame(fin=True, opcode=10, data=b'', rsv1=False, rsv2=False, rsv3=False)
DEBUG:websockets.protocol:client - event = data_received(<2 bytes>)
DEBUG:websockets.protocol:client < Frame(fin=True, opcode=9, data=b'', rsv1=False, rsv2=False, rsv3=False)
DEBUG:websockets.protocol:client - received ping, sending pong: [empty]
DEBUG:websockets.protocol:client > Frame(fin=True, opcode=10, data=b'', rsv1=False, rsv2=False, rsv3=False)
DEBUG:websockets.protocol:client - event = data_received(<2 bytes>)
DEBUG:websockets.protocol:client < Frame(fin=True, opcode=9, data=b'', rsv1=False, rsv2=False, rsv3=False)
DEBUG:websockets.protocol:client - received ping, sending pong: [empty]
DEBUG:websockets.protocol:client > Frame(fin=True, opcode=10, data=b'', rsv1=False, rsv2=False, rsv3=False)
DEBUG:websockets.protocol:client > Frame(fin=True, opcode=9, data=b'Z@\x1c\xbd', rsv1=False, rsv2=False, rsv3=False)
DEBUG:websockets.protocol:client - event = data_received(<6 bytes>)
DEBUG:websockets.protocol:client < Frame(fin=True, opcode=10, data=b'Z@\x1c\xbd', rsv1=False, rsv2=False, rsv3=False)
DEBUG:websockets.protocol:client - received solicited pong: 5a401cbd
DEBUG:websockets.protocol:client - event = data_received(<2 bytes>)
DEBUG:websockets.protocol:client < Frame(fin=True, opcode=9, data=b'', rsv1=False, rsv2=False, rsv3=False)
DEBUG:websockets.protocol:client - received ping, sending pong: [empty]
DEBUG:websockets.protocol:client > Frame(fin=True, opcode=10, data=b'', rsv1=False, rsv2=False, rsv3=False)
DEBUG:websockets.protocol:client - event = data_received(<2 bytes>)
DEBUG:websockets.protocol:client < Frame(fin=True, opcode=9, data=b'', rsv1=False, rsv2=False, rsv3=False)
DEBUG:websockets.protocol:client - received ping, sending pong: [empty]
DEBUG:websockets.protocol:client > Frame(fin=True, opcode=10, data=b'', rsv1=False, rsv2=False, rsv3=False)
DEBUG:websockets.protocol:client - event = data_received(<2 bytes>)
DEBUG:websockets.protocol:client < Frame(fin=True, opcode=9, data=b'', rsv1=False, rsv2=False, rsv3=False)
DEBUG:websockets.protocol:client - received ping, sending pong: [empty]
DEBUG:websockets.protocol:client > Frame(fin=True, opcode=10, data=b'', rsv1=False, rsv2=False, rsv3=False)
DEBUG:websockets.protocol:client - event = data_received(<2 bytes>)
DEBUG:websockets.protocol:client < Frame(fin=True, opcode=9, data=b'', rsv1=False, rsv2=False, rsv3=False)
DEBUG:websockets.protocol:client - received ping, sending pong: [empty]
DEBUG:websockets.protocol:client > Frame(fin=True, opcode=10, data=b'', rsv1=False, rsv2=False, rsv3=False)
DEBUG:websockets.protocol:client > Frame(fin=True, opcode=9, data=b'\xfdB(4', rsv1=False, rsv2=False, rsv3=False)
DEBUG:websockets.protocol:client - event = data_received(<6 bytes>)
DEBUG:websockets.protocol:client < Frame(fin=True, opcode=10, data=b'\xfdB(4', rsv1=False, rsv2=False, rsv3=False)
DEBUG:websockets.protocol:client - received solicited pong: fd422834
DEBUG:websockets.protocol:client - event = data_received(<2 bytes>)
DEBUG:websockets.protocol:client < Frame(fin=True, opcode=9, data=b'', rsv1=False, rsv2=False, rsv3=False)
DEBUG:websockets.protocol:client - received ping, sending pong: [empty]
DEBUG:websockets.protocol:client > Frame(fin=True, opcode=10, data=b'', rsv1=False, rsv2=False, rsv3=False)
DEBUG:websockets.protocol:client > Frame(fin=True, opcode=9, data=b'!\x9c\xa8.', rsv1=False, rsv2=False, rsv3=False)
DEBUG:websockets.protocol:client - event = data_received(<6 bytes>)
DEBUG:websockets.protocol:client < Frame(fin=True, opcode=10, data=b'!\x9c\xa8.', rsv1=False, rsv2=False, rsv3=False)
DEBUG:websockets.protocol:client - received solicited pong: 219ca82e
DEBUG:websockets.protocol:client - event = data_received(<2 bytes>)
DEBUG:websockets.protocol:client < Frame(fin=True, opcode=9, data=b'', rsv1=False, rsv2=False, rsv3=False)
DEBUG:websockets.protocol:client - received ping, sending pong: [empty]
DEBUG:websockets.protocol:client > Frame(fin=True, opcode=10, data=b'', rsv1=False, rsv2=False, rsv3=False)
DEBUG:websockets.protocol:client - event = data_received(<2 bytes>)
DEBUG:websockets.protocol:client < Frame(fin=True, opcode=9, data=b'', rsv1=False, rsv2=False, rsv3=False)
DEBUG:websockets.protocol:client - received ping, sending pong: [empty]
DEBUG:websockets.protocol:client > Frame(fin=True, opcode=10, data=b'', rsv1=False, rsv2=False, rsv3=False)
DEBUG:websockets.protocol:client - event = data_received(<2 bytes>)
DEBUG:websockets.protocol:client < Frame(fin=True, opcode=9, data=b'', rsv1=False, rsv2=False, rsv3=False)
DEBUG:websockets.protocol:client - received ping, sending pong: [empty]
DEBUG:websockets.protocol:client > Frame(fin=True, opcode=10, data=b'', rsv1=False, rsv2=False, rsv3=False)
DEBUG:websockets.protocol:client - event = data_received(<2 bytes>)
DEBUG:websockets.protocol:client < Frame(fin=True, opcode=9, data=b'', rsv1=False, rsv2=False, rsv3=False)
DEBUG:websockets.protocol:client - received ping, sending pong: [empty]
DEBUG:websockets.protocol:client > Frame(fin=True, opcode=10, data=b'', rsv1=False, rsv2=False, rsv3=False)
DEBUG:websockets.protocol:client - event = data_received(<2 bytes>)
DEBUG:websockets.protocol:client < Frame(fin=True, opcode=9, data=b'', rsv1=False, rsv2=False, rsv3=False)
DEBUG:websockets.protocol:client - received ping, sending pong: [empty]
DEBUG:websockets.protocol:client > Frame(fin=True, opcode=10, data=b'', rsv1=False, rsv2=False, rsv3=False)
DEBUG:websockets.protocol:client - event = data_received(<2 bytes>)
DEBUG:websockets.protocol:client < Frame(fin=True, opcode=9, data=b'', rsv1=False, rsv2=False, rsv3=False)
DEBUG:websockets.protocol:client - received ping, sending pong: [empty]
DEBUG:websockets.protocol:client > Frame(fin=True, opcode=10, data=b'', rsv1=False, rsv2=False, rsv3=False)
DEBUG:websockets.protocol:client > Frame(fin=True, opcode=9, data=b'\xb0~\x06\xf1', rsv1=False, rsv2=False, rsv3=False)
DEBUG:websockets.protocol:client - event = data_received(<2 bytes>)
DEBUG:websockets.protocol:client < Frame(fin=True, opcode=9, data=b'', rsv1=False, rsv2=False, rsv3=False)
DEBUG:websockets.protocol:client - received ping, sending pong: [empty]
DEBUG:websockets.protocol:client > Frame(fin=True, opcode=10, data=b'', rsv1=False, rsv2=False, rsv3=False)
DEBUG:websockets.protocol:client - event = data_received(<6 bytes>)
DEBUG:websockets.protocol:client < Frame(fin=True, opcode=10, data=b'\xb0~\x06\xf1', rsv1=False, rsv2=False, rsv3=False)
DEBUG:websockets.protocol:client - received solicited pong: b07e06f1
DEBUG:websockets.protocol:client - event = data_received(<2 bytes>)
DEBUG:websockets.protocol:client < Frame(fin=True, opcode=9, data=b'', rsv1=False, rsv2=False, rsv3=False)
DEBUG:websockets.protocol:client - received ping, sending pong: [empty]
DEBUG:websockets.protocol:client > Frame(fin=True, opcode=10, data=b'', rsv1=False, rsv2=False, rsv3=False)
DEBUG:websockets.protocol:client > Frame(fin=True, opcode=9, data=b'O^\x00]', rsv1=False, rsv2=False, rsv3=False)
DEBUG:websockets.protocol:client - event = data_received(<6 bytes>)
DEBUG:websockets.protocol:client < Frame(fin=True, opcode=10, data=b'O^\x00]', rsv1=False, rsv2=False, rsv3=False)
DEBUG:websockets.protocol:client - received solicited pong: 4f5e005d
DEBUG:websockets.protocol:client - event = data_received(<2 bytes>)
DEBUG:websockets.protocol:client < Frame(fin=True, opcode=9, data=b'', rsv1=False, rsv2=False, rsv3=False)
DEBUG:websockets.protocol:client - received ping, sending pong: [empty]
DEBUG:websockets.protocol:client > Frame(fin=True, opcode=10, data=b'', rsv1=False, rsv2=False, rsv3=False)
DEBUG:websockets.protocol:client - event = data_received(<2 bytes>)
DEBUG:websockets.protocol:client < Frame(fin=True, opcode=9, data=b'', rsv1=False, rsv2=False, rsv3=False)
DEBUG:websockets.protocol:client - received ping, sending pong: [empty]
DEBUG:websockets.protocol:client > Frame(fin=True, opcode=10, data=b'', rsv1=False, rsv2=False, rsv3=False)
DEBUG:websockets.protocol:client - event = data_received(<2 bytes>)
DEBUG:websockets.protocol:client < Frame(fin=True, opcode=9, data=b'', rsv1=False, rsv2=False, rsv3=False)
DEBUG:websockets.protocol:client - received ping, sending pong: [empty]
DEBUG:websockets.protocol:client > Frame(fin=True, opcode=10, data=b'', rsv1=False, rsv2=False, rsv3=False)
DEBUG:websockets.protocol:client - event = data_received(<2 bytes>)
DEBUG:websockets.protocol:client < Frame(fin=True, opcode=9, data=b'', rsv1=False, rsv2=False, rsv3=False)
DEBUG:websockets.protocol:client - received ping, sending pong: [empty]
DEBUG:websockets.protocol:client > Frame(fin=True, opcode=10, data=b'', rsv1=False, rsv2=False, rsv3=False)
DEBUG:websockets.protocol:client > Frame(fin=True, opcode=9, data=b'\xb2\x99\x8c\x80', rsv1=False, rsv2=False, rsv3=False)
DEBUG:websockets.protocol:client - event = data_received(<2 bytes>)
DEBUG:websockets.protocol:client < Frame(fin=True, opcode=9, data=b'', rsv1=False, rsv2=False, rsv3=False)
DEBUG:websockets.protocol:client - received ping, sending pong: [empty]
DEBUG:websockets.protocol:client > Frame(fin=True, opcode=10, data=b'', rsv1=False, rsv2=False, rsv3=False)
DEBUG:websockets.protocol:client - event = data_received(<6 bytes>)
DEBUG:websockets.protocol:client < Frame(fin=True, opcode=10, data=b'\xb2\x99\x8c\x80', rsv1=False, rsv2=False, rsv3=False)
DEBUG:websockets.protocol:client - received solicited pong: b2998c80
DEBUG:websockets.protocol:client - event = data_received(<2 bytes>)
DEBUG:websockets.protocol:client < Frame(fin=True, opcode=9, data=b'', rsv1=False, rsv2=False, rsv3=False)
DEBUG:websockets.protocol:client - received ping, sending pong: [empty]
DEBUG:websockets.protocol:client > Frame(fin=True, opcode=10, data=b'', rsv1=False, rsv2=False, rsv3=False)
DEBUG:websockets.protocol:client - event = data_received(<2 bytes>)
DEBUG:websockets.protocol:client < Frame(fin=True, opcode=9, data=b'', rsv1=False, rsv2=False, rsv3=False)
DEBUG:websockets.protocol:client - received ping, sending pong: [empty]
DEBUG:websockets.protocol:client > Frame(fin=True, opcode=10, data=b'', rsv1=False, rsv2=False, rsv3=False)
DEBUG:websockets.protocol:client - event = data_received(<2 bytes>)
DEBUG:websockets.protocol:client < Frame(fin=True, opcode=9, data=b'', rsv1=False, rsv2=False, rsv3=False)
DEBUG:websockets.protocol:client - received ping, sending pong: [empty]
DEBUG:websockets.protocol:client > Frame(fin=True, opcode=10, data=b'', rsv1=False, rsv2=False, rsv3=False)
DEBUG:websockets.protocol:client > Frame(fin=True, opcode=9, data=b'`\xe1\xde\xef', rsv1=False, rsv2=False, rsv3=False)
DEBUG:websockets.protocol:client - event = data_received(<6 bytes>)
DEBUG:websockets.protocol:client < Frame(fin=True, opcode=10, data=b'`\xe1\xde\xef', rsv1=False, rsv2=False, rsv3=False)
DEBUG:websockets.protocol:client - received solicited pong: 60e1deef
DEBUG:websockets.protocol:client - event = data_received(<2 bytes>)
DEBUG:websockets.protocol:client < Frame(fin=True, opcode=9, data=b'', rsv1=False, rsv2=False, rsv3=False)
DEBUG:websockets.protocol:client - received ping, sending pong: [empty]
DEBUG:websockets.protocol:client > Frame(fin=True, opcode=10, data=b'', rsv1=False, rsv2=False, rsv3=False)
DEBUG:websockets.protocol:client - event = data_received(<2 bytes>)
DEBUG:websockets.protocol:client < Frame(fin=True, opcode=9, data=b'', rsv1=False, rsv2=False, rsv3=False)
DEBUG:websockets.protocol:client - received ping, sending pong: [empty]
DEBUG:websockets.protocol:client > Frame(fin=True, opcode=10, data=b'', rsv1=False, rsv2=False, rsv3=False)
DEBUG:websockets.protocol:client - event = data_received(<2 bytes>)
DEBUG:websockets.protocol:client < Frame(fin=True, opcode=9, data=b'', rsv1=False, rsv2=False, rsv3=False)
DEBUG:websockets.protocol:client - received ping, sending pong: [empty]
DEBUG:websockets.protocol:client > Frame(fin=True, opcode=10, data=b'', rsv1=False, rsv2=False, rsv3=False)
DEBUG:websockets.protocol:client > Frame(fin=True, opcode=9, data=b'\xed\x8f\x94]', rsv1=False, rsv2=False, rsv3=False)
DEBUG:websockets.protocol:client - event = data_received(<6 bytes>)
DEBUG:websockets.protocol:client < Frame(fin=True, opcode=10, data=b'\xed\x8f\x94]', rsv1=False, rsv2=False, rsv3=False)
DEBUG:websockets.protocol:client - received solicited pong: ed8f945d
DEBUG:websockets.protocol:client - event = data_received(<2 bytes>)
DEBUG:websockets.protocol:client < Frame(fin=True, opcode=9, data=b'', rsv1=False, rsv2=False, rsv3=False)
DEBUG:websockets.protocol:client - received ping, sending pong: [empty]
DEBUG:websockets.protocol:client > Frame(fin=True, opcode=10, data=b'', rsv1=False, rsv2=False, rsv3=False)
DEBUG:websockets.protocol:client - event = data_received(<2 bytes>)
DEBUG:websockets.protocol:client < Frame(fin=True, opcode=9, data=b'', rsv1=False, rsv2=False, rsv3=False)
DEBUG:websockets.protocol:client - received ping, sending pong: [empty]
DEBUG:websockets.protocol:client > Frame(fin=True, opcode=10, data=b'', rsv1=False, rsv2=False, rsv3=False)
DEBUG:websockets.protocol:client - event = data_received(<2 bytes>)
DEBUG:websockets.protocol:client < Frame(fin=True, opcode=9, data=b'', rsv1=False, rsv2=False, rsv3=False)
DEBUG:websockets.protocol:client - received ping, sending pong: [empty]
DEBUG:websockets.protocol:client > Frame(fin=True, opcode=10, data=b'', rsv1=False, rsv2=False, rsv3=False)
DEBUG:websockets.protocol:client - event = data_received(<2 bytes>)
DEBUG:websockets.protocol:client < Frame(fin=True, opcode=9, data=b'', rsv1=False, rsv2=False, rsv3=False)
DEBUG:websockets.protocol:client - received ping, sending pong: [empty]
DEBUG:websockets.protocol:client > Frame(fin=True, opcode=10, data=b'', rsv1=False, rsv2=False, rsv3=False)
DEBUG:websockets.protocol:client - event = data_received(<2 bytes>)
DEBUG:websockets.protocol:client < Frame(fin=True, opcode=9, data=b'', rsv1=False, rsv2=False, rsv3=False)
DEBUG:websockets.protocol:client - received ping, sending pong: [empty]
DEBUG:websockets.protocol:client > Frame(fin=True, opcode=10, data=b'', rsv1=False, rsv2=False, rsv3=False)
DEBUG:websockets.protocol:client - event = data_received(<2 bytes>)
DEBUG:websockets.protocol:client < Frame(fin=True, opcode=9, data=b'', rsv1=False, rsv2=False, rsv3=False)
DEBUG:websockets.protocol:client - received ping, sending pong: [empty]
DEBUG:websockets.protocol:client > Frame(fin=True, opcode=10, data=b'', rsv1=False, rsv2=False, rsv3=False)
DEBUG:websockets.protocol:client - event = data_received(<2 bytes>)
DEBUG:websockets.protocol:client < Frame(fin=True, opcode=9, data=b'', rsv1=False, rsv2=False, rsv3=False)
DEBUG:websockets.protocol:client - received ping, sending pong: [empty]
DEBUG:websockets.protocol:client > Frame(fin=True, opcode=10, data=b'', rsv1=False, rsv2=False, rsv3=False)
DEBUG:websockets.protocol:client > Frame(fin=True, opcode=9, data=b'-E\xa5}', rsv1=False, rsv2=False, rsv3=False)
DEBUG:websockets.protocol:client - event = data_received(<6 bytes>)
DEBUG:websockets.protocol:client < Frame(fin=True, opcode=10, data=b'-E\xa5}', rsv1=False, rsv2=False, rsv3=False)
DEBUG:websockets.protocol:client - received solicited pong: 2d45a57d
DEBUG:websockets.protocol:client - event = data_received(<2 bytes>)
DEBUG:websockets.protocol:client < Frame(fin=True, opcode=9, data=b'', rsv1=False, rsv2=False, rsv3=False)
DEBUG:websockets.protocol:client - received ping, sending pong: [empty]
DEBUG:websockets.protocol:client > Frame(fin=True, opcode=10, data=b'', rsv1=False, rsv2=False, rsv3=False)
DEBUG:websockets.protocol:client > Frame(fin=True, opcode=9, data=b'?<\xa0\xaa', rsv1=False, rsv2=False, rsv3=False)
DEBUG:websockets.protocol:client - event = data_received(<6 bytes>)
DEBUG:websockets.protocol:client < Frame(fin=True, opcode=10, data=b'?<\xa0\xaa', rsv1=False, rsv2=False, rsv3=False)
DEBUG:websockets.protocol:client - received solicited pong: 3f3ca0aa
DEBUG:websockets.protocol:client - event = data_received(<2 bytes>)
DEBUG:websockets.protocol:client < Frame(fin=True, opcode=9, data=b'', rsv1=False, rsv2=False, rsv3=False)
DEBUG:websockets.protocol:client - received ping, sending pong: [empty]
DEBUG:websockets.protocol:client > Frame(fin=True, opcode=10, data=b'', rsv1=False, rsv2=False, rsv3=False)
DEBUG:websockets.protocol:client - event = data_received(<2 bytes>)
DEBUG:websockets.protocol:client < Frame(fin=True, opcode=9, data=b'', rsv1=False, rsv2=False, rsv3=False)
DEBUG:websockets.protocol:client - received ping, sending pong: [empty]
DEBUG:websockets.protocol:client > Frame(fin=True, opcode=10, data=b'', rsv1=False, rsv2=False, rsv3=False)
DEBUG:websockets.protocol:client - event = data_received(<2 bytes>)
DEBUG:websockets.protocol:client < Frame(fin=True, opcode=9, data=b'', rsv1=False, rsv2=False, rsv3=False)
DEBUG:websockets.protocol:client - received ping, sending pong: [empty]
DEBUG:websockets.protocol:client > Frame(fin=True, opcode=10, data=b'', rsv1=False, rsv2=False, rsv3=False)
DEBUG:websockets.protocol:client - event = data_received(<2 bytes>)
DEBUG:websockets.protocol:client < Frame(fin=True, opcode=9, data=b'', rsv1=False, rsv2=False, rsv3=False)
DEBUG:websockets.protocol:client - received ping, sending pong: [empty]
DEBUG:websockets.protocol:client > Frame(fin=True, opcode=10, data=b'', rsv1=False, rsv2=False, rsv3=False)
DEBUG:websockets.protocol:client > Frame(fin=True, opcode=9, data=b'NB\xd9\xab', rsv1=False, rsv2=False, rsv3=False)
DEBUG:websockets.protocol:client - event = data_received(<6 bytes>)
DEBUG:websockets.protocol:client < Frame(fin=True, opcode=10, data=b'NB\xd9\xab', rsv1=False, rsv2=False, rsv3=False)
DEBUG:websockets.protocol:client - received solicited pong: 4e42d9ab
DEBUG:websockets.protocol:client - event = data_received(<2 bytes>)
DEBUG:websockets.protocol:client < Frame(fin=True, opcode=9, data=b'', rsv1=False, rsv2=False, rsv3=False)
DEBUG:websockets.protocol:client - received ping, sending pong: [empty]
DEBUG:websockets.protocol:client > Frame(fin=True, opcode=10, data=b'', rsv1=False, rsv2=False, rsv3=False)
DEBUG:websockets.protocol:client - event = data_received(<2 bytes>)
DEBUG:websockets.protocol:client < Frame(fin=True, opcode=9, data=b'', rsv1=False, rsv2=False, rsv3=False)
DEBUG:websockets.protocol:client - received ping, sending pong: [empty]
DEBUG:websockets.protocol:client > Frame(fin=True, opcode=10, data=b'', rsv1=False, rsv2=False, rsv3=False)
DEBUG:websockets.protocol:client - event = data_received(<2 bytes>)
DEBUG:websockets.protocol:client < Frame(fin=True, opcode=9, data=b'', rsv1=False, rsv2=False, rsv3=False)
DEBUG:websockets.protocol:client - received ping, sending pong: [empty]
DEBUG:websockets.protocol:client > Frame(fin=True, opcode=10, data=b'', rsv1=False, rsv2=False, rsv3=False)
DEBUG:websockets.protocol:client - event = data_received(<2 bytes>)
DEBUG:websockets.protocol:client < Frame(fin=True, opcode=9, data=b'', rsv1=False, rsv2=False, rsv3=False)
DEBUG:websockets.protocol:client - received ping, sending pong: [empty]
DEBUG:websockets.protocol:client > Frame(fin=True, opcode=10, data=b'', rsv1=False, rsv2=False, rsv3=False)
DEBUG:websockets.protocol:client - event = data_received(<2 bytes>)
DEBUG:websockets.protocol:client < Frame(fin=True, opcode=9, data=b'', rsv1=False, rsv2=False, rsv3=False)
DEBUG:websockets.protocol:client - received ping, sending pong: [empty]
DEBUG:websockets.protocol:client > Frame(fin=True, opcode=10, data=b'', rsv1=False, rsv2=False, rsv3=False)
DEBUG:websockets.protocol:client > Frame(fin=True, opcode=9, data=b'(1\x15A', rsv1=False, rsv2=False, rsv3=False)
DEBUG:websockets.protocol:client - event = data_received(<6 bytes>)
DEBUG:websockets.protocol:client < Frame(fin=True, opcode=10, data=b'(1\x15A', rsv1=False, rsv2=False, rsv3=False)
DEBUG:websockets.protocol:client - received solicited pong: 28311541
DEBUG:websockets.protocol:client - event = data_received(<2 bytes>)
DEBUG:websockets.protocol:client < Frame(fin=True, opcode=9, data=b'', rsv1=False, rsv2=False, rsv3=False)
DEBUG:websockets.protocol:client - received ping, sending pong: [empty]
DEBUG:websockets.protocol:client > Frame(fin=True, opcode=10, data=b'', rsv1=False, rsv2=False, rsv3=False)
DEBUG:websockets.protocol:client - event = data_received(<2 bytes>)
DEBUG:websockets.protocol:client < Frame(fin=True, opcode=9, data=b'', rsv1=False, rsv2=False, rsv3=False)
DEBUG:websockets.protocol:client - received ping, sending pong: [empty]
DEBUG:websockets.protocol:client > Frame(fin=True, opcode=10, data=b'', rsv1=False, rsv2=False, rsv3=False)
DEBUG:websockets.protocol:client > Frame(fin=True, opcode=9, data=b'\x81^\xc9\xee', rsv1=False, rsv2=False, rsv3=False)
DEBUG:websockets.protocol:client - event = data_received(<6 bytes>)
DEBUG:websockets.protocol:client < Frame(fin=True, opcode=10, data=b'\x81^\xc9\xee', rsv1=False, rsv2=False, rsv3=False)
DEBUG:websockets.protocol:client - received solicited pong: 815ec9ee
DEBUG:websockets.protocol:client - event = data_received(<2 bytes>)
DEBUG:websockets.protocol:client < Frame(fin=True, opcode=9, data=b'', rsv1=False, rsv2=False, rsv3=False)
DEBUG:websockets.protocol:client - received ping, sending pong: [empty]
DEBUG:websockets.protocol:client > Frame(fin=True, opcode=10, data=b'', rsv1=False, rsv2=False, rsv3=False)
DEBUG:websockets.protocol:client - event = data_received(<2 bytes>)
DEBUG:websockets.protocol:client < Frame(fin=True, opcode=9, data=b'', rsv1=False, rsv2=False, rsv3=False)
DEBUG:websockets.protocol:client - received ping, sending pong: [empty]
DEBUG:websockets.protocol:client > Frame(fin=True, opcode=10, data=b'', rsv1=False, rsv2=False, rsv3=False)
DEBUG:websockets.protocol:client - event = data_received(<2 bytes>)
DEBUG:websockets.protocol:client < Frame(fin=True, opcode=9, data=b'', rsv1=False, rsv2=False, rsv3=False)
DEBUG:websockets.protocol:client - received ping, sending pong: [empty]
DEBUG:websockets.protocol:client > Frame(fin=True, opcode=10, data=b'', rsv1=False, rsv2=False, rsv3=False)
DEBUG:websockets.protocol:client - event = data_received(<2 bytes>)
DEBUG:websockets.protocol:client < Frame(fin=True, opcode=9, data=b'', rsv1=False, rsv2=False, rsv3=False)
DEBUG:websockets.protocol:client - received ping, sending pong: [empty]
DEBUG:websockets.protocol:client > Frame(fin=True, opcode=10, data=b'', rsv1=False, rsv2=False, rsv3=False)
DEBUG:websockets.protocol:client - event = data_received(<2 bytes>)
DEBUG:websockets.protocol:client < Frame(fin=True, opcode=9, data=b'', rsv1=False, rsv2=False, rsv3=False)
DEBUG:websockets.protocol:client - received ping, sending pong: [empty]
DEBUG:websockets.protocol:client > Frame(fin=True, opcode=10, data=b'', rsv1=False, rsv2=False, rsv3=False)
DEBUG:websockets.protocol:client - event = data_received(<2 bytes>)
DEBUG:websockets.protocol:client < Frame(fin=True, opcode=9, data=b'', rsv1=False, rsv2=False, rsv3=False)
DEBUG:websockets.protocol:client - received ping, sending pong: [empty]
DEBUG:websockets.protocol:client > Frame(fin=True, opcode=10, data=b'', rsv1=False, rsv2=False, rsv3=False)
DEBUG:websockets.protocol:client > Frame(fin=True, opcode=9, data=b';hE]', rsv1=False, rsv2=False, rsv3=False)
DEBUG:websockets.protocol:client - event = data_received(<6 bytes>)
DEBUG:websockets.protocol:client < Frame(fin=True, opcode=10, data=b';hE]', rsv1=False, rsv2=False, rsv3=False)
DEBUG:websockets.protocol:client - received solicited pong: 3b68455d
DEBUG:websockets.protocol:client > Frame(fin=True, opcode=9, data=b'\xeb\x9c\x8c`', rsv1=False, rsv2=False, rsv3=False)
DEBUG:websockets.protocol:client - event = data_received(<2 bytes>)
DEBUG:websockets.protocol:client < Frame(fin=True, opcode=9, data=b'', rsv1=False, rsv2=False, rsv3=False)
DEBUG:websockets.protocol:client - received ping, sending pong: [empty]
DEBUG:websockets.protocol:client > Frame(fin=True, opcode=10, data=b'', rsv1=False, rsv2=False, rsv3=False)
DEBUG:websockets.protocol:client - event = data_received(<6 bytes>)
DEBUG:websockets.protocol:client < Frame(fin=True, opcode=10, data=b'\xeb\x9c\x8c`', rsv1=False, rsv2=False, rsv3=False)
DEBUG:websockets.protocol:client - received solicited pong: eb9c8c60
DEBUG:websockets.protocol:client - event = data_received(<2 bytes>)
DEBUG:websockets.protocol:client < Frame(fin=True, opcode=9, data=b'', rsv1=False, rsv2=False, rsv3=False)
DEBUG:websockets.protocol:client - received ping, sending pong: [empty]
DEBUG:websockets.protocol:client > Frame(fin=True, opcode=10, data=b'', rsv1=False, rsv2=False, rsv3=False)
DEBUG:websockets.protocol:client - event = data_received(<2 bytes>)
DEBUG:websockets.protocol:client < Frame(fin=True, opcode=9, data=b'', rsv1=False, rsv2=False, rsv3=False)
DEBUG:websockets.protocol:client - received ping, sending pong: [empty]
DEBUG:websockets.protocol:client > Frame(fin=True, opcode=10, data=b'', rsv1=False, rsv2=False, rsv3=False)
DEBUG:websockets.protocol:client - event = data_received(<2 bytes>)
DEBUG:websockets.protocol:client < Frame(fin=True, opcode=9, data=b'', rsv1=False, rsv2=False, rsv3=False)
DEBUG:websockets.protocol:client - received ping, sending pong: [empty]
DEBUG:websockets.protocol:client > Frame(fin=True, opcode=10, data=b'', rsv1=False, rsv2=False, rsv3=False)
DEBUG:websockets.protocol:client - event = data_received(<2 bytes>)
DEBUG:websockets.protocol:client < Frame(fin=True, opcode=9, data=b'', rsv1=False, rsv2=False, rsv3=False)
DEBUG:websockets.protocol:client - received ping, sending pong: [empty]
DEBUG:websockets.protocol:client > Frame(fin=True, opcode=10, data=b'', rsv1=False, rsv2=False, rsv3=False)
DEBUG:websockets.protocol:client - event = data_received(<2 bytes>)
DEBUG:websockets.protocol:client < Frame(fin=True, opcode=9, data=b'', rsv1=False, rsv2=False, rsv3=False)
DEBUG:websockets.protocol:client - received ping, sending pong: [empty]
DEBUG:websockets.protocol:client > Frame(fin=True, opcode=10, data=b'', rsv1=False, rsv2=False, rsv3=False)
DEBUG:websockets.protocol:client > Frame(fin=True, opcode=9, data=b'IM\x94+', rsv1=False, rsv2=False, rsv3=False)
DEBUG:websockets.protocol:client - event = data_received(<6 bytes>)
DEBUG:websockets.protocol:client < Frame(fin=True, opcode=10, data=b'IM\x94+', rsv1=False, rsv2=False, rsv3=False)
DEBUG:websockets.protocol:client - received solicited pong: 494d942b
DEBUG:websockets.protocol:client - event = data_received(<2 bytes>)
DEBUG:websockets.protocol:client < Frame(fin=True, opcode=9, data=b'', rsv1=False, rsv2=False, rsv3=False)
DEBUG:websockets.protocol:client - received ping, sending pong: [empty]
DEBUG:websockets.protocol:client > Frame(fin=True, opcode=10, data=b'', rsv1=False, rsv2=False, rsv3=False)
DEBUG:websockets.protocol:client - event = data_received(<2 bytes>)
DEBUG:websockets.protocol:client < Frame(fin=True, opcode=9, data=b'', rsv1=False, rsv2=False, rsv3=False)
DEBUG:websockets.protocol:client - received ping, sending pong: [empty]
DEBUG:websockets.protocol:client > Frame(fin=True, opcode=10, data=b'', rsv1=False, rsv2=False, rsv3=False)
DEBUG:websockets.protocol:client - event = data_received(<2 bytes>)
DEBUG:websockets.protocol:client < Frame(fin=True, opcode=9, data=b'', rsv1=False, rsv2=False, rsv3=False)
DEBUG:websockets.protocol:client - received ping, sending pong: [empty]
DEBUG:websockets.protocol:client > Frame(fin=True, opcode=10, data=b'', rsv1=False, rsv2=False, rsv3=False)
DEBUG:websockets.protocol:client > Frame(fin=True, opcode=9, data=b'\xce\x1c6\xfe', rsv1=False, rsv2=False, rsv3=False)
DEBUG:websockets.protocol:client - event = data_received(<6 bytes>)
DEBUG:websockets.protocol:client < Frame(fin=True, opcode=10, data=b'\xce\x1c6\xfe', rsv1=False, rsv2=False, rsv3=False)
DEBUG:websockets.protocol:client - received solicited pong: ce1c36fe
DEBUG:websockets.protocol:client - event = data_received(<2 bytes>)
DEBUG:websockets.protocol:client < Frame(fin=True, opcode=9, data=b'', rsv1=False, rsv2=False, rsv3=False)
DEBUG:websockets.protocol:client - received ping, sending pong: [empty]
DEBUG:websockets.protocol:client > Frame(fin=True, opcode=10, data=b'', rsv1=False, rsv2=False, rsv3=False)
DEBUG:websockets.protocol:client - event = data_received(<2 bytes>)
DEBUG:websockets.protocol:client < Frame(fin=True, opcode=9, data=b'', rsv1=False, rsv2=False, rsv3=False)
DEBUG:websockets.protocol:client - received ping, sending pong: [empty]
DEBUG:websockets.protocol:client > Frame(fin=True, opcode=10, data=b'', rsv1=False, rsv2=False, rsv3=False)
DEBUG:websockets.protocol:client > Frame(fin=True, opcode=9, data=b'g\x87\xb0\x94', rsv1=False, rsv2=False, rsv3=False)
DEBUG:websockets.protocol:client - event = data_received(<6 bytes>)
DEBUG:websockets.protocol:client < Frame(fin=True, opcode=10, data=b'g\x87\xb0\x94', rsv1=False, rsv2=False, rsv3=False)
DEBUG:websockets.protocol:client - received solicited pong: 6787b094
DEBUG:websockets.protocol:client - event = data_received(<2 bytes>)
DEBUG:websockets.protocol:client < Frame(fin=True, opcode=9, data=b'', rsv1=False, rsv2=False, rsv3=False)
DEBUG:websockets.protocol:client - received ping, sending pong: [empty]
DEBUG:websockets.protocol:client > Frame(fin=True, opcode=10, data=b'', rsv1=False, rsv2=False, rsv3=False)
DEBUG:websockets.protocol:client - event = data_received(<2 bytes>)
DEBUG:websockets.protocol:client < Frame(fin=True, opcode=9, data=b'', rsv1=False, rsv2=False, rsv3=False)
DEBUG:websockets.protocol:client - received ping, sending pong: [empty]
DEBUG:websockets.protocol:client > Frame(fin=True, opcode=10, data=b'', rsv1=False, rsv2=False, rsv3=False)
DEBUG:websockets.protocol:client - event = data_received(<2 bytes>)
DEBUG:websockets.protocol:client < Frame(fin=True, opcode=9, data=b'', rsv1=False, rsv2=False, rsv3=False)
DEBUG:websockets.protocol:client - received ping, sending pong: [empty]
DEBUG:websockets.protocol:client > Frame(fin=True, opcode=10, data=b'', rsv1=False, rsv2=False, rsv3=False)
DEBUG:websockets.protocol:client - event = data_received(<2 bytes>)
DEBUG:websockets.protocol:client < Frame(fin=True, opcode=9, data=b'', rsv1=False, rsv2=False, rsv3=False)
DEBUG:websockets.protocol:client - received ping, sending pong: [empty]
DEBUG:websockets.protocol:client > Frame(fin=True, opcode=10, data=b'', rsv1=False, rsv2=False, rsv3=False)
DEBUG:websockets.protocol:client - event = data_received(<2 bytes>)
DEBUG:websockets.protocol:client < Frame(fin=True, opcode=9, data=b'', rsv1=False, rsv2=False, rsv3=False)
DEBUG:websockets.protocol:client - received ping, sending pong: [empty]
DEBUG:websockets.protocol:client > Frame(fin=True, opcode=10, data=b'', rsv1=False, rsv2=False, rsv3=False)
DEBUG:websockets.protocol:client > Frame(fin=True, opcode=9, data=b'w4\xfd|', rsv1=False, rsv2=False, rsv3=False)
DEBUG:websockets.protocol:client - event = data_received(<6 bytes>)
DEBUG:websockets.protocol:client < Frame(fin=True, opcode=10, data=b'w4\xfd|', rsv1=False, rsv2=False, rsv3=False)
DEBUG:websockets.protocol:client - received solicited pong: 7734fd7c
DEBUG:websockets.protocol:client > Frame(fin=True, opcode=9, data=b'@\xecH\x12', rsv1=False, rsv2=False, rsv3=False)
DEBUG:websockets.protocol:client - event = data_received(<6 bytes>)
DEBUG:websockets.protocol:client < Frame(fin=True, opcode=10, data=b'@\xecH\x12', rsv1=False, rsv2=False, rsv3=False)
DEBUG:websockets.protocol:client - received solicited pong: 40ec4812
DEBUG:websockets.protocol:client - event = data_received(<2 bytes>)
DEBUG:websockets.protocol:client < Frame(fin=True, opcode=9, data=b'', rsv1=False, rsv2=False, rsv3=False)
DEBUG:websockets.protocol:client - received ping, sending pong: [empty]
DEBUG:websockets.protocol:client > Frame(fin=True, opcode=10, data=b'', rsv1=False, rsv2=False, rsv3=False)
DEBUG:websockets.protocol:client - event = data_received(<2 bytes>)
DEBUG:websockets.protocol:client < Frame(fin=True, opcode=9, data=b'', rsv1=False, rsv2=False, rsv3=False)
DEBUG:websockets.protocol:client - received ping, sending pong: [empty]
DEBUG:websockets.protocol:client > Frame(fin=True, opcode=10, data=b'', rsv1=False, rsv2=False, rsv3=False)
DEBUG:websockets.protocol:client - event = data_received(<2 bytes>)
DEBUG:websockets.protocol:client < Frame(fin=True, opcode=9, data=b'', rsv1=False, rsv2=False, rsv3=False)
DEBUG:websockets.protocol:client - received ping, sending pong: [empty]
DEBUG:websockets.protocol:client > Frame(fin=True, opcode=10, data=b'', rsv1=False, rsv2=False, rsv3=False)
DEBUG:websockets.protocol:client - event = data_received(<2 bytes>)
DEBUG:websockets.protocol:client < Frame(fin=True, opcode=9, data=b'', rsv1=False, rsv2=False, rsv3=False)
DEBUG:websockets.protocol:client - received ping, sending pong: [empty]
DEBUG:websockets.protocol:client > Frame(fin=True, opcode=10, data=b'', rsv1=False, rsv2=False, rsv3=False)
DEBUG:websockets.protocol:client - event = data_received(<2 bytes>)
DEBUG:websockets.protocol:client < Frame(fin=True, opcode=9, data=b'', rsv1=False, rsv2=False, rsv3=False)
DEBUG:websockets.protocol:client - received ping, sending pong: [empty]
DEBUG:websockets.protocol:client > Frame(fin=True, opcode=10, data=b'', rsv1=False, rsv2=False, rsv3=False)
DEBUG:websockets.protocol:client - event = data_received(<2 bytes>)
DEBUG:websockets.protocol:client < Frame(fin=True, opcode=9, data=b'', rsv1=False, rsv2=False, rsv3=False)
DEBUG:websockets.protocol:client - received ping, sending pong: [empty]
DEBUG:websockets.protocol:client > Frame(fin=True, opcode=10, data=b'', rsv1=False, rsv2=False, rsv3=False)
DEBUG:websockets.protocol:client > Frame(fin=True, opcode=9, data=b'\xc7 \xcd\xf8', rsv1=False, rsv2=False, rsv3=False)
DEBUG:websockets.protocol:client - event = data_received(<6 bytes>)
DEBUG:websockets.protocol:client < Frame(fin=True, opcode=10, data=b'\xc7 \xcd\xf8', rsv1=False, rsv2=False, rsv3=False)
DEBUG:websockets.protocol:client - received solicited pong: c720cdf8
DEBUG:websockets.protocol:client - event = data_received(<2 bytes>)
DEBUG:websockets.protocol:client < Frame(fin=True, opcode=9, data=b'', rsv1=False, rsv2=False, rsv3=False)
DEBUG:websockets.protocol:client - received ping, sending pong: [empty]
DEBUG:websockets.protocol:client > Frame(fin=True, opcode=10, data=b'', rsv1=False, rsv2=False, rsv3=False)
DEBUG:websockets.protocol:client - event = data_received(<2 bytes>)
DEBUG:websockets.protocol:client < Frame(fin=True, opcode=9, data=b'', rsv1=False, rsv2=False, rsv3=False)
DEBUG:websockets.protocol:client - received ping, sending pong: [empty]
DEBUG:websockets.protocol:client > Frame(fin=True, opcode=10, data=b'', rsv1=False, rsv2=False, rsv3=False)
DEBUG:websockets.protocol:client - event = data_received(<2 bytes>)
DEBUG:websockets.protocol:client < Frame(fin=True, opcode=9, data=b'', rsv1=False, rsv2=False, rsv3=False)
DEBUG:websockets.protocol:client - received ping, sending pong: [empty]
DEBUG:websockets.protocol:client > Frame(fin=True, opcode=10, data=b'', rsv1=False, rsv2=False, rsv3=False)
DEBUG:websockets.protocol:client > Frame(fin=True, opcode=9, data=b'\xf3\x86zG', rsv1=False, rsv2=False, rsv3=False)
DEBUG:websockets.protocol:client - event = data_received(<6 bytes>)
DEBUG:websockets.protocol:client < Frame(fin=True, opcode=10, data=b'\xf3\x86zG', rsv1=False, rsv2=False, rsv3=False)
DEBUG:websockets.protocol:client - received solicited pong: f3867a47
DEBUG:websockets.protocol:client - event = data_received(<2 bytes>)
DEBUG:websockets.protocol:client < Frame(fin=True, opcode=9, data=b'', rsv1=False, rsv2=False, rsv3=False)
DEBUG:websockets.protocol:client - received ping, sending pong: [empty]
DEBUG:websockets.protocol:client > Frame(fin=True, opcode=10, data=b'', rsv1=False, rsv2=False, rsv3=False)
DEBUG:websockets.protocol:client - event = data_received(<2 bytes>)
DEBUG:websockets.protocol:client < Frame(fin=True, opcode=9, data=b'', rsv1=False, rsv2=False, rsv3=False)
DEBUG:websockets.protocol:client - received ping, sending pong: [empty]
DEBUG:websockets.protocol:client > Frame(fin=True, opcode=10, data=b'', rsv1=False, rsv2=False, rsv3=False)
DEBUG:websockets.protocol:client > Frame(fin=True, opcode=9, data=b'w\xf1r&', rsv1=False, rsv2=False, rsv3=False)
DEBUG:websockets.protocol:client - event = data_received(<6 bytes>)
DEBUG:websockets.protocol:client < Frame(fin=True, opcode=10, data=b'w\xf1r&', rsv1=False, rsv2=False, rsv3=False)
DEBUG:websockets.protocol:client - received solicited pong: 77f17226
DEBUG:websockets.protocol:client - event = data_received(<2 bytes>)
DEBUG:websockets.protocol:client < Frame(fin=True, opcode=9, data=b'', rsv1=False, rsv2=False, rsv3=False)
DEBUG:websockets.protocol:client - received ping, sending pong: [empty]
DEBUG:websockets.protocol:client > Frame(fin=True, opcode=10, data=b'', rsv1=False, rsv2=False, rsv3=False)
DEBUG:websockets.protocol:client - event = data_received(<2 bytes>)
DEBUG:websockets.protocol:client < Frame(fin=True, opcode=9, data=b'', rsv1=False, rsv2=False, rsv3=False)
DEBUG:websockets.protocol:client - received ping, sending pong: [empty]
DEBUG:websockets.protocol:client > Frame(fin=True, opcode=10, data=b'', rsv1=False, rsv2=False, rsv3=False)
DEBUG:websockets.protocol:client - event = data_received(<2 bytes>)
DEBUG:websockets.protocol:client < Frame(fin=True, opcode=9, data=b'', rsv1=False, rsv2=False, rsv3=False)
DEBUG:websockets.protocol:client - received ping, sending pong: [empty]
DEBUG:websockets.protocol:client > Frame(fin=True, opcode=10, data=b'', rsv1=False, rsv2=False, rsv3=False)
DEBUG:websockets.protocol:client - event = data_received(<2 bytes>)
DEBUG:websockets.protocol:client < Frame(fin=True, opcode=9, data=b'', rsv1=False, rsv2=False, rsv3=False)
DEBUG:websockets.protocol:client - received ping, sending pong: [empty]
DEBUG:websockets.protocol:client > Frame(fin=True, opcode=10, data=b'', rsv1=False, rsv2=False, rsv3=False)
DEBUG:websockets.protocol:client - event = data_received(<2 bytes>)
DEBUG:websockets.protocol:client < Frame(fin=True, opcode=9, data=b'', rsv1=False, rsv2=False, rsv3=False)
DEBUG:websockets.protocol:client - received ping, sending pong: [empty]
DEBUG:websockets.protocol:client > Frame(fin=True, opcode=10, data=b'', rsv1=False, rsv2=False, rsv3=False)
DEBUG:websockets.protocol:client - event = data_received(<2 bytes>)
DEBUG:websockets.protocol:client < Frame(fin=True, opcode=9, data=b'', rsv1=False, rsv2=False, rsv3=False)
DEBUG:websockets.protocol:client - received ping, sending pong: [empty]
DEBUG:websockets.protocol:client > Frame(fin=True, opcode=10, data=b'', rsv1=False, rsv2=False, rsv3=False)
DEBUG:websockets.protocol:client > Frame(fin=True, opcode=9, data=b"'\xf7\xdb\xe6", rsv1=False, rsv2=False, rsv3=False)
DEBUG:websockets.protocol:client - event = data_received(<6 bytes>)
DEBUG:websockets.protocol:client < Frame(fin=True, opcode=10, data=b"'\xf7\xdb\xe6", rsv1=False, rsv2=False, rsv3=False)
DEBUG:websockets.protocol:client - received solicited pong: 27f7dbe6
DEBUG:websockets.protocol:client - event = data_received(<2 bytes>)
DEBUG:websockets.protocol:client < Frame(fin=True, opcode=9, data=b'', rsv1=False, rsv2=False, rsv3=False)
DEBUG:websockets.protocol:client - received ping, sending pong: [empty]
DEBUG:websockets.protocol:client > Frame(fin=True, opcode=10, data=b'', rsv1=False, rsv2=False, rsv3=False)
DEBUG:websockets.protocol:client > Frame(fin=True, opcode=9, data=b'y2\xd3\xcd', rsv1=False, rsv2=False, rsv3=False)
DEBUG:websockets.protocol:client - event = data_received(<6 bytes>)
DEBUG:websockets.protocol:client < Frame(fin=True, opcode=10, data=b'y2\xd3\xcd', rsv1=False, rsv2=False, rsv3=False)
DEBUG:websockets.protocol:client - received solicited pong: 7932d3cd
DEBUG:websockets.protocol:client - event = data_received(<2 bytes>)
DEBUG:websockets.protocol:client < Frame(fin=True, opcode=9, data=b'', rsv1=False, rsv2=False, rsv3=False)
DEBUG:websockets.protocol:client - received ping, sending pong: [empty]
DEBUG:websockets.protocol:client > Frame(fin=True, opcode=10, data=b'', rsv1=False, rsv2=False, rsv3=False)
DEBUG:websockets.protocol:client - event = data_received(<2 bytes>)
DEBUG:websockets.protocol:client < Frame(fin=True, opcode=9, data=b'', rsv1=False, rsv2=False, rsv3=False)
DEBUG:websockets.protocol:client - received ping, sending pong: [empty]
DEBUG:websockets.protocol:client > Frame(fin=True, opcode=10, data=b'', rsv1=False, rsv2=False, rsv3=False)
DEBUG:websockets.protocol:client - event = data_received(<2 bytes>)
DEBUG:websockets.protocol:client < Frame(fin=True, opcode=9, data=b'', rsv1=False, rsv2=False, rsv3=False)
DEBUG:websockets.protocol:client - received ping, sending pong: [empty]
DEBUG:websockets.protocol:client > Frame(fin=True, opcode=10, data=b'', rsv1=False, rsv2=False, rsv3=False)
DEBUG:websockets.protocol:client - event = data_received(<2 bytes>)
DEBUG:websockets.protocol:client < Frame(fin=True, opcode=9, data=b'', rsv1=False, rsv2=False, rsv3=False)
DEBUG:websockets.protocol:client - received ping, sending pong: [empty]
DEBUG:websockets.protocol:client > Frame(fin=True, opcode=10, data=b'', rsv1=False, rsv2=False, rsv3=False)
DEBUG:websockets.protocol:client - event = data_received(<2 bytes>)
DEBUG:websockets.protocol:client < Frame(fin=True, opcode=9, data=b'', rsv1=False, rsv2=False, rsv3=False)
DEBUG:websockets.protocol:client - received ping, sending pong: [empty]
DEBUG:websockets.protocol:client > Frame(fin=True, opcode=10, data=b'', rsv1=False, rsv2=False, rsv3=False)
DEBUG:websockets.protocol:client - event = data_received(<2 bytes>)
DEBUG:websockets.protocol:client < Frame(fin=True, opcode=9, data=b'', rsv1=False, rsv2=False, rsv3=False)
DEBUG:websockets.protocol:client - received ping, sending pong: [empty]
DEBUG:websockets.protocol:client > Frame(fin=True, opcode=10, data=b'', rsv1=False, rsv2=False, rsv3=False)
DEBUG:websockets.protocol:client > Frame(fin=True, opcode=9, data=b'\x06\xf6\x08\xf3', rsv1=False, rsv2=False, rsv3=False)
DEBUG:websockets.protocol:client - event = data_received(<6 bytes>)
DEBUG:websockets.protocol:client < Frame(fin=True, opcode=10, data=b'\x06\xf6\x08\xf3', rsv1=False, rsv2=False, rsv3=False)
DEBUG:websockets.protocol:client - received solicited pong: 06f608f3
DEBUG:websockets.protocol:client - event = data_received(<2 bytes>)
DEBUG:websockets.protocol:client < Frame(fin=True, opcode=9, data=b'', rsv1=False, rsv2=False, rsv3=False)
DEBUG:websockets.protocol:client - received ping, sending pong: [empty]
DEBUG:websockets.protocol:client > Frame(fin=True, opcode=10, data=b'', rsv1=False, rsv2=False, rsv3=False)
DEBUG:websockets.protocol:client - event = data_received(<2 bytes>)
DEBUG:websockets.protocol:client < Frame(fin=True, opcode=9, data=b'', rsv1=False, rsv2=False, rsv3=False)
DEBUG:websockets.protocol:client - received ping, sending pong: [empty]
DEBUG:websockets.protocol:client > Frame(fin=True, opcode=10, data=b'', rsv1=False, rsv2=False, rsv3=False)
DEBUG:websockets.protocol:client - event = data_received(<2 bytes>)
DEBUG:websockets.protocol:client < Frame(fin=True, opcode=9, data=b'', rsv1=False, rsv2=False, rsv3=False)
DEBUG:websockets.protocol:client - received ping, sending pong: [empty]
DEBUG:websockets.protocol:client > Frame(fin=True, opcode=10, data=b'', rsv1=False, rsv2=False, rsv3=False)
DEBUG:websockets.protocol:client - event = data_received(<2 bytes>)
DEBUG:websockets.protocol:client < Frame(fin=True, opcode=9, data=b'', rsv1=False, rsv2=False, rsv3=False)
DEBUG:websockets.protocol:client - received ping, sending pong: [empty]
DEBUG:websockets.protocol:client > Frame(fin=True, opcode=10, data=b'', rsv1=False, rsv2=False, rsv3=False)
DEBUG:websockets.protocol:client > Frame(fin=True, opcode=9, data=b'av?8', rsv1=False, rsv2=False, rsv3=False)
DEBUG:websockets.protocol:client - event = data_received(<6 bytes>)
DEBUG:websockets.protocol:client < Frame(fin=True, opcode=10, data=b'av?8', rsv1=False, rsv2=False, rsv3=False)
DEBUG:websockets.protocol:client - received solicited pong: 61763f38
DEBUG:websockets.protocol:client - event = data_received(<2 bytes>)
DEBUG:websockets.protocol:client < Frame(fin=True, opcode=9, data=b'', rsv1=False, rsv2=False, rsv3=False)
DEBUG:websockets.protocol:client - received ping, sending pong: [empty]
DEBUG:websockets.protocol:client > Frame(fin=True, opcode=10, data=b'', rsv1=False, rsv2=False, rsv3=False)
DEBUG:websockets.protocol:client - event = data_received(<2 bytes>)
DEBUG:websockets.protocol:client < Frame(fin=True, opcode=9, data=b'', rsv1=False, rsv2=False, rsv3=False)
DEBUG:websockets.protocol:client - received ping, sending pong: [empty]
DEBUG:websockets.protocol:client > Frame(fin=True, opcode=10, data=b'', rsv1=False, rsv2=False, rsv3=False)
DEBUG:websockets.protocol:client > Frame(fin=True, opcode=9, data=b'DP*\x8d', rsv1=False, rsv2=False, rsv3=False)
DEBUG:websockets.protocol:client - event = data_received(<6 bytes>)
DEBUG:websockets.protocol:client < Frame(fin=True, opcode=10, data=b'DP*\x8d', rsv1=False, rsv2=False, rsv3=False)
DEBUG:websockets.protocol:client - received solicited pong: 44502a8d
DEBUG:websockets.protocol:client - event = data_received(<2 bytes>)
DEBUG:websockets.protocol:client < Frame(fin=True, opcode=9, data=b'', rsv1=False, rsv2=False, rsv3=False)
DEBUG:websockets.protocol:client - received ping, sending pong: [empty]
DEBUG:websockets.protocol:client > Frame(fin=True, opcode=10, data=b'', rsv1=False, rsv2=False, rsv3=False)
DEBUG:websockets.protocol:client - event = data_received(<2 bytes>)
DEBUG:websockets.protocol:client < Frame(fin=True, opcode=9, data=b'', rsv1=False, rsv2=False, rsv3=False)
DEBUG:websockets.protocol:client - received ping, sending pong: [empty]
DEBUG:websockets.protocol:client > Frame(fin=True, opcode=10, data=b'', rsv1=False, rsv2=False, rsv3=False)
DEBUG:websockets.protocol:client - event = data_received(<2 bytes>)
DEBUG:websockets.protocol:client < Frame(fin=True, opcode=9, data=b'', rsv1=False, rsv2=False, rsv3=False)
DEBUG:websockets.protocol:client - received ping, sending pong: [empty]
DEBUG:websockets.protocol:client > Frame(fin=True, opcode=10, data=b'', rsv1=False, rsv2=False, rsv3=False)
DEBUG:websockets.protocol:client - event = data_received(<2 bytes>)
DEBUG:websockets.protocol:client < Frame(fin=True, opcode=9, data=b'', rsv1=False, rsv2=False, rsv3=False)
DEBUG:websockets.protocol:client - received ping, sending pong: [empty]
DEBUG:websockets.protocol:client > Frame(fin=True, opcode=10, data=b'', rsv1=False, rsv2=False, rsv3=False)
DEBUG:websockets.protocol:client - event = data_received(<2 bytes>)
DEBUG:websockets.protocol:client < Frame(fin=True, opcode=9, data=b'', rsv1=False, rsv2=False, rsv3=False)
DEBUG:websockets.protocol:client - received ping, sending pong: [empty]
DEBUG:websockets.protocol:client > Frame(fin=True, opcode=10, data=b'', rsv1=False, rsv2=False, rsv3=False)
DEBUG:websockets.protocol:client - event = data_received(<2 bytes>)
DEBUG:websockets.protocol:client < Frame(fin=True, opcode=9, data=b'', rsv1=False, rsv2=False, rsv3=False)
DEBUG:websockets.protocol:client - received ping, sending pong: [empty]
DEBUG:websockets.protocol:client > Frame(fin=True, opcode=10, data=b'', rsv1=False, rsv2=False, rsv3=False)
DEBUG:websockets.protocol:client - event = data_received(<2 bytes>)
DEBUG:websockets.protocol:client < Frame(fin=True, opcode=9, data=b'', rsv1=False, rsv2=False, rsv3=False)
DEBUG:websockets.protocol:client - received ping, sending pong: [empty]
DEBUG:websockets.protocol:client > Frame(fin=True, opcode=10, data=b'', rsv1=False, rsv2=False, rsv3=False)
DEBUG:websockets.protocol:client > Frame(fin=True, opcode=9, data=b'`h\x04\t', rsv1=False, rsv2=False, rsv3=False)
DEBUG:websockets.protocol:client - event = data_received(<6 bytes>)
DEBUG:websockets.protocol:client < Frame(fin=True, opcode=10, data=b'`h\x04\t', rsv1=False, rsv2=False, rsv3=False)
DEBUG:websockets.protocol:client - received solicited pong: 60680409
DEBUG:websockets.protocol:client > Frame(fin=True, opcode=9, data=b'N@\x9eV', rsv1=False, rsv2=False, rsv3=False)
DEBUG:websockets.protocol:client - event = data_received(<6 bytes>)
DEBUG:websockets.protocol:client < Frame(fin=True, opcode=10, data=b'N@\x9eV', rsv1=False, rsv2=False, rsv3=False)
DEBUG:websockets.protocol:client - received solicited pong: 4e409e56
DEBUG:websockets.protocol:client - event = data_received(<2 bytes>)
DEBUG:websockets.protocol:client < Frame(fin=True, opcode=9, data=b'', rsv1=False, rsv2=False, rsv3=False)
DEBUG:websockets.protocol:client - received ping, sending pong: [empty]
DEBUG:websockets.protocol:client > Frame(fin=True, opcode=10, data=b'', rsv1=False, rsv2=False, rsv3=False)
DEBUG:websockets.protocol:client - event = data_received(<2 bytes>)
DEBUG:websockets.protocol:client < Frame(fin=True, opcode=9, data=b'', rsv1=False, rsv2=False, rsv3=False)
DEBUG:websockets.protocol:client - received ping, sending pong: [empty]
DEBUG:websockets.protocol:client > Frame(fin=True, opcode=10, data=b'', rsv1=False, rsv2=False, rsv3=False)
DEBUG:websockets.protocol:client - event = data_received(<2 bytes>)
DEBUG:websockets.protocol:client < Frame(fin=True, opcode=9, data=b'', rsv1=False, rsv2=False, rsv3=False)
DEBUG:websockets.protocol:client - received ping, sending pong: [empty]
DEBUG:websockets.protocol:client > Frame(fin=True, opcode=10, data=b'', rsv1=False, rsv2=False, rsv3=False)
DEBUG:websockets.protocol:client - event = data_received(<2 bytes>)
DEBUG:websockets.protocol:client < Frame(fin=True, opcode=9, data=b'', rsv1=False, rsv2=False, rsv3=False)
DEBUG:websockets.protocol:client - received ping, sending pong: [empty]
DEBUG:websockets.protocol:client > Frame(fin=True, opcode=10, data=b'', rsv1=False, rsv2=False, rsv3=False)
DEBUG:websockets.protocol:client - event = data_received(<2 bytes>)
DEBUG:websockets.protocol:client < Frame(fin=True, opcode=9, data=b'', rsv1=False, rsv2=False, rsv3=False)
DEBUG:websockets.protocol:client - received ping, sending pong: [empty]
DEBUG:websockets.protocol:client > Frame(fin=True, opcode=10, data=b'', rsv1=False, rsv2=False, rsv3=False)
DEBUG:websockets.protocol:client - event = data_received(<2 bytes>)
DEBUG:websockets.protocol:client < Frame(fin=True, opcode=9, data=b'', rsv1=False, rsv2=False, rsv3=False)
DEBUG:websockets.protocol:client - received ping, sending pong: [empty]
DEBUG:websockets.protocol:client > Frame(fin=True, opcode=10, data=b'', rsv1=False, rsv2=False, rsv3=False)
DEBUG:websockets.protocol:client - event = data_received(<2 bytes>)
DEBUG:websockets.protocol:client < Frame(fin=True, opcode=9, data=b'', rsv1=False, rsv2=False, rsv3=False)
DEBUG:websockets.protocol:client - received ping, sending pong: [empty]
DEBUG:websockets.protocol:client > Frame(fin=True, opcode=10, data=b'', rsv1=False, rsv2=False, rsv3=False)
DEBUG:websockets.protocol:client > Frame(fin=True, opcode=9, data=b'\xe9\xb0\xa9\xbb', rsv1=False, rsv2=False, rsv3=False)
DEBUG:websockets.protocol:client - event = data_received(<6 bytes>)
DEBUG:websockets.protocol:client < Frame(fin=True, opcode=10, data=b'\xe9\xb0\xa9\xbb', rsv1=False, rsv2=False, rsv3=False)
DEBUG:websockets.protocol:client - received solicited pong: e9b0a9bb
DEBUG:websockets.protocol:client - event = data_received(<2 bytes>)
DEBUG:websockets.protocol:client < Frame(fin=True, opcode=9, data=b'', rsv1=False, rsv2=False, rsv3=False)
DEBUG:websockets.protocol:client - received ping, sending pong: [empty]
DEBUG:websockets.protocol:client > Frame(fin=True, opcode=10, data=b'', rsv1=False, rsv2=False, rsv3=False)
DEBUG:websockets.protocol:client - event = data_received(<2 bytes>)
DEBUG:websockets.protocol:client < Frame(fin=True, opcode=9, data=b'', rsv1=False, rsv2=False, rsv3=False)
DEBUG:websockets.protocol:client - received ping, sending pong: [empty]
DEBUG:websockets.protocol:client > Frame(fin=True, opcode=10, data=b'', rsv1=False, rsv2=False, rsv3=False)
DEBUG:websockets.protocol:client - event = data_received(<2 bytes>)
DEBUG:websockets.protocol:client < Frame(fin=True, opcode=9, data=b'', rsv1=False, rsv2=False, rsv3=False)
DEBUG:websockets.protocol:client - received ping, sending pong: [empty]
DEBUG:websockets.protocol:client > Frame(fin=True, opcode=10, data=b'', rsv1=False, rsv2=False, rsv3=False)
DEBUG:websockets.protocol:client > Frame(fin=True, opcode=9, data=b'\xd3\xa9\xba\xfc', rsv1=False, rsv2=False, rsv3=False)
DEBUG:websockets.protocol:client - event = data_received(<6 bytes>)
DEBUG:websockets.protocol:client < Frame(fin=True, opcode=10, data=b'\xd3\xa9\xba\xfc', rsv1=False, rsv2=False, rsv3=False)
DEBUG:websockets.protocol:client - received solicited pong: d3a9bafc
DEBUG:websockets.protocol:client - event = data_received(<2 bytes>)
DEBUG:websockets.protocol:client < Frame(fin=True, opcode=9, data=b'', rsv1=False, rsv2=False, rsv3=False)
DEBUG:websockets.protocol:client - received ping, sending pong: [empty]
DEBUG:websockets.protocol:client > Frame(fin=True, opcode=10, data=b'', rsv1=False, rsv2=False, rsv3=False)
DEBUG:websockets.protocol:client - event = data_received(<2 bytes>)
DEBUG:websockets.protocol:client < Frame(fin=True, opcode=9, data=b'', rsv1=False, rsv2=False, rsv3=False)
DEBUG:websockets.protocol:client - received ping, sending pong: [empty]
DEBUG:websockets.protocol:client > Frame(fin=True, opcode=10, data=b'', rsv1=False, rsv2=False, rsv3=False)
DEBUG:websockets.protocol:client > Frame(fin=True, opcode=9, data=b'\x9eI\xb0\xcf', rsv1=False, rsv2=False, rsv3=False)
DEBUG:websockets.protocol:client - event = data_received(<6 bytes>)
DEBUG:websockets.protocol:client < Frame(fin=True, opcode=10, data=b'\x9eI\xb0\xcf', rsv1=False, rsv2=False, rsv3=False)
DEBUG:websockets.protocol:client - received solicited pong: 9e49b0cf
DEBUG:websockets.protocol:client - event = data_received(<2 bytes>)
DEBUG:websockets.protocol:client < Frame(fin=True, opcode=9, data=b'', rsv1=False, rsv2=False, rsv3=False)
DEBUG:websockets.protocol:client - received ping, sending pong: [empty]
DEBUG:websockets.protocol:client > Frame(fin=True, opcode=10, data=b'', rsv1=False, rsv2=False, rsv3=False)
DEBUG:websockets.protocol:client - event = data_received(<2 bytes>)
DEBUG:websockets.protocol:client < Frame(fin=True, opcode=9, data=b'', rsv1=False, rsv2=False, rsv3=False)
DEBUG:websockets.protocol:client - received ping, sending pong: [empty]
DEBUG:websockets.protocol:client > Frame(fin=True, opcode=10, data=b'', rsv1=False, rsv2=False, rsv3=False)
DEBUG:websockets.protocol:client - event = data_received(<2 bytes>)
DEBUG:websockets.protocol:client < Frame(fin=True, opcode=9, data=b'', rsv1=False, rsv2=False, rsv3=False)
DEBUG:websockets.protocol:client - received ping, sending pong: [empty]
DEBUG:websockets.protocol:client > Frame(fin=True, opcode=10, data=b'', rsv1=False, rsv2=False, rsv3=False)
DEBUG:websockets.protocol:client - event = data_received(<2 bytes>)
DEBUG:websockets.protocol:client < Frame(fin=True, opcode=9, data=b'', rsv1=False, rsv2=False, rsv3=False)
DEBUG:websockets.protocol:client - received ping, sending pong: [empty]
DEBUG:websockets.protocol:client > Frame(fin=True, opcode=10, data=b'', rsv1=False, rsv2=False, rsv3=False)
DEBUG:websockets.protocol:client - event = data_received(<2 bytes>)
DEBUG:websockets.protocol:client < Frame(fin=True, opcode=9, data=b'', rsv1=False, rsv2=False, rsv3=False)
DEBUG:websockets.protocol:client - received ping, sending pong: [empty]
DEBUG:websockets.protocol:client > Frame(fin=True, opcode=10, data=b'', rsv1=False, rsv2=False, rsv3=False)
DEBUG:websockets.protocol:client - event = data_received(<2 bytes>)
DEBUG:websockets.protocol:client < Frame(fin=True, opcode=9, data=b'', rsv1=False, rsv2=False, rsv3=False)
DEBUG:websockets.protocol:client - received ping, sending pong: [empty]
DEBUG:websockets.protocol:client > Frame(fin=True, opcode=10, data=b'', rsv1=False, rsv2=False, rsv3=False)
DEBUG:websockets.protocol:client > Frame(fin=True, opcode=9, data=b'\xb0\xd2\x975', rsv1=False, rsv2=False, rsv3=False)
DEBUG:websockets.protocol:client - event = data_received(<6 bytes>)
DEBUG:websockets.protocol:client < Frame(fin=True, opcode=10, data=b'\xb0\xd2\x975', rsv1=False, rsv2=False, rsv3=False)
DEBUG:websockets.protocol:client - received solicited pong: b0d29735
DEBUG:websockets.protocol:client > Frame(fin=True, opcode=9, data=b'\x1ewB\x0e', rsv1=False, rsv2=False, rsv3=False)
DEBUG:websockets.protocol:client - event = data_received(<6 bytes>)
DEBUG:websockets.protocol:client < Frame(fin=True, opcode=10, data=b'\x1ewB\x0e', rsv1=False, rsv2=False, rsv3=False)
DEBUG:websockets.protocol:client - received solicited pong: 1e77420e
DEBUG:websockets.protocol:client - event = data_received(<2 bytes>)
DEBUG:websockets.protocol:client < Frame(fin=True, opcode=9, data=b'', rsv1=False, rsv2=False, rsv3=False)
DEBUG:websockets.protocol:client - received ping, sending pong: [empty]
DEBUG:websockets.protocol:client > Frame(fin=True, opcode=10, data=b'', rsv1=False, rsv2=False, rsv3=False)
DEBUG:websockets.protocol:client - event = data_received(<2 bytes>)
DEBUG:websockets.protocol:client < Frame(fin=True, opcode=9, data=b'', rsv1=False, rsv2=False, rsv3=False)
DEBUG:websockets.protocol:client - received ping, sending pong: [empty]
DEBUG:websockets.protocol:client > Frame(fin=True, opcode=10, data=b'', rsv1=False, rsv2=False, rsv3=False)
DEBUG:websockets.protocol:client - event = data_received(<2 bytes>)
DEBUG:websockets.protocol:client < Frame(fin=True, opcode=9, data=b'', rsv1=False, rsv2=False, rsv3=False)
DEBUG:websockets.protocol:client - received ping, sending pong: [empty]
DEBUG:websockets.protocol:client > Frame(fin=True, opcode=10, data=b'', rsv1=False, rsv2=False, rsv3=False)
DEBUG:websockets.protocol:client - event = data_received(<2 bytes>)
DEBUG:websockets.protocol:client < Frame(fin=True, opcode=9, data=b'', rsv1=False, rsv2=False, rsv3=False)
DEBUG:websockets.protocol:client - received ping, sending pong: [empty]
DEBUG:websockets.protocol:client > Frame(fin=True, opcode=10, data=b'', rsv1=False, rsv2=False, rsv3=False)
DEBUG:websockets.protocol:client - event = data_received(<2 bytes>)
DEBUG:websockets.protocol:client < Frame(fin=True, opcode=9, data=b'', rsv1=False, rsv2=False, rsv3=False)
DEBUG:websockets.protocol:client - received ping, sending pong: [empty]
DEBUG:websockets.protocol:client > Frame(fin=True, opcode=10, data=b'', rsv1=False, rsv2=False, rsv3=False)
DEBUG:websockets.protocol:client - event = data_received(<2 bytes>)
DEBUG:websockets.protocol:client < Frame(fin=True, opcode=9, data=b'', rsv1=False, rsv2=False, rsv3=False)
DEBUG:websockets.protocol:client - received ping, sending pong: [empty]
DEBUG:websockets.protocol:client > Frame(fin=True, opcode=10, data=b'', rsv1=False, rsv2=False, rsv3=False)
DEBUG:websockets.protocol:client - event = data_received(<2 bytes>)
DEBUG:websockets.protocol:client < Frame(fin=True, opcode=9, data=b'', rsv1=False, rsv2=False, rsv3=False)
DEBUG:websockets.protocol:client - received ping, sending pong: [empty]
DEBUG:websockets.protocol:client > Frame(fin=True, opcode=10, data=b'', rsv1=False, rsv2=False, rsv3=False)
DEBUG:websockets.protocol:client > Frame(fin=True, opcode=9, data=b'32\x0b\x82', rsv1=False, rsv2=False, rsv3=False)
DEBUG:websockets.protocol:client - event = data_received(<6 bytes>)
DEBUG:websockets.protocol:client < Frame(fin=True, opcode=10, data=b'32\x0b\x82', rsv1=False, rsv2=False, rsv3=False)
DEBUG:websockets.protocol:client - received solicited pong: 33320b82
DEBUG:websockets.protocol:client - event = data_received(<2 bytes>)
DEBUG:websockets.protocol:client < Frame(fin=True, opcode=9, data=b'', rsv1=False, rsv2=False, rsv3=False)
DEBUG:websockets.protocol:client - received ping, sending pong: [empty]
DEBUG:websockets.protocol:client > Frame(fin=True, opcode=10, data=b'', rsv1=False, rsv2=False, rsv3=False)
DEBUG:websockets.protocol:client - event = data_received(<2 bytes>)
DEBUG:websockets.protocol:client < Frame(fin=True, opcode=9, data=b'', rsv1=False, rsv2=False, rsv3=False)
DEBUG:websockets.protocol:client - received ping, sending pong: [empty]
DEBUG:websockets.protocol:client > Frame(fin=True, opcode=10, data=b'', rsv1=False, rsv2=False, rsv3=False)
DEBUG:websockets.protocol:client - event = data_received(<2 bytes>)
DEBUG:websockets.protocol:client < Frame(fin=True, opcode=9, data=b'', rsv1=False, rsv2=False, rsv3=False)
DEBUG:websockets.protocol:client - received ping, sending pong: [empty]
DEBUG:websockets.protocol:client > Frame(fin=True, opcode=10, data=b'', rsv1=False, rsv2=False, rsv3=False)
DEBUG:websockets.protocol:client > Frame(fin=True, opcode=9, data=b'\xffXH\xb4', rsv1=False, rsv2=False, rsv3=False)
DEBUG:websockets.protocol:client - event = data_received(<6 bytes>)
DEBUG:websockets.protocol:client < Frame(fin=True, opcode=10, data=b'\xffXH\xb4', rsv1=False, rsv2=False, rsv3=False)
DEBUG:websockets.protocol:client - received solicited pong: ff5848b4
DEBUG:websockets.protocol:client - event = data_received(<2 bytes>)
DEBUG:websockets.protocol:client < Frame(fin=True, opcode=9, data=b'', rsv1=False, rsv2=False, rsv3=False)
DEBUG:websockets.protocol:client - received ping, sending pong: [empty]
DEBUG:websockets.protocol:client > Frame(fin=True, opcode=10, data=b'', rsv1=False, rsv2=False, rsv3=False)
DEBUG:websockets.protocol:client - event = data_received(<2 bytes>)
DEBUG:websockets.protocol:client < Frame(fin=True, opcode=9, data=b'', rsv1=False, rsv2=False, rsv3=False)
DEBUG:websockets.protocol:client - received ping, sending pong: [empty]
DEBUG:websockets.protocol:client > Frame(fin=True, opcode=10, data=b'', rsv1=False, rsv2=False, rsv3=False)
DEBUG:websockets.protocol:client > Frame(fin=True, opcode=9, data=b'\xbbYe\xc4', rsv1=False, rsv2=False, rsv3=False)
DEBUG:websockets.protocol:client - event = data_received(<6 bytes>)
DEBUG:websockets.protocol:client < Frame(fin=True, opcode=10, data=b'\xbbYe\xc4', rsv1=False, rsv2=False, rsv3=False)
DEBUG:websockets.protocol:client - received solicited pong: bb5965c4
DEBUG:websockets.protocol:client - event = data_received(<2 bytes>)
DEBUG:websockets.protocol:client < Frame(fin=True, opcode=9, data=b'', rsv1=False, rsv2=False, rsv3=False)
DEBUG:websockets.protocol:client - received ping, sending pong: [empty]
DEBUG:websockets.protocol:client > Frame(fin=True, opcode=10, data=b'', rsv1=False, rsv2=False, rsv3=False)
DEBUG:websockets.protocol:client - event = data_received(<2 bytes>)
DEBUG:websockets.protocol:client < Frame(fin=True, opcode=9, data=b'', rsv1=False, rsv2=False, rsv3=False)
DEBUG:websockets.protocol:client - received ping, sending pong: [empty]
DEBUG:websockets.protocol:client > Frame(fin=True, opcode=10, data=b'', rsv1=False, rsv2=False, rsv3=False)
DEBUG:websockets.protocol:client - event = data_received(<2 bytes>)
DEBUG:websockets.protocol:client < Frame(fin=True, opcode=9, data=b'', rsv1=False, rsv2=False, rsv3=False)
DEBUG:websockets.protocol:client - received ping, sending pong: [empty]
DEBUG:websockets.protocol:client > Frame(fin=True, opcode=10, data=b'', rsv1=False, rsv2=False, rsv3=False)
DEBUG:websockets.protocol:client - event = data_received(<2 bytes>)
DEBUG:websockets.protocol:client < Frame(fin=True, opcode=9, data=b'', rsv1=False, rsv2=False, rsv3=False)
DEBUG:websockets.protocol:client - received ping, sending pong: [empty]
DEBUG:websockets.protocol:client > Frame(fin=True, opcode=10, data=b'', rsv1=False, rsv2=False, rsv3=False)
DEBUG:websockets.protocol:client - event = data_received(<2 bytes>)
DEBUG:websockets.protocol:client < Frame(fin=True, opcode=9, data=b'', rsv1=False, rsv2=False, rsv3=False)
DEBUG:websockets.protocol:client - received ping, sending pong: [empty]
DEBUG:websockets.protocol:client > Frame(fin=True, opcode=10, data=b'', rsv1=False, rsv2=False, rsv3=False)
DEBUG:websockets.protocol:client - event = data_received(<2 bytes>)
DEBUG:websockets.protocol:client < Frame(fin=True, opcode=9, data=b'', rsv1=False, rsv2=False, rsv3=False)
DEBUG:websockets.protocol:client - received ping, sending pong: [empty]
DEBUG:websockets.protocol:client > Frame(fin=True, opcode=10, data=b'', rsv1=False, rsv2=False, rsv3=False)
DEBUG:websockets.protocol:client > Frame(fin=True, opcode=9, data=b'P\xde:\x16', rsv1=False, rsv2=False, rsv3=False)
DEBUG:websockets.protocol:client - event = data_received(<6 bytes>)
DEBUG:websockets.protocol:client < Frame(fin=True, opcode=10, data=b'P\xde:\x16', rsv1=False, rsv2=False, rsv3=False)
DEBUG:websockets.protocol:client - received solicited pong: 50de3a16
DEBUG:websockets.protocol:client > Frame(fin=True, opcode=9, data=b'\xecM\x1b\x95', rsv1=False, rsv2=False, rsv3=False)
DEBUG:websockets.protocol:client - event = data_received(<6 bytes>)
DEBUG:websockets.protocol:client < Frame(fin=True, opcode=10, data=b'\xecM\x1b\x95', rsv1=False, rsv2=False, rsv3=False)
DEBUG:websockets.protocol:client - received solicited pong: ec4d1b95
DEBUG:websockets.protocol:client - event = data_received(<2 bytes>)
DEBUG:websockets.protocol:client < Frame(fin=True, opcode=9, data=b'', rsv1=False, rsv2=False, rsv3=False)
DEBUG:websockets.protocol:client - received ping, sending pong: [empty]
DEBUG:websockets.protocol:client > Frame(fin=True, opcode=10, data=b'', rsv1=False, rsv2=False, rsv3=False)
DEBUG:websockets.protocol:client - event = data_received(<2 bytes>)
DEBUG:websockets.protocol:client < Frame(fin=True, opcode=9, data=b'', rsv1=False, rsv2=False, rsv3=False)
DEBUG:websockets.protocol:client - received ping, sending pong: [empty]
DEBUG:websockets.protocol:client > Frame(fin=True, opcode=10, data=b'', rsv1=False, rsv2=False, rsv3=False)
DEBUG:websockets.protocol:client - event = data_received(<2 bytes>)
DEBUG:websockets.protocol:client < Frame(fin=True, opcode=9, data=b'', rsv1=False, rsv2=False, rsv3=False)
DEBUG:websockets.protocol:client - received ping, sending pong: [empty]
DEBUG:websockets.protocol:client > Frame(fin=True, opcode=10, data=b'', rsv1=False, rsv2=False, rsv3=False)
DEBUG:websockets.protocol:client - event = data_received(<2 bytes>)
DEBUG:websockets.protocol:client < Frame(fin=True, opcode=9, data=b'', rsv1=False, rsv2=False, rsv3=False)
DEBUG:websockets.protocol:client - received ping, sending pong: [empty]
DEBUG:websockets.protocol:client > Frame(fin=True, opcode=10, data=b'', rsv1=False, rsv2=False, rsv3=False)
DEBUG:websockets.protocol:client - event = data_received(<2 bytes>)
DEBUG:websockets.protocol:client < Frame(fin=True, opcode=9, data=b'', rsv1=False, rsv2=False, rsv3=False)
DEBUG:websockets.protocol:client - received ping, sending pong: [empty]
DEBUG:websockets.protocol:client > Frame(fin=True, opcode=10, data=b'', rsv1=False, rsv2=False, rsv3=False)
DEBUG:websockets.protocol:client > Frame(fin=True, opcode=9, data=b'N\x1a\x88\xcb', rsv1=False, rsv2=False, rsv3=False)
DEBUG:websockets.protocol:client - event = data_received(<6 bytes>)
DEBUG:websockets.protocol:client < Frame(fin=True, opcode=10, data=b'N\x1a\x88\xcb', rsv1=False, rsv2=False, rsv3=False)
DEBUG:websockets.protocol:client - received solicited pong: 4e1a88cb
DEBUG:websockets.protocol:client - event = data_received(<2 bytes>)
DEBUG:websockets.protocol:client < Frame(fin=True, opcode=9, data=b'', rsv1=False, rsv2=False, rsv3=False)
DEBUG:websockets.protocol:client - received ping, sending pong: [empty]
DEBUG:websockets.protocol:client > Frame(fin=True, opcode=10, data=b'', rsv1=False, rsv2=False, rsv3=False)
DEBUG:websockets.protocol:client - event = data_received(<2 bytes>)
DEBUG:websockets.protocol:client < Frame(fin=True, opcode=9, data=b'', rsv1=False, rsv2=False, rsv3=False)
DEBUG:websockets.protocol:client - received ping, sending pong: [empty]
DEBUG:websockets.protocol:client > Frame(fin=True, opcode=10, data=b'', rsv1=False, rsv2=False, rsv3=False)
DEBUG:websockets.protocol:client - event = data_received(<2 bytes>)
DEBUG:websockets.protocol:client < Frame(fin=True, opcode=9, data=b'', rsv1=False, rsv2=False, rsv3=False)
DEBUG:websockets.protocol:client - received ping, sending pong: [empty]
DEBUG:websockets.protocol:client > Frame(fin=True, opcode=10, data=b'', rsv1=False, rsv2=False, rsv3=False)
DEBUG:websockets.protocol:client > Frame(fin=True, opcode=9, data=b'8\xbb\xff\xac', rsv1=False, rsv2=False, rsv3=False)
DEBUG:websockets.protocol:client - event = data_received(<6 bytes>)
DEBUG:websockets.protocol:client < Frame(fin=True, opcode=10, data=b'8\xbb\xff\xac', rsv1=False, rsv2=False, rsv3=False)
DEBUG:websockets.protocol:client - received solicited pong: 38bbffac
DEBUG:websockets.protocol:client - event = data_received(<2 bytes>)
DEBUG:websockets.protocol:client < Frame(fin=True, opcode=9, data=b'', rsv1=False, rsv2=False, rsv3=False)
DEBUG:websockets.protocol:client - received ping, sending pong: [empty]
DEBUG:websockets.protocol:client > Frame(fin=True, opcode=10, data=b'', rsv1=False, rsv2=False, rsv3=False)
DEBUG:websockets.protocol:client - event = data_received(<2 bytes>)
DEBUG:websockets.protocol:client < Frame(fin=True, opcode=9, data=b'', rsv1=False, rsv2=False, rsv3=False)
DEBUG:websockets.protocol:client - received ping, sending pong: [empty]
DEBUG:websockets.protocol:client > Frame(fin=True, opcode=10, data=b'', rsv1=False, rsv2=False, rsv3=False)
DEBUG:websockets.protocol:client - event = data_received(<2 bytes>)
DEBUG:websockets.protocol:client < Frame(fin=True, opcode=9, data=b'', rsv1=False, rsv2=False, rsv3=False)
DEBUG:websockets.protocol:client - received ping, sending pong: [empty]
DEBUG:websockets.protocol:client > Frame(fin=True, opcode=10, data=b'', rsv1=False, rsv2=False, rsv3=False)
DEBUG:websockets.protocol:client > Frame(fin=True, opcode=9, data=b'j\xa9\x94\x0e', rsv1=False, rsv2=False, rsv3=False)
DEBUG:websockets.protocol:client - event = data_received(<6 bytes>)
DEBUG:websockets.protocol:client < Frame(fin=True, opcode=10, data=b'j\xa9\x94\x0e', rsv1=False, rsv2=False, rsv3=False)
DEBUG:websockets.protocol:client - received solicited pong: 6aa9940e
DEBUG:websockets.protocol:client - event = data_received(<2 bytes>)
DEBUG:websockets.protocol:client < Frame(fin=True, opcode=9, data=b'', rsv1=False, rsv2=False, rsv3=False)
DEBUG:websockets.protocol:client - received ping, sending pong: [empty]
DEBUG:websockets.protocol:client > Frame(fin=True, opcode=10, data=b'', rsv1=False, rsv2=False, rsv3=False)
DEBUG:websockets.protocol:client - event = data_received(<2 bytes>)
DEBUG:websockets.protocol:client < Frame(fin=True, opcode=9, data=b'', rsv1=False, rsv2=False, rsv3=False)
DEBUG:websockets.protocol:client - received ping, sending pong: [empty]
DEBUG:websockets.protocol:client > Frame(fin=True, opcode=10, data=b'', rsv1=False, rsv2=False, rsv3=False)
DEBUG:websockets.protocol:client - event = data_received(<2 bytes>)
DEBUG:websockets.protocol:client < Frame(fin=True, opcode=9, data=b'', rsv1=False, rsv2=False, rsv3=False)
DEBUG:websockets.protocol:client - received ping, sending pong: [empty]
DEBUG:websockets.protocol:client > Frame(fin=True, opcode=10, data=b'', rsv1=False, rsv2=False, rsv3=False)
DEBUG:websockets.protocol:client - event = data_received(<2 bytes>)
DEBUG:websockets.protocol:client < Frame(fin=True, opcode=9, data=b'', rsv1=False, rsv2=False, rsv3=False)
DEBUG:websockets.protocol:client - received ping, sending pong: [empty]
DEBUG:websockets.protocol:client > Frame(fin=True, opcode=10, data=b'', rsv1=False, rsv2=False, rsv3=False)
DEBUG:websockets.protocol:client - event = data_received(<2 bytes>)
DEBUG:websockets.protocol:client < Frame(fin=True, opcode=9, data=b'', rsv1=False, rsv2=False, rsv3=False)
DEBUG:websockets.protocol:client - received ping, sending pong: [empty]
DEBUG:websockets.protocol:client > Frame(fin=True, opcode=10, data=b'', rsv1=False, rsv2=False, rsv3=False)
DEBUG:websockets.protocol:client - event = data_received(<2 bytes>)
DEBUG:websockets.protocol:client < Frame(fin=True, opcode=9, data=b'', rsv1=False, rsv2=False, rsv3=False)
DEBUG:websockets.protocol:client - received ping, sending pong: [empty]
DEBUG:websockets.protocol:client > Frame(fin=True, opcode=10, data=b'', rsv1=False, rsv2=False, rsv3=False)
DEBUG:websockets.protocol:client > Frame(fin=True, opcode=9, data=b'n\xe9\x97v', rsv1=False, rsv2=False, rsv3=False)
DEBUG:websockets.protocol:client - event = data_received(<6 bytes>)
DEBUG:websockets.protocol:client < Frame(fin=True, opcode=10, data=b'n\xe9\x97v', rsv1=False, rsv2=False, rsv3=False)
DEBUG:websockets.protocol:client - received solicited pong: 6ee99776
DEBUG:websockets.protocol:client - event = data_received(<2 bytes>)
DEBUG:websockets.protocol:client < Frame(fin=True, opcode=9, data=b'', rsv1=False, rsv2=False, rsv3=False)
DEBUG:websockets.protocol:client - received ping, sending pong: [empty]
DEBUG:websockets.protocol:client > Frame(fin=True, opcode=10, data=b'', rsv1=False, rsv2=False, rsv3=False)
DEBUG:websockets.protocol:client > Frame(fin=True, opcode=9, data=b'\xf1\x937\xcf', rsv1=False, rsv2=False, rsv3=False)
DEBUG:websockets.protocol:client - event = data_received(<6 bytes>)
DEBUG:websockets.protocol:client < Frame(fin=True, opcode=10, data=b'\xf1\x937\xcf', rsv1=False, rsv2=False, rsv3=False)
DEBUG:websockets.protocol:client - received solicited pong: f19337cf
DEBUG:websockets.protocol:client - event = data_received(<2 bytes>)
DEBUG:websockets.protocol:client < Frame(fin=True, opcode=9, data=b'', rsv1=False, rsv2=False, rsv3=False)
DEBUG:websockets.protocol:client - received ping, sending pong: [empty]
DEBUG:websockets.protocol:client > Frame(fin=True, opcode=10, data=b'', rsv1=False, rsv2=False, rsv3=False)
DEBUG:websockets.protocol:client - event = data_received(<2 bytes>)
DEBUG:websockets.protocol:client < Frame(fin=True, opcode=9, data=b'', rsv1=False, rsv2=False, rsv3=False)
DEBUG:websockets.protocol:client - received ping, sending pong: [empty]
DEBUG:websockets.protocol:client > Frame(fin=True, opcode=10, data=b'', rsv1=False, rsv2=False, rsv3=False)
DEBUG:websockets.protocol:client - event = data_received(<2 bytes>)
DEBUG:websockets.protocol:client < Frame(fin=True, opcode=9, data=b'', rsv1=False, rsv2=False, rsv3=False)
DEBUG:websockets.protocol:client - received ping, sending pong: [empty]
DEBUG:websockets.protocol:client > Frame(fin=True, opcode=10, data=b'', rsv1=False, rsv2=False, rsv3=False)
DEBUG:websockets.protocol:client - event = data_received(<2 bytes>)
DEBUG:websockets.protocol:client < Frame(fin=True, opcode=9, data=b'', rsv1=False, rsv2=False, rsv3=False)
DEBUG:websockets.protocol:client - received ping, sending pong: [empty]
DEBUG:websockets.protocol:client > Frame(fin=True, opcode=10, data=b'', rsv1=False, rsv2=False, rsv3=False)
DEBUG:websockets.protocol:client - event = data_received(<2 bytes>)
DEBUG:websockets.protocol:client < Frame(fin=True, opcode=9, data=b'', rsv1=False, rsv2=False, rsv3=False)
DEBUG:websockets.protocol:client - received ping, sending pong: [empty]
DEBUG:websockets.protocol:client > Frame(fin=True, opcode=10, data=b'', rsv1=False, rsv2=False, rsv3=False)
DEBUG:websockets.protocol:client - event = data_received(<2 bytes>)
DEBUG:websockets.protocol:client < Frame(fin=True, opcode=9, data=b'', rsv1=False, rsv2=False, rsv3=False)
DEBUG:websockets.protocol:client - received ping, sending pong: [empty]
DEBUG:websockets.protocol:client > Frame(fin=True, opcode=10, data=b'', rsv1=False, rsv2=False, rsv3=False)
DEBUG:websockets.protocol:client > Frame(fin=True, opcode=9, data=b'\xd7\x12\xa0h', rsv1=False, rsv2=False, rsv3=False)
DEBUG:websockets.protocol:client - event = data_received(<6 bytes>)
DEBUG:websockets.protocol:client < Frame(fin=True, opcode=10, data=b'\xd7\x12\xa0h', rsv1=False, rsv2=False, rsv3=False)
DEBUG:websockets.protocol:client - received solicited pong: d712a068
DEBUG:websockets.protocol:client - event = data_received(<2 bytes>)
DEBUG:websockets.protocol:client < Frame(fin=True, opcode=9, data=b'', rsv1=False, rsv2=False, rsv3=False)
DEBUG:websockets.protocol:client - received ping, sending pong: [empty]
DEBUG:websockets.protocol:client > Frame(fin=True, opcode=10, data=b'', rsv1=False, rsv2=False, rsv3=False)
DEBUG:websockets.protocol:client - event = data_received(<2 bytes>)
DEBUG:websockets.protocol:client < Frame(fin=True, opcode=9, data=b'', rsv1=False, rsv2=False, rsv3=False)
DEBUG:websockets.protocol:client - received ping, sending pong: [empty]
DEBUG:websockets.protocol:client > Frame(fin=True, opcode=10, data=b'', rsv1=False, rsv2=False, rsv3=False)
DEBUG:websockets.protocol:client > Frame(fin=True, opcode=9, data=b'N\x03|\xd2', rsv1=False, rsv2=False, rsv3=False)
DEBUG:websockets.protocol:client - event = data_received(<6 bytes>)
DEBUG:websockets.protocol:client < Frame(fin=True, opcode=10, data=b'N\x03|\xd2', rsv1=False, rsv2=False, rsv3=False)
DEBUG:websockets.protocol:client - received solicited pong: 4e037cd2
DEBUG:websockets.protocol:client - event = data_received(<2 bytes>)
DEBUG:websockets.protocol:client < Frame(fin=True, opcode=9, data=b'', rsv1=False, rsv2=False, rsv3=False)
DEBUG:websockets.protocol:client - received ping, sending pong: [empty]
DEBUG:websockets.protocol:client > Frame(fin=True, opcode=10, data=b'', rsv1=False, rsv2=False, rsv3=False)
DEBUG:websockets.protocol:client - event = data_received(<2 bytes>)
DEBUG:websockets.protocol:client < Frame(fin=True, opcode=9, data=b'', rsv1=False, rsv2=False, rsv3=False)
DEBUG:websockets.protocol:client - received ping, sending pong: [empty]
DEBUG:websockets.protocol:client > Frame(fin=True, opcode=10, data=b'', rsv1=False, rsv2=False, rsv3=False)
DEBUG:websockets.protocol:client - event = data_received(<2 bytes>)
DEBUG:websockets.protocol:client < Frame(fin=True, opcode=9, data=b'', rsv1=False, rsv2=False, rsv3=False)
DEBUG:websockets.protocol:client - received ping, sending pong: [empty]
DEBUG:websockets.protocol:client > Frame(fin=True, opcode=10, data=b'', rsv1=False, rsv2=False, rsv3=False)
DEBUG:websockets.protocol:client > Frame(fin=True, opcode=9, data=b'\x00\xa6#R', rsv1=False, rsv2=False, rsv3=False)
DEBUG:websockets.protocol:client - event = data_received(<6 bytes>)
DEBUG:websockets.protocol:client < Frame(fin=True, opcode=10, data=b'\x00\xa6#R', rsv1=False, rsv2=False, rsv3=False)
DEBUG:websockets.protocol:client - received solicited pong: 00a62352
DEBUG:websockets.protocol:client - event = data_received(<2 bytes>)
DEBUG:websockets.protocol:client < Frame(fin=True, opcode=9, data=b'', rsv1=False, rsv2=False, rsv3=False)
DEBUG:websockets.protocol:client - received ping, sending pong: [empty]
DEBUG:websockets.protocol:client > Frame(fin=True, opcode=10, data=b'', rsv1=False, rsv2=False, rsv3=False)
DEBUG:websockets.protocol:client - event = data_received(<2 bytes>)
DEBUG:websockets.protocol:client < Frame(fin=True, opcode=9, data=b'', rsv1=False, rsv2=False, rsv3=False)
DEBUG:websockets.protocol:client - received ping, sending pong: [empty]
DEBUG:websockets.protocol:client > Frame(fin=True, opcode=10, data=b'', rsv1=False, rsv2=False, rsv3=False)
DEBUG:websockets.protocol:client - event = data_received(<2 bytes>)
DEBUG:websockets.protocol:client < Frame(fin=True, opcode=9, data=b'', rsv1=False, rsv2=False, rsv3=False)
DEBUG:websockets.protocol:client - received ping, sending pong: [empty]
DEBUG:websockets.protocol:client > Frame(fin=True, opcode=10, data=b'', rsv1=False, rsv2=False, rsv3=False)
DEBUG:websockets.protocol:client - event = data_received(<2 bytes>)
DEBUG:websockets.protocol:client < Frame(fin=True, opcode=9, data=b'', rsv1=False, rsv2=False, rsv3=False)
DEBUG:websockets.protocol:client - received ping, sending pong: [empty]
DEBUG:websockets.protocol:client > Frame(fin=True, opcode=10, data=b'', rsv1=False, rsv2=False, rsv3=False)
DEBUG:websockets.protocol:client - event = data_received(<2 bytes>)
DEBUG:websockets.protocol:client < Frame(fin=True, opcode=9, data=b'', rsv1=False, rsv2=False, rsv3=False)
DEBUG:websockets.protocol:client - received ping, sending pong: [empty]
DEBUG:websockets.protocol:client > Frame(fin=True, opcode=10, data=b'', rsv1=False, rsv2=False, rsv3=False)
DEBUG:websockets.protocol:client - event = data_received(<2 bytes>)
DEBUG:websockets.protocol:client < Frame(fin=True, opcode=9, data=b'', rsv1=False, rsv2=False, rsv3=False)
DEBUG:websockets.protocol:client - received ping, sending pong: [empty]
DEBUG:websockets.protocol:client > Frame(fin=True, opcode=10, data=b'', rsv1=False, rsv2=False, rsv3=False)
DEBUG:websockets.protocol:client > Frame(fin=True, opcode=9, data=b'\x9c\xf0\x7f~', rsv1=False, rsv2=False, rsv3=False)
DEBUG:websockets.protocol:client - event = data_received(<6 bytes>)
DEBUG:websockets.protocol:client < Frame(fin=True, opcode=10, data=b'\x9c\xf0\x7f~', rsv1=False, rsv2=False, rsv3=False)
DEBUG:websockets.protocol:client - received solicited pong: 9cf07f7e
DEBUG:websockets.protocol:client > Frame(fin=True, opcode=9, data=b'\x94-\xf7(', rsv1=False, rsv2=False, rsv3=False)
DEBUG:websockets.protocol:client - event = data_received(<6 bytes>)
DEBUG:websockets.protocol:client < Frame(fin=True, opcode=10, data=b'\x94-\xf7(', rsv1=False, rsv2=False, rsv3=False)
DEBUG:websockets.protocol:client - received solicited pong: 942df728
DEBUG:websockets.protocol:client - event = data_received(<2 bytes>)
DEBUG:websockets.protocol:client < Frame(fin=True, opcode=9, data=b'', rsv1=False, rsv2=False, rsv3=False)
DEBUG:websockets.protocol:client - received ping, sending pong: [empty]
DEBUG:websockets.protocol:client > Frame(fin=True, opcode=10, data=b'', rsv1=False, rsv2=False, rsv3=False)
DEBUG:websockets.protocol:client - event = data_received(<2 bytes>)
DEBUG:websockets.protocol:client < Frame(fin=True, opcode=9, data=b'', rsv1=False, rsv2=False, rsv3=False)
DEBUG:websockets.protocol:client - received ping, sending pong: [empty]
DEBUG:websockets.protocol:client > Frame(fin=True, opcode=10, data=b'', rsv1=False, rsv2=False, rsv3=False)
DEBUG:websockets.protocol:client - event = data_received(<2 bytes>)
DEBUG:websockets.protocol:client < Frame(fin=True, opcode=9, data=b'', rsv1=False, rsv2=False, rsv3=False)
DEBUG:websockets.protocol:client - received ping, sending pong: [empty]
DEBUG:websockets.protocol:client > Frame(fin=True, opcode=10, data=b'', rsv1=False, rsv2=False, rsv3=False)
DEBUG:websockets.protocol:client - event = data_received(<2 bytes>)
DEBUG:websockets.protocol:client < Frame(fin=True, opcode=9, data=b'', rsv1=False, rsv2=False, rsv3=False)
DEBUG:websockets.protocol:client - received ping, sending pong: [empty]
DEBUG:websockets.protocol:client > Frame(fin=True, opcode=10, data=b'', rsv1=False, rsv2=False, rsv3=False)
DEBUG:websockets.protocol:client - event = data_received(<2 bytes>)
DEBUG:websockets.protocol:client < Frame(fin=True, opcode=9, data=b'', rsv1=False, rsv2=False, rsv3=False)
DEBUG:websockets.protocol:client - received ping, sending pong: [empty]
DEBUG:websockets.protocol:client > Frame(fin=True, opcode=10, data=b'', rsv1=False, rsv2=False, rsv3=False)
DEBUG:websockets.protocol:client - event = data_received(<2 bytes>)
DEBUG:websockets.protocol:client < Frame(fin=True, opcode=9, data=b'', rsv1=False, rsv2=False, rsv3=False)
DEBUG:websockets.protocol:client - received ping, sending pong: [empty]
DEBUG:websockets.protocol:client > Frame(fin=True, opcode=10, data=b'', rsv1=False, rsv2=False, rsv3=False)
DEBUG:websockets.protocol:client > Frame(fin=True, opcode=9, data=b'\xf8\x14r\x80', rsv1=False, rsv2=False, rsv3=False)
DEBUG:websockets.protocol:client - event = data_received(<2 bytes>)
DEBUG:websockets.protocol:client < Frame(fin=True, opcode=9, data=b'', rsv1=False, rsv2=False, rsv3=False)
DEBUG:websockets.protocol:client - received ping, sending pong: [empty]
DEBUG:websockets.protocol:client > Frame(fin=True, opcode=10, data=b'', rsv1=False, rsv2=False, rsv3=False)
DEBUG:websockets.protocol:client - event = data_received(<6 bytes>)
DEBUG:websockets.protocol:client < Frame(fin=True, opcode=10, data=b'\xf8\x14r\x80', rsv1=False, rsv2=False, rsv3=False)
DEBUG:websockets.protocol:client - received solicited pong: f8147280
DEBUG:websockets.protocol:client - event = data_received(<2 bytes>)
DEBUG:websockets.protocol:client < Frame(fin=True, opcode=9, data=b'', rsv1=False, rsv2=False, rsv3=False)
DEBUG:websockets.protocol:client - received ping, sending pong: [empty]
DEBUG:websockets.protocol:client > Frame(fin=True, opcode=10, data=b'', rsv1=False, rsv2=False, rsv3=False)
DEBUG:websockets.protocol:client - event = data_received(<2 bytes>)
DEBUG:websockets.protocol:client < Frame(fin=True, opcode=9, data=b'', rsv1=False, rsv2=False, rsv3=False)
DEBUG:websockets.protocol:client - received ping, sending pong: [empty]
DEBUG:websockets.protocol:client > Frame(fin=True, opcode=10, data=b'', rsv1=False, rsv2=False, rsv3=False)
DEBUG:websockets.protocol:client - event = data_received(<2 bytes>)
DEBUG:websockets.protocol:client < Frame(fin=True, opcode=9, data=b'', rsv1=False, rsv2=False, rsv3=False)
DEBUG:websockets.protocol:client - received ping, sending pong: [empty]
DEBUG:websockets.protocol:client > Frame(fin=True, opcode=10, data=b'', rsv1=False, rsv2=False, rsv3=False)
DEBUG:websockets.protocol:client > Frame(fin=True, opcode=9, data=b';\xe9P\x90', rsv1=False, rsv2=False, rsv3=False)
DEBUG:websockets.protocol:client - event = data_received(<6 bytes>)
DEBUG:websockets.protocol:client < Frame(fin=True, opcode=10, data=b';\xe9P\x90', rsv1=False, rsv2=False, rsv3=False)
DEBUG:websockets.protocol:client - received solicited pong: 3be95090
DEBUG:websockets.protocol:client - event = data_received(<2 bytes>)
DEBUG:websockets.protocol:client < Frame(fin=True, opcode=9, data=b'', rsv1=False, rsv2=False, rsv3=False)
DEBUG:websockets.protocol:client - received ping, sending pong: [empty]
DEBUG:websockets.protocol:client > Frame(fin=True, opcode=10, data=b'', rsv1=False, rsv2=False, rsv3=False)
DEBUG:websockets.protocol:client - event = data_received(<2 bytes>)
DEBUG:websockets.protocol:client < Frame(fin=True, opcode=9, data=b'', rsv1=False, rsv2=False, rsv3=False)
DEBUG:websockets.protocol:client - received ping, sending pong: [empty]
DEBUG:websockets.protocol:client > Frame(fin=True, opcode=10, data=b'', rsv1=False, rsv2=False, rsv3=False)
DEBUG:websockets.protocol:client - event = data_received(<2 bytes>)
DEBUG:websockets.protocol:client < Frame(fin=True, opcode=9, data=b'', rsv1=False, rsv2=False, rsv3=False)
DEBUG:websockets.protocol:client - received ping, sending pong: [empty]
DEBUG:websockets.protocol:client > Frame(fin=True, opcode=10, data=b'', rsv1=False, rsv2=False, rsv3=False)
DEBUG:websockets.protocol:client > Frame(fin=True, opcode=9, data=b'AZ\xad\x11', rsv1=False, rsv2=False, rsv3=False)
DEBUG:websockets.protocol:client - event = data_received(<6 bytes>)
DEBUG:websockets.protocol:client < Frame(fin=True, opcode=10, data=b'AZ\xad\x11', rsv1=False, rsv2=False, rsv3=False)
DEBUG:websockets.protocol:client - received solicited pong: 415aad11
DEBUG:websockets.protocol:client - event = data_received(<2 bytes>)
DEBUG:websockets.protocol:client < Frame(fin=True, opcode=9, data=b'', rsv1=False, rsv2=False, rsv3=False)
DEBUG:websockets.protocol:client - received ping, sending pong: [empty]
DEBUG:websockets.protocol:client > Frame(fin=True, opcode=10, data=b'', rsv1=False, rsv2=False, rsv3=False)
DEBUG:websockets.protocol:client - event = data_received(<2 bytes>)
DEBUG:websockets.protocol:client < Frame(fin=True, opcode=9, data=b'', rsv1=False, rsv2=False, rsv3=False)
DEBUG:websockets.protocol:client - received ping, sending pong: [empty]
DEBUG:websockets.protocol:client > Frame(fin=True, opcode=10, data=b'', rsv1=False, rsv2=False, rsv3=False)
DEBUG:websockets.protocol:client - event = data_received(<2 bytes>)
DEBUG:websockets.protocol:client < Frame(fin=True, opcode=9, data=b'', rsv1=False, rsv2=False, rsv3=False)
DEBUG:websockets.protocol:client - received ping, sending pong: [empty]
DEBUG:websockets.protocol:client > Frame(fin=True, opcode=10, data=b'', rsv1=False, rsv2=False, rsv3=False)
DEBUG:websockets.protocol:client - event = data_received(<2 bytes>)
DEBUG:websockets.protocol:client < Frame(fin=True, opcode=9, data=b'', rsv1=False, rsv2=False, rsv3=False)
DEBUG:websockets.protocol:client - received ping, sending pong: [empty]
DEBUG:websockets.protocol:client > Frame(fin=True, opcode=10, data=b'', rsv1=False, rsv2=False, rsv3=False)
DEBUG:websockets.protocol:client - event = data_received(<2 bytes>)
DEBUG:websockets.protocol:client < Frame(fin=True, opcode=9, data=b'', rsv1=False, rsv2=False, rsv3=False)
DEBUG:websockets.protocol:client - received ping, sending pong: [empty]
DEBUG:websockets.protocol:client > Frame(fin=True, opcode=10, data=b'', rsv1=False, rsv2=False, rsv3=False)
DEBUG:websockets.protocol:client > Frame(fin=True, opcode=9, data=b'\x12\x97\x1eT', rsv1=False, rsv2=False, rsv3=False)
DEBUG:websockets.protocol:client - event = data_received(<6 bytes>)
DEBUG:websockets.protocol:client < Frame(fin=True, opcode=10, data=b'\x12\x97\x1eT', rsv1=False, rsv2=False, rsv3=False)
DEBUG:websockets.protocol:client - received solicited pong: 12971e54
DEBUG:websockets.protocol:client > Frame(fin=True, opcode=9, data=b')w\xfbZ', rsv1=False, rsv2=False, rsv3=False)
DEBUG:websockets.protocol:client - event = data_received(<6 bytes>)
DEBUG:websockets.protocol:client < Frame(fin=True, opcode=10, data=b')w\xfbZ', rsv1=False, rsv2=False, rsv3=False)
DEBUG:websockets.protocol:client - received solicited pong: 2977fb5a
DEBUG:websockets.protocol:client - event = data_received(<2 bytes>)
DEBUG:websockets.protocol:client < Frame(fin=True, opcode=9, data=b'', rsv1=False, rsv2=False, rsv3=False)
DEBUG:websockets.protocol:client - received ping, sending pong: [empty]
DEBUG:websockets.protocol:client > Frame(fin=True, opcode=10, data=b'', rsv1=False, rsv2=False, rsv3=False)
DEBUG:websockets.protocol:client - event = data_received(<2 bytes>)
DEBUG:websockets.protocol:client < Frame(fin=True, opcode=9, data=b'', rsv1=False, rsv2=False, rsv3=False)
DEBUG:websockets.protocol:client - received ping, sending pong: [empty]
DEBUG:websockets.protocol:client > Frame(fin=True, opcode=10, data=b'', rsv1=False, rsv2=False, rsv3=False)
DEBUG:websockets.protocol:client - event = data_received(<2 bytes>)
DEBUG:websockets.protocol:client < Frame(fin=True, opcode=9, data=b'', rsv1=False, rsv2=False, rsv3=False)
DEBUG:websockets.protocol:client - received ping, sending pong: [empty]
DEBUG:websockets.protocol:client > Frame(fin=True, opcode=10, data=b'', rsv1=False, rsv2=False, rsv3=False)
DEBUG:websockets.protocol:client - event = data_received(<2 bytes>)
DEBUG:websockets.protocol:client < Frame(fin=True, opcode=9, data=b'', rsv1=False, rsv2=False, rsv3=False)
DEBUG:websockets.protocol:client - received ping, sending pong: [empty]
DEBUG:websockets.protocol:client > Frame(fin=True, opcode=10, data=b'', rsv1=False, rsv2=False, rsv3=False)
DEBUG:websockets.protocol:client - event = data_received(<2 bytes>)
DEBUG:websockets.protocol:client < Frame(fin=True, opcode=9, data=b'', rsv1=False, rsv2=False, rsv3=False)
DEBUG:websockets.protocol:client - received ping, sending pong: [empty]
DEBUG:websockets.protocol:client > Frame(fin=True, opcode=10, data=b'', rsv1=False, rsv2=False, rsv3=False)
DEBUG:websockets.protocol:client > Frame(fin=True, opcode=9, data=b'\xae\x9e\x96\x17', rsv1=False, rsv2=False, rsv3=False)
DEBUG:websockets.protocol:client - event = data_received(<2 bytes>)
DEBUG:websockets.protocol:client < Frame(fin=True, opcode=9, data=b'', rsv1=False, rsv2=False, rsv3=False)
DEBUG:websockets.protocol:client - received ping, sending pong: [empty]
DEBUG:websockets.protocol:client > Frame(fin=True, opcode=10, data=b'', rsv1=False, rsv2=False, rsv3=False)
DEBUG:websockets.protocol:client - event = data_received(<6 bytes>)
DEBUG:websockets.protocol:client < Frame(fin=True, opcode=10, data=b'\xae\x9e\x96\x17', rsv1=False, rsv2=False, rsv3=False)
DEBUG:websockets.protocol:client - received solicited pong: ae9e9617
DEBUG:websockets.protocol:client - event = data_received(<2 bytes>)
DEBUG:websockets.protocol:client < Frame(fin=True, opcode=9, data=b'', rsv1=False, rsv2=False, rsv3=False)
DEBUG:websockets.protocol:client - received ping, sending pong: [empty]
DEBUG:websockets.protocol:client > Frame(fin=True, opcode=10, data=b'', rsv1=False, rsv2=False, rsv3=False)
DEBUG:websockets.protocol:client - event = data_received(<2 bytes>)
DEBUG:websockets.protocol:client < Frame(fin=True, opcode=9, data=b'', rsv1=False, rsv2=False, rsv3=False)
DEBUG:websockets.protocol:client - received ping, sending pong: [empty]
DEBUG:websockets.protocol:client > Frame(fin=True, opcode=10, data=b'', rsv1=False, rsv2=False, rsv3=False)
DEBUG:websockets.protocol:client > Frame(fin=True, opcode=9, data=b'\xb1\xdc\xc2k', rsv1=False, rsv2=False, rsv3=False)
DEBUG:websockets.protocol:client - event = data_received(<6 bytes>)
DEBUG:websockets.protocol:client < Frame(fin=True, opcode=10, data=b'\xb1\xdc\xc2k', rsv1=False, rsv2=False, rsv3=False)
DEBUG:websockets.protocol:client - received solicited pong: b1dcc26b
DEBUG:websockets.protocol:client - event = data_received(<2 bytes>)
DEBUG:websockets.protocol:client < Frame(fin=True, opcode=9, data=b'', rsv1=False, rsv2=False, rsv3=False)
DEBUG:websockets.protocol:client - received ping, sending pong: [empty]
DEBUG:websockets.protocol:client > Frame(fin=True, opcode=10, data=b'', rsv1=False, rsv2=False, rsv3=False)
DEBUG:websockets.protocol:client - event = data_received(<2 bytes>)
DEBUG:websockets.protocol:client < Frame(fin=True, opcode=9, data=b'', rsv1=False, rsv2=False, rsv3=False)
DEBUG:websockets.protocol:client - received ping, sending pong: [empty]
DEBUG:websockets.protocol:client > Frame(fin=True, opcode=10, data=b'', rsv1=False, rsv2=False, rsv3=False)
DEBUG:websockets.protocol:client - event = data_received(<2 bytes>)
DEBUG:websockets.protocol:client < Frame(fin=True, opcode=9, data=b'', rsv1=False, rsv2=False, rsv3=False)
DEBUG:websockets.protocol:client - received ping, sending pong: [empty]
DEBUG:websockets.protocol:client > Frame(fin=True, opcode=10, data=b'', rsv1=False, rsv2=False, rsv3=False)
DEBUG:websockets.protocol:client - event = data_received(<2 bytes>)
DEBUG:websockets.protocol:client < Frame(fin=True, opcode=9, data=b'', rsv1=False, rsv2=False, rsv3=False)
DEBUG:websockets.protocol:client - received ping, sending pong: [empty]
DEBUG:websockets.protocol:client > Frame(fin=True, opcode=10, data=b'', rsv1=False, rsv2=False, rsv3=False)
DEBUG:websockets.protocol:client > Frame(fin=True, opcode=9, data=b'm\xc2q)', rsv1=False, rsv2=False, rsv3=False)
DEBUG:websockets.protocol:client - event = data_received(<6 bytes>)
DEBUG:websockets.protocol:client < Frame(fin=True, opcode=10, data=b'm\xc2q)', rsv1=False, rsv2=False, rsv3=False)
DEBUG:websockets.protocol:client - received solicited pong: 6dc27129
DEBUG:websockets.protocol:client - event = data_received(<2 bytes>)
DEBUG:websockets.protocol:client < Frame(fin=True, opcode=9, data=b'', rsv1=False, rsv2=False, rsv3=False)
DEBUG:websockets.protocol:client - received ping, sending pong: [empty]
DEBUG:websockets.protocol:client > Frame(fin=True, opcode=10, data=b'', rsv1=False, rsv2=False, rsv3=False)
DEBUG:websockets.protocol:client - event = data_received(<2 bytes>)
DEBUG:websockets.protocol:client < Frame(fin=True, opcode=9, data=b'', rsv1=False, rsv2=False, rsv3=False)
DEBUG:websockets.protocol:client - received ping, sending pong: [empty]
DEBUG:websockets.protocol:client > Frame(fin=True, opcode=10, data=b'', rsv1=False, rsv2=False, rsv3=False)
DEBUG:websockets.protocol:client - event = data_received(<2 bytes>)
DEBUG:websockets.protocol:client < Frame(fin=True, opcode=9, data=b'', rsv1=False, rsv2=False, rsv3=False)
DEBUG:websockets.protocol:client - received ping, sending pong: [empty]
DEBUG:websockets.protocol:client > Frame(fin=True, opcode=10, data=b'', rsv1=False, rsv2=False, rsv3=False)
DEBUG:websockets.protocol:client - event = data_received(<2 bytes>)
DEBUG:websockets.protocol:client < Frame(fin=True, opcode=9, data=b'', rsv1=False, rsv2=False, rsv3=False)
DEBUG:websockets.protocol:client - received ping, sending pong: [empty]
DEBUG:websockets.protocol:client > Frame(fin=True, opcode=10, data=b'', rsv1=False, rsv2=False, rsv3=False)
DEBUG:websockets.protocol:client - event = data_received(<2 bytes>)
DEBUG:websockets.protocol:client < Frame(fin=True, opcode=9, data=b'', rsv1=False, rsv2=False, rsv3=False)
DEBUG:websockets.protocol:client - received ping, sending pong: [empty]
DEBUG:websockets.protocol:client > Frame(fin=True, opcode=10, data=b'', rsv1=False, rsv2=False, rsv3=False)
DEBUG:websockets.protocol:client - event = data_received(<2 bytes>)
DEBUG:websockets.protocol:client < Frame(fin=True, opcode=9, data=b'', rsv1=False, rsv2=False, rsv3=False)
DEBUG:websockets.protocol:client - received ping, sending pong: [empty]
DEBUG:websockets.protocol:client > Frame(fin=True, opcode=10, data=b'', rsv1=False, rsv2=False, rsv3=False)
DEBUG:websockets.protocol:client > Frame(fin=True, opcode=9, data=b'\x0c\xe0\xec<', rsv1=False, rsv2=False, rsv3=False)
DEBUG:websockets.protocol:client - event = data_received(<6 bytes>)
DEBUG:websockets.protocol:client < Frame(fin=True, opcode=10, data=b'\x0c\xe0\xec<', rsv1=False, rsv2=False, rsv3=False)
DEBUG:websockets.protocol:client - received solicited pong: 0ce0ec3c
DEBUG:websockets.protocol:client > Frame(fin=True, opcode=9, data=b'\xb5\x7f\xfcf', rsv1=False, rsv2=False, rsv3=False)
DEBUG:websockets.protocol:client - event = data_received(<6 bytes>)
DEBUG:websockets.protocol:client < Frame(fin=True, opcode=10, data=b'\xb5\x7f\xfcf', rsv1=False, rsv2=False, rsv3=False)
DEBUG:websockets.protocol:client - received solicited pong: b57ffc66
DEBUG:websockets.protocol:client - event = data_received(<2 bytes>)
DEBUG:websockets.protocol:client < Frame(fin=True, opcode=9, data=b'', rsv1=False, rsv2=False, rsv3=False)
DEBUG:websockets.protocol:client - received ping, sending pong: [empty]
DEBUG:websockets.protocol:client > Frame(fin=True, opcode=10, data=b'', rsv1=False, rsv2=False, rsv3=False)
DEBUG:websockets.protocol:client - event = data_received(<2 bytes>)
DEBUG:websockets.protocol:client < Frame(fin=True, opcode=9, data=b'', rsv1=False, rsv2=False, rsv3=False)
DEBUG:websockets.protocol:client - received ping, sending pong: [empty]
DEBUG:websockets.protocol:client > Frame(fin=True, opcode=10, data=b'', rsv1=False, rsv2=False, rsv3=False)
DEBUG:websockets.protocol:client - event = data_received(<2 bytes>)
DEBUG:websockets.protocol:client < Frame(fin=True, opcode=9, data=b'', rsv1=False, rsv2=False, rsv3=False)
DEBUG:websockets.protocol:client - received ping, sending pong: [empty]
DEBUG:websockets.protocol:client > Frame(fin=True, opcode=10, data=b'', rsv1=False, rsv2=False, rsv3=False)
DEBUG:websockets.protocol:client - event = data_received(<2 bytes>)
DEBUG:websockets.protocol:client < Frame(fin=True, opcode=9, data=b'', rsv1=False, rsv2=False, rsv3=False)
DEBUG:websockets.protocol:client - received ping, sending pong: [empty]
DEBUG:websockets.protocol:client > Frame(fin=True, opcode=10, data=b'', rsv1=False, rsv2=False, rsv3=False)
DEBUG:websockets.protocol:client - event = data_received(<2 bytes>)
DEBUG:websockets.protocol:client < Frame(fin=True, opcode=9, data=b'', rsv1=False, rsv2=False, rsv3=False)
DEBUG:websockets.protocol:client - received ping, sending pong: [empty]
DEBUG:websockets.protocol:client > Frame(fin=True, opcode=10, data=b'', rsv1=False, rsv2=False, rsv3=False)
DEBUG:websockets.protocol:client - event = data_received(<2 bytes>)
DEBUG:websockets.protocol:client < Frame(fin=True, opcode=9, data=b'', rsv1=False, rsv2=False, rsv3=False)
DEBUG:websockets.protocol:client - received ping, sending pong: [empty]
DEBUG:websockets.protocol:client > Frame(fin=True, opcode=10, data=b'', rsv1=False, rsv2=False, rsv3=False)
DEBUG:websockets.protocol:client > Frame(fin=True, opcode=9, data=b'O\xdc^h', rsv1=False, rsv2=False, rsv3=False)
DEBUG:websockets.protocol:client - event = data_received(<6 bytes>)
DEBUG:websockets.protocol:client < Frame(fin=True, opcode=10, data=b'O\xdc^h', rsv1=False, rsv2=False, rsv3=False)
DEBUG:websockets.protocol:client - received solicited pong: 4fdc5e68
DEBUG:websockets.protocol:client - event = data_received(<2 bytes>)
DEBUG:websockets.protocol:client < Frame(fin=True, opcode=9, data=b'', rsv1=False, rsv2=False, rsv3=False)
DEBUG:websockets.protocol:client - received ping, sending pong: [empty]
DEBUG:websockets.protocol:client > Frame(fin=True, opcode=10, data=b'', rsv1=False, rsv2=False, rsv3=False)
DEBUG:websockets.protocol:client - event = data_received(<2 bytes>)
DEBUG:websockets.protocol:client < Frame(fin=True, opcode=9, data=b'', rsv1=False, rsv2=False, rsv3=False)
DEBUG:websockets.protocol:client - received ping, sending pong: [empty]
DEBUG:websockets.protocol:client > Frame(fin=True, opcode=10, data=b'', rsv1=False, rsv2=False, rsv3=False)
DEBUG:websockets.protocol:client > Frame(fin=True, opcode=9, data=b'\x9e\xf8\x8fm', rsv1=False, rsv2=False, rsv3=False)
DEBUG:websockets.protocol:client - event = data_received(<6 bytes>)
DEBUG:websockets.protocol:client < Frame(fin=True, opcode=10, data=b'\x9e\xf8\x8fm', rsv1=False, rsv2=False, rsv3=False)
DEBUG:websockets.protocol:client - received solicited pong: 9ef88f6d
DEBUG:websockets.protocol:client - event = data_received(<2 bytes>)
DEBUG:websockets.protocol:client < Frame(fin=True, opcode=9, data=b'', rsv1=False, rsv2=False, rsv3=False)
DEBUG:websockets.protocol:client - received ping, sending pong: [empty]
DEBUG:websockets.protocol:client > Frame(fin=True, opcode=10, data=b'', rsv1=False, rsv2=False, rsv3=False)
DEBUG:websockets.protocol:client - event = data_received(<2 bytes>)
DEBUG:websockets.protocol:client < Frame(fin=True, opcode=9, data=b'', rsv1=False, rsv2=False, rsv3=False)
DEBUG:websockets.protocol:client - received ping, sending pong: [empty]
DEBUG:websockets.protocol:client > Frame(fin=True, opcode=10, data=b'', rsv1=False, rsv2=False, rsv3=False)
DEBUG:websockets.protocol:client - event = data_received(<2 bytes>)
DEBUG:websockets.protocol:client < Frame(fin=True, opcode=9, data=b'', rsv1=False, rsv2=False, rsv3=False)
DEBUG:websockets.protocol:client - received ping, sending pong: [empty]
DEBUG:websockets.protocol:client > Frame(fin=True, opcode=10, data=b'', rsv1=False, rsv2=False, rsv3=False)
DEBUG:websockets.protocol:client - event = data_received(<2 bytes>)
DEBUG:websockets.protocol:client < Frame(fin=True, opcode=9, data=b'', rsv1=False, rsv2=False, rsv3=False)
DEBUG:websockets.protocol:client - received ping, sending pong: [empty]
DEBUG:websockets.protocol:client > Frame(fin=True, opcode=10, data=b'', rsv1=False, rsv2=False, rsv3=False)
DEBUG:websockets.protocol:client > Frame(fin=True, opcode=9, data=b'Om\xa6\xe9', rsv1=False, rsv2=False, rsv3=False)
DEBUG:websockets.protocol:client - event = data_received(<2 bytes>)
DEBUG:websockets.protocol:client < Frame(fin=True, opcode=9, data=b'', rsv1=False, rsv2=False, rsv3=False)
DEBUG:websockets.protocol:client - received ping, sending pong: [empty]
DEBUG:websockets.protocol:client > Frame(fin=True, opcode=10, data=b'', rsv1=False, rsv2=False, rsv3=False)
DEBUG:websockets.protocol:client - event = data_received(<6 bytes>)
DEBUG:websockets.protocol:client < Frame(fin=True, opcode=10, data=b'Om\xa6\xe9', rsv1=False, rsv2=False, rsv3=False)
DEBUG:websockets.protocol:client - received solicited pong: 4f6da6e9
DEBUG:websockets.protocol:client - event = data_received(<2 bytes>)
DEBUG:websockets.protocol:client < Frame(fin=True, opcode=9, data=b'', rsv1=False, rsv2=False, rsv3=False)
DEBUG:websockets.protocol:client - received ping, sending pong: [empty]
DEBUG:websockets.protocol:client > Frame(fin=True, opcode=10, data=b'', rsv1=False, rsv2=False, rsv3=False)
DEBUG:websockets.protocol:client - event = data_received(<2 bytes>)
DEBUG:websockets.protocol:client < Frame(fin=True, opcode=9, data=b'', rsv1=False, rsv2=False, rsv3=False)
DEBUG:websockets.protocol:client - received ping, sending pong: [empty]
DEBUG:websockets.protocol:client > Frame(fin=True, opcode=10, data=b'', rsv1=False, rsv2=False, rsv3=False)
DEBUG:websockets.protocol:client - event = data_received(<2 bytes>)
DEBUG:websockets.protocol:client < Frame(fin=True, opcode=9, data=b'', rsv1=False, rsv2=False, rsv3=False)
DEBUG:websockets.protocol:client - received ping, sending pong: [empty]
DEBUG:websockets.protocol:client > Frame(fin=True, opcode=10, data=b'', rsv1=False, rsv2=False, rsv3=False)
DEBUG:websockets.protocol:client - event = data_received(<2 bytes>)
DEBUG:websockets.protocol:client < Frame(fin=True, opcode=9, data=b'', rsv1=False, rsv2=False, rsv3=False)
DEBUG:websockets.protocol:client - received ping, sending pong: [empty]
DEBUG:websockets.protocol:client > Frame(fin=True, opcode=10, data=b'', rsv1=False, rsv2=False, rsv3=False)
DEBUG:websockets.protocol:client - event = data_received(<2 bytes>)
DEBUG:websockets.protocol:client < Frame(fin=True, opcode=9, data=b'', rsv1=False, rsv2=False, rsv3=False)
DEBUG:websockets.protocol:client - received ping, sending pong: [empty]
DEBUG:websockets.protocol:client > Frame(fin=True, opcode=10, data=b'', rsv1=False, rsv2=False, rsv3=False)
DEBUG:websockets.protocol:client > Frame(fin=True, opcode=9, data=b'\xd3^C\xde', rsv1=False, rsv2=False, rsv3=False)
DEBUG:websockets.protocol:client - event = data_received(<6 bytes>)
DEBUG:websockets.protocol:client < Frame(fin=True, opcode=10, data=b'\xd3^C\xde', rsv1=False, rsv2=False, rsv3=False)
DEBUG:websockets.protocol:client - received solicited pong: d35e43de
DEBUG:websockets.protocol:client - event = data_received(<2 bytes>)
DEBUG:websockets.protocol:client < Frame(fin=True, opcode=9, data=b'', rsv1=False, rsv2=False, rsv3=False)
DEBUG:websockets.protocol:client - received ping, sending pong: [empty]
DEBUG:websockets.protocol:client > Frame(fin=True, opcode=10, data=b'', rsv1=False, rsv2=False, rsv3=False)
DEBUG:websockets.protocol:client > Frame(fin=True, opcode=9, data=b'\xa4\xab\xb8\xff', rsv1=False, rsv2=False, rsv3=False)
DEBUG:websockets.protocol:client - event = data_received(<6 bytes>)
DEBUG:websockets.protocol:client < Frame(fin=True, opcode=10, data=b'\xa4\xab\xb8\xff', rsv1=False, rsv2=False, rsv3=False)
DEBUG:websockets.protocol:client - received solicited pong: a4abb8ff
DEBUG:websockets.protocol:client - event = data_received(<2 bytes>)
DEBUG:websockets.protocol:client < Frame(fin=True, opcode=9, data=b'', rsv1=False, rsv2=False, rsv3=False)
DEBUG:websockets.protocol:client - received ping, sending pong: [empty]
DEBUG:websockets.protocol:client > Frame(fin=True, opcode=10, data=b'', rsv1=False, rsv2=False, rsv3=False)
DEBUG:websockets.protocol:client - event = data_received(<2 bytes>)
DEBUG:websockets.protocol:client < Frame(fin=True, opcode=9, data=b'', rsv1=False, rsv2=False, rsv3=False)
DEBUG:websockets.protocol:client - received ping, sending pong: [empty]
DEBUG:websockets.protocol:client > Frame(fin=True, opcode=10, data=b'', rsv1=False, rsv2=False, rsv3=False)
DEBUG:websockets.protocol:client - event = data_received(<2 bytes>)
DEBUG:websockets.protocol:client < Frame(fin=True, opcode=9, data=b'', rsv1=False, rsv2=False, rsv3=False)
DEBUG:websockets.protocol:client - received ping, sending pong: [empty]
DEBUG:websockets.protocol:client > Frame(fin=True, opcode=10, data=b'', rsv1=False, rsv2=False, rsv3=False)
DEBUG:websockets.protocol:client - event = data_received(<2 bytes>)
DEBUG:websockets.protocol:client < Frame(fin=True, opcode=9, data=b'', rsv1=False, rsv2=False, rsv3=False)
DEBUG:websockets.protocol:client - received ping, sending pong: [empty]
DEBUG:websockets.protocol:client > Frame(fin=True, opcode=10, data=b'', rsv1=False, rsv2=False, rsv3=False)
DEBUG:websockets.protocol:client - event = data_received(<2 bytes>)
DEBUG:websockets.protocol:client < Frame(fin=True, opcode=9, data=b'', rsv1=False, rsv2=False, rsv3=False)
DEBUG:websockets.protocol:client - received ping, sending pong: [empty]
DEBUG:websockets.protocol:client > Frame(fin=True, opcode=10, data=b'', rsv1=False, rsv2=False, rsv3=False)
DEBUG:websockets.protocol:client > Frame(fin=True, opcode=9, data=b'\x95|\x1fD', rsv1=False, rsv2=False, rsv3=False)
DEBUG:websockets.protocol:client - event = data_received(<2 bytes>)
DEBUG:websockets.protocol:client < Frame(fin=True, opcode=9, data=b'', rsv1=False, rsv2=False, rsv3=False)
DEBUG:websockets.protocol:client - received ping, sending pong: [empty]
DEBUG:websockets.protocol:client > Frame(fin=True, opcode=10, data=b'', rsv1=False, rsv2=False, rsv3=False)
DEBUG:websockets.protocol:client - event = data_received(<6 bytes>)
DEBUG:websockets.protocol:client < Frame(fin=True, opcode=10, data=b'\x95|\x1fD', rsv1=False, rsv2=False, rsv3=False)
DEBUG:websockets.protocol:client - received solicited pong: 957c1f44
DEBUG:websockets.protocol:client - event = data_received(<2 bytes>)
DEBUG:websockets.protocol:client < Frame(fin=True, opcode=9, data=b'', rsv1=False, rsv2=False, rsv3=False)
DEBUG:websockets.protocol:client - received ping, sending pong: [empty]
DEBUG:websockets.protocol:client > Frame(fin=True, opcode=10, data=b'', rsv1=False, rsv2=False, rsv3=False)
DEBUG:websockets.protocol:client - event = data_received(<2 bytes>)
DEBUG:websockets.protocol:client < Frame(fin=True, opcode=9, data=b'', rsv1=False, rsv2=False, rsv3=False)
DEBUG:websockets.protocol:client - received ping, sending pong: [empty]
DEBUG:websockets.protocol:client > Frame(fin=True, opcode=10, data=b'', rsv1=False, rsv2=False, rsv3=False)
DEBUG:websockets.protocol:client > Frame(fin=True, opcode=9, data=b'h\x1e\x92\xbf', rsv1=False, rsv2=False, rsv3=False)
DEBUG:websockets.protocol:client - event = data_received(<6 bytes>)
DEBUG:websockets.protocol:client < Frame(fin=True, opcode=10, data=b'h\x1e\x92\xbf', rsv1=False, rsv2=False, rsv3=False)
DEBUG:websockets.protocol:client - received solicited pong: 681e92bf
DEBUG:websockets.protocol:client - event = data_received(<2 bytes>)
DEBUG:websockets.protocol:client < Frame(fin=True, opcode=9, data=b'', rsv1=False, rsv2=False, rsv3=False)
DEBUG:websockets.protocol:client - received ping, sending pong: [empty]
DEBUG:websockets.protocol:client > Frame(fin=True, opcode=10, data=b'', rsv1=False, rsv2=False, rsv3=False)
DEBUG:websockets.protocol:client - event = data_received(<2 bytes>)
DEBUG:websockets.protocol:client < Frame(fin=True, opcode=9, data=b'', rsv1=False, rsv2=False, rsv3=False)
DEBUG:websockets.protocol:client - received ping, sending pong: [empty]
DEBUG:websockets.protocol:client > Frame(fin=True, opcode=10, data=b'', rsv1=False, rsv2=False, rsv3=False)
DEBUG:websockets.protocol:client > Frame(fin=True, opcode=9, data=b'zX\x8c$', rsv1=False, rsv2=False, rsv3=False)
DEBUG:websockets.protocol:client - event = data_received(<2 bytes>)
DEBUG:websockets.protocol:client < Frame(fin=True, opcode=9, data=b'', rsv1=False, rsv2=False, rsv3=False)
DEBUG:websockets.protocol:client - received ping, sending pong: [empty]
DEBUG:websockets.protocol:client > Frame(fin=True, opcode=10, data=b'', rsv1=False, rsv2=False, rsv3=False)
DEBUG:websockets.protocol:client - event = data_received(<6 bytes>)
DEBUG:websockets.protocol:client < Frame(fin=True, opcode=10, data=b'zX\x8c$', rsv1=False, rsv2=False, rsv3=False)
DEBUG:websockets.protocol:client - received solicited pong: 7a588c24
DEBUG:websockets.protocol:client - event = data_received(<2 bytes>)
DEBUG:websockets.protocol:client < Frame(fin=True, opcode=9, data=b'', rsv1=False, rsv2=False, rsv3=False)
DEBUG:websockets.protocol:client - received ping, sending pong: [empty]
DEBUG:websockets.protocol:client > Frame(fin=True, opcode=10, data=b'', rsv1=False, rsv2=False, rsv3=False)
DEBUG:websockets.protocol:client - event = data_received(<2 bytes>)
DEBUG:websockets.protocol:client < Frame(fin=True, opcode=9, data=b'', rsv1=False, rsv2=False, rsv3=False)
DEBUG:websockets.protocol:client - received ping, sending pong: [empty]
DEBUG:websockets.protocol:client > Frame(fin=True, opcode=10, data=b'', rsv1=False, rsv2=False, rsv3=False)
DEBUG:websockets.protocol:client - event = data_received(<2 bytes>)
DEBUG:websockets.protocol:client < Frame(fin=True, opcode=9, data=b'', rsv1=False, rsv2=False, rsv3=False)
DEBUG:websockets.protocol:client - received ping, sending pong: [empty]
DEBUG:websockets.protocol:client > Frame(fin=True, opcode=10, data=b'', rsv1=False, rsv2=False, rsv3=False)
DEBUG:websockets.protocol:client - event = data_received(<2 bytes>)
DEBUG:websockets.protocol:client < Frame(fin=True, opcode=9, data=b'', rsv1=False, rsv2=False, rsv3=False)
DEBUG:websockets.protocol:client - received ping, sending pong: [empty]
DEBUG:websockets.protocol:client > Frame(fin=True, opcode=10, data=b'', rsv1=False, rsv2=False, rsv3=False)
DEBUG:websockets.protocol:client > Frame(fin=True, opcode=9, data=b'A_0\x9a', rsv1=False, rsv2=False, rsv3=False)
DEBUG:websockets.protocol:client - event = data_received(<2 bytes>)
DEBUG:websockets.protocol:client < Frame(fin=True, opcode=9, data=b'', rsv1=False, rsv2=False, rsv3=False)
DEBUG:websockets.protocol:client - received ping, sending pong: [empty]
DEBUG:websockets.protocol:client > Frame(fin=True, opcode=10, data=b'', rsv1=False, rsv2=False, rsv3=False)
DEBUG:websockets.protocol:client - event = data_received(<6 bytes>)
DEBUG:websockets.protocol:client < Frame(fin=True, opcode=10, data=b'A_0\x9a', rsv1=False, rsv2=False, rsv3=False)
DEBUG:websockets.protocol:client - received solicited pong: 415f309a
DEBUG:websockets.protocol:client > Frame(fin=True, opcode=9, data=b'\xe3\xa11\xf2', rsv1=False, rsv2=False, rsv3=False)
DEBUG:websockets.protocol:client - event = data_received(<6 bytes>)
DEBUG:websockets.protocol:client < Frame(fin=True, opcode=10, data=b'\xe3\xa11\xf2', rsv1=False, rsv2=False, rsv3=False)
DEBUG:websockets.protocol:client - received solicited pong: e3a131f2
DEBUG:websockets.protocol:client - event = data_received(<2 bytes>)
DEBUG:websockets.protocol:client < Frame(fin=True, opcode=9, data=b'', rsv1=False, rsv2=False, rsv3=False)
DEBUG:websockets.protocol:client - received ping, sending pong: [empty]
DEBUG:websockets.protocol:client > Frame(fin=True, opcode=10, data=b'', rsv1=False, rsv2=False, rsv3=False)
DEBUG:websockets.protocol:client - event = data_received(<2 bytes>)
DEBUG:websockets.protocol:client < Frame(fin=True, opcode=9, data=b'', rsv1=False, rsv2=False, rsv3=False)
DEBUG:websockets.protocol:client - received ping, sending pong: [empty]
DEBUG:websockets.protocol:client > Frame(fin=True, opcode=10, data=b'', rsv1=False, rsv2=False, rsv3=False)
DEBUG:websockets.protocol:client - event = data_received(<2 bytes>)
DEBUG:websockets.protocol:client < Frame(fin=True, opcode=9, data=b'', rsv1=False, rsv2=False, rsv3=False)
DEBUG:websockets.protocol:client - received ping, sending pong: [empty]
DEBUG:websockets.protocol:client > Frame(fin=True, opcode=10, data=b'', rsv1=False, rsv2=False, rsv3=False)
DEBUG:websockets.protocol:client - event = data_received(<2 bytes>)
DEBUG:websockets.protocol:client < Frame(fin=True, opcode=9, data=b'', rsv1=False, rsv2=False, rsv3=False)
DEBUG:websockets.protocol:client - received ping, sending pong: [empty]
DEBUG:websockets.protocol:client > Frame(fin=True, opcode=10, data=b'', rsv1=False, rsv2=False, rsv3=False)
DEBUG:websockets.protocol:client - event = data_received(<2 bytes>)
DEBUG:websockets.protocol:client < Frame(fin=True, opcode=9, data=b'', rsv1=False, rsv2=False, rsv3=False)
DEBUG:websockets.protocol:client - received ping, sending pong: [empty]
DEBUG:websockets.protocol:client > Frame(fin=True, opcode=10, data=b'', rsv1=False, rsv2=False, rsv3=False)
DEBUG:websockets.protocol:client - event = data_received(<2 bytes>)
DEBUG:websockets.protocol:client < Frame(fin=True, opcode=9, data=b'', rsv1=False, rsv2=False, rsv3=False)
DEBUG:websockets.protocol:client - received ping, sending pong: [empty]
DEBUG:websockets.protocol:client > Frame(fin=True, opcode=10, data=b'', rsv1=False, rsv2=False, rsv3=False)
DEBUG:websockets.protocol:client > Frame(fin=True, opcode=9, data=b'\x92\x8d\xf9b', rsv1=False, rsv2=False, rsv3=False)
DEBUG:websockets.protocol:client - event = data_received(<6 bytes>)
DEBUG:websockets.protocol:client < Frame(fin=True, opcode=10, data=b'\x92\x8d\xf9b', rsv1=False, rsv2=False, rsv3=False)
DEBUG:websockets.protocol:client - received solicited pong: 928df962
DEBUG:websockets.protocol:client - event = data_received(<2 bytes>)
DEBUG:websockets.protocol:client < Frame(fin=True, opcode=9, data=b'', rsv1=False, rsv2=False, rsv3=False)
DEBUG:websockets.protocol:client - received ping, sending pong: [empty]
DEBUG:websockets.protocol:client > Frame(fin=True, opcode=10, data=b'', rsv1=False, rsv2=False, rsv3=False)
DEBUG:websockets.protocol:client - event = data_received(<2 bytes>)
DEBUG:websockets.protocol:client < Frame(fin=True, opcode=9, data=b'', rsv1=False, rsv2=False, rsv3=False)
DEBUG:websockets.protocol:client - received ping, sending pong: [empty]
DEBUG:websockets.protocol:client > Frame(fin=True, opcode=10, data=b'', rsv1=False, rsv2=False, rsv3=False)
DEBUG:websockets.protocol:client > Frame(fin=True, opcode=9, data=b'\x10\xee\n\x0b', rsv1=False, rsv2=False, rsv3=False)
DEBUG:websockets.protocol:client - event = data_received(<6 bytes>)
DEBUG:websockets.protocol:client < Frame(fin=True, opcode=10, data=b'\x10\xee\n\x0b', rsv1=False, rsv2=False, rsv3=False)
DEBUG:websockets.protocol:client - received solicited pong: 10ee0a0b
DEBUG:websockets.protocol:client - event = data_received(<2 bytes>)
DEBUG:websockets.protocol:client < Frame(fin=True, opcode=9, data=b'', rsv1=False, rsv2=False, rsv3=False)
DEBUG:websockets.protocol:client - received ping, sending pong: [empty]
DEBUG:websockets.protocol:client > Frame(fin=True, opcode=10, data=b'', rsv1=False, rsv2=False, rsv3=False)
DEBUG:websockets.protocol:client - event = data_received(<2 bytes>)
DEBUG:websockets.protocol:client < Frame(fin=True, opcode=9, data=b'', rsv1=False, rsv2=False, rsv3=False)
DEBUG:websockets.protocol:client - received ping, sending pong: [empty]
DEBUG:websockets.protocol:client > Frame(fin=True, opcode=10, data=b'', rsv1=False, rsv2=False, rsv3=False)
DEBUG:websockets.protocol:client - event = data_received(<2 bytes>)
DEBUG:websockets.protocol:client < Frame(fin=True, opcode=9, data=b'', rsv1=False, rsv2=False, rsv3=False)
DEBUG:websockets.protocol:client - received ping, sending pong: [empty]
DEBUG:websockets.protocol:client > Frame(fin=True, opcode=10, data=b'', rsv1=False, rsv2=False, rsv3=False)
DEBUG:websockets.protocol:client - event = data_received(<2 bytes>)
DEBUG:websockets.protocol:client < Frame(fin=True, opcode=9, data=b'', rsv1=False, rsv2=False, rsv3=False)
DEBUG:websockets.protocol:client - received ping, sending pong: [empty]
DEBUG:websockets.protocol:client > Frame(fin=True, opcode=10, data=b'', rsv1=False, rsv2=False, rsv3=False)
DEBUG:websockets.protocol:client - event = data_received(<2 bytes>)
DEBUG:websockets.protocol:client < Frame(fin=True, opcode=9, data=b'', rsv1=False, rsv2=False, rsv3=False)
DEBUG:websockets.protocol:client - received ping, sending pong: [empty]
DEBUG:websockets.protocol:client > Frame(fin=True, opcode=10, data=b'', rsv1=False, rsv2=False, rsv3=False)
DEBUG:websockets.protocol:client > Frame(fin=True, opcode=9, data=b'\x95l_(', rsv1=False, rsv2=False, rsv3=False)
DEBUG:websockets.protocol:client - event = data_received(<6 bytes>)
DEBUG:websockets.protocol:client < Frame(fin=True, opcode=10, data=b'\x95l_(', rsv1=False, rsv2=False, rsv3=False)
DEBUG:websockets.protocol:client - received solicited pong: 956c5f28
DEBUG:websockets.protocol:client - event = data_received(<2 bytes>)
DEBUG:websockets.protocol:client < Frame(fin=True, opcode=9, data=b'', rsv1=False, rsv2=False, rsv3=False)
DEBUG:websockets.protocol:client - received ping, sending pong: [empty]
DEBUG:websockets.protocol:client > Frame(fin=True, opcode=10, data=b'', rsv1=False, rsv2=False, rsv3=False)
DEBUG:websockets.protocol:client - event = data_received(<2 bytes>)
DEBUG:websockets.protocol:client < Frame(fin=True, opcode=9, data=b'', rsv1=False, rsv2=False, rsv3=False)
DEBUG:websockets.protocol:client - received ping, sending pong: [empty]
DEBUG:websockets.protocol:client > Frame(fin=True, opcode=10, data=b'', rsv1=False, rsv2=False, rsv3=False)
DEBUG:websockets.protocol:client - event = data_received(<2 bytes>)
DEBUG:websockets.protocol:client < Frame(fin=True, opcode=9, data=b'', rsv1=False, rsv2=False, rsv3=False)
DEBUG:websockets.protocol:client - received ping, sending pong: [empty]
DEBUG:websockets.protocol:client > Frame(fin=True, opcode=10, data=b'', rsv1=False, rsv2=False, rsv3=False)
DEBUG:websockets.protocol:client - event = data_received(<2 bytes>)
DEBUG:websockets.protocol:client < Frame(fin=True, opcode=9, data=b'', rsv1=False, rsv2=False, rsv3=False)
DEBUG:websockets.protocol:client - received ping, sending pong: [empty]
DEBUG:websockets.protocol:client > Frame(fin=True, opcode=10, data=b'', rsv1=False, rsv2=False, rsv3=False)
DEBUG:websockets.protocol:client > Frame(fin=True, opcode=9, data=b'\xee\x948\x8f', rsv1=False, rsv2=False, rsv3=False)
DEBUG:websockets.protocol:client - event = data_received(<6 bytes>)
DEBUG:websockets.protocol:client < Frame(fin=True, opcode=10, data=b'\xee\x948\x8f', rsv1=False, rsv2=False, rsv3=False)
DEBUG:websockets.protocol:client - received solicited pong: ee94388f
DEBUG:websockets.protocol:client - event = data_received(<2 bytes>)
DEBUG:websockets.protocol:client < Frame(fin=True, opcode=9, data=b'', rsv1=False, rsv2=False, rsv3=False)
DEBUG:websockets.protocol:client - received ping, sending pong: [empty]
DEBUG:websockets.protocol:client > Frame(fin=True, opcode=10, data=b'', rsv1=False, rsv2=False, rsv3=False)
DEBUG:websockets.protocol:client > Frame(fin=True, opcode=9, data=b'\xd7G=n', rsv1=False, rsv2=False, rsv3=False)
DEBUG:websockets.protocol:client - event = data_received(<6 bytes>)
DEBUG:websockets.protocol:client < Frame(fin=True, opcode=10, data=b'\xd7G=n', rsv1=False, rsv2=False, rsv3=False)
DEBUG:websockets.protocol:client - received solicited pong: d7473d6e
DEBUG:websockets.protocol:client - event = data_received(<2 bytes>)
DEBUG:websockets.protocol:client < Frame(fin=True, opcode=9, data=b'', rsv1=False, rsv2=False, rsv3=False)
DEBUG:websockets.protocol:client - received ping, sending pong: [empty]
DEBUG:websockets.protocol:client > Frame(fin=True, opcode=10, data=b'', rsv1=False, rsv2=False, rsv3=False)
DEBUG:websockets.protocol:client - event = data_received(<2 bytes>)
DEBUG:websockets.protocol:client < Frame(fin=True, opcode=9, data=b'', rsv1=False, rsv2=False, rsv3=False)
DEBUG:websockets.protocol:client - received ping, sending pong: [empty]
DEBUG:websockets.protocol:client > Frame(fin=True, opcode=10, data=b'', rsv1=False, rsv2=False, rsv3=False)
DEBUG:websockets.protocol:client - event = data_received(<2 bytes>)
DEBUG:websockets.protocol:client < Frame(fin=True, opcode=9, data=b'', rsv1=False, rsv2=False, rsv3=False)
DEBUG:websockets.protocol:client - received ping, sending pong: [empty]
DEBUG:websockets.protocol:client > Frame(fin=True, opcode=10, data=b'', rsv1=False, rsv2=False, rsv3=False)
DEBUG:websockets.protocol:client - event = data_received(<2 bytes>)
DEBUG:websockets.protocol:client < Frame(fin=True, opcode=9, data=b'', rsv1=False, rsv2=False, rsv3=False)
DEBUG:websockets.protocol:client - received ping, sending pong: [empty]
DEBUG:websockets.protocol:client > Frame(fin=True, opcode=10, data=b'', rsv1=False, rsv2=False, rsv3=False)
DEBUG:websockets.protocol:client - event = data_received(<2 bytes>)
DEBUG:websockets.protocol:client < Frame(fin=True, opcode=9, data=b'', rsv1=False, rsv2=False, rsv3=False)
DEBUG:websockets.protocol:client - received ping, sending pong: [empty]
DEBUG:websockets.protocol:client > Frame(fin=True, opcode=10, data=b'', rsv1=False, rsv2=False, rsv3=False)
DEBUG:websockets.protocol:client - event = data_received(<2 bytes>)
DEBUG:websockets.protocol:client < Frame(fin=True, opcode=9, data=b'', rsv1=False, rsv2=False, rsv3=False)
DEBUG:websockets.protocol:client - received ping, sending pong: [empty]
DEBUG:websockets.protocol:client > Frame(fin=True, opcode=10, data=b'', rsv1=False, rsv2=False, rsv3=False)
DEBUG:websockets.protocol:client > Frame(fin=True, opcode=9, data=b'\xa7\xeb\x04/', rsv1=False, rsv2=False, rsv3=False)
DEBUG:websockets.protocol:client - event = data_received(<6 bytes>)
DEBUG:websockets.protocol:client < Frame(fin=True, opcode=10, data=b'\xa7\xeb\x04/', rsv1=False, rsv2=False, rsv3=False)
DEBUG:websockets.protocol:client - received solicited pong: a7eb042f
DEBUG:websockets.protocol:client - event = data_received(<2 bytes>)
DEBUG:websockets.protocol:client < Frame(fin=True, opcode=9, data=b'', rsv1=False, rsv2=False, rsv3=False)
DEBUG:websockets.protocol:client - received ping, sending pong: [empty]
DEBUG:websockets.protocol:client > Frame(fin=True, opcode=10, data=b'', rsv1=False, rsv2=False, rsv3=False)
DEBUG:websockets.protocol:client - event = data_received(<2 bytes>)
DEBUG:websockets.protocol:client < Frame(fin=True, opcode=9, data=b'', rsv1=False, rsv2=False, rsv3=False)
DEBUG:websockets.protocol:client - received ping, sending pong: [empty]
DEBUG:websockets.protocol:client > Frame(fin=True, opcode=10, data=b'', rsv1=False, rsv2=False, rsv3=False)
DEBUG:websockets.protocol:client > Frame(fin=True, opcode=9, data=b'&\xb2\xfe7', rsv1=False, rsv2=False, rsv3=False)
DEBUG:websockets.protocol:client - event = data_received(<6 bytes>)
DEBUG:websockets.protocol:client < Frame(fin=True, opcode=10, data=b'&\xb2\xfe7', rsv1=False, rsv2=False, rsv3=False)
DEBUG:websockets.protocol:client - received solicited pong: 26b2fe37
DEBUG:websockets.protocol:client - event = data_received(<2 bytes>)
DEBUG:websockets.protocol:client < Frame(fin=True, opcode=9, data=b'', rsv1=False, rsv2=False, rsv3=False)
DEBUG:websockets.protocol:client - received ping, sending pong: [empty]
DEBUG:websockets.protocol:client > Frame(fin=True, opcode=10, data=b'', rsv1=False, rsv2=False, rsv3=False)
DEBUG:websockets.protocol:client - event = data_received(<2 bytes>)
DEBUG:websockets.protocol:client < Frame(fin=True, opcode=9, data=b'', rsv1=False, rsv2=False, rsv3=False)
DEBUG:websockets.protocol:client - received ping, sending pong: [empty]
DEBUG:websockets.protocol:client > Frame(fin=True, opcode=10, data=b'', rsv1=False, rsv2=False, rsv3=False)
DEBUG:websockets.protocol:client - event = data_received(<2 bytes>)
DEBUG:websockets.protocol:client < Frame(fin=True, opcode=9, data=b'', rsv1=False, rsv2=False, rsv3=False)
DEBUG:websockets.protocol:client - received ping, sending pong: [empty]
DEBUG:websockets.protocol:client > Frame(fin=True, opcode=10, data=b'', rsv1=False, rsv2=False, rsv3=False)
DEBUG:websockets.protocol:client - event = data_received(<2 bytes>)
DEBUG:websockets.protocol:client < Frame(fin=True, opcode=9, data=b'', rsv1=False, rsv2=False, rsv3=False)
DEBUG:websockets.protocol:client - received ping, sending pong: [empty]
DEBUG:websockets.protocol:client > Frame(fin=True, opcode=10, data=b'', rsv1=False, rsv2=False, rsv3=False)
DEBUG:websockets.protocol:client > Frame(fin=True, opcode=9, data=b'\xc6\xd74\xd9', rsv1=False, rsv2=False, rsv3=False)
DEBUG:websockets.protocol:client - event = data_received(<6 bytes>)
DEBUG:websockets.protocol:client < Frame(fin=True, opcode=10, data=b'\xc6\xd74\xd9', rsv1=False, rsv2=False, rsv3=False)
DEBUG:websockets.protocol:client - received solicited pong: c6d734d9
DEBUG:websockets.protocol:client - event = data_received(<2 bytes>)
DEBUG:websockets.protocol:client < Frame(fin=True, opcode=9, data=b'', rsv1=False, rsv2=False, rsv3=False)
DEBUG:websockets.protocol:client - received ping, sending pong: [empty]
DEBUG:websockets.protocol:client > Frame(fin=True, opcode=10, data=b'', rsv1=False, rsv2=False, rsv3=False)
DEBUG:websockets.protocol:client - event = data_received(<2 bytes>)
DEBUG:websockets.protocol:client < Frame(fin=True, opcode=9, data=b'', rsv1=False, rsv2=False, rsv3=False)
DEBUG:websockets.protocol:client - received ping, sending pong: [empty]
DEBUG:websockets.protocol:client > Frame(fin=True, opcode=10, data=b'', rsv1=False, rsv2=False, rsv3=False)
DEBUG:websockets.protocol:client - event = data_received(<2 bytes>)
DEBUG:websockets.protocol:client < Frame(fin=True, opcode=9, data=b'', rsv1=False, rsv2=False, rsv3=False)
DEBUG:websockets.protocol:client - received ping, sending pong: [empty]
DEBUG:websockets.protocol:client > Frame(fin=True, opcode=10, data=b'', rsv1=False, rsv2=False, rsv3=False)
DEBUG:websockets.protocol:client - event = data_received(<2 bytes>)
DEBUG:websockets.protocol:client < Frame(fin=True, opcode=9, data=b'', rsv1=False, rsv2=False, rsv3=False)
DEBUG:websockets.protocol:client - received ping, sending pong: [empty]
DEBUG:websockets.protocol:client > Frame(fin=True, opcode=10, data=b'', rsv1=False, rsv2=False, rsv3=False)
DEBUG:websockets.protocol:client > Frame(fin=True, opcode=9, data=b'f\x0e\x90\x9e', rsv1=False, rsv2=False, rsv3=False)
DEBUG:websockets.protocol:client - event = data_received(<6 bytes>)
DEBUG:websockets.protocol:client < Frame(fin=True, opcode=10, data=b'f\x0e\x90\x9e', rsv1=False, rsv2=False, rsv3=False)
DEBUG:websockets.protocol:client - received solicited pong: 660e909e
DEBUG:websockets.protocol:client - event = data_received(<2 bytes>)
DEBUG:websockets.protocol:client < Frame(fin=True, opcode=9, data=b'', rsv1=False, rsv2=False, rsv3=False)
DEBUG:websockets.protocol:client - received ping, sending pong: [empty]
DEBUG:websockets.protocol:client > Frame(fin=True, opcode=10, data=b'', rsv1=False, rsv2=False, rsv3=False)
DEBUG:websockets.protocol:client - event = data_received(<2 bytes>)
DEBUG:websockets.protocol:client < Frame(fin=True, opcode=9, data=b'', rsv1=False, rsv2=False, rsv3=False)
DEBUG:websockets.protocol:client - received ping, sending pong: [empty]
DEBUG:websockets.protocol:client > Frame(fin=True, opcode=10, data=b'', rsv1=False, rsv2=False, rsv3=False)
DEBUG:websockets.protocol:client > Frame(fin=True, opcode=9, data=b'\xec/\x82\xb7', rsv1=False, rsv2=False, rsv3=False)
DEBUG:websockets.protocol:client - event = data_received(<6 bytes>)
DEBUG:websockets.protocol:client < Frame(fin=True, opcode=10, data=b'\xec/\x82\xb7', rsv1=False, rsv2=False, rsv3=False)
DEBUG:websockets.protocol:client - received solicited pong: ec2f82b7
DEBUG:websockets.protocol:client - event = data_received(<2 bytes>)
DEBUG:websockets.protocol:client < Frame(fin=True, opcode=9, data=b'', rsv1=False, rsv2=False, rsv3=False)
DEBUG:websockets.protocol:client - received ping, sending pong: [empty]
DEBUG:websockets.protocol:client > Frame(fin=True, opcode=10, data=b'', rsv1=False, rsv2=False, rsv3=False)
DEBUG:websockets.protocol:client - event = data_received(<2 bytes>)
DEBUG:websockets.protocol:client < Frame(fin=True, opcode=9, data=b'', rsv1=False, rsv2=False, rsv3=False)
DEBUG:websockets.protocol:client - received ping, sending pong: [empty]
DEBUG:websockets.protocol:client > Frame(fin=True, opcode=10, data=b'', rsv1=False, rsv2=False, rsv3=False)
DEBUG:websockets.protocol:client - event = data_received(<2 bytes>)
DEBUG:websockets.protocol:client < Frame(fin=True, opcode=9, data=b'', rsv1=False, rsv2=False, rsv3=False)
DEBUG:websockets.protocol:client - received ping, sending pong: [empty]
DEBUG:websockets.protocol:client > Frame(fin=True, opcode=10, data=b'', rsv1=False, rsv2=False, rsv3=False)
DEBUG:websockets.protocol:client - event = data_received(<2 bytes>)
DEBUG:websockets.protocol:client < Frame(fin=True, opcode=9, data=b'', rsv1=False, rsv2=False, rsv3=False)
DEBUG:websockets.protocol:client - received ping, sending pong: [empty]
DEBUG:websockets.protocol:client > Frame(fin=True, opcode=10, data=b'', rsv1=False, rsv2=False, rsv3=False)
DEBUG:websockets.protocol:client - event = data_received(<2 bytes>)
DEBUG:websockets.protocol:client < Frame(fin=True, opcode=9, data=b'', rsv1=False, rsv2=False, rsv3=False)
DEBUG:websockets.protocol:client - received ping, sending pong: [empty]
DEBUG:websockets.protocol:client > Frame(fin=True, opcode=10, data=b'', rsv1=False, rsv2=False, rsv3=False)
DEBUG:websockets.protocol:client > Frame(fin=True, opcode=9, data=b'(\xecN2', rsv1=False, rsv2=False, rsv3=False)
DEBUG:websockets.protocol:client - event = data_received(<6 bytes>)
DEBUG:websockets.protocol:client < Frame(fin=True, opcode=10, data=b'(\xecN2', rsv1=False, rsv2=False, rsv3=False)
DEBUG:websockets.protocol:client - received solicited pong: 28ec4e32
DEBUG:websockets.protocol:client - event = data_received(<2 bytes>)
DEBUG:websockets.protocol:client < Frame(fin=True, opcode=9, data=b'', rsv1=False, rsv2=False, rsv3=False)
DEBUG:websockets.protocol:client - received ping, sending pong: [empty]
DEBUG:websockets.protocol:client > Frame(fin=True, opcode=10, data=b'', rsv1=False, rsv2=False, rsv3=False)
DEBUG:websockets.protocol:client - event = data_received(<2 bytes>)
DEBUG:websockets.protocol:client < Frame(fin=True, opcode=9, data=b'', rsv1=False, rsv2=False, rsv3=False)
DEBUG:websockets.protocol:client - received ping, sending pong: [empty]
DEBUG:websockets.protocol:client > Frame(fin=True, opcode=10, data=b'', rsv1=False, rsv2=False, rsv3=False)
DEBUG:websockets.protocol:client > Frame(fin=True, opcode=9, data=b'\x10,\x1e4', rsv1=False, rsv2=False, rsv3=False)
DEBUG:websockets.protocol:client - event = data_received(<6 bytes>)
DEBUG:websockets.protocol:client < Frame(fin=True, opcode=10, data=b'\x10,\x1e4', rsv1=False, rsv2=False, rsv3=False)
DEBUG:websockets.protocol:client - received solicited pong: 102c1e34
DEBUG:websockets.protocol:client - event = data_received(<2 bytes>)
DEBUG:websockets.protocol:client < Frame(fin=True, opcode=9, data=b'', rsv1=False, rsv2=False, rsv3=False)
DEBUG:websockets.protocol:client - received ping, sending pong: [empty]
DEBUG:websockets.protocol:client > Frame(fin=True, opcode=10, data=b'', rsv1=False, rsv2=False, rsv3=False)
DEBUG:websockets.protocol:client - event = data_received(<2 bytes>)
DEBUG:websockets.protocol:client < Frame(fin=True, opcode=9, data=b'', rsv1=False, rsv2=False, rsv3=False)
DEBUG:websockets.protocol:client - received ping, sending pong: [empty]
DEBUG:websockets.protocol:client > Frame(fin=True, opcode=10, data=b'', rsv1=False, rsv2=False, rsv3=False)
DEBUG:websockets.protocol:client - event = data_received(<2 bytes>)
DEBUG:websockets.protocol:client < Frame(fin=True, opcode=9, data=b'', rsv1=False, rsv2=False, rsv3=False)
DEBUG:websockets.protocol:client - received ping, sending pong: [empty]
DEBUG:websockets.protocol:client > Frame(fin=True, opcode=10, data=b'', rsv1=False, rsv2=False, rsv3=False)
DEBUG:websockets.protocol:client - event = data_received(<2 bytes>)
DEBUG:websockets.protocol:client < Frame(fin=True, opcode=9, data=b'', rsv1=False, rsv2=False, rsv3=False)
DEBUG:websockets.protocol:client - received ping, sending pong: [empty]
DEBUG:websockets.protocol:client > Frame(fin=True, opcode=10, data=b'', rsv1=False, rsv2=False, rsv3=False)
DEBUG:websockets.protocol:client > Frame(fin=True, opcode=9, data=b'\xe8\x84@.', rsv1=False, rsv2=False, rsv3=False)
DEBUG:websockets.protocol:client - event = data_received(<6 bytes>)
DEBUG:websockets.protocol:client < Frame(fin=True, opcode=10, data=b'\xe8\x84@.', rsv1=False, rsv2=False, rsv3=False)
DEBUG:websockets.protocol:client - received solicited pong: e884402e
DEBUG:websockets.protocol:client - event = data_received(<2 bytes>)
DEBUG:websockets.protocol:client < Frame(fin=True, opcode=9, data=b'', rsv1=False, rsv2=False, rsv3=False)
DEBUG:websockets.protocol:client - received ping, sending pong: [empty]
DEBUG:websockets.protocol:client > Frame(fin=True, opcode=10, data=b'', rsv1=False, rsv2=False, rsv3=False)
DEBUG:websockets.protocol:client - event = data_received(<2 bytes>)
DEBUG:websockets.protocol:client < Frame(fin=True, opcode=9, data=b'', rsv1=False, rsv2=False, rsv3=False)
DEBUG:websockets.protocol:client - received ping, sending pong: [empty]
DEBUG:websockets.protocol:client > Frame(fin=True, opcode=10, data=b'', rsv1=False, rsv2=False, rsv3=False)
DEBUG:websockets.protocol:client - event = data_received(<2 bytes>)
DEBUG:websockets.protocol:client < Frame(fin=True, opcode=9, data=b'', rsv1=False, rsv2=False, rsv3=False)
DEBUG:websockets.protocol:client - received ping, sending pong: [empty]
DEBUG:websockets.protocol:client > Frame(fin=True, opcode=10, data=b'', rsv1=False, rsv2=False, rsv3=False)
DEBUG:websockets.protocol:client - event = data_received(<2 bytes>)
DEBUG:websockets.protocol:client < Frame(fin=True, opcode=9, data=b'', rsv1=False, rsv2=False, rsv3=False)
DEBUG:websockets.protocol:client - received ping, sending pong: [empty]
DEBUG:websockets.protocol:client > Frame(fin=True, opcode=10, data=b'', rsv1=False, rsv2=False, rsv3=False)
DEBUG:websockets.protocol:client - event = data_received(<2 bytes>)
DEBUG:websockets.protocol:client < Frame(fin=True, opcode=9, data=b'', rsv1=False, rsv2=False, rsv3=False)
DEBUG:websockets.protocol:client - received ping, sending pong: [empty]
DEBUG:websockets.protocol:client > Frame(fin=True, opcode=10, data=b'', rsv1=False, rsv2=False, rsv3=False)
DEBUG:websockets.protocol:client > Frame(fin=True, opcode=9, data=b'\x83\xfae\x06', rsv1=False, rsv2=False, rsv3=False)
DEBUG:websockets.protocol:client - event = data_received(<6 bytes>)
DEBUG:websockets.protocol:client < Frame(fin=True, opcode=10, data=b'\x83\xfae\x06', rsv1=False, rsv2=False, rsv3=False)
DEBUG:websockets.protocol:client - received solicited pong: 83fa6506
DEBUG:websockets.protocol:client - event = data_received(<2 bytes>)
DEBUG:websockets.protocol:client < Frame(fin=True, opcode=9, data=b'', rsv1=False, rsv2=False, rsv3=False)
DEBUG:websockets.protocol:client - received ping, sending pong: [empty]
DEBUG:websockets.protocol:client > Frame(fin=True, opcode=10, data=b'', rsv1=False, rsv2=False, rsv3=False)
DEBUG:websockets.protocol:client > Frame(fin=True, opcode=9, data=b'\xcfFN?', rsv1=False, rsv2=False, rsv3=False)
DEBUG:websockets.protocol:client - event = data_received(<6 bytes>)
DEBUG:websockets.protocol:client < Frame(fin=True, opcode=10, data=b'\xcfFN?', rsv1=False, rsv2=False, rsv3=False)
DEBUG:websockets.protocol:client - received solicited pong: cf464e3f
DEBUG:websockets.protocol:client - event = data_received(<2 bytes>)
DEBUG:websockets.protocol:client < Frame(fin=True, opcode=9, data=b'', rsv1=False, rsv2=False, rsv3=False)
DEBUG:websockets.protocol:client - received ping, sending pong: [empty]
DEBUG:websockets.protocol:client > Frame(fin=True, opcode=10, data=b'', rsv1=False, rsv2=False, rsv3=False)
DEBUG:websockets.protocol:client - event = data_received(<2 bytes>)
DEBUG:websockets.protocol:client < Frame(fin=True, opcode=9, data=b'', rsv1=False, rsv2=False, rsv3=False)
DEBUG:websockets.protocol:client - received ping, sending pong: [empty]
DEBUG:websockets.protocol:client > Frame(fin=True, opcode=10, data=b'', rsv1=False, rsv2=False, rsv3=False)
DEBUG:websockets.protocol:client - event = data_received(<2 bytes>)
DEBUG:websockets.protocol:client < Frame(fin=True, opcode=9, data=b'', rsv1=False, rsv2=False, rsv3=False)
DEBUG:websockets.protocol:client - received ping, sending pong: [empty]
DEBUG:websockets.protocol:client > Frame(fin=True, opcode=10, data=b'', rsv1=False, rsv2=False, rsv3=False)
DEBUG:websockets.protocol:client - event = data_received(<2 bytes>)
DEBUG:websockets.protocol:client < Frame(fin=True, opcode=9, data=b'', rsv1=False, rsv2=False, rsv3=False)
DEBUG:websockets.protocol:client - received ping, sending pong: [empty]
DEBUG:websockets.protocol:client > Frame(fin=True, opcode=10, data=b'', rsv1=False, rsv2=False, rsv3=False)
DEBUG:websockets.protocol:client - event = data_received(<2 bytes>)
DEBUG:websockets.protocol:client < Frame(fin=True, opcode=9, data=b'', rsv1=False, rsv2=False, rsv3=False)
DEBUG:websockets.protocol:client - received ping, sending pong: [empty]
DEBUG:websockets.protocol:client > Frame(fin=True, opcode=10, data=b'', rsv1=False, rsv2=False, rsv3=False)
DEBUG:websockets.protocol:client - event = data_received(<2 bytes>)
DEBUG:websockets.protocol:client < Frame(fin=True, opcode=9, data=b'', rsv1=False, rsv2=False, rsv3=False)
DEBUG:websockets.protocol:client - received ping, sending pong: [empty]
DEBUG:websockets.protocol:client > Frame(fin=True, opcode=10, data=b'', rsv1=False, rsv2=False, rsv3=False)
DEBUG:websockets.protocol:client > Frame(fin=True, opcode=9, data=b'\xe0=\xe1\xce', rsv1=False, rsv2=False, rsv3=False)
DEBUG:websockets.protocol:client - event = data_received(<6 bytes>)
DEBUG:websockets.protocol:client < Frame(fin=True, opcode=10, data=b'\xe0=\xe1\xce', rsv1=False, rsv2=False, rsv3=False)
DEBUG:websockets.protocol:client - received solicited pong: e03de1ce
DEBUG:websockets.protocol:client - event = data_received(<2 bytes>)
DEBUG:websockets.protocol:client < Frame(fin=True, opcode=9, data=b'', rsv1=False, rsv2=False, rsv3=False)
DEBUG:websockets.protocol:client - received ping, sending pong: [empty]
DEBUG:websockets.protocol:client > Frame(fin=True, opcode=10, data=b'', rsv1=False, rsv2=False, rsv3=False)
DEBUG:websockets.protocol:client > Frame(fin=True, opcode=9, data=b'Ql\xaa\x01', rsv1=False, rsv2=False, rsv3=False)
DEBUG:websockets.protocol:client - event = data_received(<6 bytes>)
DEBUG:websockets.protocol:client < Frame(fin=True, opcode=10, data=b'Ql\xaa\x01', rsv1=False, rsv2=False, rsv3=False)
DEBUG:websockets.protocol:client - received solicited pong: 516caa01
DEBUG:websockets.protocol:client - event = data_received(<2 bytes>)
DEBUG:websockets.protocol:client < Frame(fin=True, opcode=9, data=b'', rsv1=False, rsv2=False, rsv3=False)
DEBUG:websockets.protocol:client - received ping, sending pong: [empty]
DEBUG:websockets.protocol:client > Frame(fin=True, opcode=10, data=b'', rsv1=False, rsv2=False, rsv3=False)
DEBUG:websockets.protocol:client - event = data_received(<2 bytes>)
DEBUG:websockets.protocol:client < Frame(fin=True, opcode=9, data=b'', rsv1=False, rsv2=False, rsv3=False)
DEBUG:websockets.protocol:client - received ping, sending pong: [empty]
DEBUG:websockets.protocol:client > Frame(fin=True, opcode=10, data=b'', rsv1=False, rsv2=False, rsv3=False)
DEBUG:websockets.protocol:client - event = data_received(<2 bytes>)
DEBUG:websockets.protocol:client < Frame(fin=True, opcode=9, data=b'', rsv1=False, rsv2=False, rsv3=False)
DEBUG:websockets.protocol:client - received ping, sending pong: [empty]
DEBUG:websockets.protocol:client > Frame(fin=True, opcode=10, data=b'', rsv1=False, rsv2=False, rsv3=False)
DEBUG:websockets.protocol:client - event = data_received(<2 bytes>)
DEBUG:websockets.protocol:client < Frame(fin=True, opcode=9, data=b'', rsv1=False, rsv2=False, rsv3=False)
DEBUG:websockets.protocol:client - received ping, sending pong: [empty]
DEBUG:websockets.protocol:client > Frame(fin=True, opcode=10, data=b'', rsv1=False, rsv2=False, rsv3=False)
DEBUG:websockets.protocol:client > Frame(fin=True, opcode=9, data=b'\xdf\xc8\xea<', rsv1=False, rsv2=False, rsv3=False)
DEBUG:websockets.protocol:client - event = data_received(<6 bytes>)
DEBUG:websockets.protocol:client < Frame(fin=True, opcode=10, data=b'\xdf\xc8\xea<', rsv1=False, rsv2=False, rsv3=False)
DEBUG:websockets.protocol:client - received solicited pong: dfc8ea3c
DEBUG:websockets.protocol:client - event = data_received(<2 bytes>)
DEBUG:websockets.protocol:client < Frame(fin=True, opcode=9, data=b'', rsv1=False, rsv2=False, rsv3=False)
DEBUG:websockets.protocol:client - received ping, sending pong: [empty]
DEBUG:websockets.protocol:client > Frame(fin=True, opcode=10, data=b'', rsv1=False, rsv2=False, rsv3=False)
DEBUG:websockets.protocol:client - event = data_received(<2 bytes>)
DEBUG:websockets.protocol:client < Frame(fin=True, opcode=9, data=b'', rsv1=False, rsv2=False, rsv3=False)
DEBUG:websockets.protocol:client - received ping, sending pong: [empty]
DEBUG:websockets.protocol:client > Frame(fin=True, opcode=10, data=b'', rsv1=False, rsv2=False, rsv3=False)
DEBUG:websockets.protocol:client - event = data_received(<2 bytes>)
DEBUG:websockets.protocol:client < Frame(fin=True, opcode=9, data=b'', rsv1=False, rsv2=False, rsv3=False)
DEBUG:websockets.protocol:client - received ping, sending pong: [empty]
DEBUG:websockets.protocol:client > Frame(fin=True, opcode=10, data=b'', rsv1=False, rsv2=False, rsv3=False)
DEBUG:websockets.protocol:client - event = data_received(<2 bytes>)
DEBUG:websockets.protocol:client < Frame(fin=True, opcode=9, data=b'', rsv1=False, rsv2=False, rsv3=False)
DEBUG:websockets.protocol:client - received ping, sending pong: [empty]
DEBUG:websockets.protocol:client > Frame(fin=True, opcode=10, data=b'', rsv1=False, rsv2=False, rsv3=False)
DEBUG:websockets.protocol:client > Frame(fin=True, opcode=9, data=b'!w\xda\\', rsv1=False, rsv2=False, rsv3=False)
DEBUG:websockets.protocol:client - event = data_received(<6 bytes>)
DEBUG:websockets.protocol:client < Frame(fin=True, opcode=10, data=b'!w\xda\\', rsv1=False, rsv2=False, rsv3=False)
DEBUG:websockets.protocol:client - received solicited pong: 2177da5c
DEBUG:websockets.protocol:client - event = data_received(<2 bytes>)
DEBUG:websockets.protocol:client < Frame(fin=True, opcode=9, data=b'', rsv1=False, rsv2=False, rsv3=False)
DEBUG:websockets.protocol:client - received ping, sending pong: [empty]
DEBUG:websockets.protocol:client > Frame(fin=True, opcode=10, data=b'', rsv1=False, rsv2=False, rsv3=False)
DEBUG:websockets.protocol:client > Frame(fin=True, opcode=9, data=b'\xc7h\x9f\x99', rsv1=False, rsv2=False, rsv3=False)
DEBUG:websockets.protocol:client - event = data_received(<6 bytes>)
DEBUG:websockets.protocol:client < Frame(fin=True, opcode=10, data=b'\xc7h\x9f\x99', rsv1=False, rsv2=False, rsv3=False)
DEBUG:websockets.protocol:client - received solicited pong: c7689f99
DEBUG:websockets.protocol:client - event = data_received(<2 bytes>)
DEBUG:websockets.protocol:client < Frame(fin=True, opcode=9, data=b'', rsv1=False, rsv2=False, rsv3=False)
DEBUG:websockets.protocol:client - received ping, sending pong: [empty]
DEBUG:websockets.protocol:client > Frame(fin=True, opcode=10, data=b'', rsv1=False, rsv2=False, rsv3=False)
DEBUG:websockets.protocol:client - event = data_received(<2 bytes>)
DEBUG:websockets.protocol:client < Frame(fin=True, opcode=9, data=b'', rsv1=False, rsv2=False, rsv3=False)
DEBUG:websockets.protocol:client - received ping, sending pong: [empty]
DEBUG:websockets.protocol:client > Frame(fin=True, opcode=10, data=b'', rsv1=False, rsv2=False, rsv3=False)
DEBUG:websockets.protocol:client - event = data_received(<2 bytes>)
DEBUG:websockets.protocol:client < Frame(fin=True, opcode=9, data=b'', rsv1=False, rsv2=False, rsv3=False)
DEBUG:websockets.protocol:client - received ping, sending pong: [empty]
DEBUG:websockets.protocol:client > Frame(fin=True, opcode=10, data=b'', rsv1=False, rsv2=False, rsv3=False)
DEBUG:websockets.protocol:client - event = data_received(<2 bytes>)
DEBUG:websockets.protocol:client < Frame(fin=True, opcode=9, data=b'', rsv1=False, rsv2=False, rsv3=False)
DEBUG:websockets.protocol:client - received ping, sending pong: [empty]
DEBUG:websockets.protocol:client > Frame(fin=True, opcode=10, data=b'', rsv1=False, rsv2=False, rsv3=False)
DEBUG:websockets.protocol:client - event = data_received(<2 bytes>)
DEBUG:websockets.protocol:client < Frame(fin=True, opcode=9, data=b'', rsv1=False, rsv2=False, rsv3=False)
DEBUG:websockets.protocol:client - received ping, sending pong: [empty]
DEBUG:websockets.protocol:client > Frame(fin=True, opcode=10, data=b'', rsv1=False, rsv2=False, rsv3=False)
DEBUG:websockets.protocol:client > Frame(fin=True, opcode=9, data=b'\xe3\xaa\xbe9', rsv1=False, rsv2=False, rsv3=False)
DEBUG:websockets.protocol:client - event = data_received(<6 bytes>)
DEBUG:websockets.protocol:client < Frame(fin=True, opcode=10, data=b'\xe3\xaa\xbe9', rsv1=False, rsv2=False, rsv3=False)
DEBUG:websockets.protocol:client - received solicited pong: e3aabe39
DEBUG:websockets.protocol:client - event = data_received(<2 bytes>)
DEBUG:websockets.protocol:client < Frame(fin=True, opcode=9, data=b'', rsv1=False, rsv2=False, rsv3=False)
DEBUG:websockets.protocol:client - received ping, sending pong: [empty]
DEBUG:websockets.protocol:client > Frame(fin=True, opcode=10, data=b'', rsv1=False, rsv2=False, rsv3=False)
DEBUG:websockets.protocol:client - event = data_received(<2 bytes>)
DEBUG:websockets.protocol:client < Frame(fin=True, opcode=9, data=b'', rsv1=False, rsv2=False, rsv3=False)
DEBUG:websockets.protocol:client - received ping, sending pong: [empty]
DEBUG:websockets.protocol:client > Frame(fin=True, opcode=10, data=b'', rsv1=False, rsv2=False, rsv3=False)
DEBUG:websockets.protocol:client > Frame(fin=True, opcode=9, data=b'\xf3\xa5o\x04', rsv1=False, rsv2=False, rsv3=False)
DEBUG:websockets.protocol:client - event = data_received(<6 bytes>)
DEBUG:websockets.protocol:client < Frame(fin=True, opcode=10, data=b'\xf3\xa5o\x04', rsv1=False, rsv2=False, rsv3=False)
DEBUG:websockets.protocol:client - received solicited pong: f3a56f04
DEBUG:websockets.protocol:client - event = data_received(<2 bytes>)
DEBUG:websockets.protocol:client < Frame(fin=True, opcode=9, data=b'', rsv1=False, rsv2=False, rsv3=False)
DEBUG:websockets.protocol:client - received ping, sending pong: [empty]
DEBUG:websockets.protocol:client > Frame(fin=True, opcode=10, data=b'', rsv1=False, rsv2=False, rsv3=False)
DEBUG:websockets.protocol:client - event = data_received(<2 bytes>)
DEBUG:websockets.protocol:client < Frame(fin=True, opcode=9, data=b'', rsv1=False, rsv2=False, rsv3=False)
DEBUG:websockets.protocol:client - received ping, sending pong: [empty]
DEBUG:websockets.protocol:client > Frame(fin=True, opcode=10, data=b'', rsv1=False, rsv2=False, rsv3=False)
DEBUG:websockets.protocol:client - event = data_received(<2 bytes>)
DEBUG:websockets.protocol:client < Frame(fin=True, opcode=9, data=b'', rsv1=False, rsv2=False, rsv3=False)
DEBUG:websockets.protocol:client - received ping, sending pong: [empty]
DEBUG:websockets.protocol:client > Frame(fin=True, opcode=10, data=b'', rsv1=False, rsv2=False, rsv3=False)
DEBUG:websockets.protocol:client - event = data_received(<2 bytes>)
DEBUG:websockets.protocol:client < Frame(fin=True, opcode=9, data=b'', rsv1=False, rsv2=False, rsv3=False)
DEBUG:websockets.protocol:client - received ping, sending pong: [empty]
DEBUG:websockets.protocol:client > Frame(fin=True, opcode=10, data=b'', rsv1=False, rsv2=False, rsv3=False)
DEBUG:websockets.protocol:client - event = data_received(<2 bytes>)
DEBUG:websockets.protocol:client < Frame(fin=True, opcode=9, data=b'', rsv1=False, rsv2=False, rsv3=False)
DEBUG:websockets.protocol:client - received ping, sending pong: [empty]
DEBUG:websockets.protocol:client > Frame(fin=True, opcode=10, data=b'', rsv1=False, rsv2=False, rsv3=False)
DEBUG:websockets.protocol:client > Frame(fin=True, opcode=9, data=b'\x90\x8aL\xc9', rsv1=False, rsv2=False, rsv3=False)
DEBUG:websockets.protocol:client - event = data_received(<6 bytes>)
DEBUG:websockets.protocol:client < Frame(fin=True, opcode=10, data=b'\x90\x8aL\xc9', rsv1=False, rsv2=False, rsv3=False)
DEBUG:websockets.protocol:client - received solicited pong: 908a4cc9
DEBUG:websockets.protocol:client - event = data_received(<2 bytes>)
DEBUG:websockets.protocol:client < Frame(fin=True, opcode=9, data=b'', rsv1=False, rsv2=False, rsv3=False)
DEBUG:websockets.protocol:client - received ping, sending pong: [empty]
DEBUG:websockets.protocol:client > Frame(fin=True, opcode=10, data=b'', rsv1=False, rsv2=False, rsv3=False)
DEBUG:websockets.protocol:client - event = data_received(<2 bytes>)
DEBUG:websockets.protocol:client < Frame(fin=True, opcode=9, data=b'', rsv1=False, rsv2=False, rsv3=False)
DEBUG:websockets.protocol:client - received ping, sending pong: [empty]
DEBUG:websockets.protocol:client > Frame(fin=True, opcode=10, data=b'', rsv1=False, rsv2=False, rsv3=False)
DEBUG:websockets.protocol:client - event = data_received(<2 bytes>)
DEBUG:websockets.protocol:client < Frame(fin=True, opcode=9, data=b'', rsv1=False, rsv2=False, rsv3=False)
DEBUG:websockets.protocol:client - received ping, sending pong: [empty]
DEBUG:websockets.protocol:client > Frame(fin=True, opcode=10, data=b'', rsv1=False, rsv2=False, rsv3=False)
DEBUG:websockets.protocol:client - event = data_received(<2 bytes>)
DEBUG:websockets.protocol:client < Frame(fin=True, opcode=9, data=b'', rsv1=False, rsv2=False, rsv3=False)
DEBUG:websockets.protocol:client - received ping, sending pong: [empty]
DEBUG:websockets.protocol:client > Frame(fin=True, opcode=10, data=b'', rsv1=False, rsv2=False, rsv3=False)
DEBUG:websockets.protocol:client - event = data_received(<2 bytes>)
DEBUG:websockets.protocol:client < Frame(fin=True, opcode=9, data=b'', rsv1=False, rsv2=False, rsv3=False)
DEBUG:websockets.protocol:client - received ping, sending pong: [empty]
DEBUG:websockets.protocol:client > Frame(fin=True, opcode=10, data=b'', rsv1=False, rsv2=False, rsv3=False)
DEBUG:websockets.protocol:client > Frame(fin=True, opcode=9, data=b')\x94~O', rsv1=False, rsv2=False, rsv3=False)
DEBUG:websockets.protocol:client - event = data_received(<6 bytes>)
DEBUG:websockets.protocol:client < Frame(fin=True, opcode=10, data=b')\x94~O', rsv1=False, rsv2=False, rsv3=False)
DEBUG:websockets.protocol:client - received solicited pong: 29947e4f
DEBUG:websockets.protocol:client - event = data_received(<2 bytes>)
DEBUG:websockets.protocol:client < Frame(fin=True, opcode=9, data=b'', rsv1=False, rsv2=False, rsv3=False)
DEBUG:websockets.protocol:client - received ping, sending pong: [empty]
DEBUG:websockets.protocol:client > Frame(fin=True, opcode=10, data=b'', rsv1=False, rsv2=False, rsv3=False)
DEBUG:websockets.protocol:client - event = data_received(<2 bytes>)
DEBUG:websockets.protocol:client < Frame(fin=True, opcode=9, data=b'', rsv1=False, rsv2=False, rsv3=False)
DEBUG:websockets.protocol:client - received ping, sending pong: [empty]
DEBUG:websockets.protocol:client > Frame(fin=True, opcode=10, data=b'', rsv1=False, rsv2=False, rsv3=False)
DEBUG:websockets.protocol:client > Frame(fin=True, opcode=9, data=b'd\x0c}\x8d', rsv1=False, rsv2=False, rsv3=False)
DEBUG:websockets.protocol:client - event = data_received(<6 bytes>)
DEBUG:websockets.protocol:client < Frame(fin=True, opcode=10, data=b'd\x0c}\x8d', rsv1=False, rsv2=False, rsv3=False)
DEBUG:websockets.protocol:client - received solicited pong: 640c7d8d
DEBUG:websockets.protocol:client - event = data_received(<2 bytes>)
DEBUG:websockets.protocol:client < Frame(fin=True, opcode=9, data=b'', rsv1=False, rsv2=False, rsv3=False)
DEBUG:websockets.protocol:client - received ping, sending pong: [empty]
DEBUG:websockets.protocol:client > Frame(fin=True, opcode=10, data=b'', rsv1=False, rsv2=False, rsv3=False)
DEBUG:websockets.protocol:client - event = data_received(<2 bytes>)
DEBUG:websockets.protocol:client < Frame(fin=True, opcode=9, data=b'', rsv1=False, rsv2=False, rsv3=False)
DEBUG:websockets.protocol:client - received ping, sending pong: [empty]
DEBUG:websockets.protocol:client > Frame(fin=True, opcode=10, data=b'', rsv1=False, rsv2=False, rsv3=False)
DEBUG:websockets.protocol:client - event = data_received(<2 bytes>)
DEBUG:websockets.protocol:client < Frame(fin=True, opcode=9, data=b'', rsv1=False, rsv2=False, rsv3=False)
DEBUG:websockets.protocol:client - received ping, sending pong: [empty]
DEBUG:websockets.protocol:client > Frame(fin=True, opcode=10, data=b'', rsv1=False, rsv2=False, rsv3=False)
DEBUG:websockets.protocol:client - event = data_received(<2 bytes>)
DEBUG:websockets.protocol:client < Frame(fin=True, opcode=9, data=b'', rsv1=False, rsv2=False, rsv3=False)
DEBUG:websockets.protocol:client - received ping, sending pong: [empty]
DEBUG:websockets.protocol:client > Frame(fin=True, opcode=10, data=b'', rsv1=False, rsv2=False, rsv3=False)
DEBUG:websockets.protocol:client - event = data_received(<2 bytes>)
DEBUG:websockets.protocol:client < Frame(fin=True, opcode=9, data=b'', rsv1=False, rsv2=False, rsv3=False)
DEBUG:websockets.protocol:client - received ping, sending pong: [empty]
DEBUG:websockets.protocol:client > Frame(fin=True, opcode=10, data=b'', rsv1=False, rsv2=False, rsv3=False)
DEBUG:websockets.protocol:client > Frame(fin=True, opcode=9, data=b'\xf5?\xfb\x1c', rsv1=False, rsv2=False, rsv3=False)
DEBUG:websockets.protocol:client - event = data_received(<6 bytes>)
DEBUG:websockets.protocol:client < Frame(fin=True, opcode=10, data=b'\xf5?\xfb\x1c', rsv1=False, rsv2=False, rsv3=False)
DEBUG:websockets.protocol:client - received solicited pong: f53ffb1c
DEBUG:websockets.protocol:client - event = data_received(<2 bytes>)
DEBUG:websockets.protocol:client < Frame(fin=True, opcode=9, data=b'', rsv1=False, rsv2=False, rsv3=False)
DEBUG:websockets.protocol:client - received ping, sending pong: [empty]
DEBUG:websockets.protocol:client > Frame(fin=True, opcode=10, data=b'', rsv1=False, rsv2=False, rsv3=False)
DEBUG:websockets.protocol:client > Frame(fin=True, opcode=9, data=b'F\xba\x14\xbf', rsv1=False, rsv2=False, rsv3=False)
DEBUG:websockets.protocol:client - event = data_received(<6 bytes>)
DEBUG:websockets.protocol:client < Frame(fin=True, opcode=10, data=b'F\xba\x14\xbf', rsv1=False, rsv2=False, rsv3=False)
DEBUG:websockets.protocol:client - received solicited pong: 46ba14bf
DEBUG:websockets.protocol:client - event = data_received(<2 bytes>)
DEBUG:websockets.protocol:client < Frame(fin=True, opcode=9, data=b'', rsv1=False, rsv2=False, rsv3=False)
DEBUG:websockets.protocol:client - received ping, sending pong: [empty]
DEBUG:websockets.protocol:client > Frame(fin=True, opcode=10, data=b'', rsv1=False, rsv2=False, rsv3=False)
DEBUG:websockets.protocol:client - event = data_received(<2 bytes>)
DEBUG:websockets.protocol:client < Frame(fin=True, opcode=9, data=b'', rsv1=False, rsv2=False, rsv3=False)
DEBUG:websockets.protocol:client - received ping, sending pong: [empty]
DEBUG:websockets.protocol:client > Frame(fin=True, opcode=10, data=b'', rsv1=False, rsv2=False, rsv3=False)
DEBUG:websockets.protocol:client - event = data_received(<2 bytes>)
DEBUG:websockets.protocol:client < Frame(fin=True, opcode=9, data=b'', rsv1=False, rsv2=False, rsv3=False)
DEBUG:websockets.protocol:client - received ping, sending pong: [empty]
DEBUG:websockets.protocol:client > Frame(fin=True, opcode=10, data=b'', rsv1=False, rsv2=False, rsv3=False)
DEBUG:websockets.protocol:client - event = data_received(<2 bytes>)
DEBUG:websockets.protocol:client < Frame(fin=True, opcode=9, data=b'', rsv1=False, rsv2=False, rsv3=False)
DEBUG:websockets.protocol:client - received ping, sending pong: [empty]
DEBUG:websockets.protocol:client > Frame(fin=True, opcode=10, data=b'', rsv1=False, rsv2=False, rsv3=False)
DEBUG:websockets.protocol:client - event = data_received(<2 bytes>)
DEBUG:websockets.protocol:client < Frame(fin=True, opcode=9, data=b'', rsv1=False, rsv2=False, rsv3=False)
DEBUG:websockets.protocol:client - received ping, sending pong: [empty]
DEBUG:websockets.protocol:client > Frame(fin=True, opcode=10, data=b'', rsv1=False, rsv2=False, rsv3=False)
DEBUG:websockets.protocol:client > Frame(fin=True, opcode=9, data=b'B\xee\x8e\x93', rsv1=False, rsv2=False, rsv3=False)
DEBUG:websockets.protocol:client - event = data_received(<6 bytes>)
DEBUG:websockets.protocol:client < Frame(fin=True, opcode=10, data=b'B\xee\x8e\x93', rsv1=False, rsv2=False, rsv3=False)
DEBUG:websockets.protocol:client - received solicited pong: 42ee8e93
DEBUG:websockets.protocol:client - event = data_received(<2 bytes>)
DEBUG:websockets.protocol:client < Frame(fin=True, opcode=9, data=b'', rsv1=False, rsv2=False, rsv3=False)
DEBUG:websockets.protocol:client - received ping, sending pong: [empty]
DEBUG:websockets.protocol:client > Frame(fin=True, opcode=10, data=b'', rsv1=False, rsv2=False, rsv3=False)
DEBUG:websockets.protocol:client - event = data_received(<2 bytes>)
DEBUG:websockets.protocol:client < Frame(fin=True, opcode=9, data=b'', rsv1=False, rsv2=False, rsv3=False)
DEBUG:websockets.protocol:client - received ping, sending pong: [empty]
DEBUG:websockets.protocol:client > Frame(fin=True, opcode=10, data=b'', rsv1=False, rsv2=False, rsv3=False)
DEBUG:websockets.protocol:client - event = data_received(<2 bytes>)
DEBUG:websockets.protocol:client < Frame(fin=True, opcode=9, data=b'', rsv1=False, rsv2=False, rsv3=False)
DEBUG:websockets.protocol:client - received ping, sending pong: [empty]
DEBUG:websockets.protocol:client > Frame(fin=True, opcode=10, data=b'', rsv1=False, rsv2=False, rsv3=False)
DEBUG:websockets.protocol:client - event = data_received(<2 bytes>)
DEBUG:websockets.protocol:client < Frame(fin=True, opcode=9, data=b'', rsv1=False, rsv2=False, rsv3=False)
DEBUG:websockets.protocol:client - received ping, sending pong: [empty]
DEBUG:websockets.protocol:client > Frame(fin=True, opcode=10, data=b'', rsv1=False, rsv2=False, rsv3=False)
DEBUG:websockets.protocol:client - event = data_received(<2 bytes>)
DEBUG:websockets.protocol:client < Frame(fin=True, opcode=9, data=b'', rsv1=False, rsv2=False, rsv3=False)
DEBUG:websockets.protocol:client - received ping, sending pong: [empty]
DEBUG:websockets.protocol:client > Frame(fin=True, opcode=10, data=b'', rsv1=False, rsv2=False, rsv3=False)
DEBUG:websockets.protocol:client > Frame(fin=True, opcode=9, data=b'\xdb\xa3\xa9\xa8', rsv1=False, rsv2=False, rsv3=False)
DEBUG:websockets.protocol:client - event = data_received(<6 bytes>)
DEBUG:websockets.protocol:client < Frame(fin=True, opcode=10, data=b'\xdb\xa3\xa9\xa8', rsv1=False, rsv2=False, rsv3=False)
DEBUG:websockets.protocol:client - received solicited pong: dba3a9a8
DEBUG:websockets.protocol:client - event = data_received(<2 bytes>)
DEBUG:websockets.protocol:client < Frame(fin=True, opcode=9, data=b'', rsv1=False, rsv2=False, rsv3=False)
DEBUG:websockets.protocol:client - received ping, sending pong: [empty]
DEBUG:websockets.protocol:client > Frame(fin=True, opcode=10, data=b'', rsv1=False, rsv2=False, rsv3=False)
DEBUG:websockets.protocol:client > Frame(fin=True, opcode=9, data=b'yr\x9f]', rsv1=False, rsv2=False, rsv3=False)
DEBUG:websockets.protocol:client - event = data_received(<6 bytes>)
DEBUG:websockets.protocol:client < Frame(fin=True, opcode=10, data=b'yr\x9f]', rsv1=False, rsv2=False, rsv3=False)
DEBUG:websockets.protocol:client - received solicited pong: 79729f5d
DEBUG:websockets.protocol:client - event = data_received(<2 bytes>)
DEBUG:websockets.protocol:client < Frame(fin=True, opcode=9, data=b'', rsv1=False, rsv2=False, rsv3=False)
DEBUG:websockets.protocol:client - received ping, sending pong: [empty]
DEBUG:websockets.protocol:client > Frame(fin=True, opcode=10, data=b'', rsv1=False, rsv2=False, rsv3=False)
DEBUG:websockets.protocol:client - event = data_received(<2 bytes>)
DEBUG:websockets.protocol:client < Frame(fin=True, opcode=9, data=b'', rsv1=False, rsv2=False, rsv3=False)
DEBUG:websockets.protocol:client - received ping, sending pong: [empty]
DEBUG:websockets.protocol:client > Frame(fin=True, opcode=10, data=b'', rsv1=False, rsv2=False, rsv3=False)
DEBUG:websockets.protocol:client - event = data_received(<2 bytes>)
DEBUG:websockets.protocol:client < Frame(fin=True, opcode=9, data=b'', rsv1=False, rsv2=False, rsv3=False)
DEBUG:websockets.protocol:client - received ping, sending pong: [empty]
DEBUG:websockets.protocol:client > Frame(fin=True, opcode=10, data=b'', rsv1=False, rsv2=False, rsv3=False)
DEBUG:websockets.protocol:client - event = data_received(<2 bytes>)
DEBUG:websockets.protocol:client < Frame(fin=True, opcode=9, data=b'', rsv1=False, rsv2=False, rsv3=False)
DEBUG:websockets.protocol:client - received ping, sending pong: [empty]
DEBUG:websockets.protocol:client > Frame(fin=True, opcode=10, data=b'', rsv1=False, rsv2=False, rsv3=False)
DEBUG:websockets.protocol:client - event = data_received(<2 bytes>)
DEBUG:websockets.protocol:client < Frame(fin=True, opcode=9, data=b'', rsv1=False, rsv2=False, rsv3=False)
DEBUG:websockets.protocol:client - received ping, sending pong: [empty]
DEBUG:websockets.protocol:client > Frame(fin=True, opcode=10, data=b'', rsv1=False, rsv2=False, rsv3=False)
DEBUG:websockets.protocol:client - event = data_received(<2 bytes>)
DEBUG:websockets.protocol:client < Frame(fin=True, opcode=9, data=b'', rsv1=False, rsv2=False, rsv3=False)
DEBUG:websockets.protocol:client - received ping, sending pong: [empty]
DEBUG:websockets.protocol:client > Frame(fin=True, opcode=10, data=b'', rsv1=False, rsv2=False, rsv3=False)
DEBUG:websockets.protocol:client > Frame(fin=True, opcode=9, data=b'K\x8b\xc8`', rsv1=False, rsv2=False, rsv3=False)
DEBUG:websockets.protocol:client - event = data_received(<6 bytes>)
DEBUG:websockets.protocol:client < Frame(fin=True, opcode=10, data=b'K\x8b\xc8`', rsv1=False, rsv2=False, rsv3=False)
DEBUG:websockets.protocol:client - received solicited pong: 4b8bc860
DEBUG:websockets.protocol:client - event = data_received(<2 bytes>)
DEBUG:websockets.protocol:client < Frame(fin=True, opcode=9, data=b'', rsv1=False, rsv2=False, rsv3=False)
DEBUG:websockets.protocol:client - received ping, sending pong: [empty]
DEBUG:websockets.protocol:client > Frame(fin=True, opcode=10, data=b'', rsv1=False, rsv2=False, rsv3=False)
DEBUG:websockets.protocol:client > Frame(fin=True, opcode=9, data=b'\x91\x94%\xeb', rsv1=False, rsv2=False, rsv3=False)
DEBUG:websockets.protocol:client - event = data_received(<6 bytes>)
DEBUG:websockets.protocol:client < Frame(fin=True, opcode=10, data=b'\x91\x94%\xeb', rsv1=False, rsv2=False, rsv3=False)
DEBUG:websockets.protocol:client - received solicited pong: 919425eb
DEBUG:websockets.protocol:client - event = data_received(<2 bytes>)
DEBUG:websockets.protocol:client < Frame(fin=True, opcode=9, data=b'', rsv1=False, rsv2=False, rsv3=False)
DEBUG:websockets.protocol:client - received ping, sending pong: [empty]
DEBUG:websockets.protocol:client > Frame(fin=True, opcode=10, data=b'', rsv1=False, rsv2=False, rsv3=False)
DEBUG:websockets.protocol:client - event = data_received(<2 bytes>)
DEBUG:websockets.protocol:client < Frame(fin=True, opcode=9, data=b'', rsv1=False, rsv2=False, rsv3=False)
DEBUG:websockets.protocol:client - received ping, sending pong: [empty]
DEBUG:websockets.protocol:client > Frame(fin=True, opcode=10, data=b'', rsv1=False, rsv2=False, rsv3=False)
DEBUG:websockets.protocol:client - event = data_received(<2 bytes>)
DEBUG:websockets.protocol:client < Frame(fin=True, opcode=9, data=b'', rsv1=False, rsv2=False, rsv3=False)
DEBUG:websockets.protocol:client - received ping, sending pong: [empty]
DEBUG:websockets.protocol:client > Frame(fin=True, opcode=10, data=b'', rsv1=False, rsv2=False, rsv3=False)
DEBUG:websockets.protocol:client - event = data_received(<2 bytes>)
DEBUG:websockets.protocol:client < Frame(fin=True, opcode=9, data=b'', rsv1=False, rsv2=False, rsv3=False)
DEBUG:websockets.protocol:client - received ping, sending pong: [empty]
DEBUG:websockets.protocol:client > Frame(fin=True, opcode=10, data=b'', rsv1=False, rsv2=False, rsv3=False)
DEBUG:websockets.protocol:client > Frame(fin=True, opcode=9, data=b'\xd1\x87\xb4\x9c', rsv1=False, rsv2=False, rsv3=False)
DEBUG:websockets.protocol:client - event = data_received(<6 bytes>)
DEBUG:websockets.protocol:client < Frame(fin=True, opcode=10, data=b'\xd1\x87\xb4\x9c', rsv1=False, rsv2=False, rsv3=False)
DEBUG:websockets.protocol:client - received solicited pong: d187b49c
DEBUG:websockets.protocol:client - event = data_received(<2 bytes>)
DEBUG:websockets.protocol:client < Frame(fin=True, opcode=9, data=b'', rsv1=False, rsv2=False, rsv3=False)
DEBUG:websockets.protocol:client - received ping, sending pong: [empty]
DEBUG:websockets.protocol:client > Frame(fin=True, opcode=10, data=b'', rsv1=False, rsv2=False, rsv3=False)
DEBUG:websockets.protocol:client - event = data_received(<2 bytes>)
DEBUG:websockets.protocol:client < Frame(fin=True, opcode=9, data=b'', rsv1=False, rsv2=False, rsv3=False)
DEBUG:websockets.protocol:client - received ping, sending pong: [empty]
DEBUG:websockets.protocol:client > Frame(fin=True, opcode=10, data=b'', rsv1=False, rsv2=False, rsv3=False)
DEBUG:websockets.protocol:client - event = data_received(<2 bytes>)
DEBUG:websockets.protocol:client < Frame(fin=True, opcode=9, data=b'', rsv1=False, rsv2=False, rsv3=False)
DEBUG:websockets.protocol:client - received ping, sending pong: [empty]
DEBUG:websockets.protocol:client > Frame(fin=True, opcode=10, data=b'', rsv1=False, rsv2=False, rsv3=False)
DEBUG:websockets.protocol:client > Frame(fin=True, opcode=9, data=b'\xe7\xc0\xc2\xa4', rsv1=False, rsv2=False, rsv3=False)
DEBUG:websockets.protocol:client - event = data_received(<6 bytes>)
DEBUG:websockets.protocol:client < Frame(fin=True, opcode=10, data=b'\xe7\xc0\xc2\xa4', rsv1=False, rsv2=False, rsv3=False)
DEBUG:websockets.protocol:client - received solicited pong: e7c0c2a4
DEBUG:websockets.protocol:client - event = data_received(<2 bytes>)
DEBUG:websockets.protocol:client < Frame(fin=True, opcode=9, data=b'', rsv1=False, rsv2=False, rsv3=False)
DEBUG:websockets.protocol:client - received ping, sending pong: [empty]
DEBUG:websockets.protocol:client > Frame(fin=True, opcode=10, data=b'', rsv1=False, rsv2=False, rsv3=False)
DEBUG:websockets.protocol:client - event = data_received(<2 bytes>)
DEBUG:websockets.protocol:client < Frame(fin=True, opcode=9, data=b'', rsv1=False, rsv2=False, rsv3=False)
DEBUG:websockets.protocol:client - received ping, sending pong: [empty]
DEBUG:websockets.protocol:client > Frame(fin=True, opcode=10, data=b'', rsv1=False, rsv2=False, rsv3=False)
DEBUG:websockets.protocol:client > Frame(fin=True, opcode=9, data=b'\x91\xad.p', rsv1=False, rsv2=False, rsv3=False)
DEBUG:websockets.protocol:client - event = data_received(<6 bytes>)
DEBUG:websockets.protocol:client < Frame(fin=True, opcode=10, data=b'\x91\xad.p', rsv1=False, rsv2=False, rsv3=False)
DEBUG:websockets.protocol:client - received solicited pong: 91ad2e70
DEBUG:websockets.protocol:client - event = data_received(<2 bytes>)
DEBUG:websockets.protocol:client < Frame(fin=True, opcode=9, data=b'', rsv1=False, rsv2=False, rsv3=False)
DEBUG:websockets.protocol:client - received ping, sending pong: [empty]
DEBUG:websockets.protocol:client > Frame(fin=True, opcode=10, data=b'', rsv1=False, rsv2=False, rsv3=False)
DEBUG:websockets.protocol:client - event = data_received(<2 bytes>)
DEBUG:websockets.protocol:client < Frame(fin=True, opcode=9, data=b'', rsv1=False, rsv2=False, rsv3=False)
DEBUG:websockets.protocol:client - received ping, sending pong: [empty]
DEBUG:websockets.protocol:client > Frame(fin=True, opcode=10, data=b'', rsv1=False, rsv2=False, rsv3=False)
DEBUG:websockets.protocol:client - event = data_received(<2 bytes>)
DEBUG:websockets.protocol:client < Frame(fin=True, opcode=9, data=b'', rsv1=False, rsv2=False, rsv3=False)
DEBUG:websockets.protocol:client - received ping, sending pong: [empty]
DEBUG:websockets.protocol:client > Frame(fin=True, opcode=10, data=b'', rsv1=False, rsv2=False, rsv3=False)
DEBUG:websockets.protocol:client - event = data_received(<2 bytes>)
DEBUG:websockets.protocol:client < Frame(fin=True, opcode=9, data=b'', rsv1=False, rsv2=False, rsv3=False)
DEBUG:websockets.protocol:client - received ping, sending pong: [empty]
DEBUG:websockets.protocol:client > Frame(fin=True, opcode=10, data=b'', rsv1=False, rsv2=False, rsv3=False)
DEBUG:websockets.protocol:client - event = data_received(<2 bytes>)
DEBUG:websockets.protocol:client < Frame(fin=True, opcode=9, data=b'', rsv1=False, rsv2=False, rsv3=False)
DEBUG:websockets.protocol:client - received ping, sending pong: [empty]
DEBUG:websockets.protocol:client > Frame(fin=True, opcode=10, data=b'', rsv1=False, rsv2=False, rsv3=False)
DEBUG:websockets.protocol:client - event = data_received(<2 bytes>)
DEBUG:websockets.protocol:client < Frame(fin=True, opcode=9, data=b'', rsv1=False, rsv2=False, rsv3=False)
DEBUG:websockets.protocol:client - received ping, sending pong: [empty]
DEBUG:websockets.protocol:client > Frame(fin=True, opcode=10, data=b'', rsv1=False, rsv2=False, rsv3=False)
DEBUG:websockets.protocol:client > Frame(fin=True, opcode=9, data=b') 5\xc5', rsv1=False, rsv2=False, rsv3=False)
DEBUG:websockets.protocol:client - event = data_received(<6 bytes>)
DEBUG:websockets.protocol:client < Frame(fin=True, opcode=10, data=b') 5\xc5', rsv1=False, rsv2=False, rsv3=False)
DEBUG:websockets.protocol:client - received solicited pong: 292035c5
DEBUG:websockets.protocol:client - event = data_received(<2 bytes>)
DEBUG:websockets.protocol:client < Frame(fin=True, opcode=9, data=b'', rsv1=False, rsv2=False, rsv3=False)
DEBUG:websockets.protocol:client - received ping, sending pong: [empty]
DEBUG:websockets.protocol:client > Frame(fin=True, opcode=10, data=b'', rsv1=False, rsv2=False, rsv3=False)
DEBUG:websockets.protocol:client > Frame(fin=True, opcode=9, data=b'\xf11\x9cP', rsv1=False, rsv2=False, rsv3=False)
DEBUG:websockets.protocol:client - event = data_received(<6 bytes>)
DEBUG:websockets.protocol:client < Frame(fin=True, opcode=10, data=b'\xf11\x9cP', rsv1=False, rsv2=False, rsv3=False)
DEBUG:websockets.protocol:client - received solicited pong: f1319c50
DEBUG:websockets.protocol:client - event = data_received(<2 bytes>)
DEBUG:websockets.protocol:client < Frame(fin=True, opcode=9, data=b'', rsv1=False, rsv2=False, rsv3=False)
DEBUG:websockets.protocol:client - received ping, sending pong: [empty]
DEBUG:websockets.protocol:client > Frame(fin=True, opcode=10, data=b'', rsv1=False, rsv2=False, rsv3=False)
DEBUG:websockets.protocol:client - event = data_received(<2 bytes>)
DEBUG:websockets.protocol:client < Frame(fin=True, opcode=9, data=b'', rsv1=False, rsv2=False, rsv3=False)
DEBUG:websockets.protocol:client - received ping, sending pong: [empty]
DEBUG:websockets.protocol:client > Frame(fin=True, opcode=10, data=b'', rsv1=False, rsv2=False, rsv3=False)
DEBUG:websockets.protocol:client - event = data_received(<2 bytes>)
DEBUG:websockets.protocol:client < Frame(fin=True, opcode=9, data=b'', rsv1=False, rsv2=False, rsv3=False)
DEBUG:websockets.protocol:client - received ping, sending pong: [empty]
DEBUG:websockets.protocol:client > Frame(fin=True, opcode=10, data=b'', rsv1=False, rsv2=False, rsv3=False)
DEBUG:websockets.protocol:client - event = data_received(<2 bytes>)
DEBUG:websockets.protocol:client < Frame(fin=True, opcode=9, data=b'', rsv1=False, rsv2=False, rsv3=False)
DEBUG:websockets.protocol:client - received ping, sending pong: [empty]
DEBUG:websockets.protocol:client > Frame(fin=True, opcode=10, data=b'', rsv1=False, rsv2=False, rsv3=False)
DEBUG:websockets.protocol:client - event = data_received(<2 bytes>)
DEBUG:websockets.protocol:client < Frame(fin=True, opcode=9, data=b'', rsv1=False, rsv2=False, rsv3=False)
DEBUG:websockets.protocol:client - received ping, sending pong: [empty]
DEBUG:websockets.protocol:client > Frame(fin=True, opcode=10, data=b'', rsv1=False, rsv2=False, rsv3=False)
DEBUG:websockets.protocol:client > Frame(fin=True, opcode=9, data=b'\x95f\x10\x83', rsv1=False, rsv2=False, rsv3=False)
DEBUG:websockets.protocol:client - event = data_received(<6 bytes>)
DEBUG:websockets.protocol:client < Frame(fin=True, opcode=10, data=b'\x95f\x10\x83', rsv1=False, rsv2=False, rsv3=False)
DEBUG:websockets.protocol:client - received solicited pong: 95661083
DEBUG:websockets.protocol:client - event = data_received(<2 bytes>)
DEBUG:websockets.protocol:client < Frame(fin=True, opcode=9, data=b'', rsv1=False, rsv2=False, rsv3=False)
DEBUG:websockets.protocol:client - received ping, sending pong: [empty]
DEBUG:websockets.protocol:client > Frame(fin=True, opcode=10, data=b'', rsv1=False, rsv2=False, rsv3=False)
DEBUG:websockets.protocol:client - event = data_received(<2 bytes>)
DEBUG:websockets.protocol:client < Frame(fin=True, opcode=9, data=b'', rsv1=False, rsv2=False, rsv3=False)
DEBUG:websockets.protocol:client - received ping, sending pong: [empty]
DEBUG:websockets.protocol:client > Frame(fin=True, opcode=10, data=b'', rsv1=False, rsv2=False, rsv3=False)
DEBUG:websockets.protocol:client - event = data_received(<2 bytes>)
DEBUG:websockets.protocol:client < Frame(fin=True, opcode=9, data=b'', rsv1=False, rsv2=False, rsv3=False)
DEBUG:websockets.protocol:client - received ping, sending pong: [empty]
DEBUG:websockets.protocol:client > Frame(fin=True, opcode=10, data=b'', rsv1=False, rsv2=False, rsv3=False)
DEBUG:websockets.protocol:client - event = data_received(<2 bytes>)
DEBUG:websockets.protocol:client < Frame(fin=True, opcode=9, data=b'', rsv1=False, rsv2=False, rsv3=False)
DEBUG:websockets.protocol:client - received ping, sending pong: [empty]
DEBUG:websockets.protocol:client > Frame(fin=True, opcode=10, data=b'', rsv1=False, rsv2=False, rsv3=False)
DEBUG:websockets.protocol:client > Frame(fin=True, opcode=9, data=b'\xabO\xcd\x8f', rsv1=False, rsv2=False, rsv3=False)
DEBUG:websockets.protocol:client - event = data_received(<6 bytes>)
DEBUG:websockets.protocol:client < Frame(fin=True, opcode=10, data=b'\xabO\xcd\x8f', rsv1=False, rsv2=False, rsv3=False)
DEBUG:websockets.protocol:client - received solicited pong: ab4fcd8f
DEBUG:websockets.protocol:client - event = data_received(<2 bytes>)
DEBUG:websockets.protocol:client < Frame(fin=True, opcode=9, data=b'', rsv1=False, rsv2=False, rsv3=False)
DEBUG:websockets.protocol:client - received ping, sending pong: [empty]
DEBUG:websockets.protocol:client > Frame(fin=True, opcode=10, data=b'', rsv1=False, rsv2=False, rsv3=False)
DEBUG:websockets.protocol:client > Frame(fin=True, opcode=9, data=b'\xa8b)\x80', rsv1=False, rsv2=False, rsv3=False)
DEBUG:websockets.protocol:client - event = data_received(<6 bytes>)
DEBUG:websockets.protocol:client < Frame(fin=True, opcode=10, data=b'\xa8b)\x80', rsv1=False, rsv2=False, rsv3=False)
DEBUG:websockets.protocol:client - received solicited pong: a8622980
DEBUG:websockets.protocol:client - event = data_received(<2 bytes>)
DEBUG:websockets.protocol:client < Frame(fin=True, opcode=9, data=b'', rsv1=False, rsv2=False, rsv3=False)
DEBUG:websockets.protocol:client - received ping, sending pong: [empty]
DEBUG:websockets.protocol:client > Frame(fin=True, opcode=10, data=b'', rsv1=False, rsv2=False, rsv3=False)
DEBUG:websockets.protocol:client - event = data_received(<2 bytes>)
DEBUG:websockets.protocol:client < Frame(fin=True, opcode=9, data=b'', rsv1=False, rsv2=False, rsv3=False)
DEBUG:websockets.protocol:client - received ping, sending pong: [empty]
DEBUG:websockets.protocol:client > Frame(fin=True, opcode=10, data=b'', rsv1=False, rsv2=False, rsv3=False)
DEBUG:websockets.protocol:client - event = data_received(<2 bytes>)
DEBUG:websockets.protocol:client < Frame(fin=True, opcode=9, data=b'', rsv1=False, rsv2=False, rsv3=False)
DEBUG:websockets.protocol:client - received ping, sending pong: [empty]
DEBUG:websockets.protocol:client > Frame(fin=True, opcode=10, data=b'', rsv1=False, rsv2=False, rsv3=False)
DEBUG:websockets.protocol:client - event = data_received(<2 bytes>)
DEBUG:websockets.protocol:client < Frame(fin=True, opcode=9, data=b'', rsv1=False, rsv2=False, rsv3=False)
DEBUG:websockets.protocol:client - received ping, sending pong: [empty]
DEBUG:websockets.protocol:client > Frame(fin=True, opcode=10, data=b'', rsv1=False, rsv2=False, rsv3=False)
DEBUG:websockets.protocol:client - event = data_received(<2 bytes>)
DEBUG:websockets.protocol:client < Frame(fin=True, opcode=9, data=b'', rsv1=False, rsv2=False, rsv3=False)
DEBUG:websockets.protocol:client - received ping, sending pong: [empty]
DEBUG:websockets.protocol:client > Frame(fin=True, opcode=10, data=b'', rsv1=False, rsv2=False, rsv3=False)
DEBUG:websockets.protocol:client - event = data_received(<2 bytes>)
DEBUG:websockets.protocol:client < Frame(fin=True, opcode=9, data=b'', rsv1=False, rsv2=False, rsv3=False)
DEBUG:websockets.protocol:client - received ping, sending pong: [empty]
DEBUG:websockets.protocol:client > Frame(fin=True, opcode=10, data=b'', rsv1=False, rsv2=False, rsv3=False)
DEBUG:websockets.protocol:client > Frame(fin=True, opcode=9, data=b'\xcfr\x90j', rsv1=False, rsv2=False, rsv3=False)
DEBUG:websockets.protocol:client - event = data_received(<6 bytes>)
DEBUG:websockets.protocol:client < Frame(fin=True, opcode=10, data=b'\xcfr\x90j', rsv1=False, rsv2=False, rsv3=False)
DEBUG:websockets.protocol:client - received solicited pong: cf72906a
DEBUG:websockets.protocol:client - event = data_received(<2 bytes>)
DEBUG:websockets.protocol:client < Frame(fin=True, opcode=9, data=b'', rsv1=False, rsv2=False, rsv3=False)
DEBUG:websockets.protocol:client - received ping, sending pong: [empty]
DEBUG:websockets.protocol:client > Frame(fin=True, opcode=10, data=b'', rsv1=False, rsv2=False, rsv3=False)
DEBUG:websockets.protocol:client > Frame(fin=True, opcode=9, data=b'\x97\xd3\x85\xbe', rsv1=False, rsv2=False, rsv3=False)
DEBUG:websockets.protocol:client - event = data_received(<6 bytes>)
DEBUG:websockets.protocol:client < Frame(fin=True, opcode=10, data=b'\x97\xd3\x85\xbe', rsv1=False, rsv2=False, rsv3=False)
DEBUG:websockets.protocol:client - received solicited pong: 97d385be
DEBUG:websockets.protocol:client - event = data_received(<2 bytes>)
DEBUG:websockets.protocol:client < Frame(fin=True, opcode=9, data=b'', rsv1=False, rsv2=False, rsv3=False)
DEBUG:websockets.protocol:client - received ping, sending pong: [empty]
DEBUG:websockets.protocol:client > Frame(fin=True, opcode=10, data=b'', rsv1=False, rsv2=False, rsv3=False)
DEBUG:websockets.protocol:client - event = data_received(<2 bytes>)
DEBUG:websockets.protocol:client < Frame(fin=True, opcode=9, data=b'', rsv1=False, rsv2=False, rsv3=False)
DEBUG:websockets.protocol:client - received ping, sending pong: [empty]
DEBUG:websockets.protocol:client > Frame(fin=True, opcode=10, data=b'', rsv1=False, rsv2=False, rsv3=False)
DEBUG:websockets.protocol:client - event = data_received(<2 bytes>)
DEBUG:websockets.protocol:client < Frame(fin=True, opcode=9, data=b'', rsv1=False, rsv2=False, rsv3=False)
DEBUG:websockets.protocol:client - received ping, sending pong: [empty]
DEBUG:websockets.protocol:client > Frame(fin=True, opcode=10, data=b'', rsv1=False, rsv2=False, rsv3=False)
DEBUG:websockets.protocol:client - event = data_received(<2 bytes>)
DEBUG:websockets.protocol:client < Frame(fin=True, opcode=9, data=b'', rsv1=False, rsv2=False, rsv3=False)
DEBUG:websockets.protocol:client - received ping, sending pong: [empty]
DEBUG:websockets.protocol:client > Frame(fin=True, opcode=10, data=b'', rsv1=False, rsv2=False, rsv3=False)
DEBUG:websockets.protocol:client - event = data_received(<2 bytes>)
DEBUG:websockets.protocol:client < Frame(fin=True, opcode=9, data=b'', rsv1=False, rsv2=False, rsv3=False)
DEBUG:websockets.protocol:client - received ping, sending pong: [empty]
DEBUG:websockets.protocol:client > Frame(fin=True, opcode=10, data=b'', rsv1=False, rsv2=False, rsv3=False)
DEBUG:websockets.protocol:client > Frame(fin=True, opcode=9, data=b'a\xe1\x9d_', rsv1=False, rsv2=False, rsv3=False)
DEBUG:websockets.protocol:client - event = data_received(<6 bytes>)
DEBUG:websockets.protocol:client < Frame(fin=True, opcode=10, data=b'a\xe1\x9d_', rsv1=False, rsv2=False, rsv3=False)
DEBUG:websockets.protocol:client - received solicited pong: 61e19d5f
DEBUG:websockets.protocol:client - event = data_received(<2 bytes>)
DEBUG:websockets.protocol:client < Frame(fin=True, opcode=9, data=b'', rsv1=False, rsv2=False, rsv3=False)
DEBUG:websockets.protocol:client - received ping, sending pong: [empty]
DEBUG:websockets.protocol:client > Frame(fin=True, opcode=10, data=b'', rsv1=False, rsv2=False, rsv3=False)
DEBUG:websockets.protocol:client - event = data_received(<2 bytes>)
DEBUG:websockets.protocol:client < Frame(fin=True, opcode=9, data=b'', rsv1=False, rsv2=False, rsv3=False)
DEBUG:websockets.protocol:client - received ping, sending pong: [empty]
DEBUG:websockets.protocol:client > Frame(fin=True, opcode=10, data=b'', rsv1=False, rsv2=False, rsv3=False)
DEBUG:websockets.protocol:client - event = data_received(<2 bytes>)
DEBUG:websockets.protocol:client < Frame(fin=True, opcode=9, data=b'', rsv1=False, rsv2=False, rsv3=False)
DEBUG:websockets.protocol:client - received ping, sending pong: [empty]
DEBUG:websockets.protocol:client > Frame(fin=True, opcode=10, data=b'', rsv1=False, rsv2=False, rsv3=False)
DEBUG:websockets.protocol:client > Frame(fin=True, opcode=9, data=b'6\xe8\xe7\x7f', rsv1=False, rsv2=False, rsv3=False)
DEBUG:websockets.protocol:client - event = data_received(<6 bytes>)
DEBUG:websockets.protocol:client < Frame(fin=True, opcode=10, data=b'6\xe8\xe7\x7f', rsv1=False, rsv2=False, rsv3=False)
DEBUG:websockets.protocol:client - received solicited pong: 36e8e77f
DEBUG:websockets.protocol:client - event = data_received(<2 bytes>)
DEBUG:websockets.protocol:client < Frame(fin=True, opcode=9, data=b'', rsv1=False, rsv2=False, rsv3=False)
DEBUG:websockets.protocol:client - received ping, sending pong: [empty]
DEBUG:websockets.protocol:client > Frame(fin=True, opcode=10, data=b'', rsv1=False, rsv2=False, rsv3=False)
DEBUG:websockets.protocol:client > Frame(fin=True, opcode=9, data=b'\xb9\x888\x80', rsv1=False, rsv2=False, rsv3=False)
DEBUG:websockets.protocol:client - event = data_received(<2 bytes>)
DEBUG:websockets.protocol:client < Frame(fin=True, opcode=9, data=b'', rsv1=False, rsv2=False, rsv3=False)
DEBUG:websockets.protocol:client - received ping, sending pong: [empty]
DEBUG:websockets.protocol:client > Frame(fin=True, opcode=10, data=b'', rsv1=False, rsv2=False, rsv3=False)
DEBUG:websockets.protocol:client - event = data_received(<6 bytes>)
DEBUG:websockets.protocol:client < Frame(fin=True, opcode=10, data=b'\xb9\x888\x80', rsv1=False, rsv2=False, rsv3=False)
DEBUG:websockets.protocol:client - received solicited pong: b9883880
DEBUG:websockets.protocol:client - event = data_received(<2 bytes>)
DEBUG:websockets.protocol:client < Frame(fin=True, opcode=9, data=b'', rsv1=False, rsv2=False, rsv3=False)
DEBUG:websockets.protocol:client - received ping, sending pong: [empty]
DEBUG:websockets.protocol:client > Frame(fin=True, opcode=10, data=b'', rsv1=False, rsv2=False, rsv3=False)
DEBUG:websockets.protocol:client - event = data_received(<2 bytes>)
DEBUG:websockets.protocol:client < Frame(fin=True, opcode=9, data=b'', rsv1=False, rsv2=False, rsv3=False)
DEBUG:websockets.protocol:client - received ping, sending pong: [empty]
DEBUG:websockets.protocol:client > Frame(fin=True, opcode=10, data=b'', rsv1=False, rsv2=False, rsv3=False)
DEBUG:websockets.protocol:client - event = data_received(<2 bytes>)
DEBUG:websockets.protocol:client < Frame(fin=True, opcode=9, data=b'', rsv1=False, rsv2=False, rsv3=False)
DEBUG:websockets.protocol:client - received ping, sending pong: [empty]
DEBUG:websockets.protocol:client > Frame(fin=True, opcode=10, data=b'', rsv1=False, rsv2=False, rsv3=False)
DEBUG:websockets.protocol:client - event = data_received(<2 bytes>)
DEBUG:websockets.protocol:client < Frame(fin=True, opcode=9, data=b'', rsv1=False, rsv2=False, rsv3=False)
DEBUG:websockets.protocol:client - received ping, sending pong: [empty]
DEBUG:websockets.protocol:client > Frame(fin=True, opcode=10, data=b'', rsv1=False, rsv2=False, rsv3=False)
DEBUG:websockets.protocol:client - event = data_received(<2 bytes>)
DEBUG:websockets.protocol:client < Frame(fin=True, opcode=9, data=b'', rsv1=False, rsv2=False, rsv3=False)
DEBUG:websockets.protocol:client - received ping, sending pong: [empty]
DEBUG:websockets.protocol:client > Frame(fin=True, opcode=10, data=b'', rsv1=False, rsv2=False, rsv3=False)
DEBUG:websockets.protocol:client - event = data_received(<2 bytes>)
DEBUG:websockets.protocol:client < Frame(fin=True, opcode=9, data=b'', rsv1=False, rsv2=False, rsv3=False)
DEBUG:websockets.protocol:client - received ping, sending pong: [empty]
DEBUG:websockets.protocol:client > Frame(fin=True, opcode=10, data=b'', rsv1=False, rsv2=False, rsv3=False)
DEBUG:websockets.protocol:client > Frame(fin=True, opcode=9, data=b'\x84\xdc\xea\t', rsv1=False, rsv2=False, rsv3=False)
DEBUG:websockets.protocol:client - event = data_received(<6 bytes>)
DEBUG:websockets.protocol:client < Frame(fin=True, opcode=10, data=b'\x84\xdc\xea\t', rsv1=False, rsv2=False, rsv3=False)
DEBUG:websockets.protocol:client - received solicited pong: 84dcea09
DEBUG:websockets.protocol:client - event = data_received(<2 bytes>)
DEBUG:websockets.protocol:client < Frame(fin=True, opcode=9, data=b'', rsv1=False, rsv2=False, rsv3=False)
DEBUG:websockets.protocol:client - received ping, sending pong: [empty]
DEBUG:websockets.protocol:client > Frame(fin=True, opcode=10, data=b'', rsv1=False, rsv2=False, rsv3=False)
DEBUG:websockets.protocol:client > Frame(fin=True, opcode=9, data=b'\x04\xdcS\xf0', rsv1=False, rsv2=False, rsv3=False)
DEBUG:websockets.protocol:client - event = data_received(<6 bytes>)
DEBUG:websockets.protocol:client < Frame(fin=True, opcode=10, data=b'\x04\xdcS\xf0', rsv1=False, rsv2=False, rsv3=False)
DEBUG:websockets.protocol:client - received solicited pong: 04dc53f0
DEBUG:websockets.protocol:client - event = data_received(<2 bytes>)
DEBUG:websockets.protocol:client < Frame(fin=True, opcode=9, data=b'', rsv1=False, rsv2=False, rsv3=False)
DEBUG:websockets.protocol:client - received ping, sending pong: [empty]
DEBUG:websockets.protocol:client > Frame(fin=True, opcode=10, data=b'', rsv1=False, rsv2=False, rsv3=False)
DEBUG:websockets.protocol:client - event = data_received(<2 bytes>)
DEBUG:websockets.protocol:client < Frame(fin=True, opcode=9, data=b'', rsv1=False, rsv2=False, rsv3=False)
DEBUG:websockets.protocol:client - received ping, sending pong: [empty]
DEBUG:websockets.protocol:client > Frame(fin=True, opcode=10, data=b'', rsv1=False, rsv2=False, rsv3=False)
DEBUG:websockets.protocol:client - event = data_received(<2 bytes>)
DEBUG:websockets.protocol:client < Frame(fin=True, opcode=9, data=b'', rsv1=False, rsv2=False, rsv3=False)
DEBUG:websockets.protocol:client - received ping, sending pong: [empty]
DEBUG:websockets.protocol:client > Frame(fin=True, opcode=10, data=b'', rsv1=False, rsv2=False, rsv3=False)
DEBUG:websockets.protocol:client - event = data_received(<2 bytes>)
DEBUG:websockets.protocol:client < Frame(fin=True, opcode=9, data=b'', rsv1=False, rsv2=False, rsv3=False)
DEBUG:websockets.protocol:client - received ping, sending pong: [empty]
DEBUG:websockets.protocol:client > Frame(fin=True, opcode=10, data=b'', rsv1=False, rsv2=False, rsv3=False)
DEBUG:websockets.protocol:client > Frame(fin=True, opcode=9, data=b'\xa4\xa0\x08\xe4', rsv1=False, rsv2=False, rsv3=False)
DEBUG:websockets.protocol:client - event = data_received(<6 bytes>)
DEBUG:websockets.protocol:client < Frame(fin=True, opcode=10, data=b'\xa4\xa0\x08\xe4', rsv1=False, rsv2=False, rsv3=False)
DEBUG:websockets.protocol:client - received solicited pong: a4a008e4
DEBUG:websockets.protocol:client - event = data_received(<2 bytes>)
DEBUG:websockets.protocol:client < Frame(fin=True, opcode=9, data=b'', rsv1=False, rsv2=False, rsv3=False)
DEBUG:websockets.protocol:client - received ping, sending pong: [empty]
DEBUG:websockets.protocol:client > Frame(fin=True, opcode=10, data=b'', rsv1=False, rsv2=False, rsv3=False)
DEBUG:websockets.protocol:client - event = data_received(<2 bytes>)
DEBUG:websockets.protocol:client < Frame(fin=True, opcode=9, data=b'', rsv1=False, rsv2=False, rsv3=False)
DEBUG:websockets.protocol:client - received ping, sending pong: [empty]
DEBUG:websockets.protocol:client > Frame(fin=True, opcode=10, data=b'', rsv1=False, rsv2=False, rsv3=False)
DEBUG:websockets.protocol:client - event = data_received(<2 bytes>)
DEBUG:websockets.protocol:client < Frame(fin=True, opcode=9, data=b'', rsv1=False, rsv2=False, rsv3=False)
DEBUG:websockets.protocol:client - received ping, sending pong: [empty]
DEBUG:websockets.protocol:client > Frame(fin=True, opcode=10, data=b'', rsv1=False, rsv2=False, rsv3=False)
DEBUG:websockets.protocol:client - event = data_received(<2 bytes>)
DEBUG:websockets.protocol:client < Frame(fin=True, opcode=9, data=b'', rsv1=False, rsv2=False, rsv3=False)
DEBUG:websockets.protocol:client - received ping, sending pong: [empty]
DEBUG:websockets.protocol:client > Frame(fin=True, opcode=10, data=b'', rsv1=False, rsv2=False, rsv3=False)
DEBUG:websockets.protocol:client > Frame(fin=True, opcode=9, data=b'\x92\xe1\x8aJ', rsv1=False, rsv2=False, rsv3=False)
DEBUG:websockets.protocol:client - event = data_received(<6 bytes>)
DEBUG:websockets.protocol:client < Frame(fin=True, opcode=10, data=b'\x92\xe1\x8aJ', rsv1=False, rsv2=False, rsv3=False)
DEBUG:websockets.protocol:client - received solicited pong: 92e18a4a
DEBUG:websockets.protocol:client - event = data_received(<2 bytes>)
DEBUG:websockets.protocol:client < Frame(fin=True, opcode=9, data=b'', rsv1=False, rsv2=False, rsv3=False)
DEBUG:websockets.protocol:client - received ping, sending pong: [empty]
DEBUG:websockets.protocol:client > Frame(fin=True, opcode=10, data=b'', rsv1=False, rsv2=False, rsv3=False)
DEBUG:websockets.protocol:client - event = data_received(<2 bytes>)
DEBUG:websockets.protocol:client < Frame(fin=True, opcode=9, data=b'', rsv1=False, rsv2=False, rsv3=False)
DEBUG:websockets.protocol:client - received ping, sending pong: [empty]
DEBUG:websockets.protocol:client > Frame(fin=True, opcode=10, data=b'', rsv1=False, rsv2=False, rsv3=False)
DEBUG:websockets.protocol:client - event = data_received(<2 bytes>)
DEBUG:websockets.protocol:client < Frame(fin=True, opcode=9, data=b'', rsv1=False, rsv2=False, rsv3=False)
DEBUG:websockets.protocol:client - received ping, sending pong: [empty]
DEBUG:websockets.protocol:client > Frame(fin=True, opcode=10, data=b'', rsv1=False, rsv2=False, rsv3=False)
DEBUG:websockets.protocol:client > Frame(fin=True, opcode=9, data=b'!\x84\xdaX', rsv1=False, rsv2=False, rsv3=False)
DEBUG:websockets.protocol:client - event = data_received(<6 bytes>)
DEBUG:websockets.protocol:client < Frame(fin=True, opcode=10, data=b'!\x84\xdaX', rsv1=False, rsv2=False, rsv3=False)
DEBUG:websockets.protocol:client - received solicited pong: 2184da58
DEBUG:websockets.protocol:client - event = data_received(<2 bytes>)
DEBUG:websockets.protocol:client < Frame(fin=True, opcode=9, data=b'', rsv1=False, rsv2=False, rsv3=False)
DEBUG:websockets.protocol:client - received ping, sending pong: [empty]
DEBUG:websockets.protocol:client > Frame(fin=True, opcode=10, data=b'', rsv1=False, rsv2=False, rsv3=False)
DEBUG:websockets.protocol:client - event = data_received(<2 bytes>)
DEBUG:websockets.protocol:client < Frame(fin=True, opcode=9, data=b'', rsv1=False, rsv2=False, rsv3=False)
DEBUG:websockets.protocol:client - received ping, sending pong: [empty]
DEBUG:websockets.protocol:client > Frame(fin=True, opcode=10, data=b'', rsv1=False, rsv2=False, rsv3=False)
DEBUG:websockets.protocol:client - event = data_received(<2 bytes>)
DEBUG:websockets.protocol:client < Frame(fin=True, opcode=9, data=b'', rsv1=False, rsv2=False, rsv3=False)
DEBUG:websockets.protocol:client - received ping, sending pong: [empty]
DEBUG:websockets.protocol:client > Frame(fin=True, opcode=10, data=b'', rsv1=False, rsv2=False, rsv3=False)
DEBUG:websockets.protocol:client - event = data_received(<2 bytes>)
DEBUG:websockets.protocol:client < Frame(fin=True, opcode=9, data=b'', rsv1=False, rsv2=False, rsv3=False)
DEBUG:websockets.protocol:client - received ping, sending pong: [empty]
DEBUG:websockets.protocol:client > Frame(fin=True, opcode=10, data=b'', rsv1=False, rsv2=False, rsv3=False)
DEBUG:websockets.protocol:client - event = data_received(<2 bytes>)
DEBUG:websockets.protocol:client < Frame(fin=True, opcode=9, data=b'', rsv1=False, rsv2=False, rsv3=False)
DEBUG:websockets.protocol:client - received ping, sending pong: [empty]
DEBUG:websockets.protocol:client > Frame(fin=True, opcode=10, data=b'', rsv1=False, rsv2=False, rsv3=False)
DEBUG:websockets.protocol:client > Frame(fin=True, opcode=9, data=b'\xdfP\xa0\xe3', rsv1=False, rsv2=False, rsv3=False)
DEBUG:websockets.protocol:client - event = data_received(<6 bytes>)
DEBUG:websockets.protocol:client < Frame(fin=True, opcode=10, data=b'\xdfP\xa0\xe3', rsv1=False, rsv2=False, rsv3=False)
DEBUG:websockets.protocol:client - received solicited pong: df50a0e3
DEBUG:websockets.protocol:client > Frame(fin=True, opcode=9, data=b'\xea\x13\x05U', rsv1=False, rsv2=False, rsv3=False)
DEBUG:websockets.protocol:client - event = data_received(<2 bytes>)
DEBUG:websockets.protocol:client < Frame(fin=True, opcode=9, data=b'', rsv1=False, rsv2=False, rsv3=False)
DEBUG:websockets.protocol:client - received ping, sending pong: [empty]
DEBUG:websockets.protocol:client > Frame(fin=True, opcode=10, data=b'', rsv1=False, rsv2=False, rsv3=False)
DEBUG:websockets.protocol:client - event = data_received(<6 bytes>)
DEBUG:websockets.protocol:client < Frame(fin=True, opcode=10, data=b'\xea\x13\x05U', rsv1=False, rsv2=False, rsv3=False)
DEBUG:websockets.protocol:client - received solicited pong: ea130555
DEBUG:websockets.protocol:client - event = data_received(<2 bytes>)
DEBUG:websockets.protocol:client < Frame(fin=True, opcode=9, data=b'', rsv1=False, rsv2=False, rsv3=False)
DEBUG:websockets.protocol:client - received ping, sending pong: [empty]
DEBUG:websockets.protocol:client > Frame(fin=True, opcode=10, data=b'', rsv1=False, rsv2=False, rsv3=False)
DEBUG:websockets.protocol:client - event = data_received(<2 bytes>)
DEBUG:websockets.protocol:client < Frame(fin=True, opcode=9, data=b'', rsv1=False, rsv2=False, rsv3=False)
DEBUG:websockets.protocol:client - received ping, sending pong: [empty]
DEBUG:websockets.protocol:client > Frame(fin=True, opcode=10, data=b'', rsv1=False, rsv2=False, rsv3=False)
DEBUG:websockets.protocol:client - event = data_received(<2 bytes>)
DEBUG:websockets.protocol:client < Frame(fin=True, opcode=9, data=b'', rsv1=False, rsv2=False, rsv3=False)
DEBUG:websockets.protocol:client - received ping, sending pong: [empty]
DEBUG:websockets.protocol:client > Frame(fin=True, opcode=10, data=b'', rsv1=False, rsv2=False, rsv3=False)
DEBUG:websockets.protocol:client - event = data_received(<2 bytes>)
DEBUG:websockets.protocol:client < Frame(fin=True, opcode=9, data=b'', rsv1=False, rsv2=False, rsv3=False)
DEBUG:websockets.protocol:client - received ping, sending pong: [empty]
DEBUG:websockets.protocol:client > Frame(fin=True, opcode=10, data=b'', rsv1=False, rsv2=False, rsv3=False)
DEBUG:websockets.protocol:client > Frame(fin=True, opcode=9, data=b'^\x19&\x12', rsv1=False, rsv2=False, rsv3=False)
DEBUG:websockets.protocol:client - event = data_received(<6 bytes>)
DEBUG:websockets.protocol:client < Frame(fin=True, opcode=10, data=b'^\x19&\x12', rsv1=False, rsv2=False, rsv3=False)
DEBUG:websockets.protocol:client - received solicited pong: 5e192612
DEBUG:websockets.protocol:client - event = data_received(<2 bytes>)
DEBUG:websockets.protocol:client < Frame(fin=True, opcode=9, data=b'', rsv1=False, rsv2=False, rsv3=False)
DEBUG:websockets.protocol:client - received ping, sending pong: [empty]
DEBUG:websockets.protocol:client > Frame(fin=True, opcode=10, data=b'', rsv1=False, rsv2=False, rsv3=False)
DEBUG:websockets.protocol:client - event = data_received(<2 bytes>)
DEBUG:websockets.protocol:client < Frame(fin=True, opcode=9, data=b'', rsv1=False, rsv2=False, rsv3=False)
DEBUG:websockets.protocol:client - received ping, sending pong: [empty]
DEBUG:websockets.protocol:client > Frame(fin=True, opcode=10, data=b'', rsv1=False, rsv2=False, rsv3=False)
DEBUG:websockets.protocol:client - event = data_received(<2 bytes>)
DEBUG:websockets.protocol:client < Frame(fin=True, opcode=9, data=b'', rsv1=False, rsv2=False, rsv3=False)
DEBUG:websockets.protocol:client - received ping, sending pong: [empty]
DEBUG:websockets.protocol:client > Frame(fin=True, opcode=10, data=b'', rsv1=False, rsv2=False, rsv3=False)
DEBUG:websockets.protocol:client > Frame(fin=True, opcode=9, data=b'x\xa7"\x0c', rsv1=False, rsv2=False, rsv3=False)
DEBUG:websockets.protocol:client - event = data_received(<2 bytes>)
DEBUG:websockets.protocol:client < Frame(fin=True, opcode=9, data=b'', rsv1=False, rsv2=False, rsv3=False)
DEBUG:websockets.protocol:client - received ping, sending pong: [empty]
DEBUG:websockets.protocol:client > Frame(fin=True, opcode=10, data=b'', rsv1=False, rsv2=False, rsv3=False)
DEBUG:websockets.protocol:client - event = data_received(<6 bytes>)
DEBUG:websockets.protocol:client < Frame(fin=True, opcode=10, data=b'x\xa7"\x0c', rsv1=False, rsv2=False, rsv3=False)
DEBUG:websockets.protocol:client - received solicited pong: 78a7220c
DEBUG:websockets.protocol:client - event = data_received(<2 bytes>)
DEBUG:websockets.protocol:client < Frame(fin=True, opcode=9, data=b'', rsv1=False, rsv2=False, rsv3=False)
DEBUG:websockets.protocol:client - received ping, sending pong: [empty]
DEBUG:websockets.protocol:client > Frame(fin=True, opcode=10, data=b'', rsv1=False, rsv2=False, rsv3=False)
DEBUG:websockets.protocol:client - event = data_received(<2 bytes>)
DEBUG:websockets.protocol:client < Frame(fin=True, opcode=9, data=b'', rsv1=False, rsv2=False, rsv3=False)
DEBUG:websockets.protocol:client - received ping, sending pong: [empty]
DEBUG:websockets.protocol:client > Frame(fin=True, opcode=10, data=b'', rsv1=False, rsv2=False, rsv3=False)
DEBUG:websockets.protocol:client > Frame(fin=True, opcode=9, data=b'G\x11\xaf\x13', rsv1=False, rsv2=False, rsv3=False)
DEBUG:websockets.protocol:client - event = data_received(<6 bytes>)
DEBUG:websockets.protocol:client < Frame(fin=True, opcode=10, data=b'G\x11\xaf\x13', rsv1=False, rsv2=False, rsv3=False)
DEBUG:websockets.protocol:client - received solicited pong: 4711af13
DEBUG:websockets.protocol:client - event = data_received(<2 bytes>)
DEBUG:websockets.protocol:client < Frame(fin=True, opcode=9, data=b'', rsv1=False, rsv2=False, rsv3=False)
DEBUG:websockets.protocol:client - received ping, sending pong: [empty]
DEBUG:websockets.protocol:client > Frame(fin=True, opcode=10, data=b'', rsv1=False, rsv2=False, rsv3=False)
DEBUG:websockets.protocol:client - event = data_received(<2 bytes>)
DEBUG:websockets.protocol:client < Frame(fin=True, opcode=9, data=b'', rsv1=False, rsv2=False, rsv3=False)
DEBUG:websockets.protocol:client - received ping, sending pong: [empty]
DEBUG:websockets.protocol:client > Frame(fin=True, opcode=10, data=b'', rsv1=False, rsv2=False, rsv3=False)
DEBUG:websockets.protocol:client - event = data_received(<2 bytes>)
DEBUG:websockets.protocol:client < Frame(fin=True, opcode=9, data=b'', rsv1=False, rsv2=False, rsv3=False)
DEBUG:websockets.protocol:client - received ping, sending pong: [empty]
DEBUG:websockets.protocol:client > Frame(fin=True, opcode=10, data=b'', rsv1=False, rsv2=False, rsv3=False)
DEBUG:websockets.protocol:client - event = data_received(<2 bytes>)
DEBUG:websockets.protocol:client < Frame(fin=True, opcode=9, data=b'', rsv1=False, rsv2=False, rsv3=False)
DEBUG:websockets.protocol:client - received ping, sending pong: [empty]
DEBUG:websockets.protocol:client > Frame(fin=True, opcode=10, data=b'', rsv1=False, rsv2=False, rsv3=False)
DEBUG:websockets.protocol:client - event = data_received(<2 bytes>)
DEBUG:websockets.protocol:client < Frame(fin=True, opcode=9, data=b'', rsv1=False, rsv2=False, rsv3=False)
DEBUG:websockets.protocol:client - received ping, sending pong: [empty]
DEBUG:websockets.protocol:client > Frame(fin=True, opcode=10, data=b'', rsv1=False, rsv2=False, rsv3=False)
DEBUG:websockets.protocol:client - event = data_received(<2 bytes>)
DEBUG:websockets.protocol:client < Frame(fin=True, opcode=9, data=b'', rsv1=False, rsv2=False, rsv3=False)
DEBUG:websockets.protocol:client - received ping, sending pong: [empty]
DEBUG:websockets.protocol:client > Frame(fin=True, opcode=10, data=b'', rsv1=False, rsv2=False, rsv3=False)
DEBUG:websockets.protocol:client - event = data_received(<2 bytes>)
DEBUG:websockets.protocol:client < Frame(fin=True, opcode=9, data=b'', rsv1=False, rsv2=False, rsv3=False)
DEBUG:websockets.protocol:client - received ping, sending pong: [empty]
DEBUG:websockets.protocol:client > Frame(fin=True, opcode=10, data=b'', rsv1=False, rsv2=False, rsv3=False)
DEBUG:websockets.protocol:client - event = data_received(<2 bytes>)
DEBUG:websockets.protocol:client < Frame(fin=True, opcode=9, data=b'', rsv1=False, rsv2=False, rsv3=False)
DEBUG:websockets.protocol:client - received ping, sending pong: [empty]
DEBUG:websockets.protocol:client > Frame(fin=True, opcode=10, data=b'', rsv1=False, rsv2=False, rsv3=False)
DEBUG:websockets.protocol:client > Frame(fin=True, opcode=9, data=b'\xbe\x98*\xc1', rsv1=False, rsv2=False, rsv3=False)
DEBUG:websockets.protocol:client - event = data_received(<6 bytes>)
DEBUG:websockets.protocol:client < Frame(fin=True, opcode=10, data=b'\xbe\x98*\xc1', rsv1=False, rsv2=False, rsv3=False)
DEBUG:websockets.protocol:client - received solicited pong: be982ac1
DEBUG:websockets.protocol:client > Frame(fin=True, opcode=9, data=b'?=\xce\xc2', rsv1=False, rsv2=False, rsv3=False)
DEBUG:websockets.protocol:client - event = data_received(<6 bytes>)
DEBUG:websockets.protocol:client < Frame(fin=True, opcode=10, data=b'?=\xce\xc2', rsv1=False, rsv2=False, rsv3=False)
DEBUG:websockets.protocol:client - received solicited pong: 3f3dcec2
DEBUG:websockets.protocol:client - event = data_received(<2 bytes>)
DEBUG:websockets.protocol:client < Frame(fin=True, opcode=9, data=b'', rsv1=False, rsv2=False, rsv3=False)
DEBUG:websockets.protocol:client - received ping, sending pong: [empty]
DEBUG:websockets.protocol:client > Frame(fin=True, opcode=10, data=b'', rsv1=False, rsv2=False, rsv3=False)
DEBUG:websockets.protocol:client - event = data_received(<2 bytes>)
DEBUG:websockets.protocol:client < Frame(fin=True, opcode=9, data=b'', rsv1=False, rsv2=False, rsv3=False)
DEBUG:websockets.protocol:client - received ping, sending pong: [empty]
DEBUG:websockets.protocol:client > Frame(fin=True, opcode=10, data=b'', rsv1=False, rsv2=False, rsv3=False)
DEBUG:websockets.protocol:client - event = data_received(<2 bytes>)
DEBUG:websockets.protocol:client < Frame(fin=True, opcode=9, data=b'', rsv1=False, rsv2=False, rsv3=False)
DEBUG:websockets.protocol:client - received ping, sending pong: [empty]
DEBUG:websockets.protocol:client > Frame(fin=True, opcode=10, data=b'', rsv1=False, rsv2=False, rsv3=False)
DEBUG:websockets.protocol:client - event = data_received(<2 bytes>)
DEBUG:websockets.protocol:client < Frame(fin=True, opcode=9, data=b'', rsv1=False, rsv2=False, rsv3=False)
DEBUG:websockets.protocol:client - received ping, sending pong: [empty]
DEBUG:websockets.protocol:client > Frame(fin=True, opcode=10, data=b'', rsv1=False, rsv2=False, rsv3=False)
DEBUG:websockets.protocol:client - event = data_received(<2 bytes>)
DEBUG:websockets.protocol:client < Frame(fin=True, opcode=9, data=b'', rsv1=False, rsv2=False, rsv3=False)
DEBUG:websockets.protocol:client - received ping, sending pong: [empty]
DEBUG:websockets.protocol:client > Frame(fin=True, opcode=10, data=b'', rsv1=False, rsv2=False, rsv3=False)
DEBUG:websockets.protocol:client - event = data_received(<2 bytes>)
DEBUG:websockets.protocol:client < Frame(fin=True, opcode=9, data=b'', rsv1=False, rsv2=False, rsv3=False)
DEBUG:websockets.protocol:client - received ping, sending pong: [empty]
DEBUG:websockets.protocol:client > Frame(fin=True, opcode=10, data=b'', rsv1=False, rsv2=False, rsv3=False)
DEBUG:websockets.protocol:client - event = data_received(<2 bytes>)
DEBUG:websockets.protocol:client < Frame(fin=True, opcode=9, data=b'', rsv1=False, rsv2=False, rsv3=False)
DEBUG:websockets.protocol:client - received ping, sending pong: [empty]
DEBUG:websockets.protocol:client > Frame(fin=True, opcode=10, data=b'', rsv1=False, rsv2=False, rsv3=False)
DEBUG:websockets.protocol:client > Frame(fin=True, opcode=9, data=b'4\x08\xe1"', rsv1=False, rsv2=False, rsv3=False)
DEBUG:websockets.protocol:client - event = data_received(<6 bytes>)
DEBUG:websockets.protocol:client < Frame(fin=True, opcode=10, data=b'4\x08\xe1"', rsv1=False, rsv2=False, rsv3=False)
DEBUG:websockets.protocol:client - received solicited pong: 3408e122
DEBUG:websockets.protocol:client - event = data_received(<2 bytes>)
DEBUG:websockets.protocol:client < Frame(fin=True, opcode=9, data=b'', rsv1=False, rsv2=False, rsv3=False)
DEBUG:websockets.protocol:client - received ping, sending pong: [empty]
DEBUG:websockets.protocol:client > Frame(fin=True, opcode=10, data=b'', rsv1=False, rsv2=False, rsv3=False)
DEBUG:websockets.protocol:client - event = data_received(<2 bytes>)
DEBUG:websockets.protocol:client < Frame(fin=True, opcode=9, data=b'', rsv1=False, rsv2=False, rsv3=False)
DEBUG:websockets.protocol:client - received ping, sending pong: [empty]
DEBUG:websockets.protocol:client > Frame(fin=True, opcode=10, data=b'', rsv1=False, rsv2=False, rsv3=False)
DEBUG:websockets.protocol:client > Frame(fin=True, opcode=9, data=b'\\y\xa5\x8e', rsv1=False, rsv2=False, rsv3=False)
DEBUG:websockets.protocol:client - event = data_received(<6 bytes>)
DEBUG:websockets.protocol:client < Frame(fin=True, opcode=10, data=b'\\y\xa5\x8e', rsv1=False, rsv2=False, rsv3=False)
DEBUG:websockets.protocol:client - received solicited pong: 5c79a58e
DEBUG:websockets.protocol:client - event = data_received(<2 bytes>)
DEBUG:websockets.protocol:client < Frame(fin=True, opcode=9, data=b'', rsv1=False, rsv2=False, rsv3=False)
DEBUG:websockets.protocol:client - received ping, sending pong: [empty]
DEBUG:websockets.protocol:client > Frame(fin=True, opcode=10, data=b'', rsv1=False, rsv2=False, rsv3=False)
DEBUG:websockets.protocol:client - event = data_received(<2 bytes>)
DEBUG:websockets.protocol:client < Frame(fin=True, opcode=9, data=b'', rsv1=False, rsv2=False, rsv3=False)
DEBUG:websockets.protocol:client - received ping, sending pong: [empty]
DEBUG:websockets.protocol:client > Frame(fin=True, opcode=10, data=b'', rsv1=False, rsv2=False, rsv3=False)
DEBUG:websockets.protocol:client > Frame(fin=True, opcode=9, data=b'\xdc\xed>\x87', rsv1=False, rsv2=False, rsv3=False)
DEBUG:websockets.protocol:client - event = data_received(<6 bytes>)
DEBUG:websockets.protocol:client < Frame(fin=True, opcode=10, data=b'\xdc\xed>\x87', rsv1=False, rsv2=False, rsv3=False)
DEBUG:websockets.protocol:client - received solicited pong: dced3e87
DEBUG:websockets.protocol:client - event = data_received(<2 bytes>)
DEBUG:websockets.protocol:client < Frame(fin=True, opcode=9, data=b'', rsv1=False, rsv2=False, rsv3=False)
DEBUG:websockets.protocol:client - received ping, sending pong: [empty]
DEBUG:websockets.protocol:client > Frame(fin=True, opcode=10, data=b'', rsv1=False, rsv2=False, rsv3=False)
DEBUG:websockets.protocol:client - event = data_received(<2 bytes>)
DEBUG:websockets.protocol:client < Frame(fin=True, opcode=9, data=b'', rsv1=False, rsv2=False, rsv3=False)
DEBUG:websockets.protocol:client - received ping, sending pong: [empty]
DEBUG:websockets.protocol:client > Frame(fin=True, opcode=10, data=b'', rsv1=False, rsv2=False, rsv3=False)
DEBUG:websockets.protocol:client - event = data_received(<2 bytes>)
DEBUG:websockets.protocol:client < Frame(fin=True, opcode=9, data=b'', rsv1=False, rsv2=False, rsv3=False)
DEBUG:websockets.protocol:client - received ping, sending pong: [empty]
DEBUG:websockets.protocol:client > Frame(fin=True, opcode=10, data=b'', rsv1=False, rsv2=False, rsv3=False)
DEBUG:websockets.protocol:client - event = data_received(<2 bytes>)
DEBUG:websockets.protocol:client < Frame(fin=True, opcode=9, data=b'', rsv1=False, rsv2=False, rsv3=False)
DEBUG:websockets.protocol:client - received ping, sending pong: [empty]
DEBUG:websockets.protocol:client > Frame(fin=True, opcode=10, data=b'', rsv1=False, rsv2=False, rsv3=False)
DEBUG:websockets.protocol:client - event = data_received(<2 bytes>)
DEBUG:websockets.protocol:client < Frame(fin=True, opcode=9, data=b'', rsv1=False, rsv2=False, rsv3=False)
DEBUG:websockets.protocol:client - received ping, sending pong: [empty]
DEBUG:websockets.protocol:client > Frame(fin=True, opcode=10, data=b'', rsv1=False, rsv2=False, rsv3=False)
DEBUG:websockets.protocol:client - event = data_received(<2 bytes>)
DEBUG:websockets.protocol:client < Frame(fin=True, opcode=9, data=b'', rsv1=False, rsv2=False, rsv3=False)
DEBUG:websockets.protocol:client - received ping, sending pong: [empty]
DEBUG:websockets.protocol:client > Frame(fin=True, opcode=10, data=b'', rsv1=False, rsv2=False, rsv3=False)
DEBUG:websockets.protocol:client - event = data_received(<2 bytes>)
DEBUG:websockets.protocol:client < Frame(fin=True, opcode=9, data=b'', rsv1=False, rsv2=False, rsv3=False)
DEBUG:websockets.protocol:client - received ping, sending pong: [empty]
DEBUG:websockets.protocol:client > Frame(fin=True, opcode=10, data=b'', rsv1=False, rsv2=False, rsv3=False)
DEBUG:websockets.protocol:client > Frame(fin=True, opcode=9, data=b'\x93V\xbe`', rsv1=False, rsv2=False, rsv3=False)
DEBUG:websockets.protocol:client - event = data_received(<6 bytes>)
DEBUG:websockets.protocol:client < Frame(fin=True, opcode=10, data=b'\x93V\xbe`', rsv1=False, rsv2=False, rsv3=False)
DEBUG:websockets.protocol:client - received solicited pong: 9356be60
DEBUG:websockets.protocol:client > Frame(fin=True, opcode=9, data=b'N\x0cb\xe0', rsv1=False, rsv2=False, rsv3=False)
DEBUG:websockets.protocol:client - event = data_received(<6 bytes>)
DEBUG:websockets.protocol:client < Frame(fin=True, opcode=10, data=b'N\x0cb\xe0', rsv1=False, rsv2=False, rsv3=False)
DEBUG:websockets.protocol:client - received solicited pong: 4e0c62e0
DEBUG:websockets.protocol:client - event = data_received(<2 bytes>)
DEBUG:websockets.protocol:client < Frame(fin=True, opcode=9, data=b'', rsv1=False, rsv2=False, rsv3=False)
DEBUG:websockets.protocol:client - received ping, sending pong: [empty]
DEBUG:websockets.protocol:client > Frame(fin=True, opcode=10, data=b'', rsv1=False, rsv2=False, rsv3=False)
DEBUG:websockets.protocol:client - event = data_received(<2 bytes>)
DEBUG:websockets.protocol:client < Frame(fin=True, opcode=9, data=b'', rsv1=False, rsv2=False, rsv3=False)
DEBUG:websockets.protocol:client - received ping, sending pong: [empty]
DEBUG:websockets.protocol:client > Frame(fin=True, opcode=10, data=b'', rsv1=False, rsv2=False, rsv3=False)
DEBUG:websockets.protocol:client - event = data_received(<2 bytes>)
DEBUG:websockets.protocol:client < Frame(fin=True, opcode=9, data=b'', rsv1=False, rsv2=False, rsv3=False)
DEBUG:websockets.protocol:client - received ping, sending pong: [empty]
DEBUG:websockets.protocol:client > Frame(fin=True, opcode=10, data=b'', rsv1=False, rsv2=False, rsv3=False)
DEBUG:websockets.protocol:client - event = data_received(<2 bytes>)
DEBUG:websockets.protocol:client < Frame(fin=True, opcode=9, data=b'', rsv1=False, rsv2=False, rsv3=False)
DEBUG:websockets.protocol:client - received ping, sending pong: [empty]
DEBUG:websockets.protocol:client > Frame(fin=True, opcode=10, data=b'', rsv1=False, rsv2=False, rsv3=False)
DEBUG:websockets.protocol:client - event = data_received(<2 bytes>)
DEBUG:websockets.protocol:client < Frame(fin=True, opcode=9, data=b'', rsv1=False, rsv2=False, rsv3=False)
DEBUG:websockets.protocol:client - received ping, sending pong: [empty]
DEBUG:websockets.protocol:client > Frame(fin=True, opcode=10, data=b'', rsv1=False, rsv2=False, rsv3=False)
DEBUG:websockets.protocol:client - event = data_received(<2 bytes>)
DEBUG:websockets.protocol:client < Frame(fin=True, opcode=9, data=b'', rsv1=False, rsv2=False, rsv3=False)
DEBUG:websockets.protocol:client - received ping, sending pong: [empty]
DEBUG:websockets.protocol:client > Frame(fin=True, opcode=10, data=b'', rsv1=False, rsv2=False, rsv3=False)
DEBUG:websockets.protocol:client > Frame(fin=True, opcode=9, data=b'Y\xa9\x13\xa4', rsv1=False, rsv2=False, rsv3=False)
DEBUG:websockets.protocol:client - event = data_received(<6 bytes>)
DEBUG:websockets.protocol:client < Frame(fin=True, opcode=10, data=b'Y\xa9\x13\xa4', rsv1=False, rsv2=False, rsv3=False)
DEBUG:websockets.protocol:client - received solicited pong: 59a913a4
DEBUG:websockets.protocol:client - event = data_received(<2 bytes>)
DEBUG:websockets.protocol:client < Frame(fin=True, opcode=9, data=b'', rsv1=False, rsv2=False, rsv3=False)
DEBUG:websockets.protocol:client - received ping, sending pong: [empty]
DEBUG:websockets.protocol:client > Frame(fin=True, opcode=10, data=b'', rsv1=False, rsv2=False, rsv3=False)
DEBUG:websockets.protocol:client - event = data_received(<2 bytes>)
DEBUG:websockets.protocol:client < Frame(fin=True, opcode=9, data=b'', rsv1=False, rsv2=False, rsv3=False)
DEBUG:websockets.protocol:client - received ping, sending pong: [empty]
DEBUG:websockets.protocol:client > Frame(fin=True, opcode=10, data=b'', rsv1=False, rsv2=False, rsv3=False)
DEBUG:websockets.protocol:client - event = data_received(<2 bytes>)
DEBUG:websockets.protocol:client < Frame(fin=True, opcode=9, data=b'', rsv1=False, rsv2=False, rsv3=False)
DEBUG:websockets.protocol:client - received ping, sending pong: [empty]
DEBUG:websockets.protocol:client > Frame(fin=True, opcode=10, data=b'', rsv1=False, rsv2=False, rsv3=False)
DEBUG:websockets.protocol:client > Frame(fin=True, opcode=9, data=b'\xb5\xd8\x90(', rsv1=False, rsv2=False, rsv3=False)
DEBUG:websockets.protocol:client - event = data_received(<2 bytes>)
DEBUG:websockets.protocol:client < Frame(fin=True, opcode=9, data=b'', rsv1=False, rsv2=False, rsv3=False)
DEBUG:websockets.protocol:client - received ping, sending pong: [empty]
DEBUG:websockets.protocol:client > Frame(fin=True, opcode=10, data=b'', rsv1=False, rsv2=False, rsv3=False)
DEBUG:websockets.protocol:client - event = data_received(<6 bytes>)
DEBUG:websockets.protocol:client < Frame(fin=True, opcode=10, data=b'\xb5\xd8\x90(', rsv1=False, rsv2=False, rsv3=False)
DEBUG:websockets.protocol:client - received solicited pong: b5d89028
DEBUG:websockets.protocol:client - event = data_received(<2 bytes>)
DEBUG:websockets.protocol:client < Frame(fin=True, opcode=9, data=b'', rsv1=False, rsv2=False, rsv3=False)
DEBUG:websockets.protocol:client - received ping, sending pong: [empty]
DEBUG:websockets.protocol:client > Frame(fin=True, opcode=10, data=b'', rsv1=False, rsv2=False, rsv3=False)
DEBUG:websockets.protocol:client - event = data_received(<2 bytes>)
DEBUG:websockets.protocol:client < Frame(fin=True, opcode=9, data=b'', rsv1=False, rsv2=False, rsv3=False)
DEBUG:websockets.protocol:client - received ping, sending pong: [empty]
DEBUG:websockets.protocol:client > Frame(fin=True, opcode=10, data=b'', rsv1=False, rsv2=False, rsv3=False)
DEBUG:websockets.protocol:client - event = data_received(<2 bytes>)
DEBUG:websockets.protocol:client < Frame(fin=True, opcode=9, data=b'', rsv1=False, rsv2=False, rsv3=False)
DEBUG:websockets.protocol:client - received ping, sending pong: [empty]
DEBUG:websockets.protocol:client > Frame(fin=True, opcode=10, data=b'', rsv1=False, rsv2=False, rsv3=False)
DEBUG:websockets.protocol:client > Frame(fin=True, opcode=9, data=b'\xbb1\x9ek', rsv1=False, rsv2=False, rsv3=False)
DEBUG:websockets.protocol:client - event = data_received(<6 bytes>)
DEBUG:websockets.protocol:client < Frame(fin=True, opcode=10, data=b'\xbb1\x9ek', rsv1=False, rsv2=False, rsv3=False)
DEBUG:websockets.protocol:client - received solicited pong: bb319e6b
DEBUG:websockets.protocol:client - event = data_received(<2 bytes>)
DEBUG:websockets.protocol:client < Frame(fin=True, opcode=9, data=b'', rsv1=False, rsv2=False, rsv3=False)
DEBUG:websockets.protocol:client - received ping, sending pong: [empty]
DEBUG:websockets.protocol:client > Frame(fin=True, opcode=10, data=b'', rsv1=False, rsv2=False, rsv3=False)
DEBUG:websockets.protocol:client - event = data_received(<2 bytes>)
DEBUG:websockets.protocol:client < Frame(fin=True, opcode=9, data=b'', rsv1=False, rsv2=False, rsv3=False)
DEBUG:websockets.protocol:client - received ping, sending pong: [empty]
DEBUG:websockets.protocol:client > Frame(fin=True, opcode=10, data=b'', rsv1=False, rsv2=False, rsv3=False)
DEBUG:websockets.protocol:client - event = data_received(<2 bytes>)
DEBUG:websockets.protocol:client < Frame(fin=True, opcode=9, data=b'', rsv1=False, rsv2=False, rsv3=False)
DEBUG:websockets.protocol:client - received ping, sending pong: [empty]
DEBUG:websockets.protocol:client > Frame(fin=True, opcode=10, data=b'', rsv1=False, rsv2=False, rsv3=False)
DEBUG:websockets.protocol:client - event = data_received(<2 bytes>)
DEBUG:websockets.protocol:client < Frame(fin=True, opcode=9, data=b'', rsv1=False, rsv2=False, rsv3=False)
DEBUG:websockets.protocol:client - received ping, sending pong: [empty]
DEBUG:websockets.protocol:client > Frame(fin=True, opcode=10, data=b'', rsv1=False, rsv2=False, rsv3=False)
DEBUG:websockets.protocol:client - event = data_received(<2 bytes>)
DEBUG:websockets.protocol:client < Frame(fin=True, opcode=9, data=b'', rsv1=False, rsv2=False, rsv3=False)
DEBUG:websockets.protocol:client - received ping, sending pong: [empty]
DEBUG:websockets.protocol:client > Frame(fin=True, opcode=10, data=b'', rsv1=False, rsv2=False, rsv3=False)
DEBUG:websockets.protocol:client > Frame(fin=True, opcode=9, data=b']\xd3dq', rsv1=False, rsv2=False, rsv3=False)
DEBUG:websockets.protocol:client - event = data_received(<6 bytes>)
DEBUG:websockets.protocol:client < Frame(fin=True, opcode=10, data=b']\xd3dq', rsv1=False, rsv2=False, rsv3=False)
DEBUG:websockets.protocol:client - received solicited pong: 5dd36471
DEBUG:websockets.protocol:client > Frame(fin=True, opcode=9, data=b'N\x9c\xe2E', rsv1=False, rsv2=False, rsv3=False)
DEBUG:websockets.protocol:client - event = data_received(<6 bytes>)
DEBUG:websockets.protocol:client < Frame(fin=True, opcode=10, data=b'N\x9c\xe2E', rsv1=False, rsv2=False, rsv3=False)
DEBUG:websockets.protocol:client - received solicited pong: 4e9ce245
DEBUG:websockets.protocol:client - event = data_received(<2 bytes>)
DEBUG:websockets.protocol:client < Frame(fin=True, opcode=9, data=b'', rsv1=False, rsv2=False, rsv3=False)
DEBUG:websockets.protocol:client - received ping, sending pong: [empty]
DEBUG:websockets.protocol:client > Frame(fin=True, opcode=10, data=b'', rsv1=False, rsv2=False, rsv3=False)
DEBUG:websockets.protocol:client - event = data_received(<2 bytes>)
DEBUG:websockets.protocol:client < Frame(fin=True, opcode=9, data=b'', rsv1=False, rsv2=False, rsv3=False)
DEBUG:websockets.protocol:client - received ping, sending pong: [empty]
DEBUG:websockets.protocol:client > Frame(fin=True, opcode=10, data=b'', rsv1=False, rsv2=False, rsv3=False)
DEBUG:websockets.protocol:client - event = data_received(<2 bytes>)
DEBUG:websockets.protocol:client < Frame(fin=True, opcode=9, data=b'', rsv1=False, rsv2=False, rsv3=False)
DEBUG:websockets.protocol:client - received ping, sending pong: [empty]
DEBUG:websockets.protocol:client > Frame(fin=True, opcode=10, data=b'', rsv1=False, rsv2=False, rsv3=False)
DEBUG:websockets.protocol:client - event = data_received(<2 bytes>)
DEBUG:websockets.protocol:client < Frame(fin=True, opcode=9, data=b'', rsv1=False, rsv2=False, rsv3=False)
DEBUG:websockets.protocol:client - received ping, sending pong: [empty]
DEBUG:websockets.protocol:client > Frame(fin=True, opcode=10, data=b'', rsv1=False, rsv2=False, rsv3=False)
DEBUG:websockets.protocol:client - event = data_received(<2 bytes>)
DEBUG:websockets.protocol:client < Frame(fin=True, opcode=9, data=b'', rsv1=False, rsv2=False, rsv3=False)
DEBUG:websockets.protocol:client - received ping, sending pong: [empty]
DEBUG:websockets.protocol:client > Frame(fin=True, opcode=10, data=b'', rsv1=False, rsv2=False, rsv3=False)
DEBUG:websockets.protocol:client - event = data_received(<2 bytes>)
DEBUG:websockets.protocol:client < Frame(fin=True, opcode=9, data=b'', rsv1=False, rsv2=False, rsv3=False)
DEBUG:websockets.protocol:client - received ping, sending pong: [empty]
DEBUG:websockets.protocol:client > Frame(fin=True, opcode=10, data=b'', rsv1=False, rsv2=False, rsv3=False)
DEBUG:websockets.protocol:client - event = data_received(<2 bytes>)
DEBUG:websockets.protocol:client < Frame(fin=True, opcode=9, data=b'', rsv1=False, rsv2=False, rsv3=False)
DEBUG:websockets.protocol:client - received ping, sending pong: [empty]
DEBUG:websockets.protocol:client > Frame(fin=True, opcode=10, data=b'', rsv1=False, rsv2=False, rsv3=False)
DEBUG:websockets.protocol:client - event = data_received(<2 bytes>)
DEBUG:websockets.protocol:client < Frame(fin=True, opcode=9, data=b'', rsv1=False, rsv2=False, rsv3=False)
DEBUG:websockets.protocol:client - received ping, sending pong: [empty]
DEBUG:websockets.protocol:client > Frame(fin=True, opcode=10, data=b'', rsv1=False, rsv2=False, rsv3=False)
DEBUG:websockets.protocol:client > Frame(fin=True, opcode=9, data=b'.3\xb8\xc1', rsv1=False, rsv2=False, rsv3=False)
DEBUG:websockets.protocol:client - event = data_received(<6 bytes>)
DEBUG:websockets.protocol:client < Frame(fin=True, opcode=10, data=b'.3\xb8\xc1', rsv1=False, rsv2=False, rsv3=False)
DEBUG:websockets.protocol:client - received solicited pong: 2e33b8c1
DEBUG:websockets.protocol:client - event = data_received(<2 bytes>)
DEBUG:websockets.protocol:client < Frame(fin=True, opcode=9, data=b'', rsv1=False, rsv2=False, rsv3=False)
DEBUG:websockets.protocol:client - received ping, sending pong: [empty]
DEBUG:websockets.protocol:client > Frame(fin=True, opcode=10, data=b'', rsv1=False, rsv2=False, rsv3=False)
DEBUG:websockets.protocol:client - event = data_received(<2 bytes>)
DEBUG:websockets.protocol:client < Frame(fin=True, opcode=9, data=b'', rsv1=False, rsv2=False, rsv3=False)
DEBUG:websockets.protocol:client - received ping, sending pong: [empty]
DEBUG:websockets.protocol:client > Frame(fin=True, opcode=10, data=b'', rsv1=False, rsv2=False, rsv3=False)
DEBUG:websockets.protocol:client - event = data_received(<2 bytes>)
DEBUG:websockets.protocol:client < Frame(fin=True, opcode=9, data=b'', rsv1=False, rsv2=False, rsv3=False)
DEBUG:websockets.protocol:client - received ping, sending pong: [empty]
DEBUG:websockets.protocol:client > Frame(fin=True, opcode=10, data=b'', rsv1=False, rsv2=False, rsv3=False)
DEBUG:websockets.protocol:client > Frame(fin=True, opcode=9, data=b'~\x06\x8c^', rsv1=False, rsv2=False, rsv3=False)
DEBUG:websockets.protocol:client - event = data_received(<6 bytes>)
DEBUG:websockets.protocol:client < Frame(fin=True, opcode=10, data=b'~\x06\x8c^', rsv1=False, rsv2=False, rsv3=False)
DEBUG:websockets.protocol:client - received solicited pong: 7e068c5e
DEBUG:websockets.protocol:client - event = data_received(<2 bytes>)
DEBUG:websockets.protocol:client < Frame(fin=True, opcode=9, data=b'', rsv1=False, rsv2=False, rsv3=False)
DEBUG:websockets.protocol:client - received ping, sending pong: [empty]
DEBUG:websockets.protocol:client > Frame(fin=True, opcode=10, data=b'', rsv1=False, rsv2=False, rsv3=False)
DEBUG:websockets.protocol:client - event = data_received(<2 bytes>)
DEBUG:websockets.protocol:client < Frame(fin=True, opcode=9, data=b'', rsv1=False, rsv2=False, rsv3=False)
DEBUG:websockets.protocol:client - received ping, sending pong: [empty]
DEBUG:websockets.protocol:client > Frame(fin=True, opcode=10, data=b'', rsv1=False, rsv2=False, rsv3=False)
DEBUG:websockets.protocol:client > Frame(fin=True, opcode=9, data=b'CV\xe5r', rsv1=False, rsv2=False, rsv3=False)
DEBUG:websockets.protocol:client - event = data_received(<6 bytes>)
DEBUG:websockets.protocol:client < Frame(fin=True, opcode=10, data=b'CV\xe5r', rsv1=False, rsv2=False, rsv3=False)
DEBUG:websockets.protocol:client - received solicited pong: 4356e572
DEBUG:websockets.protocol:client - event = data_received(<2 bytes>)
DEBUG:websockets.protocol:client < Frame(fin=True, opcode=9, data=b'', rsv1=False, rsv2=False, rsv3=False)
DEBUG:websockets.protocol:client - received ping, sending pong: [empty]
DEBUG:websockets.protocol:client > Frame(fin=True, opcode=10, data=b'', rsv1=False, rsv2=False, rsv3=False)
DEBUG:websockets.protocol:client - event = data_received(<2 bytes>)
DEBUG:websockets.protocol:client < Frame(fin=True, opcode=9, data=b'', rsv1=False, rsv2=False, rsv3=False)
DEBUG:websockets.protocol:client - received ping, sending pong: [empty]
DEBUG:websockets.protocol:client > Frame(fin=True, opcode=10, data=b'', rsv1=False, rsv2=False, rsv3=False)
DEBUG:websockets.protocol:client - event = data_received(<2 bytes>)
DEBUG:websockets.protocol:client < Frame(fin=True, opcode=9, data=b'', rsv1=False, rsv2=False, rsv3=False)
DEBUG:websockets.protocol:client - received ping, sending pong: [empty]
DEBUG:websockets.protocol:client > Frame(fin=True, opcode=10, data=b'', rsv1=False, rsv2=False, rsv3=False)
DEBUG:websockets.protocol:client - event = data_received(<2 bytes>)
DEBUG:websockets.protocol:client < Frame(fin=True, opcode=9, data=b'', rsv1=False, rsv2=False, rsv3=False)
DEBUG:websockets.protocol:client - received ping, sending pong: [empty]
DEBUG:websockets.protocol:client > Frame(fin=True, opcode=10, data=b'', rsv1=False, rsv2=False, rsv3=False)
DEBUG:websockets.protocol:client - event = data_received(<2 bytes>)
DEBUG:websockets.protocol:client < Frame(fin=True, opcode=9, data=b'', rsv1=False, rsv2=False, rsv3=False)
DEBUG:websockets.protocol:client - received ping, sending pong: [empty]
DEBUG:websockets.protocol:client > Frame(fin=True, opcode=10, data=b'', rsv1=False, rsv2=False, rsv3=False)
DEBUG:websockets.protocol:client > Frame(fin=True, opcode=9, data=b'\xcc8\xbfS', rsv1=False, rsv2=False, rsv3=False)
DEBUG:websockets.protocol:client - event = data_received(<6 bytes>)
DEBUG:websockets.protocol:client < Frame(fin=True, opcode=10, data=b'\xcc8\xbfS', rsv1=False, rsv2=False, rsv3=False)
DEBUG:websockets.protocol:client - received solicited pong: cc38bf53
DEBUG:websockets.protocol:client > Frame(fin=True, opcode=9, data=b'\xfdW\xafa', rsv1=False, rsv2=False, rsv3=False)
DEBUG:websockets.protocol:client - event = data_received(<6 bytes>)
DEBUG:websockets.protocol:client < Frame(fin=True, opcode=10, data=b'\xfdW\xafa', rsv1=False, rsv2=False, rsv3=False)
DEBUG:websockets.protocol:client - received solicited pong: fd57af61
DEBUG:websockets.protocol:client - event = data_received(<2 bytes>)
DEBUG:websockets.protocol:client < Frame(fin=True, opcode=9, data=b'', rsv1=False, rsv2=False, rsv3=False)
DEBUG:websockets.protocol:client - received ping, sending pong: [empty]
DEBUG:websockets.protocol:client > Frame(fin=True, opcode=10, data=b'', rsv1=False, rsv2=False, rsv3=False)
DEBUG:websockets.protocol:client - event = data_received(<2 bytes>)
DEBUG:websockets.protocol:client < Frame(fin=True, opcode=9, data=b'', rsv1=False, rsv2=False, rsv3=False)
DEBUG:websockets.protocol:client - received ping, sending pong: [empty]
DEBUG:websockets.protocol:client > Frame(fin=True, opcode=10, data=b'', rsv1=False, rsv2=False, rsv3=False)
DEBUG:websockets.protocol:client - event = data_received(<2 bytes>)
DEBUG:websockets.protocol:client < Frame(fin=True, opcode=9, data=b'', rsv1=False, rsv2=False, rsv3=False)
DEBUG:websockets.protocol:client - received ping, sending pong: [empty]
DEBUG:websockets.protocol:client > Frame(fin=True, opcode=10, data=b'', rsv1=False, rsv2=False, rsv3=False)
DEBUG:websockets.protocol:client - event = data_received(<2 bytes>)
DEBUG:websockets.protocol:client < Frame(fin=True, opcode=9, data=b'', rsv1=False, rsv2=False, rsv3=False)
DEBUG:websockets.protocol:client - received ping, sending pong: [empty]
DEBUG:websockets.protocol:client > Frame(fin=True, opcode=10, data=b'', rsv1=False, rsv2=False, rsv3=False)
DEBUG:websockets.protocol:client - event = data_received(<2 bytes>)
DEBUG:websockets.protocol:client < Frame(fin=True, opcode=9, data=b'', rsv1=False, rsv2=False, rsv3=False)
DEBUG:websockets.protocol:client - received ping, sending pong: [empty]
DEBUG:websockets.protocol:client > Frame(fin=True, opcode=10, data=b'', rsv1=False, rsv2=False, rsv3=False)
DEBUG:websockets.protocol:client > Frame(fin=True, opcode=9, data=b'S\x03\xb5\xa0', rsv1=False, rsv2=False, rsv3=False)
DEBUG:websockets.protocol:client - event = data_received(<6 bytes>)
DEBUG:websockets.protocol:client < Frame(fin=True, opcode=10, data=b'S\x03\xb5\xa0', rsv1=False, rsv2=False, rsv3=False)
DEBUG:websockets.protocol:client - received solicited pong: 5303b5a0
DEBUG:websockets.protocol:client - event = data_received(<2 bytes>)
DEBUG:websockets.protocol:client < Frame(fin=True, opcode=9, data=b'', rsv1=False, rsv2=False, rsv3=False)
DEBUG:websockets.protocol:client - received ping, sending pong: [empty]
DEBUG:websockets.protocol:client > Frame(fin=True, opcode=10, data=b'', rsv1=False, rsv2=False, rsv3=False)
DEBUG:websockets.protocol:client - event = data_received(<2 bytes>)
DEBUG:websockets.protocol:client < Frame(fin=True, opcode=9, data=b'', rsv1=False, rsv2=False, rsv3=False)
DEBUG:websockets.protocol:client - received ping, sending pong: [empty]
DEBUG:websockets.protocol:client > Frame(fin=True, opcode=10, data=b'', rsv1=False, rsv2=False, rsv3=False)
DEBUG:websockets.protocol:client - event = data_received(<2 bytes>)
DEBUG:websockets.protocol:client < Frame(fin=True, opcode=9, data=b'', rsv1=False, rsv2=False, rsv3=False)
DEBUG:websockets.protocol:client - received ping, sending pong: [empty]
DEBUG:websockets.protocol:client > Frame(fin=True, opcode=10, data=b'', rsv1=False, rsv2=False, rsv3=False)
DEBUG:websockets.protocol:client - event = data_received(<2 bytes>)
DEBUG:websockets.protocol:client < Frame(fin=True, opcode=9, data=b'', rsv1=False, rsv2=False, rsv3=False)
DEBUG:websockets.protocol:client - received ping, sending pong: [empty]
DEBUG:websockets.protocol:client > Frame(fin=True, opcode=10, data=b'', rsv1=False, rsv2=False, rsv3=False)
DEBUG:websockets.protocol:client > Frame(fin=True, opcode=9, data=b'\xafc\x91\xb9', rsv1=False, rsv2=False, rsv3=False)
DEBUG:websockets.protocol:client - event = data_received(<6 bytes>)
DEBUG:websockets.protocol:client < Frame(fin=True, opcode=10, data=b'\xafc\x91\xb9', rsv1=False, rsv2=False, rsv3=False)
DEBUG:websockets.protocol:client - received solicited pong: af6391b9
DEBUG:websockets.protocol:client - event = data_received(<2 bytes>)
DEBUG:websockets.protocol:client < Frame(fin=True, opcode=9, data=b'', rsv1=False, rsv2=False, rsv3=False)
DEBUG:websockets.protocol:client - received ping, sending pong: [empty]
DEBUG:websockets.protocol:client > Frame(fin=True, opcode=10, data=b'', rsv1=False, rsv2=False, rsv3=False)
DEBUG:websockets.protocol:client - event = data_received(<2 bytes>)
DEBUG:websockets.protocol:client < Frame(fin=True, opcode=9, data=b'', rsv1=False, rsv2=False, rsv3=False)
DEBUG:websockets.protocol:client - received ping, sending pong: [empty]
DEBUG:websockets.protocol:client > Frame(fin=True, opcode=10, data=b'', rsv1=False, rsv2=False, rsv3=False)
DEBUG:websockets.protocol:client - event = data_received(<2 bytes>)
DEBUG:websockets.protocol:client < Frame(fin=True, opcode=9, data=b'', rsv1=False, rsv2=False, rsv3=False)
DEBUG:websockets.protocol:client - received ping, sending pong: [empty]
DEBUG:websockets.protocol:client > Frame(fin=True, opcode=10, data=b'', rsv1=False, rsv2=False, rsv3=False)
DEBUG:websockets.protocol:client > Frame(fin=True, opcode=9, data=b'k\xd62o', rsv1=False, rsv2=False, rsv3=False)
DEBUG:websockets.protocol:client - event = data_received(<6 bytes>)
DEBUG:websockets.protocol:client < Frame(fin=True, opcode=10, data=b'k\xd62o', rsv1=False, rsv2=False, rsv3=False)
DEBUG:websockets.protocol:client - received solicited pong: 6bd6326f
DEBUG:websockets.protocol:client - event = data_received(<2 bytes>)
DEBUG:websockets.protocol:client < Frame(fin=True, opcode=9, data=b'', rsv1=False, rsv2=False, rsv3=False)
DEBUG:websockets.protocol:client - received ping, sending pong: [empty]
DEBUG:websockets.protocol:client > Frame(fin=True, opcode=10, data=b'', rsv1=False, rsv2=False, rsv3=False)
DEBUG:websockets.protocol:client - event = data_received(<2 bytes>)
DEBUG:websockets.protocol:client < Frame(fin=True, opcode=9, data=b'', rsv1=False, rsv2=False, rsv3=False)
DEBUG:websockets.protocol:client - received ping, sending pong: [empty]
DEBUG:websockets.protocol:client > Frame(fin=True, opcode=10, data=b'', rsv1=False, rsv2=False, rsv3=False)
DEBUG:websockets.protocol:client - event = data_received(<2 bytes>)
DEBUG:websockets.protocol:client < Frame(fin=True, opcode=9, data=b'', rsv1=False, rsv2=False, rsv3=False)
DEBUG:websockets.protocol:client - received ping, sending pong: [empty]
DEBUG:websockets.protocol:client > Frame(fin=True, opcode=10, data=b'', rsv1=False, rsv2=False, rsv3=False)
DEBUG:websockets.protocol:client - event = data_received(<2 bytes>)
DEBUG:websockets.protocol:client < Frame(fin=True, opcode=9, data=b'', rsv1=False, rsv2=False, rsv3=False)
DEBUG:websockets.protocol:client - received ping, sending pong: [empty]
DEBUG:websockets.protocol:client > Frame(fin=True, opcode=10, data=b'', rsv1=False, rsv2=False, rsv3=False)
DEBUG:websockets.protocol:client - event = data_received(<2 bytes>)
DEBUG:websockets.protocol:client < Frame(fin=True, opcode=9, data=b'', rsv1=False, rsv2=False, rsv3=False)
DEBUG:websockets.protocol:client - received ping, sending pong: [empty]
DEBUG:websockets.protocol:client > Frame(fin=True, opcode=10, data=b'', rsv1=False, rsv2=False, rsv3=False)
DEBUG:websockets.protocol:client > Frame(fin=True, opcode=9, data=b'\x97\x7f\xf6J', rsv1=False, rsv2=False, rsv3=False)
DEBUG:websockets.protocol:client - event = data_received(<6 bytes>)
DEBUG:websockets.protocol:client < Frame(fin=True, opcode=10, data=b'\x97\x7f\xf6J', rsv1=False, rsv2=False, rsv3=False)
DEBUG:websockets.protocol:client - received solicited pong: 977ff64a
DEBUG:websockets.protocol:client > Frame(fin=True, opcode=9, data=b'\x06\x1e\xeb\x1f', rsv1=False, rsv2=False, rsv3=False)
DEBUG:websockets.protocol:client - event = data_received(<6 bytes>)
DEBUG:websockets.protocol:client < Frame(fin=True, opcode=10, data=b'\x06\x1e\xeb\x1f', rsv1=False, rsv2=False, rsv3=False)
DEBUG:websockets.protocol:client - received solicited pong: 061eeb1f
DEBUG:websockets.protocol:client - event = data_received(<2 bytes>)
DEBUG:websockets.protocol:client < Frame(fin=True, opcode=9, data=b'', rsv1=False, rsv2=False, rsv3=False)
DEBUG:websockets.protocol:client - received ping, sending pong: [empty]
DEBUG:websockets.protocol:client > Frame(fin=True, opcode=10, data=b'', rsv1=False, rsv2=False, rsv3=False)
DEBUG:websockets.protocol:client - event = data_received(<2 bytes>)
DEBUG:websockets.protocol:client < Frame(fin=True, opcode=9, data=b'', rsv1=False, rsv2=False, rsv3=False)
DEBUG:websockets.protocol:client - received ping, sending pong: [empty]
DEBUG:websockets.protocol:client > Frame(fin=True, opcode=10, data=b'', rsv1=False, rsv2=False, rsv3=False)
DEBUG:websockets.protocol:client - event = data_received(<2 bytes>)
DEBUG:websockets.protocol:client < Frame(fin=True, opcode=9, data=b'', rsv1=False, rsv2=False, rsv3=False)
DEBUG:websockets.protocol:client - received ping, sending pong: [empty]
DEBUG:websockets.protocol:client > Frame(fin=True, opcode=10, data=b'', rsv1=False, rsv2=False, rsv3=False)
DEBUG:websockets.protocol:client - event = data_received(<2 bytes>)
DEBUG:websockets.protocol:client < Frame(fin=True, opcode=9, data=b'', rsv1=False, rsv2=False, rsv3=False)
DEBUG:websockets.protocol:client - received ping, sending pong: [empty]
DEBUG:websockets.protocol:client > Frame(fin=True, opcode=10, data=b'', rsv1=False, rsv2=False, rsv3=False)
DEBUG:websockets.protocol:client - event = data_received(<2 bytes>)
DEBUG:websockets.protocol:client < Frame(fin=True, opcode=9, data=b'', rsv1=False, rsv2=False, rsv3=False)
DEBUG:websockets.protocol:client - received ping, sending pong: [empty]
DEBUG:websockets.protocol:client > Frame(fin=True, opcode=10, data=b'', rsv1=False, rsv2=False, rsv3=False)
DEBUG:websockets.protocol:client - event = data_received(<2 bytes>)
DEBUG:websockets.protocol:client < Frame(fin=True, opcode=9, data=b'', rsv1=False, rsv2=False, rsv3=False)
DEBUG:websockets.protocol:client - received ping, sending pong: [empty]
DEBUG:websockets.protocol:client > Frame(fin=True, opcode=10, data=b'', rsv1=False, rsv2=False, rsv3=False)
DEBUG:websockets.protocol:client > Frame(fin=True, opcode=9, data=b'\xfdg\x89\xbe', rsv1=False, rsv2=False, rsv3=False)
DEBUG:websockets.protocol:client - event = data_received(<6 bytes>)
DEBUG:websockets.protocol:client < Frame(fin=True, opcode=10, data=b'\xfdg\x89\xbe', rsv1=False, rsv2=False, rsv3=False)
DEBUG:websockets.protocol:client - received solicited pong: fd6789be
DEBUG:websockets.protocol:client - event = data_received(<2 bytes>)
DEBUG:websockets.protocol:client < Frame(fin=True, opcode=9, data=b'', rsv1=False, rsv2=False, rsv3=False)
DEBUG:websockets.protocol:client - received ping, sending pong: [empty]
DEBUG:websockets.protocol:client > Frame(fin=True, opcode=10, data=b'', rsv1=False, rsv2=False, rsv3=False)
DEBUG:websockets.protocol:client - event = data_received(<2 bytes>)
DEBUG:websockets.protocol:client < Frame(fin=True, opcode=9, data=b'', rsv1=False, rsv2=False, rsv3=False)
DEBUG:websockets.protocol:client - received ping, sending pong: [empty]
DEBUG:websockets.protocol:client > Frame(fin=True, opcode=10, data=b'', rsv1=False, rsv2=False, rsv3=False)
DEBUG:websockets.protocol:client > Frame(fin=True, opcode=9, data=b'\xff%?\x8b', rsv1=False, rsv2=False, rsv3=False)
DEBUG:websockets.protocol:client - event = data_received(<6 bytes>)
DEBUG:websockets.protocol:client < Frame(fin=True, opcode=10, data=b'\xff%?\x8b', rsv1=False, rsv2=False, rsv3=False)
DEBUG:websockets.protocol:client - received solicited pong: ff253f8b
DEBUG:websockets.protocol:client - event = data_received(<2 bytes>)
DEBUG:websockets.protocol:client < Frame(fin=True, opcode=9, data=b'', rsv1=False, rsv2=False, rsv3=False)
DEBUG:websockets.protocol:client - received ping, sending pong: [empty]
DEBUG:websockets.protocol:client > Frame(fin=True, opcode=10, data=b'', rsv1=False, rsv2=False, rsv3=False)
DEBUG:websockets.protocol:client - event = data_received(<2 bytes>)
DEBUG:websockets.protocol:client < Frame(fin=True, opcode=9, data=b'', rsv1=False, rsv2=False, rsv3=False)
DEBUG:websockets.protocol:client - received ping, sending pong: [empty]
DEBUG:websockets.protocol:client > Frame(fin=True, opcode=10, data=b'', rsv1=False, rsv2=False, rsv3=False)
DEBUG:websockets.protocol:client - event = data_received(<2 bytes>)
DEBUG:websockets.protocol:client < Frame(fin=True, opcode=9, data=b'', rsv1=False, rsv2=False, rsv3=False)
DEBUG:websockets.protocol:client - received ping, sending pong: [empty]
DEBUG:websockets.protocol:client > Frame(fin=True, opcode=10, data=b'', rsv1=False, rsv2=False, rsv3=False)
DEBUG:websockets.protocol:client > Frame(fin=True, opcode=9, data=b'\t\xea\xce\xc0', rsv1=False, rsv2=False, rsv3=False)
DEBUG:websockets.protocol:client - event = data_received(<6 bytes>)
DEBUG:websockets.protocol:client < Frame(fin=True, opcode=10, data=b'\t\xea\xce\xc0', rsv1=False, rsv2=False, rsv3=False)
DEBUG:websockets.protocol:client - received solicited pong: 09eacec0
DEBUG:websockets.protocol:client - event = data_received(<2 bytes>)
DEBUG:websockets.protocol:client < Frame(fin=True, opcode=9, data=b'', rsv1=False, rsv2=False, rsv3=False)
DEBUG:websockets.protocol:client - received ping, sending pong: [empty]
DEBUG:websockets.protocol:client > Frame(fin=True, opcode=10, data=b'', rsv1=False, rsv2=False, rsv3=False)
DEBUG:websockets.protocol:client - event = data_received(<2 bytes>)
DEBUG:websockets.protocol:client < Frame(fin=True, opcode=9, data=b'', rsv1=False, rsv2=False, rsv3=False)
DEBUG:websockets.protocol:client - received ping, sending pong: [empty]
DEBUG:websockets.protocol:client > Frame(fin=True, opcode=10, data=b'', rsv1=False, rsv2=False, rsv3=False)
DEBUG:websockets.protocol:client - event = data_received(<2 bytes>)
DEBUG:websockets.protocol:client < Frame(fin=True, opcode=9, data=b'', rsv1=False, rsv2=False, rsv3=False)
DEBUG:websockets.protocol:client - received ping, sending pong: [empty]
DEBUG:websockets.protocol:client > Frame(fin=True, opcode=10, data=b'', rsv1=False, rsv2=False, rsv3=False)
DEBUG:websockets.protocol:client - event = data_received(<2 bytes>)
DEBUG:websockets.protocol:client < Frame(fin=True, opcode=9, data=b'', rsv1=False, rsv2=False, rsv3=False)
DEBUG:websockets.protocol:client - received ping, sending pong: [empty]
DEBUG:websockets.protocol:client > Frame(fin=True, opcode=10, data=b'', rsv1=False, rsv2=False, rsv3=False)
DEBUG:websockets.protocol:client - event = data_received(<2 bytes>)
DEBUG:websockets.protocol:client < Frame(fin=True, opcode=9, data=b'', rsv1=False, rsv2=False, rsv3=False)
DEBUG:websockets.protocol:client - received ping, sending pong: [empty]
DEBUG:websockets.protocol:client > Frame(fin=True, opcode=10, data=b'', rsv1=False, rsv2=False, rsv3=False)
DEBUG:websockets.protocol:client - event = data_received(<2 bytes>)
DEBUG:websockets.protocol:client < Frame(fin=True, opcode=9, data=b'', rsv1=False, rsv2=False, rsv3=False)
DEBUG:websockets.protocol:client - received ping, sending pong: [empty]
DEBUG:websockets.protocol:client > Frame(fin=True, opcode=10, data=b'', rsv1=False, rsv2=False, rsv3=False)
DEBUG:websockets.protocol:client > Frame(fin=True, opcode=9, data=b'2p7\xd7', rsv1=False, rsv2=False, rsv3=False)
DEBUG:websockets.protocol:client - event = data_received(<6 bytes>)
DEBUG:websockets.protocol:client < Frame(fin=True, opcode=10, data=b'2p7\xd7', rsv1=False, rsv2=False, rsv3=False)
DEBUG:websockets.protocol:client - received solicited pong: 327037d7
DEBUG:websockets.protocol:client > Frame(fin=True, opcode=9, data=b'\xcbA\x90Q', rsv1=False, rsv2=False, rsv3=False)
DEBUG:websockets.protocol:client - event = data_received(<6 bytes>)
DEBUG:websockets.protocol:client < Frame(fin=True, opcode=10, data=b'\xcbA\x90Q', rsv1=False, rsv2=False, rsv3=False)
DEBUG:websockets.protocol:client - received solicited pong: cb419051
DEBUG:websockets.protocol:client - event = data_received(<2 bytes>)
DEBUG:websockets.protocol:client < Frame(fin=True, opcode=9, data=b'', rsv1=False, rsv2=False, rsv3=False)
DEBUG:websockets.protocol:client - received ping, sending pong: [empty]
DEBUG:websockets.protocol:client > Frame(fin=True, opcode=10, data=b'', rsv1=False, rsv2=False, rsv3=False)
DEBUG:websockets.protocol:client - event = data_received(<2 bytes>)
DEBUG:websockets.protocol:client < Frame(fin=True, opcode=9, data=b'', rsv1=False, rsv2=False, rsv3=False)
DEBUG:websockets.protocol:client - received ping, sending pong: [empty]
DEBUG:websockets.protocol:client > Frame(fin=True, opcode=10, data=b'', rsv1=False, rsv2=False, rsv3=False)
DEBUG:websockets.protocol:client - event = data_received(<2 bytes>)
DEBUG:websockets.protocol:client < Frame(fin=True, opcode=9, data=b'', rsv1=False, rsv2=False, rsv3=False)
DEBUG:websockets.protocol:client - received ping, sending pong: [empty]
DEBUG:websockets.protocol:client > Frame(fin=True, opcode=10, data=b'', rsv1=False, rsv2=False, rsv3=False)
DEBUG:websockets.protocol:client - event = data_received(<2 bytes>)
DEBUG:websockets.protocol:client < Frame(fin=True, opcode=9, data=b'', rsv1=False, rsv2=False, rsv3=False)
DEBUG:websockets.protocol:client - received ping, sending pong: [empty]
DEBUG:websockets.protocol:client > Frame(fin=True, opcode=10, data=b'', rsv1=False, rsv2=False, rsv3=False)
DEBUG:websockets.protocol:client - event = data_received(<2 bytes>)
DEBUG:websockets.protocol:client < Frame(fin=True, opcode=9, data=b'', rsv1=False, rsv2=False, rsv3=False)
DEBUG:websockets.protocol:client - received ping, sending pong: [empty]
DEBUG:websockets.protocol:client > Frame(fin=True, opcode=10, data=b'', rsv1=False, rsv2=False, rsv3=False)
DEBUG:websockets.protocol:client - event = data_received(<2 bytes>)
DEBUG:websockets.protocol:client < Frame(fin=True, opcode=9, data=b'', rsv1=False, rsv2=False, rsv3=False)
DEBUG:websockets.protocol:client - received ping, sending pong: [empty]
DEBUG:websockets.protocol:client > Frame(fin=True, opcode=10, data=b'', rsv1=False, rsv2=False, rsv3=False)
DEBUG:websockets.protocol:client - event = data_received(<2 bytes>)
DEBUG:websockets.protocol:client < Frame(fin=True, opcode=9, data=b'', rsv1=False, rsv2=False, rsv3=False)
DEBUG:websockets.protocol:client - received ping, sending pong: [empty]
DEBUG:websockets.protocol:client > Frame(fin=True, opcode=10, data=b'', rsv1=False, rsv2=False, rsv3=False)
DEBUG:websockets.protocol:client > Frame(fin=True, opcode=9, data=b'\xb7\xbc\xbab', rsv1=False, rsv2=False, rsv3=False)
DEBUG:websockets.protocol:client - event = data_received(<6 bytes>)
DEBUG:websockets.protocol:client < Frame(fin=True, opcode=10, data=b'\xb7\xbc\xbab', rsv1=False, rsv2=False, rsv3=False)
DEBUG:websockets.protocol:client - received solicited pong: b7bcba62
DEBUG:websockets.protocol:client - event = data_received(<2 bytes>)
DEBUG:websockets.protocol:client < Frame(fin=True, opcode=9, data=b'', rsv1=False, rsv2=False, rsv3=False)
DEBUG:websockets.protocol:client - received ping, sending pong: [empty]
DEBUG:websockets.protocol:client > Frame(fin=True, opcode=10, data=b'', rsv1=False, rsv2=False, rsv3=False)
DEBUG:websockets.protocol:client - event = data_received(<2 bytes>)
DEBUG:websockets.protocol:client < Frame(fin=True, opcode=9, data=b'', rsv1=False, rsv2=False, rsv3=False)
DEBUG:websockets.protocol:client - received ping, sending pong: [empty]
DEBUG:websockets.protocol:client > Frame(fin=True, opcode=10, data=b'', rsv1=False, rsv2=False, rsv3=False)
DEBUG:websockets.protocol:client > Frame(fin=True, opcode=9, data=b'\xbf=\x94\xbb', rsv1=False, rsv2=False, rsv3=False)
DEBUG:websockets.protocol:client - event = data_received(<6 bytes>)
DEBUG:websockets.protocol:client < Frame(fin=True, opcode=10, data=b'\xbf=\x94\xbb', rsv1=False, rsv2=False, rsv3=False)
DEBUG:websockets.protocol:client - received solicited pong: bf3d94bb
DEBUG:websockets.protocol:client - event = data_received(<2 bytes>)
DEBUG:websockets.protocol:client < Frame(fin=True, opcode=9, data=b'', rsv1=False, rsv2=False, rsv3=False)
DEBUG:websockets.protocol:client - received ping, sending pong: [empty]
DEBUG:websockets.protocol:client > Frame(fin=True, opcode=10, data=b'', rsv1=False, rsv2=False, rsv3=False)
DEBUG:websockets.protocol:client - event = data_received(<2 bytes>)
DEBUG:websockets.protocol:client < Frame(fin=True, opcode=9, data=b'', rsv1=False, rsv2=False, rsv3=False)
DEBUG:websockets.protocol:client - received ping, sending pong: [empty]
DEBUG:websockets.protocol:client > Frame(fin=True, opcode=10, data=b'', rsv1=False, rsv2=False, rsv3=False)
DEBUG:websockets.protocol:client - event = data_received(<2 bytes>)
DEBUG:websockets.protocol:client < Frame(fin=True, opcode=9, data=b'', rsv1=False, rsv2=False, rsv3=False)
DEBUG:websockets.protocol:client - received ping, sending pong: [empty]
DEBUG:websockets.protocol:client > Frame(fin=True, opcode=10, data=b'', rsv1=False, rsv2=False, rsv3=False)
DEBUG:websockets.protocol:client - event = data_received(<2 bytes>)
DEBUG:websockets.protocol:client < Frame(fin=True, opcode=9, data=b'', rsv1=False, rsv2=False, rsv3=False)
DEBUG:websockets.protocol:client - received ping, sending pong: [empty]
DEBUG:websockets.protocol:client > Frame(fin=True, opcode=10, data=b'', rsv1=False, rsv2=False, rsv3=False)
DEBUG:websockets.protocol:client > Frame(fin=True, opcode=9, data=b'\xb3/\xe0\x95', rsv1=False, rsv2=False, rsv3=False)
DEBUG:websockets.protocol:client - event = data_received(<6 bytes>)
DEBUG:websockets.protocol:client < Frame(fin=True, opcode=10, data=b'\xb3/\xe0\x95', rsv1=False, rsv2=False, rsv3=False)
DEBUG:websockets.protocol:client - received solicited pong: b32fe095
DEBUG:websockets.protocol:client - event = data_received(<2 bytes>)
DEBUG:websockets.protocol:client < Frame(fin=True, opcode=9, data=b'', rsv1=False, rsv2=False, rsv3=False)
DEBUG:websockets.protocol:client - received ping, sending pong: [empty]
DEBUG:websockets.protocol:client > Frame(fin=True, opcode=10, data=b'', rsv1=False, rsv2=False, rsv3=False)
DEBUG:websockets.protocol:client - event = data_received(<2 bytes>)
DEBUG:websockets.protocol:client < Frame(fin=True, opcode=9, data=b'', rsv1=False, rsv2=False, rsv3=False)
DEBUG:websockets.protocol:client - received ping, sending pong: [empty]
DEBUG:websockets.protocol:client > Frame(fin=True, opcode=10, data=b'', rsv1=False, rsv2=False, rsv3=False)
DEBUG:websockets.protocol:client - event = data_received(<2 bytes>)
DEBUG:websockets.protocol:client < Frame(fin=True, opcode=9, data=b'', rsv1=False, rsv2=False, rsv3=False)
DEBUG:websockets.protocol:client - received ping, sending pong: [empty]
DEBUG:websockets.protocol:client > Frame(fin=True, opcode=10, data=b'', rsv1=False, rsv2=False, rsv3=False)
DEBUG:websockets.protocol:client - event = data_received(<2 bytes>)
DEBUG:websockets.protocol:client < Frame(fin=True, opcode=9, data=b'', rsv1=False, rsv2=False, rsv3=False)
DEBUG:websockets.protocol:client - received ping, sending pong: [empty]
DEBUG:websockets.protocol:client > Frame(fin=True, opcode=10, data=b'', rsv1=False, rsv2=False, rsv3=False)
DEBUG:websockets.protocol:client - event = data_received(<2 bytes>)
DEBUG:websockets.protocol:client < Frame(fin=True, opcode=9, data=b'', rsv1=False, rsv2=False, rsv3=False)
DEBUG:websockets.protocol:client - received ping, sending pong: [empty]
DEBUG:websockets.protocol:client > Frame(fin=True, opcode=10, data=b'', rsv1=False, rsv2=False, rsv3=False)
DEBUG:websockets.protocol:client > Frame(fin=True, opcode=9, data=b'\xe7w\xab\xe8', rsv1=False, rsv2=False, rsv3=False)
DEBUG:websockets.protocol:client - event = data_received(<6 bytes>)
DEBUG:websockets.protocol:client < Frame(fin=True, opcode=10, data=b'\xe7w\xab\xe8', rsv1=False, rsv2=False, rsv3=False)
DEBUG:websockets.protocol:client - received solicited pong: e777abe8
DEBUG:websockets.protocol:client - event = data_received(<2 bytes>)
DEBUG:websockets.protocol:client < Frame(fin=True, opcode=9, data=b'', rsv1=False, rsv2=False, rsv3=False)
DEBUG:websockets.protocol:client - received ping, sending pong: [empty]
DEBUG:websockets.protocol:client > Frame(fin=True, opcode=10, data=b'', rsv1=False, rsv2=False, rsv3=False)
DEBUG:websockets.protocol:client > Frame(fin=True, opcode=9, data=b'=\x18\xea\x0f', rsv1=False, rsv2=False, rsv3=False)
DEBUG:websockets.protocol:client - event = data_received(<6 bytes>)
DEBUG:websockets.protocol:client < Frame(fin=True, opcode=10, data=b'=\x18\xea\x0f', rsv1=False, rsv2=False, rsv3=False)
DEBUG:websockets.protocol:client - received solicited pong: 3d18ea0f
DEBUG:websockets.protocol:client - event = data_received(<2 bytes>)
DEBUG:websockets.protocol:client < Frame(fin=True, opcode=9, data=b'', rsv1=False, rsv2=False, rsv3=False)
DEBUG:websockets.protocol:client - received ping, sending pong: [empty]
DEBUG:websockets.protocol:client > Frame(fin=True, opcode=10, data=b'', rsv1=False, rsv2=False, rsv3=False)
DEBUG:websockets.protocol:client - event = data_received(<2 bytes>)
DEBUG:websockets.protocol:client < Frame(fin=True, opcode=9, data=b'', rsv1=False, rsv2=False, rsv3=False)
DEBUG:websockets.protocol:client - received ping, sending pong: [empty]
DEBUG:websockets.protocol:client > Frame(fin=True, opcode=10, data=b'', rsv1=False, rsv2=False, rsv3=False)
DEBUG:websockets.protocol:client - event = data_received(<2 bytes>)
DEBUG:websockets.protocol:client < Frame(fin=True, opcode=9, data=b'', rsv1=False, rsv2=False, rsv3=False)
DEBUG:websockets.protocol:client - received ping, sending pong: [empty]
DEBUG:websockets.protocol:client > Frame(fin=True, opcode=10, data=b'', rsv1=False, rsv2=False, rsv3=False)
DEBUG:websockets.protocol:client - event = data_received(<2 bytes>)
DEBUG:websockets.protocol:client < Frame(fin=True, opcode=9, data=b'', rsv1=False, rsv2=False, rsv3=False)
DEBUG:websockets.protocol:client - received ping, sending pong: [empty]
DEBUG:websockets.protocol:client > Frame(fin=True, opcode=10, data=b'', rsv1=False, rsv2=False, rsv3=False)
DEBUG:websockets.protocol:client - event = data_received(<2 bytes>)
DEBUG:websockets.protocol:client < Frame(fin=True, opcode=9, data=b'', rsv1=False, rsv2=False, rsv3=False)
DEBUG:websockets.protocol:client - received ping, sending pong: [empty]
DEBUG:websockets.protocol:client > Frame(fin=True, opcode=10, data=b'', rsv1=False, rsv2=False, rsv3=False)
DEBUG:websockets.protocol:client - event = data_received(<2 bytes>)
DEBUG:websockets.protocol:client < Frame(fin=True, opcode=9, data=b'', rsv1=False, rsv2=False, rsv3=False)
DEBUG:websockets.protocol:client - received ping, sending pong: [empty]
DEBUG:websockets.protocol:client > Frame(fin=True, opcode=10, data=b'', rsv1=False, rsv2=False, rsv3=False)
DEBUG:websockets.protocol:client > Frame(fin=True, opcode=9, data=b'\xa1\x86\xd5M', rsv1=False, rsv2=False, rsv3=False)
DEBUG:websockets.protocol:client - event = data_received(<6 bytes>)
DEBUG:websockets.protocol:client < Frame(fin=True, opcode=10, data=b'\xa1\x86\xd5M', rsv1=False, rsv2=False, rsv3=False)
DEBUG:websockets.protocol:client - received solicited pong: a186d54d
DEBUG:websockets.protocol:client - event = data_received(<2 bytes>)
DEBUG:websockets.protocol:client < Frame(fin=True, opcode=9, data=b'', rsv1=False, rsv2=False, rsv3=False)
DEBUG:websockets.protocol:client - received ping, sending pong: [empty]
DEBUG:websockets.protocol:client > Frame(fin=True, opcode=10, data=b'', rsv1=False, rsv2=False, rsv3=False)
DEBUG:websockets.protocol:client - event = data_received(<2 bytes>)
DEBUG:websockets.protocol:client < Frame(fin=True, opcode=9, data=b'', rsv1=False, rsv2=False, rsv3=False)
DEBUG:websockets.protocol:client - received ping, sending pong: [empty]
DEBUG:websockets.protocol:client > Frame(fin=True, opcode=10, data=b'', rsv1=False, rsv2=False, rsv3=False)
DEBUG:websockets.protocol:client > Frame(fin=True, opcode=9, data=b'\xe9:.\xc8', rsv1=False, rsv2=False, rsv3=False)
DEBUG:websockets.protocol:client - event = data_received(<6 bytes>)
DEBUG:websockets.protocol:client < Frame(fin=True, opcode=10, data=b'\xe9:.\xc8', rsv1=False, rsv2=False, rsv3=False)
DEBUG:websockets.protocol:client - received solicited pong: e93a2ec8
DEBUG:websockets.protocol:client - event = data_received(<2 bytes>)
DEBUG:websockets.protocol:client < Frame(fin=True, opcode=9, data=b'', rsv1=False, rsv2=False, rsv3=False)
DEBUG:websockets.protocol:client - received ping, sending pong: [empty]
DEBUG:websockets.protocol:client > Frame(fin=True, opcode=10, data=b'', rsv1=False, rsv2=False, rsv3=False)
DEBUG:websockets.protocol:client - event = data_received(<2 bytes>)
DEBUG:websockets.protocol:client < Frame(fin=True, opcode=9, data=b'', rsv1=False, rsv2=False, rsv3=False)
DEBUG:websockets.protocol:client - received ping, sending pong: [empty]
DEBUG:websockets.protocol:client > Frame(fin=True, opcode=10, data=b'', rsv1=False, rsv2=False, rsv3=False)
DEBUG:websockets.protocol:client - event = data_received(<2 bytes>)
DEBUG:websockets.protocol:client < Frame(fin=True, opcode=9, data=b'', rsv1=False, rsv2=False, rsv3=False)
DEBUG:websockets.protocol:client - received ping, sending pong: [empty]
DEBUG:websockets.protocol:client > Frame(fin=True, opcode=10, data=b'', rsv1=False, rsv2=False, rsv3=False)
DEBUG:websockets.protocol:client > Frame(fin=True, opcode=9, data=b'\x8d\x0f\x0f\x91', rsv1=False, rsv2=False, rsv3=False)
DEBUG:websockets.protocol:client - event = data_received(<6 bytes>)
DEBUG:websockets.protocol:client < Frame(fin=True, opcode=10, data=b'\x8d\x0f\x0f\x91', rsv1=False, rsv2=False, rsv3=False)
DEBUG:websockets.protocol:client - received solicited pong: 8d0f0f91
DEBUG:websockets.protocol:client - event = data_received(<2 bytes>)
DEBUG:websockets.protocol:client < Frame(fin=True, opcode=9, data=b'', rsv1=False, rsv2=False, rsv3=False)
DEBUG:websockets.protocol:client - received ping, sending pong: [empty]
DEBUG:websockets.protocol:client > Frame(fin=True, opcode=10, data=b'', rsv1=False, rsv2=False, rsv3=False)
DEBUG:websockets.protocol:client - event = data_received(<2 bytes>)
DEBUG:websockets.protocol:client < Frame(fin=True, opcode=9, data=b'', rsv1=False, rsv2=False, rsv3=False)
DEBUG:websockets.protocol:client - received ping, sending pong: [empty]
DEBUG:websockets.protocol:client > Frame(fin=True, opcode=10, data=b'', rsv1=False, rsv2=False, rsv3=False)
DEBUG:websockets.protocol:client - event = data_received(<2 bytes>)
DEBUG:websockets.protocol:client < Frame(fin=True, opcode=9, data=b'', rsv1=False, rsv2=False, rsv3=False)
DEBUG:websockets.protocol:client - received ping, sending pong: [empty]
DEBUG:websockets.protocol:client > Frame(fin=True, opcode=10, data=b'', rsv1=False, rsv2=False, rsv3=False)
DEBUG:websockets.protocol:client - event = data_received(<2 bytes>)
DEBUG:websockets.protocol:client < Frame(fin=True, opcode=9, data=b'', rsv1=False, rsv2=False, rsv3=False)
DEBUG:websockets.protocol:client - received ping, sending pong: [empty]
DEBUG:websockets.protocol:client > Frame(fin=True, opcode=10, data=b'', rsv1=False, rsv2=False, rsv3=False)
DEBUG:websockets.protocol:client > Frame(fin=True, opcode=9, data=b'\xdbt\xe6\xf5', rsv1=False, rsv2=False, rsv3=False)
DEBUG:websockets.protocol:client - event = data_received(<6 bytes>)
DEBUG:websockets.protocol:client < Frame(fin=True, opcode=10, data=b'\xdbt\xe6\xf5', rsv1=False, rsv2=False, rsv3=False)
DEBUG:websockets.protocol:client - received solicited pong: db74e6f5
DEBUG:websockets.protocol:client - event = data_received(<2 bytes>)
DEBUG:websockets.protocol:client < Frame(fin=True, opcode=9, data=b'', rsv1=False, rsv2=False, rsv3=False)
DEBUG:websockets.protocol:client - received ping, sending pong: [empty]
DEBUG:websockets.protocol:client > Frame(fin=True, opcode=10, data=b'', rsv1=False, rsv2=False, rsv3=False)
DEBUG:websockets.protocol:client > Frame(fin=True, opcode=9, data=b'\x17j\x16\xa5', rsv1=False, rsv2=False, rsv3=False)
DEBUG:websockets.protocol:client - event = data_received(<6 bytes>)
DEBUG:websockets.protocol:client < Frame(fin=True, opcode=10, data=b'\x17j\x16\xa5', rsv1=False, rsv2=False, rsv3=False)
DEBUG:websockets.protocol:client - received solicited pong: 176a16a5
DEBUG:websockets.protocol:client - event = data_received(<2 bytes>)
DEBUG:websockets.protocol:client < Frame(fin=True, opcode=9, data=b'', rsv1=False, rsv2=False, rsv3=False)
DEBUG:websockets.protocol:client - received ping, sending pong: [empty]
DEBUG:websockets.protocol:client > Frame(fin=True, opcode=10, data=b'', rsv1=False, rsv2=False, rsv3=False)
DEBUG:websockets.protocol:client - event = data_received(<2 bytes>)
DEBUG:websockets.protocol:client < Frame(fin=True, opcode=9, data=b'', rsv1=False, rsv2=False, rsv3=False)
DEBUG:websockets.protocol:client - received ping, sending pong: [empty]
DEBUG:websockets.protocol:client > Frame(fin=True, opcode=10, data=b'', rsv1=False, rsv2=False, rsv3=False)
DEBUG:websockets.protocol:client - event = data_received(<2 bytes>)
DEBUG:websockets.protocol:client < Frame(fin=True, opcode=9, data=b'', rsv1=False, rsv2=False, rsv3=False)
DEBUG:websockets.protocol:client - received ping, sending pong: [empty]
DEBUG:websockets.protocol:client > Frame(fin=True, opcode=10, data=b'', rsv1=False, rsv2=False, rsv3=False)
DEBUG:websockets.protocol:client - event = data_received(<2 bytes>)
DEBUG:websockets.protocol:client < Frame(fin=True, opcode=9, data=b'', rsv1=False, rsv2=False, rsv3=False)
DEBUG:websockets.protocol:client - received ping, sending pong: [empty]
DEBUG:websockets.protocol:client > Frame(fin=True, opcode=10, data=b'', rsv1=False, rsv2=False, rsv3=False)
DEBUG:websockets.protocol:client - event = data_received(<2 bytes>)
DEBUG:websockets.protocol:client < Frame(fin=True, opcode=9, data=b'', rsv1=False, rsv2=False, rsv3=False)
DEBUG:websockets.protocol:client - received ping, sending pong: [empty]
DEBUG:websockets.protocol:client > Frame(fin=True, opcode=10, data=b'', rsv1=False, rsv2=False, rsv3=False)
DEBUG:websockets.protocol:client - event = data_received(<2 bytes>)
DEBUG:websockets.protocol:client < Frame(fin=True, opcode=9, data=b'', rsv1=False, rsv2=False, rsv3=False)
DEBUG:websockets.protocol:client - received ping, sending pong: [empty]
DEBUG:websockets.protocol:client > Frame(fin=True, opcode=10, data=b'', rsv1=False, rsv2=False, rsv3=False)
DEBUG:websockets.protocol:client > Frame(fin=True, opcode=9, data=b'OER>', rsv1=False, rsv2=False, rsv3=False)
DEBUG:websockets.protocol:client - event = data_received(<6 bytes>)
DEBUG:websockets.protocol:client < Frame(fin=True, opcode=10, data=b'OER>', rsv1=False, rsv2=False, rsv3=False)
DEBUG:websockets.protocol:client - received solicited pong: 4f45523e
DEBUG:websockets.protocol:client - event = data_received(<2 bytes>)
DEBUG:websockets.protocol:client < Frame(fin=True, opcode=9, data=b'', rsv1=False, rsv2=False, rsv3=False)
DEBUG:websockets.protocol:client - received ping, sending pong: [empty]
DEBUG:websockets.protocol:client > Frame(fin=True, opcode=10, data=b'', rsv1=False, rsv2=False, rsv3=False)
DEBUG:websockets.protocol:client - event = data_received(<2 bytes>)
DEBUG:websockets.protocol:client < Frame(fin=True, opcode=9, data=b'', rsv1=False, rsv2=False, rsv3=False)
DEBUG:websockets.protocol:client - received ping, sending pong: [empty]
DEBUG:websockets.protocol:client > Frame(fin=True, opcode=10, data=b'', rsv1=False, rsv2=False, rsv3=False)
DEBUG:websockets.protocol:client > Frame(fin=True, opcode=9, data=b'/K\rx', rsv1=False, rsv2=False, rsv3=False)
DEBUG:websockets.protocol:client - event = data_received(<6 bytes>)
DEBUG:websockets.protocol:client < Frame(fin=True, opcode=10, data=b'/K\rx', rsv1=False, rsv2=False, rsv3=False)
DEBUG:websockets.protocol:client - received solicited pong: 2f4b0d78
DEBUG:websockets.protocol:client - event = data_received(<2 bytes>)
DEBUG:websockets.protocol:client < Frame(fin=True, opcode=9, data=b'', rsv1=False, rsv2=False, rsv3=False)
DEBUG:websockets.protocol:client - received ping, sending pong: [empty]
DEBUG:websockets.protocol:client > Frame(fin=True, opcode=10, data=b'', rsv1=False, rsv2=False, rsv3=False)
DEBUG:websockets.protocol:client - event = data_received(<2 bytes>)
DEBUG:websockets.protocol:client < Frame(fin=True, opcode=9, data=b'', rsv1=False, rsv2=False, rsv3=False)
DEBUG:websockets.protocol:client - received ping, sending pong: [empty]
DEBUG:websockets.protocol:client > Frame(fin=True, opcode=10, data=b'', rsv1=False, rsv2=False, rsv3=False)
DEBUG:websockets.protocol:client - event = data_received(<2 bytes>)
DEBUG:websockets.protocol:client < Frame(fin=True, opcode=9, data=b'', rsv1=False, rsv2=False, rsv3=False)
DEBUG:websockets.protocol:client - received ping, sending pong: [empty]
DEBUG:websockets.protocol:client > Frame(fin=True, opcode=10, data=b'', rsv1=False, rsv2=False, rsv3=False)
DEBUG:websockets.protocol:client - event = data_received(<2 bytes>)
DEBUG:websockets.protocol:client < Frame(fin=True, opcode=9, data=b'', rsv1=False, rsv2=False, rsv3=False)
DEBUG:websockets.protocol:client - received ping, sending pong: [empty]
DEBUG:websockets.protocol:client > Frame(fin=True, opcode=10, data=b'', rsv1=False, rsv2=False, rsv3=False)
DEBUG:websockets.protocol:client - event = data_received(<2 bytes>)
DEBUG:websockets.protocol:client < Frame(fin=True, opcode=9, data=b'', rsv1=False, rsv2=False, rsv3=False)
DEBUG:websockets.protocol:client - received ping, sending pong: [empty]
DEBUG:websockets.protocol:client > Frame(fin=True, opcode=10, data=b'', rsv1=False, rsv2=False, rsv3=False)
DEBUG:websockets.protocol:client > Frame(fin=True, opcode=9, data=b'\xf40S\x02', rsv1=False, rsv2=False, rsv3=False)
DEBUG:websockets.protocol:client - event = data_received(<6 bytes>)
DEBUG:websockets.protocol:client < Frame(fin=True, opcode=10, data=b'\xf40S\x02', rsv1=False, rsv2=False, rsv3=False)
DEBUG:websockets.protocol:client - received solicited pong: f4305302
DEBUG:websockets.protocol:client - event = data_received(<2 bytes>)
DEBUG:websockets.protocol:client < Frame(fin=True, opcode=9, data=b'', rsv1=False, rsv2=False, rsv3=False)
DEBUG:websockets.protocol:client - received ping, sending pong: [empty]
DEBUG:websockets.protocol:client > Frame(fin=True, opcode=10, data=b'', rsv1=False, rsv2=False, rsv3=False)
DEBUG:websockets.protocol:client - event = data_received(<2 bytes>)
DEBUG:websockets.protocol:client < Frame(fin=True, opcode=9, data=b'', rsv1=False, rsv2=False, rsv3=False)
DEBUG:websockets.protocol:client - received ping, sending pong: [empty]
DEBUG:websockets.protocol:client > Frame(fin=True, opcode=10, data=b'', rsv1=False, rsv2=False, rsv3=False)
DEBUG:websockets.protocol:client - event = data_received(<2 bytes>)
DEBUG:websockets.protocol:client < Frame(fin=True, opcode=9, data=b'', rsv1=False, rsv2=False, rsv3=False)
DEBUG:websockets.protocol:client - received ping, sending pong: [empty]
DEBUG:websockets.protocol:client > Frame(fin=True, opcode=10, data=b'', rsv1=False, rsv2=False, rsv3=False)
DEBUG:websockets.protocol:client - event = data_received(<2 bytes>)
DEBUG:websockets.protocol:client < Frame(fin=True, opcode=9, data=b'', rsv1=False, rsv2=False, rsv3=False)
DEBUG:websockets.protocol:client - received ping, sending pong: [empty]
DEBUG:websockets.protocol:client > Frame(fin=True, opcode=10, data=b'', rsv1=False, rsv2=False, rsv3=False)
DEBUG:websockets.protocol:client - event = data_received(<2 bytes>)
DEBUG:websockets.protocol:client < Frame(fin=True, opcode=9, data=b'', rsv1=False, rsv2=False, rsv3=False)
DEBUG:websockets.protocol:client - received ping, sending pong: [empty]
DEBUG:websockets.protocol:client > Frame(fin=True, opcode=10, data=b'', rsv1=False, rsv2=False, rsv3=False)
DEBUG:websockets.protocol:client > Frame(fin=True, opcode=9, data=b'\x80\xc7\xa7D', rsv1=False, rsv2=False, rsv3=False)
DEBUG:websockets.protocol:client - event = data_received(<6 bytes>)
DEBUG:websockets.protocol:client < Frame(fin=True, opcode=10, data=b'\x80\xc7\xa7D', rsv1=False, rsv2=False, rsv3=False)
DEBUG:websockets.protocol:client - received solicited pong: 80c7a744
DEBUG:websockets.protocol:client - event = data_received(<2 bytes>)
DEBUG:websockets.protocol:client < Frame(fin=True, opcode=9, data=b'', rsv1=False, rsv2=False, rsv3=False)
DEBUG:websockets.protocol:client - received ping, sending pong: [empty]
DEBUG:websockets.protocol:client > Frame(fin=True, opcode=10, data=b'', rsv1=False, rsv2=False, rsv3=False)
DEBUG:websockets.protocol:client > Frame(fin=True, opcode=9, data=b'\x8f\xe9F\x15', rsv1=False, rsv2=False, rsv3=False)
DEBUG:websockets.protocol:client - event = data_received(<6 bytes>)
DEBUG:websockets.protocol:client < Frame(fin=True, opcode=10, data=b'\x8f\xe9F\x15', rsv1=False, rsv2=False, rsv3=False)
DEBUG:websockets.protocol:client - received solicited pong: 8fe94615
DEBUG:websockets.protocol:client - event = data_received(<2 bytes>)
DEBUG:websockets.protocol:client < Frame(fin=True, opcode=9, data=b'', rsv1=False, rsv2=False, rsv3=False)
DEBUG:websockets.protocol:client - received ping, sending pong: [empty]
DEBUG:websockets.protocol:client > Frame(fin=True, opcode=10, data=b'', rsv1=False, rsv2=False, rsv3=False)
DEBUG:websockets.protocol:client - event = data_received(<2 bytes>)
DEBUG:websockets.protocol:client < Frame(fin=True, opcode=9, data=b'', rsv1=False, rsv2=False, rsv3=False)
DEBUG:websockets.protocol:client - received ping, sending pong: [empty]
DEBUG:websockets.protocol:client > Frame(fin=True, opcode=10, data=b'', rsv1=False, rsv2=False, rsv3=False)
DEBUG:websockets.protocol:client - event = data_received(<2 bytes>)
DEBUG:websockets.protocol:client < Frame(fin=True, opcode=9, data=b'', rsv1=False, rsv2=False, rsv3=False)
DEBUG:websockets.protocol:client - received ping, sending pong: [empty]
DEBUG:websockets.protocol:client > Frame(fin=True, opcode=10, data=b'', rsv1=False, rsv2=False, rsv3=False)
DEBUG:websockets.protocol:client - event = data_received(<2 bytes>)
DEBUG:websockets.protocol:client < Frame(fin=True, opcode=9, data=b'', rsv1=False, rsv2=False, rsv3=False)
DEBUG:websockets.protocol:client - received ping, sending pong: [empty]
DEBUG:websockets.protocol:client > Frame(fin=True, opcode=10, data=b'', rsv1=False, rsv2=False, rsv3=False)
DEBUG:websockets.protocol:client - event = data_received(<2 bytes>)
DEBUG:websockets.protocol:client < Frame(fin=True, opcode=9, data=b'', rsv1=False, rsv2=False, rsv3=False)
DEBUG:websockets.protocol:client - received ping, sending pong: [empty]
DEBUG:websockets.protocol:client > Frame(fin=True, opcode=10, data=b'', rsv1=False, rsv2=False, rsv3=False)
DEBUG:websockets.protocol:client - event = data_received(<2 bytes>)
DEBUG:websockets.protocol:client < Frame(fin=True, opcode=9, data=b'', rsv1=False, rsv2=False, rsv3=False)
DEBUG:websockets.protocol:client - received ping, sending pong: [empty]
DEBUG:websockets.protocol:client > Frame(fin=True, opcode=10, data=b'', rsv1=False, rsv2=False, rsv3=False)
DEBUG:websockets.protocol:client > Frame(fin=True, opcode=9, data=b'\xc0\xe6V\xca', rsv1=False, rsv2=False, rsv3=False)
DEBUG:websockets.protocol:client - event = data_received(<6 bytes>)
DEBUG:websockets.protocol:client < Frame(fin=True, opcode=10, data=b'\xc0\xe6V\xca', rsv1=False, rsv2=False, rsv3=False)
DEBUG:websockets.protocol:client - received solicited pong: c0e656ca
DEBUG:websockets.protocol:client - event = data_received(<2 bytes>)
DEBUG:websockets.protocol:client < Frame(fin=True, opcode=9, data=b'', rsv1=False, rsv2=False, rsv3=False)
DEBUG:websockets.protocol:client - received ping, sending pong: [empty]
DEBUG:websockets.protocol:client > Frame(fin=True, opcode=10, data=b'', rsv1=False, rsv2=False, rsv3=False)
DEBUG:websockets.protocol:client - event = data_received(<2 bytes>)
DEBUG:websockets.protocol:client < Frame(fin=True, opcode=9, data=b'', rsv1=False, rsv2=False, rsv3=False)
DEBUG:websockets.protocol:client - received ping, sending pong: [empty]
DEBUG:websockets.protocol:client > Frame(fin=True, opcode=10, data=b'', rsv1=False, rsv2=False, rsv3=False)
DEBUG:websockets.protocol:client > Frame(fin=True, opcode=9, data=b'\xfc\x14\xa0\x89', rsv1=False, rsv2=False, rsv3=False)
DEBUG:websockets.protocol:client - event = data_received(<6 bytes>)
DEBUG:websockets.protocol:client < Frame(fin=True, opcode=10, data=b'\xfc\x14\xa0\x89', rsv1=False, rsv2=False, rsv3=False)
DEBUG:websockets.protocol:client - received solicited pong: fc14a089
DEBUG:websockets.protocol:client - event = data_received(<2 bytes>)
DEBUG:websockets.protocol:client < Frame(fin=True, opcode=9, data=b'', rsv1=False, rsv2=False, rsv3=False)
DEBUG:websockets.protocol:client - received ping, sending pong: [empty]
DEBUG:websockets.protocol:client > Frame(fin=True, opcode=10, data=b'', rsv1=False, rsv2=False, rsv3=False)
DEBUG:websockets.protocol:client - event = data_received(<2 bytes>)
DEBUG:websockets.protocol:client < Frame(fin=True, opcode=9, data=b'', rsv1=False, rsv2=False, rsv3=False)
DEBUG:websockets.protocol:client - received ping, sending pong: [empty]
DEBUG:websockets.protocol:client > Frame(fin=True, opcode=10, data=b'', rsv1=False, rsv2=False, rsv3=False)
DEBUG:websockets.protocol:client - event = data_received(<2 bytes>)
DEBUG:websockets.protocol:client < Frame(fin=True, opcode=9, data=b'', rsv1=False, rsv2=False, rsv3=False)
DEBUG:websockets.protocol:client - received ping, sending pong: [empty]
DEBUG:websockets.protocol:client > Frame(fin=True, opcode=10, data=b'', rsv1=False, rsv2=False, rsv3=False)
DEBUG:websockets.protocol:client > Frame(fin=True, opcode=9, data=b'I.\x94\xd3', rsv1=False, rsv2=False, rsv3=False)
DEBUG:websockets.protocol:client - event = data_received(<6 bytes>)
DEBUG:websockets.protocol:client < Frame(fin=True, opcode=10, data=b'I.\x94\xd3', rsv1=False, rsv2=False, rsv3=False)
DEBUG:websockets.protocol:client - received solicited pong: 492e94d3
DEBUG:websockets.protocol:client - event = data_received(<2 bytes>)
DEBUG:websockets.protocol:client < Frame(fin=True, opcode=9, data=b'', rsv1=False, rsv2=False, rsv3=False)
DEBUG:websockets.protocol:client - received ping, sending pong: [empty]
DEBUG:websockets.protocol:client > Frame(fin=True, opcode=10, data=b'', rsv1=False, rsv2=False, rsv3=False)
DEBUG:websockets.protocol:client - event = data_received(<2 bytes>)
DEBUG:websockets.protocol:client < Frame(fin=True, opcode=9, data=b'', rsv1=False, rsv2=False, rsv3=False)
DEBUG:websockets.protocol:client - received ping, sending pong: [empty]
DEBUG:websockets.protocol:client > Frame(fin=True, opcode=10, data=b'', rsv1=False, rsv2=False, rsv3=False)
DEBUG:websockets.protocol:client - event = data_received(<2 bytes>)
DEBUG:websockets.protocol:client < Frame(fin=True, opcode=9, data=b'', rsv1=False, rsv2=False, rsv3=False)
DEBUG:websockets.protocol:client - received ping, sending pong: [empty]
DEBUG:websockets.protocol:client > Frame(fin=True, opcode=10, data=b'', rsv1=False, rsv2=False, rsv3=False)
DEBUG:websockets.protocol:client - event = data_received(<2 bytes>)
DEBUG:websockets.protocol:client < Frame(fin=True, opcode=9, data=b'', rsv1=False, rsv2=False, rsv3=False)
DEBUG:websockets.protocol:client - received ping, sending pong: [empty]
DEBUG:websockets.protocol:client > Frame(fin=True, opcode=10, data=b'', rsv1=False, rsv2=False, rsv3=False)
DEBUG:websockets.protocol:client - event = data_received(<2 bytes>)
DEBUG:websockets.protocol:client < Frame(fin=True, opcode=9, data=b'', rsv1=False, rsv2=False, rsv3=False)
DEBUG:websockets.protocol:client - received ping, sending pong: [empty]
DEBUG:websockets.protocol:client > Frame(fin=True, opcode=10, data=b'', rsv1=False, rsv2=False, rsv3=False)
DEBUG:websockets.protocol:client > Frame(fin=True, opcode=9, data=b'K\xf4\xd9\x9a', rsv1=False, rsv2=False, rsv3=False)
DEBUG:websockets.protocol:client - event = data_received(<6 bytes>)
DEBUG:websockets.protocol:client < Frame(fin=True, opcode=10, data=b'K\xf4\xd9\x9a', rsv1=False, rsv2=False, rsv3=False)
DEBUG:websockets.protocol:client - received solicited pong: 4bf4d99a
DEBUG:websockets.protocol:client - event = data_received(<2 bytes>)
DEBUG:websockets.protocol:client < Frame(fin=True, opcode=9, data=b'', rsv1=False, rsv2=False, rsv3=False)
DEBUG:websockets.protocol:client - received ping, sending pong: [empty]
DEBUG:websockets.protocol:client > Frame(fin=True, opcode=10, data=b'', rsv1=False, rsv2=False, rsv3=False)
DEBUG:websockets.protocol:client > Frame(fin=True, opcode=9, data=b'\x8a\xd2\xa3\x05', rsv1=False, rsv2=False, rsv3=False)
DEBUG:websockets.protocol:client - event = data_received(<6 bytes>)
DEBUG:websockets.protocol:client < Frame(fin=True, opcode=10, data=b'\x8a\xd2\xa3\x05', rsv1=False, rsv2=False, rsv3=False)
DEBUG:websockets.protocol:client - received solicited pong: 8ad2a305
DEBUG:websockets.protocol:client - event = data_received(<2 bytes>)
DEBUG:websockets.protocol:client < Frame(fin=True, opcode=9, data=b'', rsv1=False, rsv2=False, rsv3=False)
DEBUG:websockets.protocol:client - received ping, sending pong: [empty]
DEBUG:websockets.protocol:client > Frame(fin=True, opcode=10, data=b'', rsv1=False, rsv2=False, rsv3=False)
DEBUG:websockets.protocol:client - event = data_received(<2 bytes>)
DEBUG:websockets.protocol:client < Frame(fin=True, opcode=9, data=b'', rsv1=False, rsv2=False, rsv3=False)
DEBUG:websockets.protocol:client - received ping, sending pong: [empty]
DEBUG:websockets.protocol:client > Frame(fin=True, opcode=10, data=b'', rsv1=False, rsv2=False, rsv3=False)
DEBUG:websockets.protocol:client - event = data_received(<2 bytes>)
DEBUG:websockets.protocol:client < Frame(fin=True, opcode=9, data=b'', rsv1=False, rsv2=False, rsv3=False)
DEBUG:websockets.protocol:client - received ping, sending pong: [empty]
DEBUG:websockets.protocol:client > Frame(fin=True, opcode=10, data=b'', rsv1=False, rsv2=False, rsv3=False)
DEBUG:websockets.protocol:client - event = data_received(<2 bytes>)
DEBUG:websockets.protocol:client < Frame(fin=True, opcode=9, data=b'', rsv1=False, rsv2=False, rsv3=False)
DEBUG:websockets.protocol:client - received ping, sending pong: [empty]
DEBUG:websockets.protocol:client > Frame(fin=True, opcode=10, data=b'', rsv1=False, rsv2=False, rsv3=False)
DEBUG:websockets.protocol:client - event = data_received(<2 bytes>)
DEBUG:websockets.protocol:client < Frame(fin=True, opcode=9, data=b'', rsv1=False, rsv2=False, rsv3=False)
DEBUG:websockets.protocol:client - received ping, sending pong: [empty]
DEBUG:websockets.protocol:client > Frame(fin=True, opcode=10, data=b'', rsv1=False, rsv2=False, rsv3=False)
DEBUG:websockets.protocol:client - event = data_received(<2 bytes>)
DEBUG:websockets.protocol:client < Frame(fin=True, opcode=9, data=b'', rsv1=False, rsv2=False, rsv3=False)
DEBUG:websockets.protocol:client - received ping, sending pong: [empty]
DEBUG:websockets.protocol:client > Frame(fin=True, opcode=10, data=b'', rsv1=False, rsv2=False, rsv3=False)
DEBUG:websockets.protocol:client > Frame(fin=True, opcode=9, data=b'K\xf6\xe6?', rsv1=False, rsv2=False, rsv3=False)
DEBUG:websockets.protocol:client - event = data_received(<6 bytes>)
DEBUG:websockets.protocol:client < Frame(fin=True, opcode=10, data=b'K\xf6\xe6?', rsv1=False, rsv2=False, rsv3=False)
DEBUG:websockets.protocol:client - received solicited pong: 4bf6e63f
DEBUG:websockets.protocol:client - event = data_received(<2 bytes>)
DEBUG:websockets.protocol:client < Frame(fin=True, opcode=9, data=b'', rsv1=False, rsv2=False, rsv3=False)
DEBUG:websockets.protocol:client - received ping, sending pong: [empty]
DEBUG:websockets.protocol:client > Frame(fin=True, opcode=10, data=b'', rsv1=False, rsv2=False, rsv3=False)
DEBUG:websockets.protocol:client - event = data_received(<2 bytes>)
DEBUG:websockets.protocol:client < Frame(fin=True, opcode=9, data=b'', rsv1=False, rsv2=False, rsv3=False)
DEBUG:websockets.protocol:client - received ping, sending pong: [empty]
DEBUG:websockets.protocol:client > Frame(fin=True, opcode=10, data=b'', rsv1=False, rsv2=False, rsv3=False)
DEBUG:websockets.protocol:client > Frame(fin=True, opcode=9, data=b'\x89xR\x87', rsv1=False, rsv2=False, rsv3=False)
DEBUG:websockets.protocol:client - event = data_received(<6 bytes>)
DEBUG:websockets.protocol:client < Frame(fin=True, opcode=10, data=b'\x89xR\x87', rsv1=False, rsv2=False, rsv3=False)
DEBUG:websockets.protocol:client - received solicited pong: 89785287
DEBUG:websockets.protocol:client - event = data_received(<2 bytes>)
DEBUG:websockets.protocol:client < Frame(fin=True, opcode=9, data=b'', rsv1=False, rsv2=False, rsv3=False)
DEBUG:websockets.protocol:client - received ping, sending pong: [empty]
DEBUG:websockets.protocol:client > Frame(fin=True, opcode=10, data=b'', rsv1=False, rsv2=False, rsv3=False)
DEBUG:websockets.protocol:client - event = data_received(<2 bytes>)
DEBUG:websockets.protocol:client < Frame(fin=True, opcode=9, data=b'', rsv1=False, rsv2=False, rsv3=False)
DEBUG:websockets.protocol:client - received ping, sending pong: [empty]
DEBUG:websockets.protocol:client > Frame(fin=True, opcode=10, data=b'', rsv1=False, rsv2=False, rsv3=False)
DEBUG:websockets.protocol:client - event = data_received(<2 bytes>)
DEBUG:websockets.protocol:client < Frame(fin=True, opcode=9, data=b'', rsv1=False, rsv2=False, rsv3=False)
DEBUG:websockets.protocol:client - received ping, sending pong: [empty]
DEBUG:websockets.protocol:client > Frame(fin=True, opcode=10, data=b'', rsv1=False, rsv2=False, rsv3=False)
DEBUG:websockets.protocol:client - event = data_received(<2 bytes>)
DEBUG:websockets.protocol:client < Frame(fin=True, opcode=9, data=b'', rsv1=False, rsv2=False, rsv3=False)
DEBUG:websockets.protocol:client - received ping, sending pong: [empty]
DEBUG:websockets.protocol:client > Frame(fin=True, opcode=10, data=b'', rsv1=False, rsv2=False, rsv3=False)
DEBUG:websockets.protocol:client > Frame(fin=True, opcode=9, data=b']\xba\xfb\x99', rsv1=False, rsv2=False, rsv3=False)
DEBUG:websockets.protocol:client - event = data_received(<6 bytes>)
DEBUG:websockets.protocol:client < Frame(fin=True, opcode=10, data=b']\xba\xfb\x99', rsv1=False, rsv2=False, rsv3=False)
DEBUG:websockets.protocol:client - received solicited pong: 5dbafb99
DEBUG:websockets.protocol:client - event = data_received(<2 bytes>)
DEBUG:websockets.protocol:client < Frame(fin=True, opcode=9, data=b'', rsv1=False, rsv2=False, rsv3=False)
DEBUG:websockets.protocol:client - received ping, sending pong: [empty]
DEBUG:websockets.protocol:client > Frame(fin=True, opcode=10, data=b'', rsv1=False, rsv2=False, rsv3=False)
DEBUG:websockets.protocol:client - event = data_received(<2 bytes>)
DEBUG:websockets.protocol:client < Frame(fin=True, opcode=9, data=b'', rsv1=False, rsv2=False, rsv3=False)
DEBUG:websockets.protocol:client - received ping, sending pong: [empty]
DEBUG:websockets.protocol:client > Frame(fin=True, opcode=10, data=b'', rsv1=False, rsv2=False, rsv3=False)
DEBUG:websockets.protocol:client - event = data_received(<2 bytes>)
DEBUG:websockets.protocol:client < Frame(fin=True, opcode=9, data=b'', rsv1=False, rsv2=False, rsv3=False)
DEBUG:websockets.protocol:client - received ping, sending pong: [empty]
DEBUG:websockets.protocol:client > Frame(fin=True, opcode=10, data=b'', rsv1=False, rsv2=False, rsv3=False)
DEBUG:websockets.protocol:client - event = data_received(<2 bytes>)
DEBUG:websockets.protocol:client < Frame(fin=True, opcode=9, data=b'', rsv1=False, rsv2=False, rsv3=False)
DEBUG:websockets.protocol:client - received ping, sending pong: [empty]
DEBUG:websockets.protocol:client > Frame(fin=True, opcode=10, data=b'', rsv1=False, rsv2=False, rsv3=False)
DEBUG:websockets.protocol:client > Frame(fin=True, opcode=9, data=b'\x079\x98 ', rsv1=False, rsv2=False, rsv3=False)
DEBUG:websockets.protocol:client - event = data_received(<2 bytes>)
DEBUG:websockets.protocol:client < Frame(fin=True, opcode=9, data=b'', rsv1=False, rsv2=False, rsv3=False)
DEBUG:websockets.protocol:client - received ping, sending pong: [empty]
DEBUG:websockets.protocol:client > Frame(fin=True, opcode=10, data=b'', rsv1=False, rsv2=False, rsv3=False)
DEBUG:websockets.protocol:client - event = data_received(<6 bytes>)
DEBUG:websockets.protocol:client < Frame(fin=True, opcode=10, data=b'\x079\x98 ', rsv1=False, rsv2=False, rsv3=False)
DEBUG:websockets.protocol:client - received solicited pong: 07399820
DEBUG:websockets.protocol:client - event = data_received(<2 bytes>)
DEBUG:websockets.protocol:client < Frame(fin=True, opcode=9, data=b'', rsv1=False, rsv2=False, rsv3=False)
DEBUG:websockets.protocol:client - received ping, sending pong: [empty]
DEBUG:websockets.protocol:client > Frame(fin=True, opcode=10, data=b'', rsv1=False, rsv2=False, rsv3=False)
DEBUG:websockets.protocol:client > Frame(fin=True, opcode=9, data=b'c\x81\xa3\\', rsv1=False, rsv2=False, rsv3=False)
DEBUG:websockets.protocol:client - event = data_received(<6 bytes>)
DEBUG:websockets.protocol:client < Frame(fin=True, opcode=10, data=b'c\x81\xa3\\', rsv1=False, rsv2=False, rsv3=False)
DEBUG:websockets.protocol:client - received solicited pong: 6381a35c
DEBUG:websockets.protocol:client - event = data_received(<2 bytes>)
DEBUG:websockets.protocol:client < Frame(fin=True, opcode=9, data=b'', rsv1=False, rsv2=False, rsv3=False)
DEBUG:websockets.protocol:client - received ping, sending pong: [empty]
DEBUG:websockets.protocol:client > Frame(fin=True, opcode=10, data=b'', rsv1=False, rsv2=False, rsv3=False)
DEBUG:websockets.protocol:client - event = data_received(<2 bytes>)
DEBUG:websockets.protocol:client < Frame(fin=True, opcode=9, data=b'', rsv1=False, rsv2=False, rsv3=False)
DEBUG:websockets.protocol:client - received ping, sending pong: [empty]
DEBUG:websockets.protocol:client > Frame(fin=True, opcode=10, data=b'', rsv1=False, rsv2=False, rsv3=False)
DEBUG:websockets.protocol:client - event = data_received(<2 bytes>)
DEBUG:websockets.protocol:client < Frame(fin=True, opcode=9, data=b'', rsv1=False, rsv2=False, rsv3=False)
DEBUG:websockets.protocol:client - received ping, sending pong: [empty]
DEBUG:websockets.protocol:client > Frame(fin=True, opcode=10, data=b'', rsv1=False, rsv2=False, rsv3=False)
DEBUG:websockets.protocol:client - event = data_received(<2 bytes>)
DEBUG:websockets.protocol:client < Frame(fin=True, opcode=9, data=b'', rsv1=False, rsv2=False, rsv3=False)
DEBUG:websockets.protocol:client - received ping, sending pong: [empty]
DEBUG:websockets.protocol:client > Frame(fin=True, opcode=10, data=b'', rsv1=False, rsv2=False, rsv3=False)
DEBUG:websockets.protocol:client - event = data_received(<2 bytes>)
DEBUG:websockets.protocol:client < Frame(fin=True, opcode=9, data=b'', rsv1=False, rsv2=False, rsv3=False)
DEBUG:websockets.protocol:client - received ping, sending pong: [empty]
DEBUG:websockets.protocol:client > Frame(fin=True, opcode=10, data=b'', rsv1=False, rsv2=False, rsv3=False)
DEBUG:websockets.protocol:client > Frame(fin=True, opcode=9, data=b'\xd2\x1f\x96\xf8', rsv1=False, rsv2=False, rsv3=False)
DEBUG:websockets.protocol:client - event = data_received(<6 bytes>)
DEBUG:websockets.protocol:client < Frame(fin=True, opcode=10, data=b'\xd2\x1f\x96\xf8', rsv1=False, rsv2=False, rsv3=False)
DEBUG:websockets.protocol:client - received solicited pong: d21f96f8
DEBUG:websockets.protocol:client - event = data_received(<2 bytes>)
DEBUG:websockets.protocol:client < Frame(fin=True, opcode=9, data=b'', rsv1=False, rsv2=False, rsv3=False)
DEBUG:websockets.protocol:client - received ping, sending pong: [empty]
DEBUG:websockets.protocol:client > Frame(fin=True, opcode=10, data=b'', rsv1=False, rsv2=False, rsv3=False)
DEBUG:websockets.protocol:client > Frame(fin=True, opcode=9, data=b'j\x1fM\xf6', rsv1=False, rsv2=False, rsv3=False)
DEBUG:websockets.protocol:client - event = data_received(<2 bytes>)
DEBUG:websockets.protocol:client < Frame(fin=True, opcode=9, data=b'', rsv1=False, rsv2=False, rsv3=False)
DEBUG:websockets.protocol:client - received ping, sending pong: [empty]
DEBUG:websockets.protocol:client > Frame(fin=True, opcode=10, data=b'', rsv1=False, rsv2=False, rsv3=False)
DEBUG:websockets.protocol:client - event = data_received(<6 bytes>)
DEBUG:websockets.protocol:client < Frame(fin=True, opcode=10, data=b'j\x1fM\xf6', rsv1=False, rsv2=False, rsv3=False)
DEBUG:websockets.protocol:client - received solicited pong: 6a1f4df6
DEBUG:websockets.protocol:client - event = data_received(<2 bytes>)
DEBUG:websockets.protocol:client < Frame(fin=True, opcode=9, data=b'', rsv1=False, rsv2=False, rsv3=False)
DEBUG:websockets.protocol:client - received ping, sending pong: [empty]
DEBUG:websockets.protocol:client > Frame(fin=True, opcode=10, data=b'', rsv1=False, rsv2=False, rsv3=False)
DEBUG:websockets.protocol:client - event = data_received(<2 bytes>)
DEBUG:websockets.protocol:client < Frame(fin=True, opcode=9, data=b'', rsv1=False, rsv2=False, rsv3=False)
DEBUG:websockets.protocol:client - received ping, sending pong: [empty]
DEBUG:websockets.protocol:client > Frame(fin=True, opcode=10, data=b'', rsv1=False, rsv2=False, rsv3=False)
DEBUG:websockets.protocol:client - event = data_received(<2 bytes>)
DEBUG:websockets.protocol:client < Frame(fin=True, opcode=9, data=b'', rsv1=False, rsv2=False, rsv3=False)
DEBUG:websockets.protocol:client - received ping, sending pong: [empty]
DEBUG:websockets.protocol:client > Frame(fin=True, opcode=10, data=b'', rsv1=False, rsv2=False, rsv3=False)
DEBUG:websockets.protocol:client > Frame(fin=True, opcode=9, data=b'\x81D\x7f\x98', rsv1=False, rsv2=False, rsv3=False)
DEBUG:websockets.protocol:client - event = data_received(<6 bytes>)
DEBUG:websockets.protocol:client < Frame(fin=True, opcode=10, data=b'\x81D\x7f\x98', rsv1=False, rsv2=False, rsv3=False)
DEBUG:websockets.protocol:client - received solicited pong: 81447f98
DEBUG:websockets.protocol:client - event = data_received(<2 bytes>)
DEBUG:websockets.protocol:client < Frame(fin=True, opcode=9, data=b'', rsv1=False, rsv2=False, rsv3=False)
DEBUG:websockets.protocol:client - received ping, sending pong: [empty]
DEBUG:websockets.protocol:client > Frame(fin=True, opcode=10, data=b'', rsv1=False, rsv2=False, rsv3=False)
DEBUG:websockets.protocol:client - event = data_received(<2 bytes>)
DEBUG:websockets.protocol:client < Frame(fin=True, opcode=9, data=b'', rsv1=False, rsv2=False, rsv3=False)
DEBUG:websockets.protocol:client - received ping, sending pong: [empty]
DEBUG:websockets.protocol:client > Frame(fin=True, opcode=10, data=b'', rsv1=False, rsv2=False, rsv3=False)
DEBUG:websockets.protocol:client - event = data_received(<2 bytes>)
DEBUG:websockets.protocol:client < Frame(fin=True, opcode=9, data=b'', rsv1=False, rsv2=False, rsv3=False)
DEBUG:websockets.protocol:client - received ping, sending pong: [empty]
DEBUG:websockets.protocol:client > Frame(fin=True, opcode=10, data=b'', rsv1=False, rsv2=False, rsv3=False)
DEBUG:websockets.protocol:client - event = data_received(<2 bytes>)
DEBUG:websockets.protocol:client < Frame(fin=True, opcode=9, data=b'', rsv1=False, rsv2=False, rsv3=False)
DEBUG:websockets.protocol:client - received ping, sending pong: [empty]
DEBUG:websockets.protocol:client > Frame(fin=True, opcode=10, data=b'', rsv1=False, rsv2=False, rsv3=False)
DEBUG:websockets.protocol:client - event = data_received(<2 bytes>)
DEBUG:websockets.protocol:client < Frame(fin=True, opcode=9, data=b'', rsv1=False, rsv2=False, rsv3=False)
DEBUG:websockets.protocol:client - received ping, sending pong: [empty]
DEBUG:websockets.protocol:client > Frame(fin=True, opcode=10, data=b'', rsv1=False, rsv2=False, rsv3=False)
DEBUG:websockets.protocol:client > Frame(fin=True, opcode=9, data=b'\xba:\xc1\xce', rsv1=False, rsv2=False, rsv3=False)
DEBUG:websockets.protocol:client - event = data_received(<6 bytes>)
DEBUG:websockets.protocol:client < Frame(fin=True, opcode=10, data=b'\xba:\xc1\xce', rsv1=False, rsv2=False, rsv3=False)
DEBUG:websockets.protocol:client - received solicited pong: ba3ac1ce
DEBUG:websockets.protocol:client - event = data_received(<2 bytes>)
DEBUG:websockets.protocol:client < Frame(fin=True, opcode=9, data=b'', rsv1=False, rsv2=False, rsv3=False)
DEBUG:websockets.protocol:client - received ping, sending pong: [empty]
DEBUG:websockets.protocol:client > Frame(fin=True, opcode=10, data=b'', rsv1=False, rsv2=False, rsv3=False)
DEBUG:websockets.protocol:client > Frame(fin=True, opcode=9, data=b'\x00\x8bq\x03', rsv1=False, rsv2=False, rsv3=False)
DEBUG:websockets.protocol:client - event = data_received(<6 bytes>)
DEBUG:websockets.protocol:client < Frame(fin=True, opcode=10, data=b'\x00\x8bq\x03', rsv1=False, rsv2=False, rsv3=False)
DEBUG:websockets.protocol:client - received solicited pong: 008b7103
DEBUG:websockets.protocol:client - event = data_received(<2 bytes>)
DEBUG:websockets.protocol:client < Frame(fin=True, opcode=9, data=b'', rsv1=False, rsv2=False, rsv3=False)
DEBUG:websockets.protocol:client - received ping, sending pong: [empty]
DEBUG:websockets.protocol:client > Frame(fin=True, opcode=10, data=b'', rsv1=False, rsv2=False, rsv3=False)
DEBUG:websockets.protocol:client - event = data_received(<2 bytes>)
DEBUG:websockets.protocol:client < Frame(fin=True, opcode=9, data=b'', rsv1=False, rsv2=False, rsv3=False)
DEBUG:websockets.protocol:client - received ping, sending pong: [empty]
DEBUG:websockets.protocol:client > Frame(fin=True, opcode=10, data=b'', rsv1=False, rsv2=False, rsv3=False)
DEBUG:websockets.protocol:client - event = data_received(<2 bytes>)
DEBUG:websockets.protocol:client < Frame(fin=True, opcode=9, data=b'', rsv1=False, rsv2=False, rsv3=False)
DEBUG:websockets.protocol:client - received ping, sending pong: [empty]
DEBUG:websockets.protocol:client > Frame(fin=True, opcode=10, data=b'', rsv1=False, rsv2=False, rsv3=False)
DEBUG:websockets.protocol:client - event = data_received(<2 bytes>)
DEBUG:websockets.protocol:client < Frame(fin=True, opcode=9, data=b'', rsv1=False, rsv2=False, rsv3=False)
DEBUG:websockets.protocol:client - received ping, sending pong: [empty]
DEBUG:websockets.protocol:client > Frame(fin=True, opcode=10, data=b'', rsv1=False, rsv2=False, rsv3=False)
DEBUG:websockets.protocol:client - event = data_received(<2 bytes>)
DEBUG:websockets.protocol:client < Frame(fin=True, opcode=9, data=b'', rsv1=False, rsv2=False, rsv3=False)
DEBUG:websockets.protocol:client - received ping, sending pong: [empty]
DEBUG:websockets.protocol:client > Frame(fin=True, opcode=10, data=b'', rsv1=False, rsv2=False, rsv3=False)
DEBUG:websockets.protocol:client - event = data_received(<2 bytes>)
DEBUG:websockets.protocol:client < Frame(fin=True, opcode=9, data=b'', rsv1=False, rsv2=False, rsv3=False)
DEBUG:websockets.protocol:client - received ping, sending pong: [empty]
DEBUG:websockets.protocol:client > Frame(fin=True, opcode=10, data=b'', rsv1=False, rsv2=False, rsv3=False)
DEBUG:websockets.protocol:client - event = data_received(<2 bytes>)
DEBUG:websockets.protocol:client < Frame(fin=True, opcode=9, data=b'', rsv1=False, rsv2=False, rsv3=False)
DEBUG:websockets.protocol:client - received ping, sending pong: [empty]
DEBUG:websockets.protocol:client > Frame(fin=True, opcode=10, data=b'', rsv1=False, rsv2=False, rsv3=False)
DEBUG:websockets.protocol:client > Frame(fin=True, opcode=9, data=b'z\x91\xaeM', rsv1=False, rsv2=False, rsv3=False)
DEBUG:websockets.protocol:client - event = data_received(<6 bytes>)
DEBUG:websockets.protocol:client < Frame(fin=True, opcode=10, data=b'z\x91\xaeM', rsv1=False, rsv2=False, rsv3=False)
DEBUG:websockets.protocol:client - received solicited pong: 7a91ae4d
DEBUG:websockets.protocol:client - event = data_received(<2 bytes>)
DEBUG:websockets.protocol:client < Frame(fin=True, opcode=9, data=b'', rsv1=False, rsv2=False, rsv3=False)
DEBUG:websockets.protocol:client - received ping, sending pong: [empty]
DEBUG:websockets.protocol:client > Frame(fin=True, opcode=10, data=b'', rsv1=False, rsv2=False, rsv3=False)
DEBUG:websockets.protocol:client > Frame(fin=True, opcode=9, data=b'\x12y\xf0\xc3', rsv1=False, rsv2=False, rsv3=False)
DEBUG:websockets.protocol:client - event = data_received(<6 bytes>)
DEBUG:websockets.protocol:client < Frame(fin=True, opcode=10, data=b'\x12y\xf0\xc3', rsv1=False, rsv2=False, rsv3=False)
DEBUG:websockets.protocol:client - received solicited pong: 1279f0c3
DEBUG:websockets.protocol:client - event = data_received(<2 bytes>)
DEBUG:websockets.protocol:client < Frame(fin=True, opcode=9, data=b'', rsv1=False, rsv2=False, rsv3=False)
DEBUG:websockets.protocol:client - received ping, sending pong: [empty]
DEBUG:websockets.protocol:client > Frame(fin=True, opcode=10, data=b'', rsv1=False, rsv2=False, rsv3=False)
DEBUG:websockets.protocol:client - event = data_received(<2 bytes>)
DEBUG:websockets.protocol:client < Frame(fin=True, opcode=9, data=b'', rsv1=False, rsv2=False, rsv3=False)
DEBUG:websockets.protocol:client - received ping, sending pong: [empty]
DEBUG:websockets.protocol:client > Frame(fin=True, opcode=10, data=b'', rsv1=False, rsv2=False, rsv3=False)
DEBUG:websockets.protocol:client - event = data_received(<2 bytes>)
DEBUG:websockets.protocol:client < Frame(fin=True, opcode=9, data=b'', rsv1=False, rsv2=False, rsv3=False)
DEBUG:websockets.protocol:client - received ping, sending pong: [empty]
DEBUG:websockets.protocol:client > Frame(fin=True, opcode=10, data=b'', rsv1=False, rsv2=False, rsv3=False)
DEBUG:websockets.protocol:client - event = data_received(<2 bytes>)
DEBUG:websockets.protocol:client < Frame(fin=True, opcode=9, data=b'', rsv1=False, rsv2=False, rsv3=False)
DEBUG:websockets.protocol:client - received ping, sending pong: [empty]
DEBUG:websockets.protocol:client > Frame(fin=True, opcode=10, data=b'', rsv1=False, rsv2=False, rsv3=False)
DEBUG:websockets.protocol:client > Frame(fin=True, opcode=9, data=b'\x81d\x10\xc4', rsv1=False, rsv2=False, rsv3=False)
DEBUG:websockets.protocol:client - event = data_received(<6 bytes>)
DEBUG:websockets.protocol:client < Frame(fin=True, opcode=10, data=b'\x81d\x10\xc4', rsv1=False, rsv2=False, rsv3=False)
DEBUG:websockets.protocol:client - received solicited pong: 816410c4
DEBUG:websockets.protocol:client - event = data_received(<2 bytes>)
DEBUG:websockets.protocol:client < Frame(fin=True, opcode=9, data=b'', rsv1=False, rsv2=False, rsv3=False)
DEBUG:websockets.protocol:client - received ping, sending pong: [empty]
DEBUG:websockets.protocol:client > Frame(fin=True, opcode=10, data=b'', rsv1=False, rsv2=False, rsv3=False)
DEBUG:websockets.protocol:client - event = data_received(<2 bytes>)
DEBUG:websockets.protocol:client < Frame(fin=True, opcode=9, data=b'', rsv1=False, rsv2=False, rsv3=False)
DEBUG:websockets.protocol:client - received ping, sending pong: [empty]
DEBUG:websockets.protocol:client > Frame(fin=True, opcode=10, data=b'', rsv1=False, rsv2=False, rsv3=False)
DEBUG:websockets.protocol:client - event = data_received(<2 bytes>)
DEBUG:websockets.protocol:client < Frame(fin=True, opcode=9, data=b'', rsv1=False, rsv2=False, rsv3=False)
DEBUG:websockets.protocol:client - received ping, sending pong: [empty]
DEBUG:websockets.protocol:client > Frame(fin=True, opcode=10, data=b'', rsv1=False, rsv2=False, rsv3=False)
DEBUG:websockets.protocol:client - event = data_received(<2 bytes>)
DEBUG:websockets.protocol:client < Frame(fin=True, opcode=9, data=b'', rsv1=False, rsv2=False, rsv3=False)
DEBUG:websockets.protocol:client - received ping, sending pong: [empty]
DEBUG:websockets.protocol:client > Frame(fin=True, opcode=10, data=b'', rsv1=False, rsv2=False, rsv3=False)
DEBUG:websockets.protocol:client - event = data_received(<2 bytes>)
DEBUG:websockets.protocol:client < Frame(fin=True, opcode=9, data=b'', rsv1=False, rsv2=False, rsv3=False)
DEBUG:websockets.protocol:client - received ping, sending pong: [empty]
DEBUG:websockets.protocol:client > Frame(fin=True, opcode=10, data=b'', rsv1=False, rsv2=False, rsv3=False)
DEBUG:websockets.protocol:client > Frame(fin=True, opcode=9, data=b'\xa4)\x90\x83', rsv1=False, rsv2=False, rsv3=False)
DEBUG:websockets.protocol:client - event = data_received(<6 bytes>)
DEBUG:websockets.protocol:client < Frame(fin=True, opcode=10, data=b'\xa4)\x90\x83', rsv1=False, rsv2=False, rsv3=False)
DEBUG:websockets.protocol:client - received solicited pong: a4299083
DEBUG:websockets.protocol:client - event = data_received(<2 bytes>)
DEBUG:websockets.protocol:client < Frame(fin=True, opcode=9, data=b'', rsv1=False, rsv2=False, rsv3=False)
DEBUG:websockets.protocol:client - received ping, sending pong: [empty]
DEBUG:websockets.protocol:client > Frame(fin=True, opcode=10, data=b'', rsv1=False, rsv2=False, rsv3=False)
DEBUG:websockets.protocol:client - event = data_received(<2 bytes>)
DEBUG:websockets.protocol:client < Frame(fin=True, opcode=9, data=b'', rsv1=False, rsv2=False, rsv3=False)
DEBUG:websockets.protocol:client - received ping, sending pong: [empty]
DEBUG:websockets.protocol:client > Frame(fin=True, opcode=10, data=b'', rsv1=False, rsv2=False, rsv3=False)
DEBUG:websockets.protocol:client > Frame(fin=True, opcode=9, data=b'XH1$', rsv1=False, rsv2=False, rsv3=False)
DEBUG:websockets.protocol:client - event = data_received(<6 bytes>)
DEBUG:websockets.protocol:client < Frame(fin=True, opcode=10, data=b'XH1$', rsv1=False, rsv2=False, rsv3=False)
DEBUG:websockets.protocol:client - received solicited pong: 58483124
DEBUG:websockets.protocol:client - event = data_received(<2 bytes>)
DEBUG:websockets.protocol:client < Frame(fin=True, opcode=9, data=b'', rsv1=False, rsv2=False, rsv3=False)
DEBUG:websockets.protocol:client - received ping, sending pong: [empty]
DEBUG:websockets.protocol:client > Frame(fin=True, opcode=10, data=b'', rsv1=False, rsv2=False, rsv3=False)
DEBUG:websockets.protocol:client - event = data_received(<2 bytes>)
DEBUG:websockets.protocol:client < Frame(fin=True, opcode=9, data=b'', rsv1=False, rsv2=False, rsv3=False)
DEBUG:websockets.protocol:client - received ping, sending pong: [empty]
DEBUG:websockets.protocol:client > Frame(fin=True, opcode=10, data=b'', rsv1=False, rsv2=False, rsv3=False)
DEBUG:websockets.protocol:client - event = data_received(<2 bytes>)
DEBUG:websockets.protocol:client < Frame(fin=True, opcode=9, data=b'', rsv1=False, rsv2=False, rsv3=False)
DEBUG:websockets.protocol:client - received ping, sending pong: [empty]
DEBUG:websockets.protocol:client > Frame(fin=True, opcode=10, data=b'', rsv1=False, rsv2=False, rsv3=False)
DEBUG:websockets.protocol:client - event = data_received(<2 bytes>)
DEBUG:websockets.protocol:client < Frame(fin=True, opcode=9, data=b'', rsv1=False, rsv2=False, rsv3=False)
DEBUG:websockets.protocol:client - received ping, sending pong: [empty]
DEBUG:websockets.protocol:client > Frame(fin=True, opcode=10, data=b'', rsv1=False, rsv2=False, rsv3=False)
DEBUG:websockets.protocol:client - event = data_received(<2 bytes>)
DEBUG:websockets.protocol:client < Frame(fin=True, opcode=9, data=b'', rsv1=False, rsv2=False, rsv3=False)
DEBUG:websockets.protocol:client - received ping, sending pong: [empty]
DEBUG:websockets.protocol:client > Frame(fin=True, opcode=10, data=b'', rsv1=False, rsv2=False, rsv3=False)
DEBUG:websockets.protocol:client - event = data_received(<2 bytes>)
DEBUG:websockets.protocol:client < Frame(fin=True, opcode=9, data=b'', rsv1=False, rsv2=False, rsv3=False)
DEBUG:websockets.protocol:client - received ping, sending pong: [empty]
DEBUG:websockets.protocol:client > Frame(fin=True, opcode=10, data=b'', rsv1=False, rsv2=False, rsv3=False)
DEBUG:websockets.protocol:client > Frame(fin=True, opcode=9, data=b'\x19\x14\xcb\x81', rsv1=False, rsv2=False, rsv3=False)
DEBUG:websockets.protocol:client - event = data_received(<6 bytes>)
DEBUG:websockets.protocol:client < Frame(fin=True, opcode=10, data=b'\x19\x14\xcb\x81', rsv1=False, rsv2=False, rsv3=False)
DEBUG:websockets.protocol:client - received solicited pong: 1914cb81
DEBUG:websockets.protocol:client - event = data_received(<2 bytes>)
DEBUG:websockets.protocol:client < Frame(fin=True, opcode=9, data=b'', rsv1=False, rsv2=False, rsv3=False)
DEBUG:websockets.protocol:client - received ping, sending pong: [empty]
DEBUG:websockets.protocol:client > Frame(fin=True, opcode=10, data=b'', rsv1=False, rsv2=False, rsv3=False)
DEBUG:websockets.protocol:client > Frame(fin=True, opcode=9, data=b"\x80'\xd6T", rsv1=False, rsv2=False, rsv3=False)
DEBUG:websockets.protocol:client - event = data_received(<6 bytes>)
DEBUG:websockets.protocol:client < Frame(fin=True, opcode=10, data=b"\x80'\xd6T", rsv1=False, rsv2=False, rsv3=False)
DEBUG:websockets.protocol:client - received solicited pong: 8027d654
DEBUG:websockets.protocol:client - event = data_received(<2 bytes>)
DEBUG:websockets.protocol:client < Frame(fin=True, opcode=9, data=b'', rsv1=False, rsv2=False, rsv3=False)
DEBUG:websockets.protocol:client - received ping, sending pong: [empty]
DEBUG:websockets.protocol:client > Frame(fin=True, opcode=10, data=b'', rsv1=False, rsv2=False, rsv3=False)
DEBUG:websockets.protocol:client - event = data_received(<2 bytes>)
DEBUG:websockets.protocol:client < Frame(fin=True, opcode=9, data=b'', rsv1=False, rsv2=False, rsv3=False)
DEBUG:websockets.protocol:client - received ping, sending pong: [empty]
DEBUG:websockets.protocol:client > Frame(fin=True, opcode=10, data=b'', rsv1=False, rsv2=False, rsv3=False)
DEBUG:websockets.protocol:client - event = data_received(<2 bytes>)
DEBUG:websockets.protocol:client < Frame(fin=True, opcode=9, data=b'', rsv1=False, rsv2=False, rsv3=False)
DEBUG:websockets.protocol:client - received ping, sending pong: [empty]
DEBUG:websockets.protocol:client > Frame(fin=True, opcode=10, data=b'', rsv1=False, rsv2=False, rsv3=False)
DEBUG:websockets.protocol:client - event = data_received(<2 bytes>)
DEBUG:websockets.protocol:client < Frame(fin=True, opcode=9, data=b'', rsv1=False, rsv2=False, rsv3=False)
DEBUG:websockets.protocol:client - received ping, sending pong: [empty]
DEBUG:websockets.protocol:client > Frame(fin=True, opcode=10, data=b'', rsv1=False, rsv2=False, rsv3=False)
DEBUG:websockets.protocol:client > Frame(fin=True, opcode=9, data=b'\xa3x\xac3', rsv1=False, rsv2=False, rsv3=False)
DEBUG:websockets.protocol:client - event = data_received(<6 bytes>)
DEBUG:websockets.protocol:client < Frame(fin=True, opcode=10, data=b'\xa3x\xac3', rsv1=False, rsv2=False, rsv3=False)
DEBUG:websockets.protocol:client - received solicited pong: a378ac33
DEBUG:websockets.protocol:client - event = data_received(<2 bytes>)
DEBUG:websockets.protocol:client < Frame(fin=True, opcode=9, data=b'', rsv1=False, rsv2=False, rsv3=False)
DEBUG:websockets.protocol:client - received ping, sending pong: [empty]
DEBUG:websockets.protocol:client > Frame(fin=True, opcode=10, data=b'', rsv1=False, rsv2=False, rsv3=False)
DEBUG:websockets.protocol:client - event = data_received(<2 bytes>)
DEBUG:websockets.protocol:client < Frame(fin=True, opcode=9, data=b'', rsv1=False, rsv2=False, rsv3=False)
DEBUG:websockets.protocol:client - received ping, sending pong: [empty]
DEBUG:websockets.protocol:client > Frame(fin=True, opcode=10, data=b'', rsv1=False, rsv2=False, rsv3=False)
DEBUG:websockets.protocol:client - event = data_received(<2 bytes>)
DEBUG:websockets.protocol:client < Frame(fin=True, opcode=9, data=b'', rsv1=False, rsv2=False, rsv3=False)
DEBUG:websockets.protocol:client - received ping, sending pong: [empty]
DEBUG:websockets.protocol:client > Frame(fin=True, opcode=10, data=b'', rsv1=False, rsv2=False, rsv3=False)
DEBUG:websockets.protocol:client > Frame(fin=True, opcode=9, data=b'~t6\xfd', rsv1=False, rsv2=False, rsv3=False)
DEBUG:websockets.protocol:client - event = data_received(<6 bytes>)
DEBUG:websockets.protocol:client < Frame(fin=True, opcode=10, data=b'~t6\xfd', rsv1=False, rsv2=False, rsv3=False)
DEBUG:websockets.protocol:client - received solicited pong: 7e7436fd
DEBUG:websockets.protocol:client - event = data_received(<2 bytes>)
DEBUG:websockets.protocol:client < Frame(fin=True, opcode=9, data=b'', rsv1=False, rsv2=False, rsv3=False)
DEBUG:websockets.protocol:client - received ping, sending pong: [empty]
DEBUG:websockets.protocol:client > Frame(fin=True, opcode=10, data=b'', rsv1=False, rsv2=False, rsv3=False)
DEBUG:websockets.protocol:client - event = data_received(<2 bytes>)
DEBUG:websockets.protocol:client < Frame(fin=True, opcode=9, data=b'', rsv1=False, rsv2=False, rsv3=False)
DEBUG:websockets.protocol:client - received ping, sending pong: [empty]
DEBUG:websockets.protocol:client > Frame(fin=True, opcode=10, data=b'', rsv1=False, rsv2=False, rsv3=False)
DEBUG:websockets.protocol:client > Frame(fin=True, opcode=9, data=b'\xdf3\xda\x02', rsv1=False, rsv2=False, rsv3=False)
DEBUG:websockets.protocol:client - event = data_received(<6 bytes>)
DEBUG:websockets.protocol:client < Frame(fin=True, opcode=10, data=b'\xdf3\xda\x02', rsv1=False, rsv2=False, rsv3=False)
DEBUG:websockets.protocol:client - received solicited pong: df33da02
DEBUG:websockets.protocol:client - event = data_received(<2 bytes>)
DEBUG:websockets.protocol:client < Frame(fin=True, opcode=9, data=b'', rsv1=False, rsv2=False, rsv3=False)
DEBUG:websockets.protocol:client - received ping, sending pong: [empty]
DEBUG:websockets.protocol:client > Frame(fin=True, opcode=10, data=b'', rsv1=False, rsv2=False, rsv3=False)
DEBUG:websockets.protocol:client - event = data_received(<2 bytes>)
DEBUG:websockets.protocol:client < Frame(fin=True, opcode=9, data=b'', rsv1=False, rsv2=False, rsv3=False)
DEBUG:websockets.protocol:client - received ping, sending pong: [empty]
DEBUG:websockets.protocol:client > Frame(fin=True, opcode=10, data=b'', rsv1=False, rsv2=False, rsv3=False)
DEBUG:websockets.protocol:client - event = data_received(<2 bytes>)
DEBUG:websockets.protocol:client < Frame(fin=True, opcode=9, data=b'', rsv1=False, rsv2=False, rsv3=False)
DEBUG:websockets.protocol:client - received ping, sending pong: [empty]
DEBUG:websockets.protocol:client > Frame(fin=True, opcode=10, data=b'', rsv1=False, rsv2=False, rsv3=False)
DEBUG:websockets.protocol:client - event = data_received(<2 bytes>)
DEBUG:websockets.protocol:client < Frame(fin=True, opcode=9, data=b'', rsv1=False, rsv2=False, rsv3=False)
DEBUG:websockets.protocol:client - received ping, sending pong: [empty]
DEBUG:websockets.protocol:client > Frame(fin=True, opcode=10, data=b'', rsv1=False, rsv2=False, rsv3=False)
DEBUG:websockets.protocol:client - event = data_received(<2 bytes>)
DEBUG:websockets.protocol:client < Frame(fin=True, opcode=9, data=b'', rsv1=False, rsv2=False, rsv3=False)
DEBUG:websockets.protocol:client - received ping, sending pong: [empty]
DEBUG:websockets.protocol:client > Frame(fin=True, opcode=10, data=b'', rsv1=False, rsv2=False, rsv3=False)
DEBUG:websockets.protocol:client > Frame(fin=True, opcode=9, data=b'\x93\xe68H', rsv1=False, rsv2=False, rsv3=False)
DEBUG:websockets.protocol:client - event = data_received(<6 bytes>)
DEBUG:websockets.protocol:client < Frame(fin=True, opcode=10, data=b'\x93\xe68H', rsv1=False, rsv2=False, rsv3=False)
DEBUG:websockets.protocol:client - received solicited pong: 93e63848
DEBUG:websockets.protocol:client - event = data_received(<2 bytes>)
DEBUG:websockets.protocol:client < Frame(fin=True, opcode=9, data=b'', rsv1=False, rsv2=False, rsv3=False)
DEBUG:websockets.protocol:client - received ping, sending pong: [empty]
DEBUG:websockets.protocol:client > Frame(fin=True, opcode=10, data=b'', rsv1=False, rsv2=False, rsv3=False)
DEBUG:websockets.protocol:client > Frame(fin=True, opcode=9, data=b'\x8b\x8c\xba\xce', rsv1=False, rsv2=False, rsv3=False)
DEBUG:websockets.protocol:client - event = data_received(<6 bytes>)
DEBUG:websockets.protocol:client < Frame(fin=True, opcode=10, data=b'\x8b\x8c\xba\xce', rsv1=False, rsv2=False, rsv3=False)
DEBUG:websockets.protocol:client - received solicited pong: 8b8cbace
DEBUG:websockets.protocol:client - event = data_received(<2 bytes>)
DEBUG:websockets.protocol:client < Frame(fin=True, opcode=9, data=b'', rsv1=False, rsv2=False, rsv3=False)
DEBUG:websockets.protocol:client - received ping, sending pong: [empty]
DEBUG:websockets.protocol:client > Frame(fin=True, opcode=10, data=b'', rsv1=False, rsv2=False, rsv3=False)
DEBUG:websockets.protocol:client - event = data_received(<2 bytes>)
DEBUG:websockets.protocol:client < Frame(fin=True, opcode=9, data=b'', rsv1=False, rsv2=False, rsv3=False)
DEBUG:websockets.protocol:client - received ping, sending pong: [empty]
DEBUG:websockets.protocol:client > Frame(fin=True, opcode=10, data=b'', rsv1=False, rsv2=False, rsv3=False)
DEBUG:websockets.protocol:client - event = data_received(<2 bytes>)
DEBUG:websockets.protocol:client < Frame(fin=True, opcode=9, data=b'', rsv1=False, rsv2=False, rsv3=False)
DEBUG:websockets.protocol:client - received ping, sending pong: [empty]
DEBUG:websockets.protocol:client > Frame(fin=True, opcode=10, data=b'', rsv1=False, rsv2=False, rsv3=False)
DEBUG:websockets.protocol:client - event = data_received(<2 bytes>)
DEBUG:websockets.protocol:client < Frame(fin=True, opcode=9, data=b'', rsv1=False, rsv2=False, rsv3=False)
DEBUG:websockets.protocol:client - received ping, sending pong: [empty]
DEBUG:websockets.protocol:client > Frame(fin=True, opcode=10, data=b'', rsv1=False, rsv2=False, rsv3=False)
DEBUG:websockets.protocol:client > Frame(fin=True, opcode=9, data=b'1\xb5Ay', rsv1=False, rsv2=False, rsv3=False)
DEBUG:websockets.protocol:client - event = data_received(<6 bytes>)
DEBUG:websockets.protocol:client < Frame(fin=True, opcode=10, data=b'1\xb5Ay', rsv1=False, rsv2=False, rsv3=False)
DEBUG:websockets.protocol:client - received solicited pong: 31b54179
DEBUG:websockets.protocol:client - event = data_received(<2 bytes>)
DEBUG:websockets.protocol:client < Frame(fin=True, opcode=9, data=b'', rsv1=False, rsv2=False, rsv3=False)
DEBUG:websockets.protocol:client - received ping, sending pong: [empty]
DEBUG:websockets.protocol:client > Frame(fin=True, opcode=10, data=b'', rsv1=False, rsv2=False, rsv3=False)
DEBUG:websockets.protocol:client - event = data_received(<2 bytes>)
DEBUG:websockets.protocol:client < Frame(fin=True, opcode=9, data=b'', rsv1=False, rsv2=False, rsv3=False)
DEBUG:websockets.protocol:client - received ping, sending pong: [empty]
DEBUG:websockets.protocol:client > Frame(fin=True, opcode=10, data=b'', rsv1=False, rsv2=False, rsv3=False)
DEBUG:websockets.protocol:client - event = data_received(<2 bytes>)
DEBUG:websockets.protocol:client < Frame(fin=True, opcode=9, data=b'', rsv1=False, rsv2=False, rsv3=False)
DEBUG:websockets.protocol:client - received ping, sending pong: [empty]
DEBUG:websockets.protocol:client > Frame(fin=True, opcode=10, data=b'', rsv1=False, rsv2=False, rsv3=False)
DEBUG:websockets.protocol:client - event = data_received(<2 bytes>)
DEBUG:websockets.protocol:client < Frame(fin=True, opcode=9, data=b'', rsv1=False, rsv2=False, rsv3=False)
DEBUG:websockets.protocol:client - received ping, sending pong: [empty]
DEBUG:websockets.protocol:client > Frame(fin=True, opcode=10, data=b'', rsv1=False, rsv2=False, rsv3=False)
DEBUG:websockets.protocol:client > Frame(fin=True, opcode=9, data=b'\x0e\xd3\xca ', rsv1=False, rsv2=False, rsv3=False)
DEBUG:websockets.protocol:client - event = data_received(<6 bytes>)
DEBUG:websockets.protocol:client < Frame(fin=True, opcode=10, data=b'\x0e\xd3\xca ', rsv1=False, rsv2=False, rsv3=False)
DEBUG:websockets.protocol:client - received solicited pong: 0ed3ca20
DEBUG:websockets.protocol:client - event = data_received(<2 bytes>)
DEBUG:websockets.protocol:client < Frame(fin=True, opcode=9, data=b'', rsv1=False, rsv2=False, rsv3=False)
DEBUG:websockets.protocol:client - received ping, sending pong: [empty]
DEBUG:websockets.protocol:client > Frame(fin=True, opcode=10, data=b'', rsv1=False, rsv2=False, rsv3=False)
DEBUG:websockets.protocol:client > Frame(fin=True, opcode=9, data=b'iC\xdci', rsv1=False, rsv2=False, rsv3=False)
DEBUG:websockets.protocol:client - event = data_received(<6 bytes>)
DEBUG:websockets.protocol:client < Frame(fin=True, opcode=10, data=b'iC\xdci', rsv1=False, rsv2=False, rsv3=False)
DEBUG:websockets.protocol:client - received solicited pong: 6943dc69
DEBUG:websockets.protocol:client - event = data_received(<2 bytes>)
DEBUG:websockets.protocol:client < Frame(fin=True, opcode=9, data=b'', rsv1=False, rsv2=False, rsv3=False)
DEBUG:websockets.protocol:client - received ping, sending pong: [empty]
DEBUG:websockets.protocol:client > Frame(fin=True, opcode=10, data=b'', rsv1=False, rsv2=False, rsv3=False)
DEBUG:websockets.protocol:client - event = data_received(<2 bytes>)
DEBUG:websockets.protocol:client < Frame(fin=True, opcode=9, data=b'', rsv1=False, rsv2=False, rsv3=False)
DEBUG:websockets.protocol:client - received ping, sending pong: [empty]
DEBUG:websockets.protocol:client > Frame(fin=True, opcode=10, data=b'', rsv1=False, rsv2=False, rsv3=False)
DEBUG:websockets.protocol:client - event = data_received(<2 bytes>)
DEBUG:websockets.protocol:client < Frame(fin=True, opcode=9, data=b'', rsv1=False, rsv2=False, rsv3=False)
DEBUG:websockets.protocol:client - received ping, sending pong: [empty]
DEBUG:websockets.protocol:client > Frame(fin=True, opcode=10, data=b'', rsv1=False, rsv2=False, rsv3=False)
DEBUG:websockets.protocol:client - event = data_received(<2 bytes>)
DEBUG:websockets.protocol:client < Frame(fin=True, opcode=9, data=b'', rsv1=False, rsv2=False, rsv3=False)
DEBUG:websockets.protocol:client - received ping, sending pong: [empty]
DEBUG:websockets.protocol:client > Frame(fin=True, opcode=10, data=b'', rsv1=False, rsv2=False, rsv3=False)
DEBUG:websockets.protocol:client - event = data_received(<2 bytes>)
DEBUG:websockets.protocol:client < Frame(fin=True, opcode=9, data=b'', rsv1=False, rsv2=False, rsv3=False)
DEBUG:websockets.protocol:client - received ping, sending pong: [empty]
DEBUG:websockets.protocol:client > Frame(fin=True, opcode=10, data=b'', rsv1=False, rsv2=False, rsv3=False)
DEBUG:websockets.protocol:client - event = data_received(<2 bytes>)
DEBUG:websockets.protocol:client < Frame(fin=True, opcode=9, data=b'', rsv1=False, rsv2=False, rsv3=False)
DEBUG:websockets.protocol:client - received ping, sending pong: [empty]
DEBUG:websockets.protocol:client > Frame(fin=True, opcode=10, data=b'', rsv1=False, rsv2=False, rsv3=False)
DEBUG:websockets.protocol:client > Frame(fin=True, opcode=9, data=b'R\xec{U', rsv1=False, rsv2=False, rsv3=False)
DEBUG:websockets.protocol:client - event = data_received(<6 bytes>)
DEBUG:websockets.protocol:client < Frame(fin=True, opcode=10, data=b'R\xec{U', rsv1=False, rsv2=False, rsv3=False)
DEBUG:websockets.protocol:client - received solicited pong: 52ec7b55
DEBUG:websockets.protocol:client - event = data_received(<2 bytes>)
DEBUG:websockets.protocol:client < Frame(fin=True, opcode=9, data=b'', rsv1=False, rsv2=False, rsv3=False)
DEBUG:websockets.protocol:client - received ping, sending pong: [empty]
DEBUG:websockets.protocol:client > Frame(fin=True, opcode=10, data=b'', rsv1=False, rsv2=False, rsv3=False)
DEBUG:websockets.protocol:client - event = data_received(<2 bytes>)
DEBUG:websockets.protocol:client < Frame(fin=True, opcode=9, data=b'', rsv1=False, rsv2=False, rsv3=False)
DEBUG:websockets.protocol:client - received ping, sending pong: [empty]
DEBUG:websockets.protocol:client > Frame(fin=True, opcode=10, data=b'', rsv1=False, rsv2=False, rsv3=False)
DEBUG:websockets.protocol:client > Frame(fin=True, opcode=9, data=b'\x85\xf6\x03\xf0', rsv1=False, rsv2=False, rsv3=False)
DEBUG:websockets.protocol:client - event = data_received(<6 bytes>)
DEBUG:websockets.protocol:client < Frame(fin=True, opcode=10, data=b'\x85\xf6\x03\xf0', rsv1=False, rsv2=False, rsv3=False)
DEBUG:websockets.protocol:client - received solicited pong: 85f603f0
DEBUG:websockets.protocol:client - event = data_received(<2 bytes>)
DEBUG:websockets.protocol:client < Frame(fin=True, opcode=9, data=b'', rsv1=False, rsv2=False, rsv3=False)
DEBUG:websockets.protocol:client - received ping, sending pong: [empty]
DEBUG:websockets.protocol:client > Frame(fin=True, opcode=10, data=b'', rsv1=False, rsv2=False, rsv3=False)
DEBUG:websockets.protocol:client - event = data_received(<2 bytes>)
DEBUG:websockets.protocol:client < Frame(fin=True, opcode=9, data=b'', rsv1=False, rsv2=False, rsv3=False)
DEBUG:websockets.protocol:client - received ping, sending pong: [empty]
DEBUG:websockets.protocol:client > Frame(fin=True, opcode=10, data=b'', rsv1=False, rsv2=False, rsv3=False)
DEBUG:websockets.protocol:client - event = data_received(<2 bytes>)
DEBUG:websockets.protocol:client < Frame(fin=True, opcode=9, data=b'', rsv1=False, rsv2=False, rsv3=False)
DEBUG:websockets.protocol:client - received ping, sending pong: [empty]
DEBUG:websockets.protocol:client > Frame(fin=True, opcode=10, data=b'', rsv1=False, rsv2=False, rsv3=False)
DEBUG:websockets.protocol:client - event = data_received(<2 bytes>)
DEBUG:websockets.protocol:client < Frame(fin=True, opcode=9, data=b'', rsv1=False, rsv2=False, rsv3=False)
DEBUG:websockets.protocol:client - received ping, sending pong: [empty]
DEBUG:websockets.protocol:client > Frame(fin=True, opcode=10, data=b'', rsv1=False, rsv2=False, rsv3=False)
DEBUG:websockets.protocol:client > Frame(fin=True, opcode=9, data=b'\x1bY\xbd\xef', rsv1=False, rsv2=False, rsv3=False)
DEBUG:websockets.protocol:client - event = data_received(<6 bytes>)
DEBUG:websockets.protocol:client < Frame(fin=True, opcode=10, data=b'\x1bY\xbd\xef', rsv1=False, rsv2=False, rsv3=False)
DEBUG:websockets.protocol:client - received solicited pong: 1b59bdef
DEBUG:websockets.protocol:client - event = data_received(<2 bytes>)
DEBUG:websockets.protocol:client < Frame(fin=True, opcode=9, data=b'', rsv1=False, rsv2=False, rsv3=False)
DEBUG:websockets.protocol:client - received ping, sending pong: [empty]
DEBUG:websockets.protocol:client > Frame(fin=True, opcode=10, data=b'', rsv1=False, rsv2=False, rsv3=False)
DEBUG:websockets.protocol:client - event = data_received(<2 bytes>)
DEBUG:websockets.protocol:client < Frame(fin=True, opcode=9, data=b'', rsv1=False, rsv2=False, rsv3=False)
DEBUG:websockets.protocol:client - received ping, sending pong: [empty]
DEBUG:websockets.protocol:client > Frame(fin=True, opcode=10, data=b'', rsv1=False, rsv2=False, rsv3=False)
DEBUG:websockets.protocol:client - event = data_received(<2 bytes>)
DEBUG:websockets.protocol:client < Frame(fin=True, opcode=9, data=b'', rsv1=False, rsv2=False, rsv3=False)
DEBUG:websockets.protocol:client - received ping, sending pong: [empty]
DEBUG:websockets.protocol:client > Frame(fin=True, opcode=10, data=b'', rsv1=False, rsv2=False, rsv3=False)
DEBUG:websockets.protocol:client - event = data_received(<2 bytes>)
DEBUG:websockets.protocol:client < Frame(fin=True, opcode=9, data=b'', rsv1=False, rsv2=False, rsv3=False)
DEBUG:websockets.protocol:client - received ping, sending pong: [empty]
DEBUG:websockets.protocol:client > Frame(fin=True, opcode=10, data=b'', rsv1=False, rsv2=False, rsv3=False)
DEBUG:websockets.protocol:client > Frame(fin=True, opcode=9, data=b'\x16\x954z', rsv1=False, rsv2=False, rsv3=False)
DEBUG:websockets.protocol:client - event = data_received(<6 bytes>)
DEBUG:websockets.protocol:client < Frame(fin=True, opcode=10, data=b'\x16\x954z', rsv1=False, rsv2=False, rsv3=False)
DEBUG:websockets.protocol:client - received solicited pong: 1695347a
DEBUG:websockets.protocol:client - event = data_received(<2 bytes>)
DEBUG:websockets.protocol:client < Frame(fin=True, opcode=9, data=b'', rsv1=False, rsv2=False, rsv3=False)
DEBUG:websockets.protocol:client - received ping, sending pong: [empty]
DEBUG:websockets.protocol:client > Frame(fin=True, opcode=10, data=b'', rsv1=False, rsv2=False, rsv3=False)
DEBUG:websockets.protocol:client > Frame(fin=True, opcode=9, data=b'\xbd\x87\x18\x0e', rsv1=False, rsv2=False, rsv3=False)
DEBUG:websockets.protocol:client - event = data_received(<2 bytes>)
DEBUG:websockets.protocol:client < Frame(fin=True, opcode=9, data=b'', rsv1=False, rsv2=False, rsv3=False)
DEBUG:websockets.protocol:client - received ping, sending pong: [empty]
DEBUG:websockets.protocol:client > Frame(fin=True, opcode=10, data=b'', rsv1=False, rsv2=False, rsv3=False)
DEBUG:websockets.protocol:client - event = data_received(<6 bytes>)
DEBUG:websockets.protocol:client < Frame(fin=True, opcode=10, data=b'\xbd\x87\x18\x0e', rsv1=False, rsv2=False, rsv3=False)
DEBUG:websockets.protocol:client - received solicited pong: bd87180e
DEBUG:websockets.protocol:client - event = data_received(<2 bytes>)
DEBUG:websockets.protocol:client < Frame(fin=True, opcode=9, data=b'', rsv1=False, rsv2=False, rsv3=False)
DEBUG:websockets.protocol:client - received ping, sending pong: [empty]
DEBUG:websockets.protocol:client > Frame(fin=True, opcode=10, data=b'', rsv1=False, rsv2=False, rsv3=False)
DEBUG:websockets.protocol:client - event = data_received(<2 bytes>)
DEBUG:websockets.protocol:client < Frame(fin=True, opcode=9, data=b'', rsv1=False, rsv2=False, rsv3=False)
DEBUG:websockets.protocol:client - received ping, sending pong: [empty]
DEBUG:websockets.protocol:client > Frame(fin=True, opcode=10, data=b'', rsv1=False, rsv2=False, rsv3=False)
DEBUG:websockets.protocol:client - event = data_received(<2 bytes>)
DEBUG:websockets.protocol:client < Frame(fin=True, opcode=9, data=b'', rsv1=False, rsv2=False, rsv3=False)
DEBUG:websockets.protocol:client - received ping, sending pong: [empty]
DEBUG:websockets.protocol:client > Frame(fin=True, opcode=10, data=b'', rsv1=False, rsv2=False, rsv3=False)
DEBUG:websockets.protocol:client - event = data_received(<2 bytes>)
DEBUG:websockets.protocol:client < Frame(fin=True, opcode=9, data=b'', rsv1=False, rsv2=False, rsv3=False)
DEBUG:websockets.protocol:client - received ping, sending pong: [empty]
DEBUG:websockets.protocol:client > Frame(fin=True, opcode=10, data=b'', rsv1=False, rsv2=False, rsv3=False)
DEBUG:websockets.protocol:client - event = data_received(<2 bytes>)
DEBUG:websockets.protocol:client < Frame(fin=True, opcode=9, data=b'', rsv1=False, rsv2=False, rsv3=False)
DEBUG:websockets.protocol:client - received ping, sending pong: [empty]
DEBUG:websockets.protocol:client > Frame(fin=True, opcode=10, data=b'', rsv1=False, rsv2=False, rsv3=False)
DEBUG:websockets.protocol:client > Frame(fin=True, opcode=9, data=b'\xc2\xfa\xe5e', rsv1=False, rsv2=False, rsv3=False)
DEBUG:websockets.protocol:client - event = data_received(<6 bytes>)
DEBUG:websockets.protocol:client < Frame(fin=True, opcode=10, data=b'\xc2\xfa\xe5e', rsv1=False, rsv2=False, rsv3=False)
DEBUG:websockets.protocol:client - received solicited pong: c2fae565
DEBUG:websockets.protocol:client - event = data_received(<2 bytes>)
DEBUG:websockets.protocol:client < Frame(fin=True, opcode=9, data=b'', rsv1=False, rsv2=False, rsv3=False)
DEBUG:websockets.protocol:client - received ping, sending pong: [empty]
DEBUG:websockets.protocol:client > Frame(fin=True, opcode=10, data=b'', rsv1=False, rsv2=False, rsv3=False)
DEBUG:websockets.protocol:client > Frame(fin=True, opcode=9, data=b'@<\n\x85', rsv1=False, rsv2=False, rsv3=False)
DEBUG:websockets.protocol:client - event = data_received(<6 bytes>)
DEBUG:websockets.protocol:client < Frame(fin=True, opcode=10, data=b'@<\n\x85', rsv1=False, rsv2=False, rsv3=False)
DEBUG:websockets.protocol:client - received solicited pong: 403c0a85
DEBUG:websockets.protocol:client - event = data_received(<2 bytes>)
DEBUG:websockets.protocol:client < Frame(fin=True, opcode=9, data=b'', rsv1=False, rsv2=False, rsv3=False)
DEBUG:websockets.protocol:client - received ping, sending pong: [empty]
DEBUG:websockets.protocol:client > Frame(fin=True, opcode=10, data=b'', rsv1=False, rsv2=False, rsv3=False)
DEBUG:websockets.protocol:client - event = data_received(<2 bytes>)
DEBUG:websockets.protocol:client < Frame(fin=True, opcode=9, data=b'', rsv1=False, rsv2=False, rsv3=False)
DEBUG:websockets.protocol:client - received ping, sending pong: [empty]
DEBUG:websockets.protocol:client > Frame(fin=True, opcode=10, data=b'', rsv1=False, rsv2=False, rsv3=False)
DEBUG:websockets.protocol:client - event = data_received(<2 bytes>)
DEBUG:websockets.protocol:client < Frame(fin=True, opcode=9, data=b'', rsv1=False, rsv2=False, rsv3=False)
DEBUG:websockets.protocol:client - received ping, sending pong: [empty]
DEBUG:websockets.protocol:client > Frame(fin=True, opcode=10, data=b'', rsv1=False, rsv2=False, rsv3=False)
DEBUG:websockets.protocol:client - event = data_received(<2 bytes>)
DEBUG:websockets.protocol:client < Frame(fin=True, opcode=9, data=b'', rsv1=False, rsv2=False, rsv3=False)
DEBUG:websockets.protocol:client - received ping, sending pong: [empty]
DEBUG:websockets.protocol:client > Frame(fin=True, opcode=10, data=b'', rsv1=False, rsv2=False, rsv3=False)
DEBUG:websockets.protocol:client > Frame(fin=True, opcode=9, data=b'<\x98\xe7N', rsv1=False, rsv2=False, rsv3=False)
DEBUG:websockets.protocol:client - event = data_received(<6 bytes>)
DEBUG:websockets.protocol:client < Frame(fin=True, opcode=10, data=b'<\x98\xe7N', rsv1=False, rsv2=False, rsv3=False)
DEBUG:websockets.protocol:client - received solicited pong: 3c98e74e
DEBUG:websockets.protocol:client - event = data_received(<2 bytes>)
DEBUG:websockets.protocol:client < Frame(fin=True, opcode=9, data=b'', rsv1=False, rsv2=False, rsv3=False)
DEBUG:websockets.protocol:client - received ping, sending pong: [empty]
DEBUG:websockets.protocol:client > Frame(fin=True, opcode=10, data=b'', rsv1=False, rsv2=False, rsv3=False)
DEBUG:websockets.protocol:client - event = data_received(<2 bytes>)
DEBUG:websockets.protocol:client < Frame(fin=True, opcode=9, data=b'', rsv1=False, rsv2=False, rsv3=False)
DEBUG:websockets.protocol:client - received ping, sending pong: [empty]
DEBUG:websockets.protocol:client > Frame(fin=True, opcode=10, data=b'', rsv1=False, rsv2=False, rsv3=False)
DEBUG:websockets.protocol:client - event = data_received(<2 bytes>)
DEBUG:websockets.protocol:client < Frame(fin=True, opcode=9, data=b'', rsv1=False, rsv2=False, rsv3=False)
DEBUG:websockets.protocol:client - received ping, sending pong: [empty]
DEBUG:websockets.protocol:client > Frame(fin=True, opcode=10, data=b'', rsv1=False, rsv2=False, rsv3=False)
DEBUG:websockets.protocol:client - event = data_received(<2 bytes>)
DEBUG:websockets.protocol:client < Frame(fin=True, opcode=9, data=b'', rsv1=False, rsv2=False, rsv3=False)
DEBUG:websockets.protocol:client - received ping, sending pong: [empty]
DEBUG:websockets.protocol:client > Frame(fin=True, opcode=10, data=b'', rsv1=False, rsv2=False, rsv3=False)
DEBUG:websockets.protocol:client > Frame(fin=True, opcode=9, data=b'>\xe0;\xa6', rsv1=False, rsv2=False, rsv3=False)
DEBUG:websockets.protocol:client - event = data_received(<6 bytes>)
DEBUG:websockets.protocol:client < Frame(fin=True, opcode=10, data=b'>\xe0;\xa6', rsv1=False, rsv2=False, rsv3=False)
DEBUG:websockets.protocol:client - received solicited pong: 3ee03ba6
DEBUG:websockets.protocol:client - event = data_received(<2 bytes>)
DEBUG:websockets.protocol:client < Frame(fin=True, opcode=9, data=b'', rsv1=False, rsv2=False, rsv3=False)
DEBUG:websockets.protocol:client - received ping, sending pong: [empty]
DEBUG:websockets.protocol:client > Frame(fin=True, opcode=10, data=b'', rsv1=False, rsv2=False, rsv3=False)
DEBUG:websockets.protocol:client - event = data_received(<2 bytes>)
DEBUG:websockets.protocol:client < Frame(fin=True, opcode=9, data=b'', rsv1=False, rsv2=False, rsv3=False)
DEBUG:websockets.protocol:client - received ping, sending pong: [empty]
DEBUG:websockets.protocol:client > Frame(fin=True, opcode=10, data=b'', rsv1=False, rsv2=False, rsv3=False)
DEBUG:websockets.protocol:client - event = data_received(<2 bytes>)
DEBUG:websockets.protocol:client < Frame(fin=True, opcode=9, data=b'', rsv1=False, rsv2=False, rsv3=False)
DEBUG:websockets.protocol:client - received ping, sending pong: [empty]
DEBUG:websockets.protocol:client > Frame(fin=True, opcode=10, data=b'', rsv1=False, rsv2=False, rsv3=False)
DEBUG:websockets.protocol:client > Frame(fin=True, opcode=9, data=b'\x94m\xff\x06', rsv1=False, rsv2=False, rsv3=False)
DEBUG:websockets.protocol:client - event = data_received(<6 bytes>)
DEBUG:websockets.protocol:client < Frame(fin=True, opcode=10, data=b'\x94m\xff\x06', rsv1=False, rsv2=False, rsv3=False)
DEBUG:websockets.protocol:client - received solicited pong: 946dff06
DEBUG:websockets.protocol:client - event = data_received(<2 bytes>)
DEBUG:websockets.protocol:client < Frame(fin=True, opcode=9, data=b'', rsv1=False, rsv2=False, rsv3=False)
DEBUG:websockets.protocol:client - received ping, sending pong: [empty]
DEBUG:websockets.protocol:client > Frame(fin=True, opcode=10, data=b'', rsv1=False, rsv2=False, rsv3=False)
DEBUG:websockets.protocol:client - event = data_received(<2 bytes>)
DEBUG:websockets.protocol:client < Frame(fin=True, opcode=9, data=b'', rsv1=False, rsv2=False, rsv3=False)
DEBUG:websockets.protocol:client - received ping, sending pong: [empty]
DEBUG:websockets.protocol:client > Frame(fin=True, opcode=10, data=b'', rsv1=False, rsv2=False, rsv3=False)
DEBUG:websockets.protocol:client - event = data_received(<2 bytes>)
DEBUG:websockets.protocol:client < Frame(fin=True, opcode=9, data=b'', rsv1=False, rsv2=False, rsv3=False)
DEBUG:websockets.protocol:client - received ping, sending pong: [empty]
DEBUG:websockets.protocol:client > Frame(fin=True, opcode=10, data=b'', rsv1=False, rsv2=False, rsv3=False)
DEBUG:websockets.protocol:client - event = data_received(<2 bytes>)
DEBUG:websockets.protocol:client < Frame(fin=True, opcode=9, data=b'', rsv1=False, rsv2=False, rsv3=False)
DEBUG:websockets.protocol:client - received ping, sending pong: [empty]
DEBUG:websockets.protocol:client > Frame(fin=True, opcode=10, data=b'', rsv1=False, rsv2=False, rsv3=False)
DEBUG:websockets.protocol:client - event = data_received(<2 bytes>)
DEBUG:websockets.protocol:client < Frame(fin=True, opcode=9, data=b'', rsv1=False, rsv2=False, rsv3=False)
DEBUG:websockets.protocol:client - received ping, sending pong: [empty]
DEBUG:websockets.protocol:client > Frame(fin=True, opcode=10, data=b'', rsv1=False, rsv2=False, rsv3=False)
DEBUG:websockets.protocol:client - event = data_received(<2 bytes>)
DEBUG:websockets.protocol:client < Frame(fin=True, opcode=9, data=b'', rsv1=False, rsv2=False, rsv3=False)
DEBUG:websockets.protocol:client - received ping, sending pong: [empty]
DEBUG:websockets.protocol:client > Frame(fin=True, opcode=10, data=b'', rsv1=False, rsv2=False, rsv3=False)
DEBUG:websockets.protocol:client > Frame(fin=True, opcode=9, data=b'\x0c]\xb6\xf7', rsv1=False, rsv2=False, rsv3=False)
DEBUG:websockets.protocol:client - event = data_received(<6 bytes>)
DEBUG:websockets.protocol:client < Frame(fin=True, opcode=10, data=b'\x0c]\xb6\xf7', rsv1=False, rsv2=False, rsv3=False)
DEBUG:websockets.protocol:client - received solicited pong: 0c5db6f7
DEBUG:websockets.protocol:client - event = data_received(<2 bytes>)
DEBUG:websockets.protocol:client < Frame(fin=True, opcode=9, data=b'', rsv1=False, rsv2=False, rsv3=False)
DEBUG:websockets.protocol:client - received ping, sending pong: [empty]
DEBUG:websockets.protocol:client > Frame(fin=True, opcode=10, data=b'', rsv1=False, rsv2=False, rsv3=False)
DEBUG:websockets.protocol:client > Frame(fin=True, opcode=9, data=b'\x7f\xc0@ ', rsv1=False, rsv2=False, rsv3=False)
DEBUG:websockets.protocol:client - event = data_received(<6 bytes>)
DEBUG:websockets.protocol:client < Frame(fin=True, opcode=10, data=b'\x7f\xc0@ ', rsv1=False, rsv2=False, rsv3=False)
DEBUG:websockets.protocol:client - received solicited pong: 7fc04020
DEBUG:websockets.protocol:client - event = data_received(<2 bytes>)
DEBUG:websockets.protocol:client < Frame(fin=True, opcode=9, data=b'', rsv1=False, rsv2=False, rsv3=False)
DEBUG:websockets.protocol:client - received ping, sending pong: [empty]
DEBUG:websockets.protocol:client > Frame(fin=True, opcode=10, data=b'', rsv1=False, rsv2=False, rsv3=False)
DEBUG:websockets.protocol:client - event = data_received(<2 bytes>)
DEBUG:websockets.protocol:client < Frame(fin=True, opcode=9, data=b'', rsv1=False, rsv2=False, rsv3=False)
DEBUG:websockets.protocol:client - received ping, sending pong: [empty]
DEBUG:websockets.protocol:client > Frame(fin=True, opcode=10, data=b'', rsv1=False, rsv2=False, rsv3=False)
DEBUG:websockets.protocol:client - event = data_received(<2 bytes>)
DEBUG:websockets.protocol:client < Frame(fin=True, opcode=9, data=b'', rsv1=False, rsv2=False, rsv3=False)
DEBUG:websockets.protocol:client - received ping, sending pong: [empty]
DEBUG:websockets.protocol:client > Frame(fin=True, opcode=10, data=b'', rsv1=False, rsv2=False, rsv3=False)
DEBUG:websockets.protocol:client - event = data_received(<2 bytes>)
DEBUG:websockets.protocol:client < Frame(fin=True, opcode=9, data=b'', rsv1=False, rsv2=False, rsv3=False)
DEBUG:websockets.protocol:client - received ping, sending pong: [empty]
DEBUG:websockets.protocol:client > Frame(fin=True, opcode=10, data=b'', rsv1=False, rsv2=False, rsv3=False)
DEBUG:websockets.protocol:client > Frame(fin=True, opcode=9, data=b'\xb6\x103i', rsv1=False, rsv2=False, rsv3=False)
DEBUG:websockets.protocol:client - event = data_received(<6 bytes>)
DEBUG:websockets.protocol:client < Frame(fin=True, opcode=10, data=b'\xb6\x103i', rsv1=False, rsv2=False, rsv3=False)
DEBUG:websockets.protocol:client - received solicited pong: b6103369
DEBUG:websockets.protocol:client - event = data_received(<2 bytes>)
DEBUG:websockets.protocol:client < Frame(fin=True, opcode=9, data=b'', rsv1=False, rsv2=False, rsv3=False)
DEBUG:websockets.protocol:client - received ping, sending pong: [empty]
DEBUG:websockets.protocol:client > Frame(fin=True, opcode=10, data=b'', rsv1=False, rsv2=False, rsv3=False)
DEBUG:websockets.protocol:client - event = data_received(<2 bytes>)
DEBUG:websockets.protocol:client < Frame(fin=True, opcode=9, data=b'', rsv1=False, rsv2=False, rsv3=False)
DEBUG:websockets.protocol:client - received ping, sending pong: [empty]
DEBUG:websockets.protocol:client > Frame(fin=True, opcode=10, data=b'', rsv1=False, rsv2=False, rsv3=False)
DEBUG:websockets.protocol:client - event = data_received(<2 bytes>)
DEBUG:websockets.protocol:client < Frame(fin=True, opcode=9, data=b'', rsv1=False, rsv2=False, rsv3=False)
DEBUG:websockets.protocol:client - received ping, sending pong: [empty]
DEBUG:websockets.protocol:client > Frame(fin=True, opcode=10, data=b'', rsv1=False, rsv2=False, rsv3=False)
DEBUG:websockets.protocol:client - event = data_received(<2 bytes>)
DEBUG:websockets.protocol:client < Frame(fin=True, opcode=9, data=b'', rsv1=False, rsv2=False, rsv3=False)
DEBUG:websockets.protocol:client - received ping, sending pong: [empty]
DEBUG:websockets.protocol:client > Frame(fin=True, opcode=10, data=b'', rsv1=False, rsv2=False, rsv3=False)
DEBUG:websockets.protocol:client > Frame(fin=True, opcode=9, data=b'\xe2\x16G\x81', rsv1=False, rsv2=False, rsv3=False)
DEBUG:websockets.protocol:client - event = data_received(<6 bytes>)
DEBUG:websockets.protocol:client < Frame(fin=True, opcode=10, data=b'\xe2\x16G\x81', rsv1=False, rsv2=False, rsv3=False)
DEBUG:websockets.protocol:client - received solicited pong: e2164781
DEBUG:websockets.protocol:client - event = data_received(<2 bytes>)
DEBUG:websockets.protocol:client < Frame(fin=True, opcode=9, data=b'', rsv1=False, rsv2=False, rsv3=False)
DEBUG:websockets.protocol:client - received ping, sending pong: [empty]
DEBUG:websockets.protocol:client > Frame(fin=True, opcode=10, data=b'', rsv1=False, rsv2=False, rsv3=False)
DEBUG:websockets.protocol:client - event = data_received(<2 bytes>)
DEBUG:websockets.protocol:client < Frame(fin=True, opcode=9, data=b'', rsv1=False, rsv2=False, rsv3=False)
DEBUG:websockets.protocol:client - received ping, sending pong: [empty]
DEBUG:websockets.protocol:client > Frame(fin=True, opcode=10, data=b'', rsv1=False, rsv2=False, rsv3=False)
DEBUG:websockets.protocol:client > Frame(fin=True, opcode=9, data=b'\xb03\xaf\x11', rsv1=False, rsv2=False, rsv3=False)
DEBUG:websockets.protocol:client - event = data_received(<6 bytes>)
DEBUG:websockets.protocol:client < Frame(fin=True, opcode=10, data=b'\xb03\xaf\x11', rsv1=False, rsv2=False, rsv3=False)
DEBUG:websockets.protocol:client - received solicited pong: b033af11
DEBUG:websockets.protocol:client - event = data_received(<2 bytes>)
DEBUG:websockets.protocol:client < Frame(fin=True, opcode=9, data=b'', rsv1=False, rsv2=False, rsv3=False)
DEBUG:websockets.protocol:client - received ping, sending pong: [empty]
DEBUG:websockets.protocol:client > Frame(fin=True, opcode=10, data=b'', rsv1=False, rsv2=False, rsv3=False)
DEBUG:websockets.protocol:client - event = data_received(<2 bytes>)
DEBUG:websockets.protocol:client < Frame(fin=True, opcode=9, data=b'', rsv1=False, rsv2=False, rsv3=False)
DEBUG:websockets.protocol:client - received ping, sending pong: [empty]
DEBUG:websockets.protocol:client > Frame(fin=True, opcode=10, data=b'', rsv1=False, rsv2=False, rsv3=False)
DEBUG:websockets.protocol:client - event = data_received(<2 bytes>)
DEBUG:websockets.protocol:client < Frame(fin=True, opcode=9, data=b'', rsv1=False, rsv2=False, rsv3=False)
DEBUG:websockets.protocol:client - received ping, sending pong: [empty]
DEBUG:websockets.protocol:client > Frame(fin=True, opcode=10, data=b'', rsv1=False, rsv2=False, rsv3=False)
DEBUG:websockets.protocol:client - event = data_received(<2 bytes>)
DEBUG:websockets.protocol:client < Frame(fin=True, opcode=9, data=b'', rsv1=False, rsv2=False, rsv3=False)
DEBUG:websockets.protocol:client - received ping, sending pong: [empty]
DEBUG:websockets.protocol:client > Frame(fin=True, opcode=10, data=b'', rsv1=False, rsv2=False, rsv3=False)
DEBUG:websockets.protocol:client - event = data_received(<2 bytes>)
DEBUG:websockets.protocol:client < Frame(fin=True, opcode=9, data=b'', rsv1=False, rsv2=False, rsv3=False)
DEBUG:websockets.protocol:client - received ping, sending pong: [empty]
DEBUG:websockets.protocol:client > Frame(fin=True, opcode=10, data=b'', rsv1=False, rsv2=False, rsv3=False)
DEBUG:websockets.protocol:client > Frame(fin=True, opcode=9, data=b'|\x82L\xe7', rsv1=False, rsv2=False, rsv3=False)
DEBUG:websockets.protocol:client - event = data_received(<6 bytes>)
DEBUG:websockets.protocol:client < Frame(fin=True, opcode=10, data=b'|\x82L\xe7', rsv1=False, rsv2=False, rsv3=False)
DEBUG:websockets.protocol:client - received solicited pong: 7c824ce7
DEBUG:websockets.protocol:client - event = data_received(<2 bytes>)
DEBUG:websockets.protocol:client < Frame(fin=True, opcode=9, data=b'', rsv1=False, rsv2=False, rsv3=False)
DEBUG:websockets.protocol:client - received ping, sending pong: [empty]
DEBUG:websockets.protocol:client > Frame(fin=True, opcode=10, data=b'', rsv1=False, rsv2=False, rsv3=False)
DEBUG:websockets.protocol:client > Frame(fin=True, opcode=9, data=b'5X\xda\x9f', rsv1=False, rsv2=False, rsv3=False)
DEBUG:websockets.protocol:client - event = data_received(<6 bytes>)
DEBUG:websockets.protocol:client < Frame(fin=True, opcode=10, data=b'5X\xda\x9f', rsv1=False, rsv2=False, rsv3=False)
DEBUG:websockets.protocol:client - received solicited pong: 3558da9f
DEBUG:websockets.protocol:client - event = data_received(<2 bytes>)
DEBUG:websockets.protocol:client < Frame(fin=True, opcode=9, data=b'', rsv1=False, rsv2=False, rsv3=False)
DEBUG:websockets.protocol:client - received ping, sending pong: [empty]
DEBUG:websockets.protocol:client > Frame(fin=True, opcode=10, data=b'', rsv1=False, rsv2=False, rsv3=False)
DEBUG:websockets.protocol:client - event = data_received(<2 bytes>)
DEBUG:websockets.protocol:client < Frame(fin=True, opcode=9, data=b'', rsv1=False, rsv2=False, rsv3=False)
DEBUG:websockets.protocol:client - received ping, sending pong: [empty]
DEBUG:websockets.protocol:client > Frame(fin=True, opcode=10, data=b'', rsv1=False, rsv2=False, rsv3=False)
DEBUG:websockets.protocol:client - event = data_received(<2 bytes>)
DEBUG:websockets.protocol:client < Frame(fin=True, opcode=9, data=b'', rsv1=False, rsv2=False, rsv3=False)
DEBUG:websockets.protocol:client - received ping, sending pong: [empty]
DEBUG:websockets.protocol:client > Frame(fin=True, opcode=10, data=b'', rsv1=False, rsv2=False, rsv3=False)
DEBUG:websockets.protocol:client - event = data_received(<2 bytes>)
DEBUG:websockets.protocol:client < Frame(fin=True, opcode=9, data=b'', rsv1=False, rsv2=False, rsv3=False)
DEBUG:websockets.protocol:client - received ping, sending pong: [empty]
DEBUG:websockets.protocol:client > Frame(fin=True, opcode=10, data=b'', rsv1=False, rsv2=False, rsv3=False)
DEBUG:websockets.protocol:client - event = data_received(<2 bytes>)
DEBUG:websockets.protocol:client < Frame(fin=True, opcode=9, data=b'', rsv1=False, rsv2=False, rsv3=False)
DEBUG:websockets.protocol:client - received ping, sending pong: [empty]
DEBUG:websockets.protocol:client > Frame(fin=True, opcode=10, data=b'', rsv1=False, rsv2=False, rsv3=False)
DEBUG:websockets.protocol:client > Frame(fin=True, opcode=9, data=b'C\x16\xf4w', rsv1=False, rsv2=False, rsv3=False)
DEBUG:websockets.protocol:client - event = data_received(<6 bytes>)
DEBUG:websockets.protocol:client < Frame(fin=True, opcode=10, data=b'C\x16\xf4w', rsv1=False, rsv2=False, rsv3=False)
DEBUG:websockets.protocol:client - received solicited pong: 4316f477
DEBUG:websockets.protocol:client - event = data_received(<2 bytes>)
DEBUG:websockets.protocol:client < Frame(fin=True, opcode=9, data=b'', rsv1=False, rsv2=False, rsv3=False)
DEBUG:websockets.protocol:client - received ping, sending pong: [empty]
DEBUG:websockets.protocol:client > Frame(fin=True, opcode=10, data=b'', rsv1=False, rsv2=False, rsv3=False)
DEBUG:websockets.protocol:client - event = data_received(<2 bytes>)
DEBUG:websockets.protocol:client < Frame(fin=True, opcode=9, data=b'', rsv1=False, rsv2=False, rsv3=False)
DEBUG:websockets.protocol:client - received ping, sending pong: [empty]
DEBUG:websockets.protocol:client > Frame(fin=True, opcode=10, data=b'', rsv1=False, rsv2=False, rsv3=False)
DEBUG:websockets.protocol:client - event = data_received(<2 bytes>)
DEBUG:websockets.protocol:client < Frame(fin=True, opcode=9, data=b'', rsv1=False, rsv2=False, rsv3=False)
DEBUG:websockets.protocol:client - received ping, sending pong: [empty]
DEBUG:websockets.protocol:client > Frame(fin=True, opcode=10, data=b'', rsv1=False, rsv2=False, rsv3=False)
DEBUG:websockets.protocol:client > Frame(fin=True, opcode=9, data=b'\xbdqQl', rsv1=False, rsv2=False, rsv3=False)
DEBUG:websockets.protocol:client - event = data_received(<6 bytes>)
DEBUG:websockets.protocol:client < Frame(fin=True, opcode=10, data=b'\xbdqQl', rsv1=False, rsv2=False, rsv3=False)
DEBUG:websockets.protocol:client - received solicited pong: bd71516c
DEBUG:websockets.protocol:client - event = data_received(<2 bytes>)
DEBUG:websockets.protocol:client < Frame(fin=True, opcode=9, data=b'', rsv1=False, rsv2=False, rsv3=False)
DEBUG:websockets.protocol:client - received ping, sending pong: [empty]
DEBUG:websockets.protocol:client > Frame(fin=True, opcode=10, data=b'', rsv1=False, rsv2=False, rsv3=False)
DEBUG:websockets.protocol:client - event = data_received(<2 bytes>)
DEBUG:websockets.protocol:client < Frame(fin=True, opcode=9, data=b'', rsv1=False, rsv2=False, rsv3=False)
DEBUG:websockets.protocol:client - received ping, sending pong: [empty]
DEBUG:websockets.protocol:client > Frame(fin=True, opcode=10, data=b'', rsv1=False, rsv2=False, rsv3=False)
DEBUG:websockets.protocol:client > Frame(fin=True, opcode=9, data=b'\x0e\xe2\x81\xb9', rsv1=False, rsv2=False, rsv3=False)
DEBUG:websockets.protocol:client - event = data_received(<6 bytes>)
DEBUG:websockets.protocol:client < Frame(fin=True, opcode=10, data=b'\x0e\xe2\x81\xb9', rsv1=False, rsv2=False, rsv3=False)
DEBUG:websockets.protocol:client - received solicited pong: 0ee281b9
DEBUG:websockets.protocol:client - event = data_received(<2 bytes>)
DEBUG:websockets.protocol:client < Frame(fin=True, opcode=9, data=b'', rsv1=False, rsv2=False, rsv3=False)
DEBUG:websockets.protocol:client - received ping, sending pong: [empty]
DEBUG:websockets.protocol:client > Frame(fin=True, opcode=10, data=b'', rsv1=False, rsv2=False, rsv3=False)
DEBUG:websockets.protocol:client - event = data_received(<2 bytes>)
DEBUG:websockets.protocol:client < Frame(fin=True, opcode=9, data=b'', rsv1=False, rsv2=False, rsv3=False)
DEBUG:websockets.protocol:client - received ping, sending pong: [empty]
DEBUG:websockets.protocol:client > Frame(fin=True, opcode=10, data=b'', rsv1=False, rsv2=False, rsv3=False)
DEBUG:websockets.protocol:client - event = data_received(<2 bytes>)
DEBUG:websockets.protocol:client < Frame(fin=True, opcode=9, data=b'', rsv1=False, rsv2=False, rsv3=False)
DEBUG:websockets.protocol:client - received ping, sending pong: [empty]
DEBUG:websockets.protocol:client > Frame(fin=True, opcode=10, data=b'', rsv1=False, rsv2=False, rsv3=False)
DEBUG:websockets.protocol:client - event = data_received(<2 bytes>)
DEBUG:websockets.protocol:client < Frame(fin=True, opcode=9, data=b'', rsv1=False, rsv2=False, rsv3=False)
DEBUG:websockets.protocol:client - received ping, sending pong: [empty]
DEBUG:websockets.protocol:client > Frame(fin=True, opcode=10, data=b'', rsv1=False, rsv2=False, rsv3=False)
DEBUG:websockets.protocol:client - event = data_received(<2 bytes>)
DEBUG:websockets.protocol:client < Frame(fin=True, opcode=9, data=b'', rsv1=False, rsv2=False, rsv3=False)
DEBUG:websockets.protocol:client - received ping, sending pong: [empty]
DEBUG:websockets.protocol:client > Frame(fin=True, opcode=10, data=b'', rsv1=False, rsv2=False, rsv3=False)
DEBUG:websockets.protocol:client - event = data_received(<2 bytes>)
DEBUG:websockets.protocol:client < Frame(fin=True, opcode=9, data=b'', rsv1=False, rsv2=False, rsv3=False)
DEBUG:websockets.protocol:client - received ping, sending pong: [empty]
DEBUG:websockets.protocol:client > Frame(fin=True, opcode=10, data=b'', rsv1=False, rsv2=False, rsv3=False)
DEBUG:websockets.protocol:client > Frame(fin=True, opcode=9, data=b'\x04d*\xe3', rsv1=False, rsv2=False, rsv3=False)
DEBUG:websockets.protocol:client - event = data_received(<6 bytes>)
DEBUG:websockets.protocol:client < Frame(fin=True, opcode=10, data=b'\x04d*\xe3', rsv1=False, rsv2=False, rsv3=False)
DEBUG:websockets.protocol:client - received solicited pong: 04642ae3
DEBUG:websockets.protocol:client > Frame(fin=True, opcode=9, data=b'\x18&\x9a\x8f', rsv1=False, rsv2=False, rsv3=False)
DEBUG:websockets.protocol:client - event = data_received(<2 bytes>)
DEBUG:websockets.protocol:client < Frame(fin=True, opcode=9, data=b'', rsv1=False, rsv2=False, rsv3=False)
DEBUG:websockets.protocol:client - received ping, sending pong: [empty]
DEBUG:websockets.protocol:client > Frame(fin=True, opcode=10, data=b'', rsv1=False, rsv2=False, rsv3=False)
DEBUG:websockets.protocol:client - event = data_received(<6 bytes>)
DEBUG:websockets.protocol:client < Frame(fin=True, opcode=10, data=b'\x18&\x9a\x8f', rsv1=False, rsv2=False, rsv3=False)
DEBUG:websockets.protocol:client - received solicited pong: 18269a8f
DEBUG:websockets.protocol:client - event = data_received(<2 bytes>)
DEBUG:websockets.protocol:client < Frame(fin=True, opcode=9, data=b'', rsv1=False, rsv2=False, rsv3=False)
DEBUG:websockets.protocol:client - received ping, sending pong: [empty]
DEBUG:websockets.protocol:client > Frame(fin=True, opcode=10, data=b'', rsv1=False, rsv2=False, rsv3=False)
DEBUG:websockets.protocol:client - event = data_received(<2 bytes>)
DEBUG:websockets.protocol:client < Frame(fin=True, opcode=9, data=b'', rsv1=False, rsv2=False, rsv3=False)
DEBUG:websockets.protocol:client - received ping, sending pong: [empty]
DEBUG:websockets.protocol:client > Frame(fin=True, opcode=10, data=b'', rsv1=False, rsv2=False, rsv3=False)
DEBUG:websockets.protocol:client - event = data_received(<2 bytes>)
DEBUG:websockets.protocol:client < Frame(fin=True, opcode=9, data=b'', rsv1=False, rsv2=False, rsv3=False)
DEBUG:websockets.protocol:client - received ping, sending pong: [empty]
DEBUG:websockets.protocol:client > Frame(fin=True, opcode=10, data=b'', rsv1=False, rsv2=False, rsv3=False)
DEBUG:websockets.protocol:client - event = data_received(<2 bytes>)
DEBUG:websockets.protocol:client < Frame(fin=True, opcode=9, data=b'', rsv1=False, rsv2=False, rsv3=False)
DEBUG:websockets.protocol:client - received ping, sending pong: [empty]
DEBUG:websockets.protocol:client > Frame(fin=True, opcode=10, data=b'', rsv1=False, rsv2=False, rsv3=False)
DEBUG:websockets.protocol:client - event = data_received(<2 bytes>)
DEBUG:websockets.protocol:client < Frame(fin=True, opcode=9, data=b'', rsv1=False, rsv2=False, rsv3=False)
DEBUG:websockets.protocol:client - received ping, sending pong: [empty]
DEBUG:websockets.protocol:client > Frame(fin=True, opcode=10, data=b'', rsv1=False, rsv2=False, rsv3=False)
DEBUG:websockets.protocol:client > Frame(fin=True, opcode=9, data=b'\x0b\xfe\xd3\x9f', rsv1=False, rsv2=False, rsv3=False)
DEBUG:websockets.protocol:client - event = data_received(<6 bytes>)
DEBUG:websockets.protocol:client < Frame(fin=True, opcode=10, data=b'\x0b\xfe\xd3\x9f', rsv1=False, rsv2=False, rsv3=False)
DEBUG:websockets.protocol:client - received solicited pong: 0bfed39f
DEBUG:websockets.protocol:client - event = data_received(<2 bytes>)
DEBUG:websockets.protocol:client < Frame(fin=True, opcode=9, data=b'', rsv1=False, rsv2=False, rsv3=False)
DEBUG:websockets.protocol:client - received ping, sending pong: [empty]
DEBUG:websockets.protocol:client > Frame(fin=True, opcode=10, data=b'', rsv1=False, rsv2=False, rsv3=False)
DEBUG:websockets.protocol:client - event = data_received(<2 bytes>)
DEBUG:websockets.protocol:client < Frame(fin=True, opcode=9, data=b'', rsv1=False, rsv2=False, rsv3=False)
DEBUG:websockets.protocol:client - received ping, sending pong: [empty]
DEBUG:websockets.protocol:client > Frame(fin=True, opcode=10, data=b'', rsv1=False, rsv2=False, rsv3=False)
DEBUG:websockets.protocol:client - event = data_received(<2 bytes>)
DEBUG:websockets.protocol:client < Frame(fin=True, opcode=9, data=b'', rsv1=False, rsv2=False, rsv3=False)
DEBUG:websockets.protocol:client - received ping, sending pong: [empty]
DEBUG:websockets.protocol:client > Frame(fin=True, opcode=10, data=b'', rsv1=False, rsv2=False, rsv3=False)
DEBUG:websockets.protocol:client - event = data_received(<2 bytes>)
DEBUG:websockets.protocol:client < Frame(fin=True, opcode=9, data=b'', rsv1=False, rsv2=False, rsv3=False)
DEBUG:websockets.protocol:client - received ping, sending pong: [empty]
DEBUG:websockets.protocol:client > Frame(fin=True, opcode=10, data=b'', rsv1=False, rsv2=False, rsv3=False)
DEBUG:websockets.protocol:client > Frame(fin=True, opcode=9, data=b'\xd7\xa7\xda\xf7', rsv1=False, rsv2=False, rsv3=False)
DEBUG:websockets.protocol:client - event = data_received(<6 bytes>)
DEBUG:websockets.protocol:client < Frame(fin=True, opcode=10, data=b'\xd7\xa7\xda\xf7', rsv1=False, rsv2=False, rsv3=False)
DEBUG:websockets.protocol:client - received solicited pong: d7a7daf7
DEBUG:websockets.protocol:client - event = data_received(<2 bytes>)
DEBUG:websockets.protocol:client < Frame(fin=True, opcode=9, data=b'', rsv1=False, rsv2=False, rsv3=False)
DEBUG:websockets.protocol:client - received ping, sending pong: [empty]
DEBUG:websockets.protocol:client > Frame(fin=True, opcode=10, data=b'', rsv1=False, rsv2=False, rsv3=False)
DEBUG:websockets.protocol:client - event = data_received(<2 bytes>)
DEBUG:websockets.protocol:client < Frame(fin=True, opcode=9, data=b'', rsv1=False, rsv2=False, rsv3=False)
DEBUG:websockets.protocol:client - received ping, sending pong: [empty]
DEBUG:websockets.protocol:client > Frame(fin=True, opcode=10, data=b'', rsv1=False, rsv2=False, rsv3=False)
DEBUG:websockets.protocol:client - event = data_received(<2 bytes>)
DEBUG:websockets.protocol:client < Frame(fin=True, opcode=9, data=b'', rsv1=False, rsv2=False, rsv3=False)
DEBUG:websockets.protocol:client - received ping, sending pong: [empty]
DEBUG:websockets.protocol:client > Frame(fin=True, opcode=10, data=b'', rsv1=False, rsv2=False, rsv3=False)
DEBUG:websockets.protocol:client > Frame(fin=True, opcode=9, data=b'WU\x10#', rsv1=False, rsv2=False, rsv3=False)
DEBUG:websockets.protocol:client - event = data_received(<6 bytes>)
DEBUG:websockets.protocol:client < Frame(fin=True, opcode=10, data=b'WU\x10#', rsv1=False, rsv2=False, rsv3=False)
DEBUG:websockets.protocol:client - received solicited pong: 57551023
DEBUG:websockets.protocol:client - event = data_received(<2 bytes>)
DEBUG:websockets.protocol:client < Frame(fin=True, opcode=9, data=b'', rsv1=False, rsv2=False, rsv3=False)
DEBUG:websockets.protocol:client - received ping, sending pong: [empty]
DEBUG:websockets.protocol:client > Frame(fin=True, opcode=10, data=b'', rsv1=False, rsv2=False, rsv3=False)
DEBUG:websockets.protocol:client - event = data_received(<2 bytes>)
DEBUG:websockets.protocol:client < Frame(fin=True, opcode=9, data=b'', rsv1=False, rsv2=False, rsv3=False)
DEBUG:websockets.protocol:client - received ping, sending pong: [empty]
DEBUG:websockets.protocol:client > Frame(fin=True, opcode=10, data=b'', rsv1=False, rsv2=False, rsv3=False)
DEBUG:websockets.protocol:client - event = data_received(<2 bytes>)
DEBUG:websockets.protocol:client < Frame(fin=True, opcode=9, data=b'', rsv1=False, rsv2=False, rsv3=False)
DEBUG:websockets.protocol:client - received ping, sending pong: [empty]
DEBUG:websockets.protocol:client > Frame(fin=True, opcode=10, data=b'', rsv1=False, rsv2=False, rsv3=False)
DEBUG:websockets.protocol:client - event = data_received(<2 bytes>)
DEBUG:websockets.protocol:client < Frame(fin=True, opcode=9, data=b'', rsv1=False, rsv2=False, rsv3=False)
DEBUG:websockets.protocol:client - received ping, sending pong: [empty]
DEBUG:websockets.protocol:client > Frame(fin=True, opcode=10, data=b'', rsv1=False, rsv2=False, rsv3=False)
DEBUG:websockets.protocol:client - event = data_received(<2 bytes>)
DEBUG:websockets.protocol:client < Frame(fin=True, opcode=9, data=b'', rsv1=False, rsv2=False, rsv3=False)
DEBUG:websockets.protocol:client - received ping, sending pong: [empty]
DEBUG:websockets.protocol:client > Frame(fin=True, opcode=10, data=b'', rsv1=False, rsv2=False, rsv3=False)
DEBUG:websockets.protocol:client > Frame(fin=True, opcode=9, data=b'1\xb7\x90\xca', rsv1=False, rsv2=False, rsv3=False)
DEBUG:websockets.protocol:client - event = data_received(<6 bytes>)
DEBUG:websockets.protocol:client < Frame(fin=True, opcode=10, data=b'1\xb7\x90\xca', rsv1=False, rsv2=False, rsv3=False)
DEBUG:websockets.protocol:client - received solicited pong: 31b790ca
DEBUG:websockets.protocol:client - event = data_received(<2 bytes>)
DEBUG:websockets.protocol:client < Frame(fin=True, opcode=9, data=b'', rsv1=False, rsv2=False, rsv3=False)
DEBUG:websockets.protocol:client - received ping, sending pong: [empty]
DEBUG:websockets.protocol:client > Frame(fin=True, opcode=10, data=b'', rsv1=False, rsv2=False, rsv3=False)
DEBUG:websockets.protocol:client > Frame(fin=True, opcode=9, data=b'\xb3\x068,', rsv1=False, rsv2=False, rsv3=False)
DEBUG:websockets.protocol:client - event = data_received(<6 bytes>)
DEBUG:websockets.protocol:client < Frame(fin=True, opcode=10, data=b'\xb3\x068,', rsv1=False, rsv2=False, rsv3=False)
DEBUG:websockets.protocol:client - received solicited pong: b306382c
DEBUG:websockets.protocol:client - event = data_received(<2 bytes>)
DEBUG:websockets.protocol:client < Frame(fin=True, opcode=9, data=b'', rsv1=False, rsv2=False, rsv3=False)
DEBUG:websockets.protocol:client - received ping, sending pong: [empty]
DEBUG:websockets.protocol:client > Frame(fin=True, opcode=10, data=b'', rsv1=False, rsv2=False, rsv3=False)
DEBUG:websockets.protocol:client - event = data_received(<2 bytes>)
DEBUG:websockets.protocol:client < Frame(fin=True, opcode=9, data=b'', rsv1=False, rsv2=False, rsv3=False)
DEBUG:websockets.protocol:client - received ping, sending pong: [empty]
DEBUG:websockets.protocol:client > Frame(fin=True, opcode=10, data=b'', rsv1=False, rsv2=False, rsv3=False)
DEBUG:websockets.protocol:client - event = data_received(<2 bytes>)
DEBUG:websockets.protocol:client < Frame(fin=True, opcode=9, data=b'', rsv1=False, rsv2=False, rsv3=False)
DEBUG:websockets.protocol:client - received ping, sending pong: [empty]
DEBUG:websockets.protocol:client > Frame(fin=True, opcode=10, data=b'', rsv1=False, rsv2=False, rsv3=False)
DEBUG:websockets.protocol:client - event = data_received(<2 bytes>)
DEBUG:websockets.protocol:client < Frame(fin=True, opcode=9, data=b'', rsv1=False, rsv2=False, rsv3=False)
DEBUG:websockets.protocol:client - received ping, sending pong: [empty]
DEBUG:websockets.protocol:client > Frame(fin=True, opcode=10, data=b'', rsv1=False, rsv2=False, rsv3=False)
DEBUG:websockets.protocol:client > Frame(fin=True, opcode=9, data=b'\xfec\xd5H', rsv1=False, rsv2=False, rsv3=False)
DEBUG:websockets.protocol:client - event = data_received(<6 bytes>)
DEBUG:websockets.protocol:client < Frame(fin=True, opcode=10, data=b'\xfec\xd5H', rsv1=False, rsv2=False, rsv3=False)
DEBUG:websockets.protocol:client - received solicited pong: fe63d548
DEBUG:websockets.protocol:client - event = data_received(<2 bytes>)
DEBUG:websockets.protocol:client < Frame(fin=True, opcode=9, data=b'', rsv1=False, rsv2=False, rsv3=False)
DEBUG:websockets.protocol:client - received ping, sending pong: [empty]
DEBUG:websockets.protocol:client > Frame(fin=True, opcode=10, data=b'', rsv1=False, rsv2=False, rsv3=False)
DEBUG:websockets.protocol:client - event = data_received(<2 bytes>)
DEBUG:websockets.protocol:client < Frame(fin=True, opcode=9, data=b'', rsv1=False, rsv2=False, rsv3=False)
DEBUG:websockets.protocol:client - received ping, sending pong: [empty]
DEBUG:websockets.protocol:client > Frame(fin=True, opcode=10, data=b'', rsv1=False, rsv2=False, rsv3=False)
DEBUG:websockets.protocol:client - event = data_received(<2 bytes>)
DEBUG:websockets.protocol:client < Frame(fin=True, opcode=9, data=b'', rsv1=False, rsv2=False, rsv3=False)
DEBUG:websockets.protocol:client - received ping, sending pong: [empty]
DEBUG:websockets.protocol:client > Frame(fin=True, opcode=10, data=b'', rsv1=False, rsv2=False, rsv3=False)
DEBUG:websockets.protocol:client - event = data_received(<2 bytes>)
DEBUG:websockets.protocol:client < Frame(fin=True, opcode=9, data=b'', rsv1=False, rsv2=False, rsv3=False)
DEBUG:websockets.protocol:client - received ping, sending pong: [empty]
DEBUG:websockets.protocol:client > Frame(fin=True, opcode=10, data=b'', rsv1=False, rsv2=False, rsv3=False)
DEBUG:websockets.protocol:client > Frame(fin=True, opcode=9, data=b',D\xb4M', rsv1=False, rsv2=False, rsv3=False)
DEBUG:websockets.protocol:client - event = data_received(<6 bytes>)
DEBUG:websockets.protocol:client < Frame(fin=True, opcode=10, data=b',D\xb4M', rsv1=False, rsv2=False, rsv3=False)
DEBUG:websockets.protocol:client - received solicited pong: 2c44b44d
DEBUG:websockets.protocol:client - event = data_received(<2 bytes>)
DEBUG:websockets.protocol:client < Frame(fin=True, opcode=9, data=b'', rsv1=False, rsv2=False, rsv3=False)
DEBUG:websockets.protocol:client - received ping, sending pong: [empty]
DEBUG:websockets.protocol:client > Frame(fin=True, opcode=10, data=b'', rsv1=False, rsv2=False, rsv3=False)
DEBUG:websockets.protocol:client - event = data_received(<2 bytes>)
DEBUG:websockets.protocol:client < Frame(fin=True, opcode=9, data=b'', rsv1=False, rsv2=False, rsv3=False)
DEBUG:websockets.protocol:client - received ping, sending pong: [empty]
DEBUG:websockets.protocol:client > Frame(fin=True, opcode=10, data=b'', rsv1=False, rsv2=False, rsv3=False)
DEBUG:websockets.protocol:client - event = data_received(<2 bytes>)
DEBUG:websockets.protocol:client < Frame(fin=True, opcode=9, data=b'', rsv1=False, rsv2=False, rsv3=False)
DEBUG:websockets.protocol:client - received ping, sending pong: [empty]
DEBUG:websockets.protocol:client > Frame(fin=True, opcode=10, data=b'', rsv1=False, rsv2=False, rsv3=False)
DEBUG:websockets.protocol:client > Frame(fin=True, opcode=9, data=b'\x1fV\x8e\xa8', rsv1=False, rsv2=False, rsv3=False)
DEBUG:websockets.protocol:client - event = data_received(<6 bytes>)
DEBUG:websockets.protocol:client < Frame(fin=True, opcode=10, data=b'\x1fV\x8e\xa8', rsv1=False, rsv2=False, rsv3=False)
DEBUG:websockets.protocol:client - received solicited pong: 1f568ea8
DEBUG:websockets.protocol:client - event = data_received(<2 bytes>)
DEBUG:websockets.protocol:client < Frame(fin=True, opcode=9, data=b'', rsv1=False, rsv2=False, rsv3=False)
DEBUG:websockets.protocol:client - received ping, sending pong: [empty]
DEBUG:websockets.protocol:client > Frame(fin=True, opcode=10, data=b'', rsv1=False, rsv2=False, rsv3=False)
DEBUG:websockets.protocol:client - event = data_received(<2 bytes>)
DEBUG:websockets.protocol:client < Frame(fin=True, opcode=9, data=b'', rsv1=False, rsv2=False, rsv3=False)
DEBUG:websockets.protocol:client - received ping, sending pong: [empty]
DEBUG:websockets.protocol:client > Frame(fin=True, opcode=10, data=b'', rsv1=False, rsv2=False, rsv3=False)
DEBUG:websockets.protocol:client - event = data_received(<2 bytes>)
DEBUG:websockets.protocol:client < Frame(fin=True, opcode=9, data=b'', rsv1=False, rsv2=False, rsv3=False)
DEBUG:websockets.protocol:client - received ping, sending pong: [empty]
DEBUG:websockets.protocol:client > Frame(fin=True, opcode=10, data=b'', rsv1=False, rsv2=False, rsv3=False)
DEBUG:websockets.protocol:client - event = data_received(<2 bytes>)
DEBUG:websockets.protocol:client < Frame(fin=True, opcode=9, data=b'', rsv1=False, rsv2=False, rsv3=False)
DEBUG:websockets.protocol:client - received ping, sending pong: [empty]
DEBUG:websockets.protocol:client > Frame(fin=True, opcode=10, data=b'', rsv1=False, rsv2=False, rsv3=False)
DEBUG:websockets.protocol:client - event = data_received(<2 bytes>)
DEBUG:websockets.protocol:client < Frame(fin=True, opcode=9, data=b'', rsv1=False, rsv2=False, rsv3=False)
DEBUG:websockets.protocol:client - received ping, sending pong: [empty]
DEBUG:websockets.protocol:client > Frame(fin=True, opcode=10, data=b'', rsv1=False, rsv2=False, rsv3=False)
DEBUG:websockets.protocol:client - event = data_received(<2 bytes>)
DEBUG:websockets.protocol:client < Frame(fin=True, opcode=9, data=b'', rsv1=False, rsv2=False, rsv3=False)
DEBUG:websockets.protocol:client - received ping, sending pong: [empty]
DEBUG:websockets.protocol:client > Frame(fin=True, opcode=10, data=b'', rsv1=False, rsv2=False, rsv3=False)
DEBUG:websockets.protocol:client > Frame(fin=True, opcode=9, data=b'X\xb9\x17E', rsv1=False, rsv2=False, rsv3=False)
DEBUG:websockets.protocol:client - event = data_received(<6 bytes>)
DEBUG:websockets.protocol:client < Frame(fin=True, opcode=10, data=b'X\xb9\x17E', rsv1=False, rsv2=False, rsv3=False)
DEBUG:websockets.protocol:client - received solicited pong: 58b91745
DEBUG:websockets.protocol:client > Frame(fin=True, opcode=9, data=b'\xce?\x9b|', rsv1=False, rsv2=False, rsv3=False)
DEBUG:websockets.protocol:client - event = data_received(<6 bytes>)
DEBUG:websockets.protocol:client < Frame(fin=True, opcode=10, data=b'\xce?\x9b|', rsv1=False, rsv2=False, rsv3=False)
DEBUG:websockets.protocol:client - received solicited pong: ce3f9b7c
DEBUG:websockets.protocol:client - event = data_received(<2 bytes>)
DEBUG:websockets.protocol:client < Frame(fin=True, opcode=9, data=b'', rsv1=False, rsv2=False, rsv3=False)
DEBUG:websockets.protocol:client - received ping, sending pong: [empty]
DEBUG:websockets.protocol:client > Frame(fin=True, opcode=10, data=b'', rsv1=False, rsv2=False, rsv3=False)
DEBUG:websockets.protocol:client - event = data_received(<2 bytes>)
DEBUG:websockets.protocol:client < Frame(fin=True, opcode=9, data=b'', rsv1=False, rsv2=False, rsv3=False)
DEBUG:websockets.protocol:client - received ping, sending pong: [empty]
DEBUG:websockets.protocol:client > Frame(fin=True, opcode=10, data=b'', rsv1=False, rsv2=False, rsv3=False)
DEBUG:websockets.protocol:client - event = data_received(<2 bytes>)
DEBUG:websockets.protocol:client < Frame(fin=True, opcode=9, data=b'', rsv1=False, rsv2=False, rsv3=False)
DEBUG:websockets.protocol:client - received ping, sending pong: [empty]
DEBUG:websockets.protocol:client > Frame(fin=True, opcode=10, data=b'', rsv1=False, rsv2=False, rsv3=False)
DEBUG:websockets.protocol:client - event = data_received(<2 bytes>)
DEBUG:websockets.protocol:client < Frame(fin=True, opcode=9, data=b'', rsv1=False, rsv2=False, rsv3=False)
DEBUG:websockets.protocol:client - received ping, sending pong: [empty]
DEBUG:websockets.protocol:client > Frame(fin=True, opcode=10, data=b'', rsv1=False, rsv2=False, rsv3=False)
DEBUG:websockets.protocol:client - event = data_received(<2 bytes>)
DEBUG:websockets.protocol:client < Frame(fin=True, opcode=9, data=b'', rsv1=False, rsv2=False, rsv3=False)
DEBUG:websockets.protocol:client - received ping, sending pong: [empty]
DEBUG:websockets.protocol:client > Frame(fin=True, opcode=10, data=b'', rsv1=False, rsv2=False, rsv3=False)
DEBUG:websockets.protocol:client > Frame(fin=True, opcode=9, data=b'yY\xa2\xd4', rsv1=False, rsv2=False, rsv3=False)
DEBUG:websockets.protocol:client - event = data_received(<6 bytes>)
DEBUG:websockets.protocol:client < Frame(fin=True, opcode=10, data=b'yY\xa2\xd4', rsv1=False, rsv2=False, rsv3=False)
DEBUG:websockets.protocol:client - received solicited pong: 7959a2d4
DEBUG:websockets.protocol:client - event = data_received(<2 bytes>)
DEBUG:websockets.protocol:client < Frame(fin=True, opcode=9, data=b'', rsv1=False, rsv2=False, rsv3=False)
DEBUG:websockets.protocol:client - received ping, sending pong: [empty]
DEBUG:websockets.protocol:client > Frame(fin=True, opcode=10, data=b'', rsv1=False, rsv2=False, rsv3=False)
DEBUG:websockets.protocol:client - event = data_received(<2 bytes>)
DEBUG:websockets.protocol:client < Frame(fin=True, opcode=9, data=b'', rsv1=False, rsv2=False, rsv3=False)
DEBUG:websockets.protocol:client - received ping, sending pong: [empty]
DEBUG:websockets.protocol:client > Frame(fin=True, opcode=10, data=b'', rsv1=False, rsv2=False, rsv3=False)
DEBUG:websockets.protocol:client - event = data_received(<2 bytes>)
DEBUG:websockets.protocol:client < Frame(fin=True, opcode=9, data=b'', rsv1=False, rsv2=False, rsv3=False)
DEBUG:websockets.protocol:client - received ping, sending pong: [empty]
DEBUG:websockets.protocol:client > Frame(fin=True, opcode=10, data=b'', rsv1=False, rsv2=False, rsv3=False)
DEBUG:websockets.protocol:client > Frame(fin=True, opcode=9, data=b'\xb2\x0cA\x95', rsv1=False, rsv2=False, rsv3=False)
DEBUG:websockets.protocol:client - event = data_received(<6 bytes>)
DEBUG:websockets.protocol:client < Frame(fin=True, opcode=10, data=b'\xb2\x0cA\x95', rsv1=False, rsv2=False, rsv3=False)
DEBUG:websockets.protocol:client - received solicited pong: b20c4195
DEBUG:websockets.protocol:client - event = data_received(<2 bytes>)
DEBUG:websockets.protocol:client < Frame(fin=True, opcode=9, data=b'', rsv1=False, rsv2=False, rsv3=False)
DEBUG:websockets.protocol:client - received ping, sending pong: [empty]
DEBUG:websockets.protocol:client > Frame(fin=True, opcode=10, data=b'', rsv1=False, rsv2=False, rsv3=False)
DEBUG:websockets.protocol:client - event = data_received(<2 bytes>)
DEBUG:websockets.protocol:client < Frame(fin=True, opcode=9, data=b'', rsv1=False, rsv2=False, rsv3=False)
DEBUG:websockets.protocol:client - received ping, sending pong: [empty]
DEBUG:websockets.protocol:client > Frame(fin=True, opcode=10, data=b'', rsv1=False, rsv2=False, rsv3=False)
DEBUG:websockets.protocol:client - event = data_received(<2 bytes>)
DEBUG:websockets.protocol:client < Frame(fin=True, opcode=9, data=b'', rsv1=False, rsv2=False, rsv3=False)
DEBUG:websockets.protocol:client - received ping, sending pong: [empty]
DEBUG:websockets.protocol:client > Frame(fin=True, opcode=10, data=b'', rsv1=False, rsv2=False, rsv3=False)
DEBUG:websockets.protocol:client > Frame(fin=True, opcode=9, data=b'0"7\xda', rsv1=False, rsv2=False, rsv3=False)
DEBUG:websockets.protocol:client - event = data_received(<6 bytes>)
DEBUG:websockets.protocol:client < Frame(fin=True, opcode=10, data=b'0"7\xda', rsv1=False, rsv2=False, rsv3=False)
DEBUG:websockets.protocol:client - received solicited pong: 302237da
DEBUG:websockets.protocol:client - event = data_received(<2 bytes>)
DEBUG:websockets.protocol:client < Frame(fin=True, opcode=9, data=b'', rsv1=False, rsv2=False, rsv3=False)
DEBUG:websockets.protocol:client - received ping, sending pong: [empty]
DEBUG:websockets.protocol:client > Frame(fin=True, opcode=10, data=b'', rsv1=False, rsv2=False, rsv3=False)
DEBUG:websockets.protocol:client - event = data_received(<2 bytes>)
DEBUG:websockets.protocol:client < Frame(fin=True, opcode=9, data=b'', rsv1=False, rsv2=False, rsv3=False)
DEBUG:websockets.protocol:client - received ping, sending pong: [empty]
DEBUG:websockets.protocol:client > Frame(fin=True, opcode=10, data=b'', rsv1=False, rsv2=False, rsv3=False)
DEBUG:websockets.protocol:client - event = data_received(<2 bytes>)
DEBUG:websockets.protocol:client < Frame(fin=True, opcode=9, data=b'', rsv1=False, rsv2=False, rsv3=False)
DEBUG:websockets.protocol:client - received ping, sending pong: [empty]
DEBUG:websockets.protocol:client > Frame(fin=True, opcode=10, data=b'', rsv1=False, rsv2=False, rsv3=False)
DEBUG:websockets.protocol:client - event = data_received(<2 bytes>)
DEBUG:websockets.protocol:client < Frame(fin=True, opcode=9, data=b'', rsv1=False, rsv2=False, rsv3=False)
DEBUG:websockets.protocol:client - received ping, sending pong: [empty]
DEBUG:websockets.protocol:client > Frame(fin=True, opcode=10, data=b'', rsv1=False, rsv2=False, rsv3=False)
DEBUG:websockets.protocol:client - event = data_received(<2 bytes>)
DEBUG:websockets.protocol:client < Frame(fin=True, opcode=9, data=b'', rsv1=False, rsv2=False, rsv3=False)
DEBUG:websockets.protocol:client - received ping, sending pong: [empty]
DEBUG:websockets.protocol:client > Frame(fin=True, opcode=10, data=b'', rsv1=False, rsv2=False, rsv3=False)
DEBUG:websockets.protocol:client - event = data_received(<2 bytes>)
DEBUG:websockets.protocol:client < Frame(fin=True, opcode=9, data=b'', rsv1=False, rsv2=False, rsv3=False)
DEBUG:websockets.protocol:client - received ping, sending pong: [empty]
DEBUG:websockets.protocol:client > Frame(fin=True, opcode=10, data=b'', rsv1=False, rsv2=False, rsv3=False)
DEBUG:websockets.protocol:client > Frame(fin=True, opcode=9, data=b'\xa3r2\x91', rsv1=False, rsv2=False, rsv3=False)
DEBUG:websockets.protocol:client > Frame(fin=True, opcode=9, data=b'\x92\x1c\x1c/', rsv1=False, rsv2=False, rsv3=False)
DEBUG:websockets.protocol:client - event = data_received(<6 bytes>)
DEBUG:websockets.protocol:client < Frame(fin=True, opcode=10, data=b'\xa3r2\x91', rsv1=False, rsv2=False, rsv3=False)
DEBUG:websockets.protocol:client - received solicited pong: a3723291
DEBUG:websockets.protocol:client - event = data_received(<6 bytes>)
DEBUG:websockets.protocol:client < Frame(fin=True, opcode=10, data=b'\x92\x1c\x1c/', rsv1=False, rsv2=False, rsv3=False)
DEBUG:websockets.protocol:client - received solicited pong: 921c1c2f
DEBUG:websockets.protocol:client - event = data_received(<2 bytes>)
DEBUG:websockets.protocol:client < Frame(fin=True, opcode=9, data=b'', rsv1=False, rsv2=False, rsv3=False)
DEBUG:websockets.protocol:client - received ping, sending pong: [empty]
DEBUG:websockets.protocol:client > Frame(fin=True, opcode=10, data=b'', rsv1=False, rsv2=False, rsv3=False)
DEBUG:websockets.protocol:client - event = data_received(<2 bytes>)
DEBUG:websockets.protocol:client < Frame(fin=True, opcode=9, data=b'', rsv1=False, rsv2=False, rsv3=False)
DEBUG:websockets.protocol:client - received ping, sending pong: [empty]
DEBUG:websockets.protocol:client > Frame(fin=True, opcode=10, data=b'', rsv1=False, rsv2=False, rsv3=False)
DEBUG:websockets.protocol:client - event = data_received(<2 bytes>)
DEBUG:websockets.protocol:client < Frame(fin=True, opcode=9, data=b'', rsv1=False, rsv2=False, rsv3=False)
DEBUG:websockets.protocol:client - received ping, sending pong: [empty]
DEBUG:websockets.protocol:client > Frame(fin=True, opcode=10, data=b'', rsv1=False, rsv2=False, rsv3=False)
DEBUG:websockets.protocol:client - event = data_received(<2 bytes>)
DEBUG:websockets.protocol:client < Frame(fin=True, opcode=9, data=b'', rsv1=False, rsv2=False, rsv3=False)
DEBUG:websockets.protocol:client - received ping, sending pong: [empty]
DEBUG:websockets.protocol:client > Frame(fin=True, opcode=10, data=b'', rsv1=False, rsv2=False, rsv3=False)
DEBUG:websockets.protocol:client - event = data_received(<2 bytes>)
DEBUG:websockets.protocol:client < Frame(fin=True, opcode=9, data=b'', rsv1=False, rsv2=False, rsv3=False)
DEBUG:websockets.protocol:client - received ping, sending pong: [empty]
DEBUG:websockets.protocol:client > Frame(fin=True, opcode=10, data=b'', rsv1=False, rsv2=False, rsv3=False)
DEBUG:websockets.protocol:client > Frame(fin=True, opcode=9, data=b'\xc2\xe2\xd6Y', rsv1=False, rsv2=False, rsv3=False)
DEBUG:websockets.protocol:client - event = data_received(<6 bytes>)
DEBUG:websockets.protocol:client < Frame(fin=True, opcode=10, data=b'\xc2\xe2\xd6Y', rsv1=False, rsv2=False, rsv3=False)
DEBUG:websockets.protocol:client - received solicited pong: c2e2d659
DEBUG:websockets.protocol:client - event = data_received(<2 bytes>)
DEBUG:websockets.protocol:client < Frame(fin=True, opcode=9, data=b'', rsv1=False, rsv2=False, rsv3=False)
DEBUG:websockets.protocol:client - received ping, sending pong: [empty]
DEBUG:websockets.protocol:client > Frame(fin=True, opcode=10, data=b'', rsv1=False, rsv2=False, rsv3=False)
DEBUG:websockets.protocol:client - event = data_received(<2 bytes>)
DEBUG:websockets.protocol:client < Frame(fin=True, opcode=9, data=b'', rsv1=False, rsv2=False, rsv3=False)
DEBUG:websockets.protocol:client - received ping, sending pong: [empty]
DEBUG:websockets.protocol:client > Frame(fin=True, opcode=10, data=b'', rsv1=False, rsv2=False, rsv3=False)
DEBUG:websockets.protocol:client - event = data_received(<2 bytes>)
DEBUG:websockets.protocol:client < Frame(fin=True, opcode=9, data=b'', rsv1=False, rsv2=False, rsv3=False)
DEBUG:websockets.protocol:client - received ping, sending pong: [empty]
DEBUG:websockets.protocol:client > Frame(fin=True, opcode=10, data=b'', rsv1=False, rsv2=False, rsv3=False)
DEBUG:websockets.protocol:client > Frame(fin=True, opcode=9, data=b't\t\x86\xb3', rsv1=False, rsv2=False, rsv3=False)
DEBUG:websockets.protocol:client - event = data_received(<6 bytes>)
DEBUG:websockets.protocol:client < Frame(fin=True, opcode=10, data=b't\t\x86\xb3', rsv1=False, rsv2=False, rsv3=False)
DEBUG:websockets.protocol:client - received solicited pong: 740986b3
DEBUG:websockets.protocol:client - event = data_received(<2 bytes>)
DEBUG:websockets.protocol:client < Frame(fin=True, opcode=9, data=b'', rsv1=False, rsv2=False, rsv3=False)
DEBUG:websockets.protocol:client - received ping, sending pong: [empty]
DEBUG:websockets.protocol:client > Frame(fin=True, opcode=10, data=b'', rsv1=False, rsv2=False, rsv3=False)
DEBUG:websockets.protocol:client - event = data_received(<2 bytes>)
DEBUG:websockets.protocol:client < Frame(fin=True, opcode=9, data=b'', rsv1=False, rsv2=False, rsv3=False)
DEBUG:websockets.protocol:client - received ping, sending pong: [empty]
DEBUG:websockets.protocol:client > Frame(fin=True, opcode=10, data=b'', rsv1=False, rsv2=False, rsv3=False)
DEBUG:websockets.protocol:client - event = data_received(<2 bytes>)
DEBUG:websockets.protocol:client < Frame(fin=True, opcode=9, data=b'', rsv1=False, rsv2=False, rsv3=False)
DEBUG:websockets.protocol:client - received ping, sending pong: [empty]
DEBUG:websockets.protocol:client > Frame(fin=True, opcode=10, data=b'', rsv1=False, rsv2=False, rsv3=False)
DEBUG:websockets.protocol:client > Frame(fin=True, opcode=9, data=b'\xde\x1bR\x11', rsv1=False, rsv2=False, rsv3=False)
DEBUG:websockets.protocol:client - event = data_received(<6 bytes>)
DEBUG:websockets.protocol:client < Frame(fin=True, opcode=10, data=b'\xde\x1bR\x11', rsv1=False, rsv2=False, rsv3=False)
DEBUG:websockets.protocol:client - received solicited pong: de1b5211
DEBUG:websockets.protocol:client - event = data_received(<2 bytes>)
DEBUG:websockets.protocol:client < Frame(fin=True, opcode=9, data=b'', rsv1=False, rsv2=False, rsv3=False)
DEBUG:websockets.protocol:client - received ping, sending pong: [empty]
DEBUG:websockets.protocol:client > Frame(fin=True, opcode=10, data=b'', rsv1=False, rsv2=False, rsv3=False)
DEBUG:websockets.protocol:client - event = data_received(<2 bytes>)
DEBUG:websockets.protocol:client < Frame(fin=True, opcode=9, data=b'', rsv1=False, rsv2=False, rsv3=False)
DEBUG:websockets.protocol:client - received ping, sending pong: [empty]
DEBUG:websockets.protocol:client > Frame(fin=True, opcode=10, data=b'', rsv1=False, rsv2=False, rsv3=False)
DEBUG:websockets.protocol:client - event = data_received(<2 bytes>)
DEBUG:websockets.protocol:client < Frame(fin=True, opcode=9, data=b'', rsv1=False, rsv2=False, rsv3=False)
DEBUG:websockets.protocol:client - received ping, sending pong: [empty]
DEBUG:websockets.protocol:client > Frame(fin=True, opcode=10, data=b'', rsv1=False, rsv2=False, rsv3=False)
DEBUG:websockets.protocol:client - event = data_received(<2 bytes>)
DEBUG:websockets.protocol:client < Frame(fin=True, opcode=9, data=b'', rsv1=False, rsv2=False, rsv3=False)
DEBUG:websockets.protocol:client - received ping, sending pong: [empty]
DEBUG:websockets.protocol:client > Frame(fin=True, opcode=10, data=b'', rsv1=False, rsv2=False, rsv3=False)
DEBUG:websockets.protocol:client - event = data_received(<2 bytes>)
DEBUG:websockets.protocol:client < Frame(fin=True, opcode=9, data=b'', rsv1=False, rsv2=False, rsv3=False)
DEBUG:websockets.protocol:client - received ping, sending pong: [empty]
DEBUG:websockets.protocol:client > Frame(fin=True, opcode=10, data=b'', rsv1=False, rsv2=False, rsv3=False)
DEBUG:websockets.protocol:client > Frame(fin=True, opcode=9, data=b'\xa6\x1c\x07D', rsv1=False, rsv2=False, rsv3=False)
DEBUG:websockets.protocol:client - event = data_received(<6 bytes>)
DEBUG:websockets.protocol:client < Frame(fin=True, opcode=10, data=b'\xa6\x1c\x07D', rsv1=False, rsv2=False, rsv3=False)
DEBUG:websockets.protocol:client - received solicited pong: a61c0744
DEBUG:websockets.protocol:client > Frame(fin=True, opcode=9, data=b'q~\xbb\xb4', rsv1=False, rsv2=False, rsv3=False)
DEBUG:websockets.protocol:client - event = data_received(<6 bytes>)
DEBUG:websockets.protocol:client < Frame(fin=True, opcode=10, data=b'q~\xbb\xb4', rsv1=False, rsv2=False, rsv3=False)
DEBUG:websockets.protocol:client - received solicited pong: 717ebbb4
DEBUG:websockets.protocol:client - event = data_received(<2 bytes>)
DEBUG:websockets.protocol:client < Frame(fin=True, opcode=9, data=b'', rsv1=False, rsv2=False, rsv3=False)
DEBUG:websockets.protocol:client - received ping, sending pong: [empty]
DEBUG:websockets.protocol:client > Frame(fin=True, opcode=10, data=b'', rsv1=False, rsv2=False, rsv3=False)
DEBUG:websockets.protocol:client - event = data_received(<2 bytes>)
DEBUG:websockets.protocol:client < Frame(fin=True, opcode=9, data=b'', rsv1=False, rsv2=False, rsv3=False)
DEBUG:websockets.protocol:client - received ping, sending pong: [empty]
DEBUG:websockets.protocol:client > Frame(fin=True, opcode=10, data=b'', rsv1=False, rsv2=False, rsv3=False)
DEBUG:websockets.protocol:client - event = data_received(<2 bytes>)
DEBUG:websockets.protocol:client < Frame(fin=True, opcode=9, data=b'', rsv1=False, rsv2=False, rsv3=False)
DEBUG:websockets.protocol:client - received ping, sending pong: [empty]
DEBUG:websockets.protocol:client > Frame(fin=True, opcode=10, data=b'', rsv1=False, rsv2=False, rsv3=False)
DEBUG:websockets.protocol:client - event = data_received(<2 bytes>)
DEBUG:websockets.protocol:client < Frame(fin=True, opcode=9, data=b'', rsv1=False, rsv2=False, rsv3=False)
DEBUG:websockets.protocol:client - received ping, sending pong: [empty]
DEBUG:websockets.protocol:client > Frame(fin=True, opcode=10, data=b'', rsv1=False, rsv2=False, rsv3=False)
DEBUG:websockets.protocol:client - event = data_received(<2 bytes>)
DEBUG:websockets.protocol:client < Frame(fin=True, opcode=9, data=b'', rsv1=False, rsv2=False, rsv3=False)
DEBUG:websockets.protocol:client - received ping, sending pong: [empty]
DEBUG:websockets.protocol:client > Frame(fin=True, opcode=10, data=b'', rsv1=False, rsv2=False, rsv3=False)
DEBUG:websockets.protocol:client > Frame(fin=True, opcode=9, data=b']dc\xd0', rsv1=False, rsv2=False, rsv3=False)
DEBUG:websockets.protocol:client - event = data_received(<6 bytes>)
DEBUG:websockets.protocol:client < Frame(fin=True, opcode=10, data=b']dc\xd0', rsv1=False, rsv2=False, rsv3=False)
DEBUG:websockets.protocol:client - received solicited pong: 5d6463d0
DEBUG:websockets.protocol:client - event = data_received(<2 bytes>)
DEBUG:websockets.protocol:client < Frame(fin=True, opcode=9, data=b'', rsv1=False, rsv2=False, rsv3=False)
DEBUG:websockets.protocol:client - received ping, sending pong: [empty]
DEBUG:websockets.protocol:client > Frame(fin=True, opcode=10, data=b'', rsv1=False, rsv2=False, rsv3=False)
DEBUG:websockets.protocol:client - event = data_received(<2 bytes>)
DEBUG:websockets.protocol:client < Frame(fin=True, opcode=9, data=b'', rsv1=False, rsv2=False, rsv3=False)
DEBUG:websockets.protocol:client - received ping, sending pong: [empty]
DEBUG:websockets.protocol:client > Frame(fin=True, opcode=10, data=b'', rsv1=False, rsv2=False, rsv3=False)
DEBUG:websockets.protocol:client > Frame(fin=True, opcode=9, data=b'\xc0\xeej\xec', rsv1=False, rsv2=False, rsv3=False)
DEBUG:websockets.protocol:client - event = data_received(<6 bytes>)
DEBUG:websockets.protocol:client < Frame(fin=True, opcode=10, data=b'\xc0\xeej\xec', rsv1=False, rsv2=False, rsv3=False)
DEBUG:websockets.protocol:client - received solicited pong: c0ee6aec
DEBUG:websockets.protocol:client - event = data_received(<2 bytes>)
DEBUG:websockets.protocol:client < Frame(fin=True, opcode=9, data=b'', rsv1=False, rsv2=False, rsv3=False)
DEBUG:websockets.protocol:client - received ping, sending pong: [empty]
DEBUG:websockets.protocol:client > Frame(fin=True, opcode=10, data=b'', rsv1=False, rsv2=False, rsv3=False)
DEBUG:websockets.protocol:client - event = data_received(<2 bytes>)
DEBUG:websockets.protocol:client < Frame(fin=True, opcode=9, data=b'', rsv1=False, rsv2=False, rsv3=False)
DEBUG:websockets.protocol:client - received ping, sending pong: [empty]
DEBUG:websockets.protocol:client > Frame(fin=True, opcode=10, data=b'', rsv1=False, rsv2=False, rsv3=False)
DEBUG:websockets.protocol:client - event = data_received(<2 bytes>)
DEBUG:websockets.protocol:client < Frame(fin=True, opcode=9, data=b'', rsv1=False, rsv2=False, rsv3=False)
DEBUG:websockets.protocol:client - received ping, sending pong: [empty]
DEBUG:websockets.protocol:client > Frame(fin=True, opcode=10, data=b'', rsv1=False, rsv2=False, rsv3=False)
DEBUG:websockets.protocol:client > Frame(fin=True, opcode=9, data=b'\x96\xf7f\x15', rsv1=False, rsv2=False, rsv3=False)
DEBUG:websockets.protocol:client - event = data_received(<6 bytes>)
DEBUG:websockets.protocol:client < Frame(fin=True, opcode=10, data=b'\x96\xf7f\x15', rsv1=False, rsv2=False, rsv3=False)
DEBUG:websockets.protocol:client - received solicited pong: 96f76615
DEBUG:websockets.protocol:client - event = data_received(<2 bytes>)
DEBUG:websockets.protocol:client < Frame(fin=True, opcode=9, data=b'', rsv1=False, rsv2=False, rsv3=False)
DEBUG:websockets.protocol:client - received ping, sending pong: [empty]
DEBUG:websockets.protocol:client > Frame(fin=True, opcode=10, data=b'', rsv1=False, rsv2=False, rsv3=False)
DEBUG:websockets.protocol:client - event = data_received(<2 bytes>)
DEBUG:websockets.protocol:client < Frame(fin=True, opcode=9, data=b'', rsv1=False, rsv2=False, rsv3=False)
DEBUG:websockets.protocol:client - received ping, sending pong: [empty]
DEBUG:websockets.protocol:client > Frame(fin=True, opcode=10, data=b'', rsv1=False, rsv2=False, rsv3=False)
DEBUG:websockets.protocol:client - event = data_received(<2 bytes>)
DEBUG:websockets.protocol:client < Frame(fin=True, opcode=9, data=b'', rsv1=False, rsv2=False, rsv3=False)
DEBUG:websockets.protocol:client - received ping, sending pong: [empty]
DEBUG:websockets.protocol:client > Frame(fin=True, opcode=10, data=b'', rsv1=False, rsv2=False, rsv3=False)
DEBUG:websockets.protocol:client - event = data_received(<2 bytes>)
DEBUG:websockets.protocol:client < Frame(fin=True, opcode=9, data=b'', rsv1=False, rsv2=False, rsv3=False)
DEBUG:websockets.protocol:client - received ping, sending pong: [empty]
DEBUG:websockets.protocol:client > Frame(fin=True, opcode=10, data=b'', rsv1=False, rsv2=False, rsv3=False)
DEBUG:websockets.protocol:client - event = data_received(<2 bytes>)
DEBUG:websockets.protocol:client < Frame(fin=True, opcode=9, data=b'', rsv1=False, rsv2=False, rsv3=False)
DEBUG:websockets.protocol:client - received ping, sending pong: [empty]
DEBUG:websockets.protocol:client > Frame(fin=True, opcode=10, data=b'', rsv1=False, rsv2=False, rsv3=False)
DEBUG:websockets.protocol:client - event = data_received(<2 bytes>)
DEBUG:websockets.protocol:client < Frame(fin=True, opcode=9, data=b'', rsv1=False, rsv2=False, rsv3=False)
DEBUG:websockets.protocol:client - received ping, sending pong: [empty]
DEBUG:websockets.protocol:client > Frame(fin=True, opcode=10, data=b'', rsv1=False, rsv2=False, rsv3=False)
DEBUG:websockets.protocol:client > Frame(fin=True, opcode=9, data=b'\xcd!\x8f<', rsv1=False, rsv2=False, rsv3=False)
DEBUG:websockets.protocol:client - event = data_received(<6 bytes>)
DEBUG:websockets.protocol:client < Frame(fin=True, opcode=10, data=b'\xcd!\x8f<', rsv1=False, rsv2=False, rsv3=False)
DEBUG:websockets.protocol:client - received solicited pong: cd218f3c
DEBUG:websockets.protocol:client > Frame(fin=True, opcode=9, data=b'a\xed\xfb\xdd', rsv1=False, rsv2=False, rsv3=False)
DEBUG:websockets.protocol:client - event = data_received(<6 bytes>)
DEBUG:websockets.protocol:client < Frame(fin=True, opcode=10, data=b'a\xed\xfb\xdd', rsv1=False, rsv2=False, rsv3=False)
DEBUG:websockets.protocol:client - received solicited pong: 61edfbdd
DEBUG:websockets.protocol:client - event = data_received(<2 bytes>)
DEBUG:websockets.protocol:client < Frame(fin=True, opcode=9, data=b'', rsv1=False, rsv2=False, rsv3=False)
DEBUG:websockets.protocol:client - received ping, sending pong: [empty]
DEBUG:websockets.protocol:client > Frame(fin=True, opcode=10, data=b'', rsv1=False, rsv2=False, rsv3=False)
DEBUG:websockets.protocol:client - event = data_received(<2 bytes>)
DEBUG:websockets.protocol:client < Frame(fin=True, opcode=9, data=b'', rsv1=False, rsv2=False, rsv3=False)
DEBUG:websockets.protocol:client - received ping, sending pong: [empty]
DEBUG:websockets.protocol:client > Frame(fin=True, opcode=10, data=b'', rsv1=False, rsv2=False, rsv3=False)
DEBUG:websockets.protocol:client - event = data_received(<2 bytes>)
DEBUG:websockets.protocol:client < Frame(fin=True, opcode=9, data=b'', rsv1=False, rsv2=False, rsv3=False)
DEBUG:websockets.protocol:client - received ping, sending pong: [empty]
DEBUG:websockets.protocol:client > Frame(fin=True, opcode=10, data=b'', rsv1=False, rsv2=False, rsv3=False)
DEBUG:websockets.protocol:client - event = data_received(<2 bytes>)
DEBUG:websockets.protocol:client < Frame(fin=True, opcode=9, data=b'', rsv1=False, rsv2=False, rsv3=False)
DEBUG:websockets.protocol:client - received ping, sending pong: [empty]
DEBUG:websockets.protocol:client > Frame(fin=True, opcode=10, data=b'', rsv1=False, rsv2=False, rsv3=False)
DEBUG:websockets.protocol:client - event = data_received(<2 bytes>)
DEBUG:websockets.protocol:client < Frame(fin=True, opcode=9, data=b'', rsv1=False, rsv2=False, rsv3=False)
DEBUG:websockets.protocol:client - received ping, sending pong: [empty]
DEBUG:websockets.protocol:client > Frame(fin=True, opcode=10, data=b'', rsv1=False, rsv2=False, rsv3=False)
DEBUG:websockets.protocol:client > Frame(fin=True, opcode=9, data=b'<<\x0c\x83', rsv1=False, rsv2=False, rsv3=False)
DEBUG:websockets.protocol:client - event = data_received(<6 bytes>)
DEBUG:websockets.protocol:client < Frame(fin=True, opcode=10, data=b'<<\x0c\x83', rsv1=False, rsv2=False, rsv3=False)
DEBUG:websockets.protocol:client - received solicited pong: 3c3c0c83
DEBUG:websockets.protocol:client - event = data_received(<2 bytes>)
DEBUG:websockets.protocol:client < Frame(fin=True, opcode=9, data=b'', rsv1=False, rsv2=False, rsv3=False)
DEBUG:websockets.protocol:client - received ping, sending pong: [empty]
DEBUG:websockets.protocol:client > Frame(fin=True, opcode=10, data=b'', rsv1=False, rsv2=False, rsv3=False)
DEBUG:websockets.protocol:client - event = data_received(<2 bytes>)
DEBUG:websockets.protocol:client < Frame(fin=True, opcode=9, data=b'', rsv1=False, rsv2=False, rsv3=False)
DEBUG:websockets.protocol:client - received ping, sending pong: [empty]
DEBUG:websockets.protocol:client > Frame(fin=True, opcode=10, data=b'', rsv1=False, rsv2=False, rsv3=False)
DEBUG:websockets.protocol:client > Frame(fin=True, opcode=9, data=b'\x01\x11\xee\x0f', rsv1=False, rsv2=False, rsv3=False)
DEBUG:websockets.protocol:client - event = data_received(<6 bytes>)
DEBUG:websockets.protocol:client < Frame(fin=True, opcode=10, data=b'\x01\x11\xee\x0f', rsv1=False, rsv2=False, rsv3=False)
DEBUG:websockets.protocol:client - received solicited pong: 0111ee0f
DEBUG:websockets.protocol:client - event = data_received(<2 bytes>)
DEBUG:websockets.protocol:client < Frame(fin=True, opcode=9, data=b'', rsv1=False, rsv2=False, rsv3=False)
DEBUG:websockets.protocol:client - received ping, sending pong: [empty]
DEBUG:websockets.protocol:client > Frame(fin=True, opcode=10, data=b'', rsv1=False, rsv2=False, rsv3=False)
DEBUG:websockets.protocol:client - event = data_received(<2 bytes>)
DEBUG:websockets.protocol:client < Frame(fin=True, opcode=9, data=b'', rsv1=False, rsv2=False, rsv3=False)
DEBUG:websockets.protocol:client - received ping, sending pong: [empty]
DEBUG:websockets.protocol:client > Frame(fin=True, opcode=10, data=b'', rsv1=False, rsv2=False, rsv3=False)
DEBUG:websockets.protocol:client - event = data_received(<2 bytes>)
DEBUG:websockets.protocol:client < Frame(fin=True, opcode=9, data=b'', rsv1=False, rsv2=False, rsv3=False)
DEBUG:websockets.protocol:client - received ping, sending pong: [empty]
DEBUG:websockets.protocol:client > Frame(fin=True, opcode=10, data=b'', rsv1=False, rsv2=False, rsv3=False)
DEBUG:websockets.protocol:client > Frame(fin=True, opcode=9, data=b'B\x95\x99;', rsv1=False, rsv2=False, rsv3=False)
DEBUG:websockets.protocol:client - event = data_received(<6 bytes>)
DEBUG:websockets.protocol:client < Frame(fin=True, opcode=10, data=b'B\x95\x99;', rsv1=False, rsv2=False, rsv3=False)
DEBUG:websockets.protocol:client - received solicited pong: 4295993b
DEBUG:websockets.protocol:client - event = data_received(<2 bytes>)
DEBUG:websockets.protocol:client < Frame(fin=True, opcode=9, data=b'', rsv1=False, rsv2=False, rsv3=False)
DEBUG:websockets.protocol:client - received ping, sending pong: [empty]
DEBUG:websockets.protocol:client > Frame(fin=True, opcode=10, data=b'', rsv1=False, rsv2=False, rsv3=False)
DEBUG:websockets.protocol:client - event = data_received(<2 bytes>)
DEBUG:websockets.protocol:client < Frame(fin=True, opcode=9, data=b'', rsv1=False, rsv2=False, rsv3=False)
DEBUG:websockets.protocol:client - received ping, sending pong: [empty]
DEBUG:websockets.protocol:client > Frame(fin=True, opcode=10, data=b'', rsv1=False, rsv2=False, rsv3=False)
DEBUG:websockets.protocol:client - event = data_received(<2 bytes>)
DEBUG:websockets.protocol:client < Frame(fin=True, opcode=9, data=b'', rsv1=False, rsv2=False, rsv3=False)
DEBUG:websockets.protocol:client - received ping, sending pong: [empty]
DEBUG:websockets.protocol:client > Frame(fin=True, opcode=10, data=b'', rsv1=False, rsv2=False, rsv3=False)
DEBUG:websockets.protocol:client - event = data_received(<2 bytes>)
DEBUG:websockets.protocol:client < Frame(fin=True, opcode=9, data=b'', rsv1=False, rsv2=False, rsv3=False)
DEBUG:websockets.protocol:client - received ping, sending pong: [empty]
DEBUG:websockets.protocol:client > Frame(fin=True, opcode=10, data=b'', rsv1=False, rsv2=False, rsv3=False)
DEBUG:websockets.protocol:client - event = data_received(<2 bytes>)
DEBUG:websockets.protocol:client < Frame(fin=True, opcode=9, data=b'', rsv1=False, rsv2=False, rsv3=False)
DEBUG:websockets.protocol:client - received ping, sending pong: [empty]
DEBUG:websockets.protocol:client > Frame(fin=True, opcode=10, data=b'', rsv1=False, rsv2=False, rsv3=False)
DEBUG:websockets.protocol:client - event = data_received(<2 bytes>)
DEBUG:websockets.protocol:client < Frame(fin=True, opcode=9, data=b'', rsv1=False, rsv2=False, rsv3=False)
DEBUG:websockets.protocol:client - received ping, sending pong: [empty]
DEBUG:websockets.protocol:client > Frame(fin=True, opcode=10, data=b'', rsv1=False, rsv2=False, rsv3=False)
DEBUG:websockets.protocol:client > Frame(fin=True, opcode=9, data=b'D\xb2\x163', rsv1=False, rsv2=False, rsv3=False)
DEBUG:websockets.protocol:client - event = data_received(<6 bytes>)
DEBUG:websockets.protocol:client < Frame(fin=True, opcode=10, data=b'D\xb2\x163', rsv1=False, rsv2=False, rsv3=False)
DEBUG:websockets.protocol:client - received solicited pong: 44b21633
DEBUG:websockets.protocol:client - event = data_received(<2 bytes>)
DEBUG:websockets.protocol:client < Frame(fin=True, opcode=9, data=b'', rsv1=False, rsv2=False, rsv3=False)
DEBUG:websockets.protocol:client - received ping, sending pong: [empty]
DEBUG:websockets.protocol:client > Frame(fin=True, opcode=10, data=b'', rsv1=False, rsv2=False, rsv3=False)
DEBUG:websockets.protocol:client > Frame(fin=True, opcode=9, data=b'\n=\xb64', rsv1=False, rsv2=False, rsv3=False)
DEBUG:websockets.protocol:client - event = data_received(<6 bytes>)
DEBUG:websockets.protocol:client < Frame(fin=True, opcode=10, data=b'\n=\xb64', rsv1=False, rsv2=False, rsv3=False)
DEBUG:websockets.protocol:client - received solicited pong: 0a3db634
DEBUG:websockets.protocol:client - event = data_received(<2 bytes>)
DEBUG:websockets.protocol:client < Frame(fin=True, opcode=9, data=b'', rsv1=False, rsv2=False, rsv3=False)
DEBUG:websockets.protocol:client - received ping, sending pong: [empty]
DEBUG:websockets.protocol:client > Frame(fin=True, opcode=10, data=b'', rsv1=False, rsv2=False, rsv3=False)
DEBUG:websockets.protocol:client - event = data_received(<2 bytes>)
DEBUG:websockets.protocol:client < Frame(fin=True, opcode=9, data=b'', rsv1=False, rsv2=False, rsv3=False)
DEBUG:websockets.protocol:client - received ping, sending pong: [empty]
DEBUG:websockets.protocol:client > Frame(fin=True, opcode=10, data=b'', rsv1=False, rsv2=False, rsv3=False)
DEBUG:websockets.protocol:client - event = data_received(<2 bytes>)
DEBUG:websockets.protocol:client < Frame(fin=True, opcode=9, data=b'', rsv1=False, rsv2=False, rsv3=False)
DEBUG:websockets.protocol:client - received ping, sending pong: [empty]
DEBUG:websockets.protocol:client > Frame(fin=True, opcode=10, data=b'', rsv1=False, rsv2=False, rsv3=False)
DEBUG:websockets.protocol:client - event = data_received(<2 bytes>)
DEBUG:websockets.protocol:client < Frame(fin=True, opcode=9, data=b'', rsv1=False, rsv2=False, rsv3=False)
DEBUG:websockets.protocol:client - received ping, sending pong: [empty]
DEBUG:websockets.protocol:client > Frame(fin=True, opcode=10, data=b'', rsv1=False, rsv2=False, rsv3=False)
DEBUG:websockets.protocol:client - event = data_received(<2 bytes>)
DEBUG:websockets.protocol:client < Frame(fin=True, opcode=9, data=b'', rsv1=False, rsv2=False, rsv3=False)
DEBUG:websockets.protocol:client - received ping, sending pong: [empty]
DEBUG:websockets.protocol:client > Frame(fin=True, opcode=10, data=b'', rsv1=False, rsv2=False, rsv3=False)
DEBUG:websockets.protocol:client > Frame(fin=True, opcode=9, data=b's\x9bgd', rsv1=False, rsv2=False, rsv3=False)
DEBUG:websockets.protocol:client - event = data_received(<6 bytes>)
DEBUG:websockets.protocol:client < Frame(fin=True, opcode=10, data=b's\x9bgd', rsv1=False, rsv2=False, rsv3=False)
DEBUG:websockets.protocol:client - received solicited pong: 739b6764
DEBUG:websockets.protocol:client - event = data_received(<2 bytes>)
DEBUG:websockets.protocol:client < Frame(fin=True, opcode=9, data=b'', rsv1=False, rsv2=False, rsv3=False)
DEBUG:websockets.protocol:client - received ping, sending pong: [empty]
DEBUG:websockets.protocol:client > Frame(fin=True, opcode=10, data=b'', rsv1=False, rsv2=False, rsv3=False)
DEBUG:websockets.protocol:client - event = data_received(<2 bytes>)
DEBUG:websockets.protocol:client < Frame(fin=True, opcode=9, data=b'', rsv1=False, rsv2=False, rsv3=False)
DEBUG:websockets.protocol:client - received ping, sending pong: [empty]
DEBUG:websockets.protocol:client > Frame(fin=True, opcode=10, data=b'', rsv1=False, rsv2=False, rsv3=False)
DEBUG:websockets.protocol:client - event = data_received(<2 bytes>)
DEBUG:websockets.protocol:client < Frame(fin=True, opcode=9, data=b'', rsv1=False, rsv2=False, rsv3=False)
DEBUG:websockets.protocol:client - received ping, sending pong: [empty]
DEBUG:websockets.protocol:client > Frame(fin=True, opcode=10, data=b'', rsv1=False, rsv2=False, rsv3=False)
DEBUG:websockets.protocol:client > Frame(fin=True, opcode=9, data=b'V\x0b"\x91', rsv1=False, rsv2=False, rsv3=False)
DEBUG:websockets.protocol:client - event = data_received(<6 bytes>)
DEBUG:websockets.protocol:client < Frame(fin=True, opcode=10, data=b'V\x0b"\x91', rsv1=False, rsv2=False, rsv3=False)
DEBUG:websockets.protocol:client - received solicited pong: 560b2291
DEBUG:websockets.protocol:client - event = data_received(<2 bytes>)
DEBUG:websockets.protocol:client < Frame(fin=True, opcode=9, data=b'', rsv1=False, rsv2=False, rsv3=False)
DEBUG:websockets.protocol:client - received ping, sending pong: [empty]
DEBUG:websockets.protocol:client > Frame(fin=True, opcode=10, data=b'', rsv1=False, rsv2=False, rsv3=False)
DEBUG:websockets.protocol:client - event = data_received(<2 bytes>)
DEBUG:websockets.protocol:client < Frame(fin=True, opcode=9, data=b'', rsv1=False, rsv2=False, rsv3=False)
DEBUG:websockets.protocol:client - received ping, sending pong: [empty]
DEBUG:websockets.protocol:client > Frame(fin=True, opcode=10, data=b'', rsv1=False, rsv2=False, rsv3=False)
DEBUG:websockets.protocol:client - event = data_received(<2 bytes>)
DEBUG:websockets.protocol:client < Frame(fin=True, opcode=9, data=b'', rsv1=False, rsv2=False, rsv3=False)
DEBUG:websockets.protocol:client - received ping, sending pong: [empty]
DEBUG:websockets.protocol:client > Frame(fin=True, opcode=10, data=b'', rsv1=False, rsv2=False, rsv3=False)
DEBUG:websockets.protocol:client > Frame(fin=True, opcode=9, data=b'\n\x86\xf3\xe1', rsv1=False, rsv2=False, rsv3=False)
DEBUG:websockets.protocol:client - event = data_received(<6 bytes>)
DEBUG:websockets.protocol:client < Frame(fin=True, opcode=10, data=b'\n\x86\xf3\xe1', rsv1=False, rsv2=False, rsv3=False)
DEBUG:websockets.protocol:client - received solicited pong: 0a86f3e1
DEBUG:websockets.protocol:client - event = data_received(<2 bytes>)
DEBUG:websockets.protocol:client < Frame(fin=True, opcode=9, data=b'', rsv1=False, rsv2=False, rsv3=False)
DEBUG:websockets.protocol:client - received ping, sending pong: [empty]
DEBUG:websockets.protocol:client > Frame(fin=True, opcode=10, data=b'', rsv1=False, rsv2=False, rsv3=False)
DEBUG:websockets.protocol:client - event = data_received(<2 bytes>)
DEBUG:websockets.protocol:client < Frame(fin=True, opcode=9, data=b'', rsv1=False, rsv2=False, rsv3=False)
DEBUG:websockets.protocol:client - received ping, sending pong: [empty]
DEBUG:websockets.protocol:client > Frame(fin=True, opcode=10, data=b'', rsv1=False, rsv2=False, rsv3=False)
DEBUG:websockets.protocol:client - event = data_received(<2 bytes>)
DEBUG:websockets.protocol:client < Frame(fin=True, opcode=9, data=b'', rsv1=False, rsv2=False, rsv3=False)
DEBUG:websockets.protocol:client - received ping, sending pong: [empty]
DEBUG:websockets.protocol:client > Frame(fin=True, opcode=10, data=b'', rsv1=False, rsv2=False, rsv3=False)
DEBUG:websockets.protocol:client - event = data_received(<2 bytes>)
DEBUG:websockets.protocol:client < Frame(fin=True, opcode=9, data=b'', rsv1=False, rsv2=False, rsv3=False)
DEBUG:websockets.protocol:client - received ping, sending pong: [empty]
DEBUG:websockets.protocol:client > Frame(fin=True, opcode=10, data=b'', rsv1=False, rsv2=False, rsv3=False)
DEBUG:websockets.protocol:client - event = data_received(<2 bytes>)
DEBUG:websockets.protocol:client < Frame(fin=True, opcode=9, data=b'', rsv1=False, rsv2=False, rsv3=False)
DEBUG:websockets.protocol:client - received ping, sending pong: [empty]
DEBUG:websockets.protocol:client > Frame(fin=True, opcode=10, data=b'', rsv1=False, rsv2=False, rsv3=False)
DEBUG:websockets.protocol:client > Frame(fin=True, opcode=9, data=b'`\xc1t%', rsv1=False, rsv2=False, rsv3=False)
DEBUG:websockets.protocol:client - event = data_received(<6 bytes>)
DEBUG:websockets.protocol:client < Frame(fin=True, opcode=10, data=b'`\xc1t%', rsv1=False, rsv2=False, rsv3=False)
DEBUG:websockets.protocol:client - received solicited pong: 60c17425
DEBUG:websockets.protocol:client - event = data_received(<2 bytes>)
DEBUG:websockets.protocol:client < Frame(fin=True, opcode=9, data=b'', rsv1=False, rsv2=False, rsv3=False)
DEBUG:websockets.protocol:client - received ping, sending pong: [empty]
DEBUG:websockets.protocol:client > Frame(fin=True, opcode=10, data=b'', rsv1=False, rsv2=False, rsv3=False)
DEBUG:websockets.protocol:client > Frame(fin=True, opcode=9, data=b'`\x8e\x9a\xef', rsv1=False, rsv2=False, rsv3=False)
DEBUG:websockets.protocol:client - event = data_received(<6 bytes>)
DEBUG:websockets.protocol:client < Frame(fin=True, opcode=10, data=b'`\x8e\x9a\xef', rsv1=False, rsv2=False, rsv3=False)
DEBUG:websockets.protocol:client - received solicited pong: 608e9aef
DEBUG:websockets.protocol:client - event = data_received(<2 bytes>)
DEBUG:websockets.protocol:client < Frame(fin=True, opcode=9, data=b'', rsv1=False, rsv2=False, rsv3=False)
DEBUG:websockets.protocol:client - received ping, sending pong: [empty]
DEBUG:websockets.protocol:client > Frame(fin=True, opcode=10, data=b'', rsv1=False, rsv2=False, rsv3=False)
DEBUG:websockets.protocol:client - event = data_received(<2 bytes>)
DEBUG:websockets.protocol:client < Frame(fin=True, opcode=9, data=b'', rsv1=False, rsv2=False, rsv3=False)
DEBUG:websockets.protocol:client - received ping, sending pong: [empty]
DEBUG:websockets.protocol:client > Frame(fin=True, opcode=10, data=b'', rsv1=False, rsv2=False, rsv3=False)
DEBUG:websockets.protocol:client - event = data_received(<2 bytes>)
DEBUG:websockets.protocol:client < Frame(fin=True, opcode=9, data=b'', rsv1=False, rsv2=False, rsv3=False)
DEBUG:websockets.protocol:client - received ping, sending pong: [empty]
DEBUG:websockets.protocol:client > Frame(fin=True, opcode=10, data=b'', rsv1=False, rsv2=False, rsv3=False)
DEBUG:websockets.protocol:client - event = data_received(<2 bytes>)
DEBUG:websockets.protocol:client < Frame(fin=True, opcode=9, data=b'', rsv1=False, rsv2=False, rsv3=False)
DEBUG:websockets.protocol:client - received ping, sending pong: [empty]
DEBUG:websockets.protocol:client > Frame(fin=True, opcode=10, data=b'', rsv1=False, rsv2=False, rsv3=False)
DEBUG:websockets.protocol:client - event = data_received(<2 bytes>)
DEBUG:websockets.protocol:client < Frame(fin=True, opcode=9, data=b'', rsv1=False, rsv2=False, rsv3=False)
DEBUG:websockets.protocol:client - received ping, sending pong: [empty]
DEBUG:websockets.protocol:client > Frame(fin=True, opcode=10, data=b'', rsv1=False, rsv2=False, rsv3=False)
DEBUG:websockets.protocol:client - event = data_received(<2 bytes>)
DEBUG:websockets.protocol:client < Frame(fin=True, opcode=9, data=b'', rsv1=False, rsv2=False, rsv3=False)
DEBUG:websockets.protocol:client - received ping, sending pong: [empty]
DEBUG:websockets.protocol:client > Frame(fin=True, opcode=10, data=b'', rsv1=False, rsv2=False, rsv3=False)
DEBUG:websockets.protocol:client > Frame(fin=True, opcode=9, data=b'\x1d\x1f\x8dP', rsv1=False, rsv2=False, rsv3=False)
DEBUG:websockets.protocol:client - event = data_received(<6 bytes>)
DEBUG:websockets.protocol:client < Frame(fin=True, opcode=10, data=b'\x1d\x1f\x8dP', rsv1=False, rsv2=False, rsv3=False)
DEBUG:websockets.protocol:client - received solicited pong: 1d1f8d50
DEBUG:websockets.protocol:client - event = data_received(<2 bytes>)
DEBUG:websockets.protocol:client < Frame(fin=True, opcode=9, data=b'', rsv1=False, rsv2=False, rsv3=False)
DEBUG:websockets.protocol:client - received ping, sending pong: [empty]
DEBUG:websockets.protocol:client > Frame(fin=True, opcode=10, data=b'', rsv1=False, rsv2=False, rsv3=False)
DEBUG:websockets.protocol:client > Frame(fin=True, opcode=9, data=b'\xb9a\xcce', rsv1=False, rsv2=False, rsv3=False)
DEBUG:websockets.protocol:client - event = data_received(<6 bytes>)
DEBUG:websockets.protocol:client < Frame(fin=True, opcode=10, data=b'\xb9a\xcce', rsv1=False, rsv2=False, rsv3=False)
DEBUG:websockets.protocol:client - received solicited pong: b961cc65
DEBUG:websockets.protocol:client - event = data_received(<2 bytes>)
DEBUG:websockets.protocol:client < Frame(fin=True, opcode=9, data=b'', rsv1=False, rsv2=False, rsv3=False)
DEBUG:websockets.protocol:client - received ping, sending pong: [empty]
DEBUG:websockets.protocol:client > Frame(fin=True, opcode=10, data=b'', rsv1=False, rsv2=False, rsv3=False)
DEBUG:websockets.protocol:client - event = data_received(<2 bytes>)
DEBUG:websockets.protocol:client < Frame(fin=True, opcode=9, data=b'', rsv1=False, rsv2=False, rsv3=False)
DEBUG:websockets.protocol:client - received ping, sending pong: [empty]
DEBUG:websockets.protocol:client > Frame(fin=True, opcode=10, data=b'', rsv1=False, rsv2=False, rsv3=False)
DEBUG:websockets.protocol:client - event = data_received(<2 bytes>)
DEBUG:websockets.protocol:client < Frame(fin=True, opcode=9, data=b'', rsv1=False, rsv2=False, rsv3=False)
DEBUG:websockets.protocol:client - received ping, sending pong: [empty]
DEBUG:websockets.protocol:client > Frame(fin=True, opcode=10, data=b'', rsv1=False, rsv2=False, rsv3=False)
DEBUG:websockets.protocol:client - event = data_received(<2 bytes>)
DEBUG:websockets.protocol:client < Frame(fin=True, opcode=9, data=b'', rsv1=False, rsv2=False, rsv3=False)
DEBUG:websockets.protocol:client - received ping, sending pong: [empty]
DEBUG:websockets.protocol:client > Frame(fin=True, opcode=10, data=b'', rsv1=False, rsv2=False, rsv3=False)
DEBUG:websockets.protocol:client > Frame(fin=True, opcode=9, data=b'L\xbd\xc9[', rsv1=False, rsv2=False, rsv3=False)
DEBUG:websockets.protocol:client - event = data_received(<6 bytes>)
DEBUG:websockets.protocol:client < Frame(fin=True, opcode=10, data=b'L\xbd\xc9[', rsv1=False, rsv2=False, rsv3=False)
DEBUG:websockets.protocol:client - received solicited pong: 4cbdc95b
DEBUG:websockets.protocol:client - event = data_received(<2 bytes>)
DEBUG:websockets.protocol:client < Frame(fin=True, opcode=9, data=b'', rsv1=False, rsv2=False, rsv3=False)
DEBUG:websockets.protocol:client - received ping, sending pong: [empty]
DEBUG:websockets.protocol:client > Frame(fin=True, opcode=10, data=b'', rsv1=False, rsv2=False, rsv3=False)
DEBUG:websockets.protocol:client - event = data_received(<2 bytes>)
DEBUG:websockets.protocol:client < Frame(fin=True, opcode=9, data=b'', rsv1=False, rsv2=False, rsv3=False)
DEBUG:websockets.protocol:client - received ping, sending pong: [empty]
DEBUG:websockets.protocol:client > Frame(fin=True, opcode=10, data=b'', rsv1=False, rsv2=False, rsv3=False)
DEBUG:websockets.protocol:client - event = data_received(<2 bytes>)
DEBUG:websockets.protocol:client < Frame(fin=True, opcode=9, data=b'', rsv1=False, rsv2=False, rsv3=False)
DEBUG:websockets.protocol:client - received ping, sending pong: [empty]
DEBUG:websockets.protocol:client > Frame(fin=True, opcode=10, data=b'', rsv1=False, rsv2=False, rsv3=False)
DEBUG:websockets.protocol:client - event = data_received(<2 bytes>)
DEBUG:websockets.protocol:client < Frame(fin=True, opcode=9, data=b'', rsv1=False, rsv2=False, rsv3=False)
DEBUG:websockets.protocol:client - received ping, sending pong: [empty]
DEBUG:websockets.protocol:client > Frame(fin=True, opcode=10, data=b'', rsv1=False, rsv2=False, rsv3=False)
DEBUG:websockets.protocol:client - event = data_received(<2 bytes>)
DEBUG:websockets.protocol:client < Frame(fin=True, opcode=9, data=b'', rsv1=False, rsv2=False, rsv3=False)
DEBUG:websockets.protocol:client - received ping, sending pong: [empty]
DEBUG:websockets.protocol:client > Frame(fin=True, opcode=10, data=b'', rsv1=False, rsv2=False, rsv3=False)
DEBUG:websockets.protocol:client > Frame(fin=True, opcode=9, data=b'\xf6P\xcb\x14', rsv1=False, rsv2=False, rsv3=False)
DEBUG:websockets.protocol:client - event = data_received(<6 bytes>)
DEBUG:websockets.protocol:client < Frame(fin=True, opcode=10, data=b'\xf6P\xcb\x14', rsv1=False, rsv2=False, rsv3=False)
DEBUG:websockets.protocol:client - received solicited pong: f650cb14
DEBUG:websockets.protocol:client - event = data_received(<2 bytes>)
DEBUG:websockets.protocol:client < Frame(fin=True, opcode=9, data=b'', rsv1=False, rsv2=False, rsv3=False)
DEBUG:websockets.protocol:client - received ping, sending pong: [empty]
DEBUG:websockets.protocol:client > Frame(fin=True, opcode=10, data=b'', rsv1=False, rsv2=False, rsv3=False)
DEBUG:websockets.protocol:client > Frame(fin=True, opcode=9, data=b'\xe9W\x1f\xf5', rsv1=False, rsv2=False, rsv3=False)
DEBUG:websockets.protocol:client - event = data_received(<6 bytes>)
DEBUG:websockets.protocol:client < Frame(fin=True, opcode=10, data=b'\xe9W\x1f\xf5', rsv1=False, rsv2=False, rsv3=False)
DEBUG:websockets.protocol:client - received solicited pong: e9571ff5
DEBUG:websockets.protocol:client - event = data_received(<2 bytes>)
DEBUG:websockets.protocol:client < Frame(fin=True, opcode=9, data=b'', rsv1=False, rsv2=False, rsv3=False)
DEBUG:websockets.protocol:client - received ping, sending pong: [empty]
DEBUG:websockets.protocol:client > Frame(fin=True, opcode=10, data=b'', rsv1=False, rsv2=False, rsv3=False)
DEBUG:websockets.protocol:client - event = data_received(<2 bytes>)
DEBUG:websockets.protocol:client < Frame(fin=True, opcode=9, data=b'', rsv1=False, rsv2=False, rsv3=False)
DEBUG:websockets.protocol:client - received ping, sending pong: [empty]
DEBUG:websockets.protocol:client > Frame(fin=True, opcode=10, data=b'', rsv1=False, rsv2=False, rsv3=False)
DEBUG:websockets.protocol:client - event = data_received(<2 bytes>)
DEBUG:websockets.protocol:client < Frame(fin=True, opcode=9, data=b'', rsv1=False, rsv2=False, rsv3=False)
DEBUG:websockets.protocol:client - received ping, sending pong: [empty]
DEBUG:websockets.protocol:client > Frame(fin=True, opcode=10, data=b'', rsv1=False, rsv2=False, rsv3=False)
DEBUG:websockets.protocol:client - event = data_received(<2 bytes>)
DEBUG:websockets.protocol:client < Frame(fin=True, opcode=9, data=b'', rsv1=False, rsv2=False, rsv3=False)
DEBUG:websockets.protocol:client - received ping, sending pong: [empty]
DEBUG:websockets.protocol:client > Frame(fin=True, opcode=10, data=b'', rsv1=False, rsv2=False, rsv3=False)
DEBUG:websockets.protocol:client - event = data_received(<2 bytes>)
DEBUG:websockets.protocol:client < Frame(fin=True, opcode=9, data=b'', rsv1=False, rsv2=False, rsv3=False)
DEBUG:websockets.protocol:client - received ping, sending pong: [empty]
DEBUG:websockets.protocol:client > Frame(fin=True, opcode=10, data=b'', rsv1=False, rsv2=False, rsv3=False)
DEBUG:websockets.protocol:client > Frame(fin=True, opcode=9, data=b'\\=\xab,', rsv1=False, rsv2=False, rsv3=False)
DEBUG:websockets.protocol:client - event = data_received(<6 bytes>)
DEBUG:websockets.protocol:client < Frame(fin=True, opcode=10, data=b'\\=\xab,', rsv1=False, rsv2=False, rsv3=False)
DEBUG:websockets.protocol:client - received solicited pong: 5c3dab2c
DEBUG:websockets.protocol:client - event = data_received(<2 bytes>)
DEBUG:websockets.protocol:client < Frame(fin=True, opcode=9, data=b'', rsv1=False, rsv2=False, rsv3=False)
DEBUG:websockets.protocol:client - received ping, sending pong: [empty]
DEBUG:websockets.protocol:client > Frame(fin=True, opcode=10, data=b'', rsv1=False, rsv2=False, rsv3=False)
DEBUG:websockets.protocol:client - event = data_received(<2 bytes>)
DEBUG:websockets.protocol:client < Frame(fin=True, opcode=9, data=b'', rsv1=False, rsv2=False, rsv3=False)
DEBUG:websockets.protocol:client - received ping, sending pong: [empty]
DEBUG:websockets.protocol:client > Frame(fin=True, opcode=10, data=b'', rsv1=False, rsv2=False, rsv3=False)
DEBUG:websockets.protocol:client > Frame(fin=True, opcode=9, data=b'3\xd9~\xed', rsv1=False, rsv2=False, rsv3=False)
DEBUG:websockets.protocol:client - event = data_received(<6 bytes>)
DEBUG:websockets.protocol:client < Frame(fin=True, opcode=10, data=b'3\xd9~\xed', rsv1=False, rsv2=False, rsv3=False)
DEBUG:websockets.protocol:client - received solicited pong: 33d97eed
DEBUG:websockets.protocol:client - event = data_received(<2 bytes>)
DEBUG:websockets.protocol:client < Frame(fin=True, opcode=9, data=b'', rsv1=False, rsv2=False, rsv3=False)
DEBUG:websockets.protocol:client - received ping, sending pong: [empty]
DEBUG:websockets.protocol:client > Frame(fin=True, opcode=10, data=b'', rsv1=False, rsv2=False, rsv3=False)
DEBUG:websockets.protocol:client - event = data_received(<2 bytes>)
DEBUG:websockets.protocol:client < Frame(fin=True, opcode=9, data=b'', rsv1=False, rsv2=False, rsv3=False)
DEBUG:websockets.protocol:client - received ping, sending pong: [empty]
DEBUG:websockets.protocol:client > Frame(fin=True, opcode=10, data=b'', rsv1=False, rsv2=False, rsv3=False)
DEBUG:websockets.protocol:client - event = data_received(<2 bytes>)
DEBUG:websockets.protocol:client < Frame(fin=True, opcode=9, data=b'', rsv1=False, rsv2=False, rsv3=False)
DEBUG:websockets.protocol:client - received ping, sending pong: [empty]
DEBUG:websockets.protocol:client > Frame(fin=True, opcode=10, data=b'', rsv1=False, rsv2=False, rsv3=False)
DEBUG:websockets.protocol:client - event = data_received(<2 bytes>)
DEBUG:websockets.protocol:client < Frame(fin=True, opcode=9, data=b'', rsv1=False, rsv2=False, rsv3=False)
DEBUG:websockets.protocol:client - received ping, sending pong: [empty]
DEBUG:websockets.protocol:client > Frame(fin=True, opcode=10, data=b'', rsv1=False, rsv2=False, rsv3=False)
DEBUG:websockets.protocol:client > Frame(fin=True, opcode=9, data=b'v\xab7\x07', rsv1=False, rsv2=False, rsv3=False)
DEBUG:websockets.protocol:client - event = data_received(<6 bytes>)
DEBUG:websockets.protocol:client < Frame(fin=True, opcode=10, data=b'v\xab7\x07', rsv1=False, rsv2=False, rsv3=False)
DEBUG:websockets.protocol:client - received solicited pong: 76ab3707
DEBUG:websockets.protocol:client - event = data_received(<2 bytes>)
DEBUG:websockets.protocol:client < Frame(fin=True, opcode=9, data=b'', rsv1=False, rsv2=False, rsv3=False)
DEBUG:websockets.protocol:client - received ping, sending pong: [empty]
DEBUG:websockets.protocol:client > Frame(fin=True, opcode=10, data=b'', rsv1=False, rsv2=False, rsv3=False)
DEBUG:websockets.protocol:client - event = data_received(<2 bytes>)
DEBUG:websockets.protocol:client < Frame(fin=True, opcode=9, data=b'', rsv1=False, rsv2=False, rsv3=False)
DEBUG:websockets.protocol:client - received ping, sending pong: [empty]
DEBUG:websockets.protocol:client > Frame(fin=True, opcode=10, data=b'', rsv1=False, rsv2=False, rsv3=False)
DEBUG:websockets.protocol:client - event = data_received(<2 bytes>)
DEBUG:websockets.protocol:client < Frame(fin=True, opcode=9, data=b'', rsv1=False, rsv2=False, rsv3=False)
DEBUG:websockets.protocol:client - received ping, sending pong: [empty]
DEBUG:websockets.protocol:client > Frame(fin=True, opcode=10, data=b'', rsv1=False, rsv2=False, rsv3=False)
DEBUG:websockets.protocol:client - event = data_received(<2 bytes>)
DEBUG:websockets.protocol:client < Frame(fin=True, opcode=9, data=b'', rsv1=False, rsv2=False, rsv3=False)
DEBUG:websockets.protocol:client - received ping, sending pong: [empty]
DEBUG:websockets.protocol:client > Frame(fin=True, opcode=10, data=b'', rsv1=False, rsv2=False, rsv3=False)
DEBUG:websockets.protocol:client - event = data_received(<2 bytes>)
DEBUG:websockets.protocol:client < Frame(fin=True, opcode=9, data=b'', rsv1=False, rsv2=False, rsv3=False)
DEBUG:websockets.protocol:client - received ping, sending pong: [empty]
DEBUG:websockets.protocol:client > Frame(fin=True, opcode=10, data=b'', rsv1=False, rsv2=False, rsv3=False)
DEBUG:websockets.protocol:client > Frame(fin=True, opcode=9, data=b'!\xa4\xc3\xf1', rsv1=False, rsv2=False, rsv3=False)
DEBUG:websockets.protocol:client - event = data_received(<6 bytes>)
DEBUG:websockets.protocol:client < Frame(fin=True, opcode=10, data=b'!\xa4\xc3\xf1', rsv1=False, rsv2=False, rsv3=False)
DEBUG:websockets.protocol:client - received solicited pong: 21a4c3f1
DEBUG:websockets.protocol:client > Frame(fin=True, opcode=9, data=b'E\x187Z', rsv1=False, rsv2=False, rsv3=False)
DEBUG:websockets.protocol:client - event = data_received(<2 bytes>)
DEBUG:websockets.protocol:client < Frame(fin=True, opcode=9, data=b'', rsv1=False, rsv2=False, rsv3=False)
DEBUG:websockets.protocol:client - received ping, sending pong: [empty]
DEBUG:websockets.protocol:client > Frame(fin=True, opcode=10, data=b'', rsv1=False, rsv2=False, rsv3=False)
DEBUG:websockets.protocol:client - event = data_received(<6 bytes>)
DEBUG:websockets.protocol:client < Frame(fin=True, opcode=10, data=b'E\x187Z', rsv1=False, rsv2=False, rsv3=False)
DEBUG:websockets.protocol:client - received solicited pong: 4518375a
DEBUG:websockets.protocol:client - event = data_received(<2 bytes>)
DEBUG:websockets.protocol:client < Frame(fin=True, opcode=9, data=b'', rsv1=False, rsv2=False, rsv3=False)
DEBUG:websockets.protocol:client - received ping, sending pong: [empty]
DEBUG:websockets.protocol:client > Frame(fin=True, opcode=10, data=b'', rsv1=False, rsv2=False, rsv3=False)
DEBUG:websockets.protocol:client - event = data_received(<2 bytes>)
DEBUG:websockets.protocol:client < Frame(fin=True, opcode=9, data=b'', rsv1=False, rsv2=False, rsv3=False)
DEBUG:websockets.protocol:client - received ping, sending pong: [empty]
DEBUG:websockets.protocol:client > Frame(fin=True, opcode=10, data=b'', rsv1=False, rsv2=False, rsv3=False)
DEBUG:websockets.protocol:client - event = data_received(<2 bytes>)
DEBUG:websockets.protocol:client < Frame(fin=True, opcode=9, data=b'', rsv1=False, rsv2=False, rsv3=False)
DEBUG:websockets.protocol:client - received ping, sending pong: [empty]
DEBUG:websockets.protocol:client > Frame(fin=True, opcode=10, data=b'', rsv1=False, rsv2=False, rsv3=False)
DEBUG:websockets.protocol:client - event = data_received(<2 bytes>)
DEBUG:websockets.protocol:client < Frame(fin=True, opcode=9, data=b'', rsv1=False, rsv2=False, rsv3=False)
DEBUG:websockets.protocol:client - received ping, sending pong: [empty]
DEBUG:websockets.protocol:client > Frame(fin=True, opcode=10, data=b'', rsv1=False, rsv2=False, rsv3=False)
DEBUG:websockets.protocol:client - event = data_received(<2 bytes>)
DEBUG:websockets.protocol:client < Frame(fin=True, opcode=9, data=b'', rsv1=False, rsv2=False, rsv3=False)
DEBUG:websockets.protocol:client - received ping, sending pong: [empty]
DEBUG:websockets.protocol:client > Frame(fin=True, opcode=10, data=b'', rsv1=False, rsv2=False, rsv3=False)
DEBUG:websockets.protocol:client - event = data_received(<2 bytes>)
DEBUG:websockets.protocol:client < Frame(fin=True, opcode=9, data=b'', rsv1=False, rsv2=False, rsv3=False)
DEBUG:websockets.protocol:client - received ping, sending pong: [empty]
DEBUG:websockets.protocol:client > Frame(fin=True, opcode=10, data=b'', rsv1=False, rsv2=False, rsv3=False)
DEBUG:websockets.protocol:client > Frame(fin=True, opcode=9, data=b'\x94iQ\xbd', rsv1=False, rsv2=False, rsv3=False)
DEBUG:websockets.protocol:client - event = data_received(<6 bytes>)
DEBUG:websockets.protocol:client < Frame(fin=True, opcode=10, data=b'\x94iQ\xbd', rsv1=False, rsv2=False, rsv3=False)
DEBUG:websockets.protocol:client - received solicited pong: 946951bd
DEBUG:websockets.protocol:client - event = data_received(<2 bytes>)
DEBUG:websockets.protocol:client < Frame(fin=True, opcode=9, data=b'', rsv1=False, rsv2=False, rsv3=False)
DEBUG:websockets.protocol:client - received ping, sending pong: [empty]
DEBUG:websockets.protocol:client > Frame(fin=True, opcode=10, data=b'', rsv1=False, rsv2=False, rsv3=False)
DEBUG:websockets.protocol:client - event = data_received(<2 bytes>)
DEBUG:websockets.protocol:client < Frame(fin=True, opcode=9, data=b'', rsv1=False, rsv2=False, rsv3=False)
DEBUG:websockets.protocol:client - received ping, sending pong: [empty]
DEBUG:websockets.protocol:client > Frame(fin=True, opcode=10, data=b'', rsv1=False, rsv2=False, rsv3=False)
DEBUG:websockets.protocol:client > Frame(fin=True, opcode=9, data=b'E\x1c\x87l', rsv1=False, rsv2=False, rsv3=False)
DEBUG:websockets.protocol:client - event = data_received(<6 bytes>)
DEBUG:websockets.protocol:client < Frame(fin=True, opcode=10, data=b'E\x1c\x87l', rsv1=False, rsv2=False, rsv3=False)
DEBUG:websockets.protocol:client - received solicited pong: 451c876c
DEBUG:websockets.protocol:client - event = data_received(<2 bytes>)
DEBUG:websockets.protocol:client < Frame(fin=True, opcode=9, data=b'', rsv1=False, rsv2=False, rsv3=False)
DEBUG:websockets.protocol:client - received ping, sending pong: [empty]
DEBUG:websockets.protocol:client > Frame(fin=True, opcode=10, data=b'', rsv1=False, rsv2=False, rsv3=False)
DEBUG:websockets.protocol:client - event = data_received(<2 bytes>)
DEBUG:websockets.protocol:client < Frame(fin=True, opcode=9, data=b'', rsv1=False, rsv2=False, rsv3=False)
DEBUG:websockets.protocol:client - received ping, sending pong: [empty]
DEBUG:websockets.protocol:client > Frame(fin=True, opcode=10, data=b'', rsv1=False, rsv2=False, rsv3=False)
DEBUG:websockets.protocol:client - event = data_received(<2 bytes>)
DEBUG:websockets.protocol:client < Frame(fin=True, opcode=9, data=b'', rsv1=False, rsv2=False, rsv3=False)
DEBUG:websockets.protocol:client - received ping, sending pong: [empty]
DEBUG:websockets.protocol:client > Frame(fin=True, opcode=10, data=b'', rsv1=False, rsv2=False, rsv3=False)
DEBUG:websockets.protocol:client - event = data_received(<2 bytes>)
DEBUG:websockets.protocol:client < Frame(fin=True, opcode=9, data=b'', rsv1=False, rsv2=False, rsv3=False)
DEBUG:websockets.protocol:client - received ping, sending pong: [empty]
DEBUG:websockets.protocol:client > Frame(fin=True, opcode=10, data=b'', rsv1=False, rsv2=False, rsv3=False)
DEBUG:websockets.protocol:client > Frame(fin=True, opcode=9, data=b'7\x85\xac@', rsv1=False, rsv2=False, rsv3=False)
DEBUG:websockets.protocol:client - event = data_received(<6 bytes>)
DEBUG:websockets.protocol:client < Frame(fin=True, opcode=10, data=b'7\x85\xac@', rsv1=False, rsv2=False, rsv3=False)
DEBUG:websockets.protocol:client - received solicited pong: 3785ac40
DEBUG:websockets.protocol:client - event = data_received(<2 bytes>)
DEBUG:websockets.protocol:client < Frame(fin=True, opcode=9, data=b'', rsv1=False, rsv2=False, rsv3=False)
DEBUG:websockets.protocol:client - received ping, sending pong: [empty]
DEBUG:websockets.protocol:client > Frame(fin=True, opcode=10, data=b'', rsv1=False, rsv2=False, rsv3=False)
DEBUG:websockets.protocol:client - event = data_received(<2 bytes>)
DEBUG:websockets.protocol:client < Frame(fin=True, opcode=9, data=b'', rsv1=False, rsv2=False, rsv3=False)
DEBUG:websockets.protocol:client - received ping, sending pong: [empty]
DEBUG:websockets.protocol:client > Frame(fin=True, opcode=10, data=b'', rsv1=False, rsv2=False, rsv3=False)
DEBUG:websockets.protocol:client - event = data_received(<2 bytes>)
DEBUG:websockets.protocol:client < Frame(fin=True, opcode=9, data=b'', rsv1=False, rsv2=False, rsv3=False)
DEBUG:websockets.protocol:client - received ping, sending pong: [empty]
DEBUG:websockets.protocol:client > Frame(fin=True, opcode=10, data=b'', rsv1=False, rsv2=False, rsv3=False)
DEBUG:websockets.protocol:client - event = data_received(<2 bytes>)
DEBUG:websockets.protocol:client < Frame(fin=True, opcode=9, data=b'', rsv1=False, rsv2=False, rsv3=False)
DEBUG:websockets.protocol:client - received ping, sending pong: [empty]
DEBUG:websockets.protocol:client > Frame(fin=True, opcode=10, data=b'', rsv1=False, rsv2=False, rsv3=False)
DEBUG:websockets.protocol:client > Frame(fin=True, opcode=9, data=b'H\xcb\x93\xd1', rsv1=False, rsv2=False, rsv3=False)
DEBUG:websockets.protocol:client - event = data_received(<6 bytes>)
DEBUG:websockets.protocol:client < Frame(fin=True, opcode=10, data=b'H\xcb\x93\xd1', rsv1=False, rsv2=False, rsv3=False)
DEBUG:websockets.protocol:client - received solicited pong: 48cb93d1
DEBUG:websockets.protocol:client - event = data_received(<2 bytes>)
DEBUG:websockets.protocol:client < Frame(fin=True, opcode=9, data=b'', rsv1=False, rsv2=False, rsv3=False)
DEBUG:websockets.protocol:client - received ping, sending pong: [empty]
DEBUG:websockets.protocol:client > Frame(fin=True, opcode=10, data=b'', rsv1=False, rsv2=False, rsv3=False)
DEBUG:websockets.protocol:client > Frame(fin=True, opcode=9, data=b'\x06\x9f[%', rsv1=False, rsv2=False, rsv3=False)
DEBUG:websockets.protocol:client - event = data_received(<6 bytes>)
DEBUG:websockets.protocol:client < Frame(fin=True, opcode=10, data=b'\x06\x9f[%', rsv1=False, rsv2=False, rsv3=False)
DEBUG:websockets.protocol:client - received solicited pong: 069f5b25
DEBUG:websockets.protocol:client - event = data_received(<2 bytes>)
DEBUG:websockets.protocol:client < Frame(fin=True, opcode=9, data=b'', rsv1=False, rsv2=False, rsv3=False)
DEBUG:websockets.protocol:client - received ping, sending pong: [empty]
DEBUG:websockets.protocol:client > Frame(fin=True, opcode=10, data=b'', rsv1=False, rsv2=False, rsv3=False)
DEBUG:websockets.protocol:client - event = data_received(<2 bytes>)
DEBUG:websockets.protocol:client < Frame(fin=True, opcode=9, data=b'', rsv1=False, rsv2=False, rsv3=False)
DEBUG:websockets.protocol:client - received ping, sending pong: [empty]
DEBUG:websockets.protocol:client > Frame(fin=True, opcode=10, data=b'', rsv1=False, rsv2=False, rsv3=False)
DEBUG:websockets.protocol:client - event = data_received(<2 bytes>)
DEBUG:websockets.protocol:client < Frame(fin=True, opcode=9, data=b'', rsv1=False, rsv2=False, rsv3=False)
DEBUG:websockets.protocol:client - received ping, sending pong: [empty]
DEBUG:websockets.protocol:client > Frame(fin=True, opcode=10, data=b'', rsv1=False, rsv2=False, rsv3=False)
DEBUG:websockets.protocol:client - event = data_received(<2 bytes>)
DEBUG:websockets.protocol:client < Frame(fin=True, opcode=9, data=b'', rsv1=False, rsv2=False, rsv3=False)
DEBUG:websockets.protocol:client - received ping, sending pong: [empty]
DEBUG:websockets.protocol:client > Frame(fin=True, opcode=10, data=b'', rsv1=False, rsv2=False, rsv3=False)
DEBUG:websockets.protocol:client - event = data_received(<2 bytes>)
DEBUG:websockets.protocol:client < Frame(fin=True, opcode=9, data=b'', rsv1=False, rsv2=False, rsv3=False)
DEBUG:websockets.protocol:client - received ping, sending pong: [empty]
DEBUG:websockets.protocol:client > Frame(fin=True, opcode=10, data=b'', rsv1=False, rsv2=False, rsv3=False)
DEBUG:websockets.protocol:client - event = data_received(<2 bytes>)
DEBUG:websockets.protocol:client < Frame(fin=True, opcode=9, data=b'', rsv1=False, rsv2=False, rsv3=False)
DEBUG:websockets.protocol:client - received ping, sending pong: [empty]
DEBUG:websockets.protocol:client > Frame(fin=True, opcode=10, data=b'', rsv1=False, rsv2=False, rsv3=False)
DEBUG:websockets.protocol:client - event = data_received(<2 bytes>)
DEBUG:websockets.protocol:client < Frame(fin=True, opcode=9, data=b'', rsv1=False, rsv2=False, rsv3=False)
DEBUG:websockets.protocol:client - received ping, sending pong: [empty]
DEBUG:websockets.protocol:client > Frame(fin=True, opcode=10, data=b'', rsv1=False, rsv2=False, rsv3=False)
DEBUG:websockets.protocol:client > Frame(fin=True, opcode=9, data=b'\x88H$J', rsv1=False, rsv2=False, rsv3=False)
DEBUG:websockets.protocol:client - event = data_received(<6 bytes>)
DEBUG:websockets.protocol:client < Frame(fin=True, opcode=10, data=b'\x88H$J', rsv1=False, rsv2=False, rsv3=False)
DEBUG:websockets.protocol:client - received solicited pong: 8848244a
DEBUG:websockets.protocol:client - event = data_received(<2 bytes>)
DEBUG:websockets.protocol:client < Frame(fin=True, opcode=9, data=b'', rsv1=False, rsv2=False, rsv3=False)
DEBUG:websockets.protocol:client - received ping, sending pong: [empty]
DEBUG:websockets.protocol:client > Frame(fin=True, opcode=10, data=b'', rsv1=False, rsv2=False, rsv3=False)
DEBUG:websockets.protocol:client > Frame(fin=True, opcode=9, data=b'b\x9bo ', rsv1=False, rsv2=False, rsv3=False)
DEBUG:websockets.protocol:client - event = data_received(<6 bytes>)
DEBUG:websockets.protocol:client < Frame(fin=True, opcode=10, data=b'b\x9bo ', rsv1=False, rsv2=False, rsv3=False)
DEBUG:websockets.protocol:client - received solicited pong: 629b6f20
DEBUG:websockets.protocol:client - event = data_received(<2 bytes>)
DEBUG:websockets.protocol:client < Frame(fin=True, opcode=9, data=b'', rsv1=False, rsv2=False, rsv3=False)
DEBUG:websockets.protocol:client - received ping, sending pong: [empty]
DEBUG:websockets.protocol:client > Frame(fin=True, opcode=10, data=b'', rsv1=False, rsv2=False, rsv3=False)
DEBUG:websockets.protocol:client - event = data_received(<2 bytes>)
DEBUG:websockets.protocol:client < Frame(fin=True, opcode=9, data=b'', rsv1=False, rsv2=False, rsv3=False)
DEBUG:websockets.protocol:client - received ping, sending pong: [empty]
DEBUG:websockets.protocol:client > Frame(fin=True, opcode=10, data=b'', rsv1=False, rsv2=False, rsv3=False)
DEBUG:websockets.protocol:client - event = data_received(<2 bytes>)
DEBUG:websockets.protocol:client < Frame(fin=True, opcode=9, data=b'', rsv1=False, rsv2=False, rsv3=False)
DEBUG:websockets.protocol:client - received ping, sending pong: [empty]
DEBUG:websockets.protocol:client > Frame(fin=True, opcode=10, data=b'', rsv1=False, rsv2=False, rsv3=False)
DEBUG:websockets.protocol:client - event = data_received(<2 bytes>)
DEBUG:websockets.protocol:client < Frame(fin=True, opcode=9, data=b'', rsv1=False, rsv2=False, rsv3=False)
DEBUG:websockets.protocol:client - received ping, sending pong: [empty]
DEBUG:websockets.protocol:client > Frame(fin=True, opcode=10, data=b'', rsv1=False, rsv2=False, rsv3=False)
DEBUG:websockets.protocol:client > Frame(fin=True, opcode=9, data=b'\xb9b\xf1~', rsv1=False, rsv2=False, rsv3=False)
DEBUG:websockets.protocol:client - event = data_received(<6 bytes>)
DEBUG:websockets.protocol:client < Frame(fin=True, opcode=10, data=b'\xb9b\xf1~', rsv1=False, rsv2=False, rsv3=False)
DEBUG:websockets.protocol:client - received solicited pong: b962f17e
DEBUG:websockets.protocol:client - event = data_received(<2 bytes>)
DEBUG:websockets.protocol:client < Frame(fin=True, opcode=9, data=b'', rsv1=False, rsv2=False, rsv3=False)
DEBUG:websockets.protocol:client - received ping, sending pong: [empty]
DEBUG:websockets.protocol:client > Frame(fin=True, opcode=10, data=b'', rsv1=False, rsv2=False, rsv3=False)
DEBUG:websockets.protocol:client - event = data_received(<2 bytes>)
DEBUG:websockets.protocol:client < Frame(fin=True, opcode=9, data=b'', rsv1=False, rsv2=False, rsv3=False)
DEBUG:websockets.protocol:client - received ping, sending pong: [empty]
DEBUG:websockets.protocol:client > Frame(fin=True, opcode=10, data=b'', rsv1=False, rsv2=False, rsv3=False)
DEBUG:websockets.protocol:client - event = data_received(<2 bytes>)
DEBUG:websockets.protocol:client < Frame(fin=True, opcode=9, data=b'', rsv1=False, rsv2=False, rsv3=False)
DEBUG:websockets.protocol:client - received ping, sending pong: [empty]
DEBUG:websockets.protocol:client > Frame(fin=True, opcode=10, data=b'', rsv1=False, rsv2=False, rsv3=False)
DEBUG:websockets.protocol:client - event = data_received(<2 bytes>)
DEBUG:websockets.protocol:client < Frame(fin=True, opcode=9, data=b'', rsv1=False, rsv2=False, rsv3=False)
DEBUG:websockets.protocol:client - received ping, sending pong: [empty]
DEBUG:websockets.protocol:client > Frame(fin=True, opcode=10, data=b'', rsv1=False, rsv2=False, rsv3=False)
DEBUG:websockets.protocol:client - event = data_received(<2 bytes>)
DEBUG:websockets.protocol:client < Frame(fin=True, opcode=9, data=b'', rsv1=False, rsv2=False, rsv3=False)
DEBUG:websockets.protocol:client - received ping, sending pong: [empty]
DEBUG:websockets.protocol:client > Frame(fin=True, opcode=10, data=b'', rsv1=False, rsv2=False, rsv3=False)
DEBUG:websockets.protocol:client > Frame(fin=True, opcode=9, data=b'\xfc\xe7e+', rsv1=False, rsv2=False, rsv3=False)
DEBUG:websockets.protocol:client - event = data_received(<6 bytes>)
DEBUG:websockets.protocol:client < Frame(fin=True, opcode=10, data=b'\xfc\xe7e+', rsv1=False, rsv2=False, rsv3=False)
DEBUG:websockets.protocol:client - received solicited pong: fce7652b
DEBUG:websockets.protocol:client - event = data_received(<2 bytes>)
DEBUG:websockets.protocol:client < Frame(fin=True, opcode=9, data=b'', rsv1=False, rsv2=False, rsv3=False)
DEBUG:websockets.protocol:client - received ping, sending pong: [empty]
DEBUG:websockets.protocol:client > Frame(fin=True, opcode=10, data=b'', rsv1=False, rsv2=False, rsv3=False)
DEBUG:websockets.protocol:client > Frame(fin=True, opcode=9, data=b'g\xb4\x0f\x14', rsv1=False, rsv2=False, rsv3=False)
DEBUG:websockets.protocol:client - event = data_received(<6 bytes>)
DEBUG:websockets.protocol:client < Frame(fin=True, opcode=10, data=b'g\xb4\x0f\x14', rsv1=False, rsv2=False, rsv3=False)
DEBUG:websockets.protocol:client - received solicited pong: 67b40f14
DEBUG:websockets.protocol:client - event = data_received(<2 bytes>)
DEBUG:websockets.protocol:client < Frame(fin=True, opcode=9, data=b'', rsv1=False, rsv2=False, rsv3=False)
DEBUG:websockets.protocol:client - received ping, sending pong: [empty]
DEBUG:websockets.protocol:client > Frame(fin=True, opcode=10, data=b'', rsv1=False, rsv2=False, rsv3=False)
DEBUG:websockets.protocol:client - event = data_received(<2 bytes>)
DEBUG:websockets.protocol:client < Frame(fin=True, opcode=9, data=b'', rsv1=False, rsv2=False, rsv3=False)
DEBUG:websockets.protocol:client - received ping, sending pong: [empty]
DEBUG:websockets.protocol:client > Frame(fin=True, opcode=10, data=b'', rsv1=False, rsv2=False, rsv3=False)
DEBUG:websockets.protocol:client - event = data_received(<2 bytes>)
DEBUG:websockets.protocol:client < Frame(fin=True, opcode=9, data=b'', rsv1=False, rsv2=False, rsv3=False)
DEBUG:websockets.protocol:client - received ping, sending pong: [empty]
DEBUG:websockets.protocol:client > Frame(fin=True, opcode=10, data=b'', rsv1=False, rsv2=False, rsv3=False)
DEBUG:websockets.protocol:client - event = data_received(<2 bytes>)
DEBUG:websockets.protocol:client < Frame(fin=True, opcode=9, data=b'', rsv1=False, rsv2=False, rsv3=False)
DEBUG:websockets.protocol:client - received ping, sending pong: [empty]
DEBUG:websockets.protocol:client > Frame(fin=True, opcode=10, data=b'', rsv1=False, rsv2=False, rsv3=False)
DEBUG:websockets.protocol:client - event = data_received(<2 bytes>)
DEBUG:websockets.protocol:client < Frame(fin=True, opcode=9, data=b'', rsv1=False, rsv2=False, rsv3=False)
DEBUG:websockets.protocol:client - received ping, sending pong: [empty]
DEBUG:websockets.protocol:client > Frame(fin=True, opcode=10, data=b'', rsv1=False, rsv2=False, rsv3=False)
DEBUG:websockets.protocol:client - event = data_received(<2 bytes>)
DEBUG:websockets.protocol:client < Frame(fin=True, opcode=9, data=b'', rsv1=False, rsv2=False, rsv3=False)
DEBUG:websockets.protocol:client - received ping, sending pong: [empty]
DEBUG:websockets.protocol:client > Frame(fin=True, opcode=10, data=b'', rsv1=False, rsv2=False, rsv3=False)
DEBUG:websockets.protocol:client > Frame(fin=True, opcode=9, data=b'\x9f\x16%\xd5', rsv1=False, rsv2=False, rsv3=False)
DEBUG:websockets.protocol:client - event = data_received(<6 bytes>)
DEBUG:websockets.protocol:client < Frame(fin=True, opcode=10, data=b'\x9f\x16%\xd5', rsv1=False, rsv2=False, rsv3=False)
DEBUG:websockets.protocol:client - received solicited pong: 9f1625d5
DEBUG:websockets.protocol:client - event = data_received(<2 bytes>)
DEBUG:websockets.protocol:client < Frame(fin=True, opcode=9, data=b'', rsv1=False, rsv2=False, rsv3=False)
DEBUG:websockets.protocol:client - received ping, sending pong: [empty]
DEBUG:websockets.protocol:client > Frame(fin=True, opcode=10, data=b'', rsv1=False, rsv2=False, rsv3=False)
DEBUG:websockets.protocol:client > Frame(fin=True, opcode=9, data=b'T\tU\x02', rsv1=False, rsv2=False, rsv3=False)
DEBUG:websockets.protocol:client - event = data_received(<6 bytes>)
DEBUG:websockets.protocol:client < Frame(fin=True, opcode=10, data=b'T\tU\x02', rsv1=False, rsv2=False, rsv3=False)
DEBUG:websockets.protocol:client - received solicited pong: 54095502
DEBUG:websockets.protocol:client - event = data_received(<2 bytes>)
DEBUG:websockets.protocol:client < Frame(fin=True, opcode=9, data=b'', rsv1=False, rsv2=False, rsv3=False)
DEBUG:websockets.protocol:client - received ping, sending pong: [empty]
DEBUG:websockets.protocol:client > Frame(fin=True, opcode=10, data=b'', rsv1=False, rsv2=False, rsv3=False)
DEBUG:websockets.protocol:client - event = data_received(<2 bytes>)
DEBUG:websockets.protocol:client < Frame(fin=True, opcode=9, data=b'', rsv1=False, rsv2=False, rsv3=False)
DEBUG:websockets.protocol:client - received ping, sending pong: [empty]
DEBUG:websockets.protocol:client > Frame(fin=True, opcode=10, data=b'', rsv1=False, rsv2=False, rsv3=False)
DEBUG:websockets.protocol:client - event = data_received(<2 bytes>)
DEBUG:websockets.protocol:client < Frame(fin=True, opcode=9, data=b'', rsv1=False, rsv2=False, rsv3=False)
DEBUG:websockets.protocol:client - received ping, sending pong: [empty]
DEBUG:websockets.protocol:client > Frame(fin=True, opcode=10, data=b'', rsv1=False, rsv2=False, rsv3=False)
DEBUG:websockets.protocol:client - event = data_received(<2 bytes>)
DEBUG:websockets.protocol:client < Frame(fin=True, opcode=9, data=b'', rsv1=False, rsv2=False, rsv3=False)
DEBUG:websockets.protocol:client - received ping, sending pong: [empty]
DEBUG:websockets.protocol:client > Frame(fin=True, opcode=10, data=b'', rsv1=False, rsv2=False, rsv3=False)
DEBUG:websockets.protocol:client - event = data_received(<2 bytes>)
DEBUG:websockets.protocol:client < Frame(fin=True, opcode=9, data=b'', rsv1=False, rsv2=False, rsv3=False)
DEBUG:websockets.protocol:client - received ping, sending pong: [empty]
DEBUG:websockets.protocol:client > Frame(fin=True, opcode=10, data=b'', rsv1=False, rsv2=False, rsv3=False)
DEBUG:websockets.protocol:client > Frame(fin=True, opcode=9, data=b'\xdeU\xae2', rsv1=False, rsv2=False, rsv3=False)
DEBUG:websockets.protocol:client - event = data_received(<6 bytes>)
DEBUG:websockets.protocol:client < Frame(fin=True, opcode=10, data=b'\xdeU\xae2', rsv1=False, rsv2=False, rsv3=False)
DEBUG:websockets.protocol:client - received solicited pong: de55ae32
DEBUG:websockets.protocol:client - event = data_received(<2 bytes>)
DEBUG:websockets.protocol:client < Frame(fin=True, opcode=9, data=b'', rsv1=False, rsv2=False, rsv3=False)
DEBUG:websockets.protocol:client - received ping, sending pong: [empty]
DEBUG:websockets.protocol:client > Frame(fin=True, opcode=10, data=b'', rsv1=False, rsv2=False, rsv3=False)
DEBUG:websockets.protocol:client - event = data_received(<2 bytes>)
DEBUG:websockets.protocol:client < Frame(fin=True, opcode=9, data=b'', rsv1=False, rsv2=False, rsv3=False)
DEBUG:websockets.protocol:client - received ping, sending pong: [empty]
DEBUG:websockets.protocol:client > Frame(fin=True, opcode=10, data=b'', rsv1=False, rsv2=False, rsv3=False)
DEBUG:websockets.protocol:client - event = data_received(<2 bytes>)
DEBUG:websockets.protocol:client < Frame(fin=True, opcode=9, data=b'', rsv1=False, rsv2=False, rsv3=False)
DEBUG:websockets.protocol:client - received ping, sending pong: [empty]
DEBUG:websockets.protocol:client > Frame(fin=True, opcode=10, data=b'', rsv1=False, rsv2=False, rsv3=False)
DEBUG:websockets.protocol:client - event = data_received(<2 bytes>)
DEBUG:websockets.protocol:client < Frame(fin=True, opcode=9, data=b'', rsv1=False, rsv2=False, rsv3=False)
DEBUG:websockets.protocol:client - received ping, sending pong: [empty]
DEBUG:websockets.protocol:client > Frame(fin=True, opcode=10, data=b'', rsv1=False, rsv2=False, rsv3=False)
DEBUG:websockets.protocol:client > Frame(fin=True, opcode=9, data=b'\xfa1\x86\x1a', rsv1=False, rsv2=False, rsv3=False)
DEBUG:websockets.protocol:client - event = data_received(<6 bytes>)
DEBUG:websockets.protocol:client < Frame(fin=True, opcode=10, data=b'\xfa1\x86\x1a', rsv1=False, rsv2=False, rsv3=False)
DEBUG:websockets.protocol:client - received solicited pong: fa31861a
DEBUG:websockets.protocol:client - event = data_received(<2 bytes>)
DEBUG:websockets.protocol:client < Frame(fin=True, opcode=9, data=b'', rsv1=False, rsv2=False, rsv3=False)
DEBUG:websockets.protocol:client - received ping, sending pong: [empty]
DEBUG:websockets.protocol:client > Frame(fin=True, opcode=10, data=b'', rsv1=False, rsv2=False, rsv3=False)
DEBUG:websockets.protocol:client > Frame(fin=True, opcode=9, data=b'_f"k', rsv1=False, rsv2=False, rsv3=False)
DEBUG:websockets.protocol:client - event = data_received(<6 bytes>)
DEBUG:websockets.protocol:client < Frame(fin=True, opcode=10, data=b'_f"k', rsv1=False, rsv2=False, rsv3=False)
DEBUG:websockets.protocol:client - received solicited pong: 5f66226b
DEBUG:websockets.protocol:client - event = data_received(<2 bytes>)
DEBUG:websockets.protocol:client < Frame(fin=True, opcode=9, data=b'', rsv1=False, rsv2=False, rsv3=False)
DEBUG:websockets.protocol:client - received ping, sending pong: [empty]
DEBUG:websockets.protocol:client > Frame(fin=True, opcode=10, data=b'', rsv1=False, rsv2=False, rsv3=False)
DEBUG:websockets.protocol:client - event = data_received(<2 bytes>)
DEBUG:websockets.protocol:client < Frame(fin=True, opcode=9, data=b'', rsv1=False, rsv2=False, rsv3=False)
DEBUG:websockets.protocol:client - received ping, sending pong: [empty]
DEBUG:websockets.protocol:client > Frame(fin=True, opcode=10, data=b'', rsv1=False, rsv2=False, rsv3=False)
DEBUG:websockets.protocol:client - event = data_received(<2 bytes>)
DEBUG:websockets.protocol:client < Frame(fin=True, opcode=9, data=b'', rsv1=False, rsv2=False, rsv3=False)
DEBUG:websockets.protocol:client - received ping, sending pong: [empty]
DEBUG:websockets.protocol:client > Frame(fin=True, opcode=10, data=b'', rsv1=False, rsv2=False, rsv3=False)
DEBUG:websockets.protocol:client - event = data_received(<2 bytes>)
DEBUG:websockets.protocol:client < Frame(fin=True, opcode=9, data=b'', rsv1=False, rsv2=False, rsv3=False)
DEBUG:websockets.protocol:client - received ping, sending pong: [empty]
DEBUG:websockets.protocol:client > Frame(fin=True, opcode=10, data=b'', rsv1=False, rsv2=False, rsv3=False)
DEBUG:websockets.protocol:client - event = data_received(<2 bytes>)
DEBUG:websockets.protocol:client < Frame(fin=True, opcode=9, data=b'', rsv1=False, rsv2=False, rsv3=False)
DEBUG:websockets.protocol:client - received ping, sending pong: [empty]
DEBUG:websockets.protocol:client > Frame(fin=True, opcode=10, data=b'', rsv1=False, rsv2=False, rsv3=False)
DEBUG:websockets.protocol:client - event = data_received(<2 bytes>)
DEBUG:websockets.protocol:client < Frame(fin=True, opcode=9, data=b'', rsv1=False, rsv2=False, rsv3=False)
DEBUG:websockets.protocol:client - received ping, sending pong: [empty]
DEBUG:websockets.protocol:client > Frame(fin=True, opcode=10, data=b'', rsv1=False, rsv2=False, rsv3=False)
DEBUG:websockets.protocol:client - event = data_received(<2 bytes>)
DEBUG:websockets.protocol:client < Frame(fin=True, opcode=9, data=b'', rsv1=False, rsv2=False, rsv3=False)
DEBUG:websockets.protocol:client - received ping, sending pong: [empty]
DEBUG:websockets.protocol:client > Frame(fin=True, opcode=10, data=b'', rsv1=False, rsv2=False, rsv3=False)
DEBUG:websockets.protocol:client > Frame(fin=True, opcode=9, data=b'~\xc0\xd2\xbd', rsv1=False, rsv2=False, rsv3=False)
DEBUG:websockets.protocol:client - event = data_received(<6 bytes>)
DEBUG:websockets.protocol:client < Frame(fin=True, opcode=10, data=b'~\xc0\xd2\xbd', rsv1=False, rsv2=False, rsv3=False)
DEBUG:websockets.protocol:client - received solicited pong: 7ec0d2bd
DEBUG:websockets.protocol:client - event = data_received(<2 bytes>)
DEBUG:websockets.protocol:client < Frame(fin=True, opcode=9, data=b'', rsv1=False, rsv2=False, rsv3=False)
DEBUG:websockets.protocol:client - received ping, sending pong: [empty]
DEBUG:websockets.protocol:client > Frame(fin=True, opcode=10, data=b'', rsv1=False, rsv2=False, rsv3=False)
DEBUG:websockets.protocol:client > Frame(fin=True, opcode=9, data=b'\xbdk\xc6\xa0', rsv1=False, rsv2=False, rsv3=False)
DEBUG:websockets.protocol:client - event = data_received(<6 bytes>)
DEBUG:websockets.protocol:client < Frame(fin=True, opcode=10, data=b'\xbdk\xc6\xa0', rsv1=False, rsv2=False, rsv3=False)
DEBUG:websockets.protocol:client - received solicited pong: bd6bc6a0
DEBUG:websockets.protocol:client - event = data_received(<2 bytes>)
DEBUG:websockets.protocol:client < Frame(fin=True, opcode=9, data=b'', rsv1=False, rsv2=False, rsv3=False)
DEBUG:websockets.protocol:client - received ping, sending pong: [empty]
DEBUG:websockets.protocol:client > Frame(fin=True, opcode=10, data=b'', rsv1=False, rsv2=False, rsv3=False)
DEBUG:websockets.protocol:client - event = data_received(<2 bytes>)
DEBUG:websockets.protocol:client < Frame(fin=True, opcode=9, data=b'', rsv1=False, rsv2=False, rsv3=False)
DEBUG:websockets.protocol:client - received ping, sending pong: [empty]
DEBUG:websockets.protocol:client > Frame(fin=True, opcode=10, data=b'', rsv1=False, rsv2=False, rsv3=False)
DEBUG:websockets.protocol:client - event = data_received(<2 bytes>)
DEBUG:websockets.protocol:client < Frame(fin=True, opcode=9, data=b'', rsv1=False, rsv2=False, rsv3=False)
DEBUG:websockets.protocol:client - received ping, sending pong: [empty]
DEBUG:websockets.protocol:client > Frame(fin=True, opcode=10, data=b'', rsv1=False, rsv2=False, rsv3=False)
DEBUG:websockets.protocol:client - event = data_received(<2 bytes>)
DEBUG:websockets.protocol:client < Frame(fin=True, opcode=9, data=b'', rsv1=False, rsv2=False, rsv3=False)
DEBUG:websockets.protocol:client - received ping, sending pong: [empty]
DEBUG:websockets.protocol:client > Frame(fin=True, opcode=10, data=b'', rsv1=False, rsv2=False, rsv3=False)
DEBUG:websockets.protocol:client - event = data_received(<2 bytes>)
DEBUG:websockets.protocol:client < Frame(fin=True, opcode=9, data=b'', rsv1=False, rsv2=False, rsv3=False)
DEBUG:websockets.protocol:client - received ping, sending pong: [empty]
DEBUG:websockets.protocol:client > Frame(fin=True, opcode=10, data=b'', rsv1=False, rsv2=False, rsv3=False)
DEBUG:websockets.protocol:client > Frame(fin=True, opcode=9, data=b'U\x8d\xbb\xee', rsv1=False, rsv2=False, rsv3=False)
DEBUG:websockets.protocol:client - event = data_received(<6 bytes>)
DEBUG:websockets.protocol:client < Frame(fin=True, opcode=10, data=b'U\x8d\xbb\xee', rsv1=False, rsv2=False, rsv3=False)
DEBUG:websockets.protocol:client - received solicited pong: 558dbbee
DEBUG:websockets.protocol:client - event = data_received(<2 bytes>)
DEBUG:websockets.protocol:client < Frame(fin=True, opcode=9, data=b'', rsv1=False, rsv2=False, rsv3=False)
DEBUG:websockets.protocol:client - received ping, sending pong: [empty]
DEBUG:websockets.protocol:client > Frame(fin=True, opcode=10, data=b'', rsv1=False, rsv2=False, rsv3=False)
DEBUG:websockets.protocol:client - event = data_received(<2 bytes>)
DEBUG:websockets.protocol:client < Frame(fin=True, opcode=9, data=b'', rsv1=False, rsv2=False, rsv3=False)
DEBUG:websockets.protocol:client - received ping, sending pong: [empty]
DEBUG:websockets.protocol:client > Frame(fin=True, opcode=10, data=b'', rsv1=False, rsv2=False, rsv3=False)
DEBUG:websockets.protocol:client - event = data_received(<2 bytes>)
DEBUG:websockets.protocol:client < Frame(fin=True, opcode=9, data=b'', rsv1=False, rsv2=False, rsv3=False)
DEBUG:websockets.protocol:client - received ping, sending pong: [empty]
DEBUG:websockets.protocol:client > Frame(fin=True, opcode=10, data=b'', rsv1=False, rsv2=False, rsv3=False)
DEBUG:websockets.protocol:client > Frame(fin=True, opcode=9, data=b'\xd9\x04\xcf\xef', rsv1=False, rsv2=False, rsv3=False)
DEBUG:websockets.protocol:client - event = data_received(<6 bytes>)
DEBUG:websockets.protocol:client < Frame(fin=True, opcode=10, data=b'\xd9\x04\xcf\xef', rsv1=False, rsv2=False, rsv3=False)
DEBUG:websockets.protocol:client - received solicited pong: d904cfef
DEBUG:websockets.protocol:client - event = data_received(<2 bytes>)
DEBUG:websockets.protocol:client < Frame(fin=True, opcode=9, data=b'', rsv1=False, rsv2=False, rsv3=False)
DEBUG:websockets.protocol:client - received ping, sending pong: [empty]
DEBUG:websockets.protocol:client > Frame(fin=True, opcode=10, data=b'', rsv1=False, rsv2=False, rsv3=False)
DEBUG:websockets.protocol:client - event = data_received(<2 bytes>)
DEBUG:websockets.protocol:client < Frame(fin=True, opcode=9, data=b'', rsv1=False, rsv2=False, rsv3=False)
DEBUG:websockets.protocol:client - received ping, sending pong: [empty]
DEBUG:websockets.protocol:client > Frame(fin=True, opcode=10, data=b'', rsv1=False, rsv2=False, rsv3=False)
DEBUG:websockets.protocol:client > Frame(fin=True, opcode=9, data=b'\x1c\xbc\xd4[', rsv1=False, rsv2=False, rsv3=False)
DEBUG:websockets.protocol:client - event = data_received(<6 bytes>)
DEBUG:websockets.protocol:client < Frame(fin=True, opcode=10, data=b'\x1c\xbc\xd4[', rsv1=False, rsv2=False, rsv3=False)
DEBUG:websockets.protocol:client - received solicited pong: 1cbcd45b
DEBUG:websockets.protocol:client - event = data_received(<2 bytes>)
DEBUG:websockets.protocol:client < Frame(fin=True, opcode=9, data=b'', rsv1=False, rsv2=False, rsv3=False)
DEBUG:websockets.protocol:client - received ping, sending pong: [empty]
DEBUG:websockets.protocol:client > Frame(fin=True, opcode=10, data=b'', rsv1=False, rsv2=False, rsv3=False)
DEBUG:websockets.protocol:client - event = data_received(<2 bytes>)
DEBUG:websockets.protocol:client < Frame(fin=True, opcode=9, data=b'', rsv1=False, rsv2=False, rsv3=False)
DEBUG:websockets.protocol:client - received ping, sending pong: [empty]
DEBUG:websockets.protocol:client > Frame(fin=True, opcode=10, data=b'', rsv1=False, rsv2=False, rsv3=False)
DEBUG:websockets.protocol:client - event = data_received(<2 bytes>)
DEBUG:websockets.protocol:client < Frame(fin=True, opcode=9, data=b'', rsv1=False, rsv2=False, rsv3=False)
DEBUG:websockets.protocol:client - received ping, sending pong: [empty]
DEBUG:websockets.protocol:client > Frame(fin=True, opcode=10, data=b'', rsv1=False, rsv2=False, rsv3=False)
DEBUG:websockets.protocol:client - event = data_received(<2 bytes>)
DEBUG:websockets.protocol:client < Frame(fin=True, opcode=9, data=b'', rsv1=False, rsv2=False, rsv3=False)
DEBUG:websockets.protocol:client - received ping, sending pong: [empty]
DEBUG:websockets.protocol:client > Frame(fin=True, opcode=10, data=b'', rsv1=False, rsv2=False, rsv3=False)
DEBUG:websockets.protocol:client - event = data_received(<2 bytes>)
DEBUG:websockets.protocol:client < Frame(fin=True, opcode=9, data=b'', rsv1=False, rsv2=False, rsv3=False)
DEBUG:websockets.protocol:client - received ping, sending pong: [empty]
DEBUG:websockets.protocol:client > Frame(fin=True, opcode=10, data=b'', rsv1=False, rsv2=False, rsv3=False)
DEBUG:websockets.protocol:client - event = data_received(<2 bytes>)
DEBUG:websockets.protocol:client < Frame(fin=True, opcode=9, data=b'', rsv1=False, rsv2=False, rsv3=False)
DEBUG:websockets.protocol:client - received ping, sending pong: [empty]
DEBUG:websockets.protocol:client > Frame(fin=True, opcode=10, data=b'', rsv1=False, rsv2=False, rsv3=False)
DEBUG:websockets.protocol:client - event = data_received(<2 bytes>)
DEBUG:websockets.protocol:client < Frame(fin=True, opcode=9, data=b'', rsv1=False, rsv2=False, rsv3=False)
DEBUG:websockets.protocol:client - received ping, sending pong: [empty]
DEBUG:websockets.protocol:client > Frame(fin=True, opcode=10, data=b'', rsv1=False, rsv2=False, rsv3=False)
DEBUG:websockets.protocol:client > Frame(fin=True, opcode=9, data=b'\xad\xf3\xfd\xac', rsv1=False, rsv2=False, rsv3=False)
DEBUG:websockets.protocol:client - event = data_received(<6 bytes>)
DEBUG:websockets.protocol:client < Frame(fin=True, opcode=10, data=b'\xad\xf3\xfd\xac', rsv1=False, rsv2=False, rsv3=False)
DEBUG:websockets.protocol:client - received solicited pong: adf3fdac
DEBUG:websockets.protocol:client - event = data_received(<2 bytes>)
DEBUG:websockets.protocol:client < Frame(fin=True, opcode=9, data=b'', rsv1=False, rsv2=False, rsv3=False)
DEBUG:websockets.protocol:client - received ping, sending pong: [empty]
DEBUG:websockets.protocol:client > Frame(fin=True, opcode=10, data=b'', rsv1=False, rsv2=False, rsv3=False)
DEBUG:websockets.protocol:client > Frame(fin=True, opcode=9, data=b'<\xde\x8f)', rsv1=False, rsv2=False, rsv3=False)
DEBUG:websockets.protocol:client - event = data_received(<6 bytes>)
DEBUG:websockets.protocol:client < Frame(fin=True, opcode=10, data=b'<\xde\x8f)', rsv1=False, rsv2=False, rsv3=False)
DEBUG:websockets.protocol:client - received solicited pong: 3cde8f29
DEBUG:websockets.protocol:client - event = data_received(<2 bytes>)
DEBUG:websockets.protocol:client < Frame(fin=True, opcode=9, data=b'', rsv1=False, rsv2=False, rsv3=False)
DEBUG:websockets.protocol:client - received ping, sending pong: [empty]
DEBUG:websockets.protocol:client > Frame(fin=True, opcode=10, data=b'', rsv1=False, rsv2=False, rsv3=False)
DEBUG:websockets.protocol:client - event = data_received(<2 bytes>)
DEBUG:websockets.protocol:client < Frame(fin=True, opcode=9, data=b'', rsv1=False, rsv2=False, rsv3=False)
DEBUG:websockets.protocol:client - received ping, sending pong: [empty]
DEBUG:websockets.protocol:client > Frame(fin=True, opcode=10, data=b'', rsv1=False, rsv2=False, rsv3=False)
DEBUG:websockets.protocol:client - event = data_received(<2 bytes>)
DEBUG:websockets.protocol:client < Frame(fin=True, opcode=9, data=b'', rsv1=False, rsv2=False, rsv3=False)
DEBUG:websockets.protocol:client - received ping, sending pong: [empty]
DEBUG:websockets.protocol:client > Frame(fin=True, opcode=10, data=b'', rsv1=False, rsv2=False, rsv3=False)
DEBUG:websockets.protocol:client - event = data_received(<2 bytes>)
DEBUG:websockets.protocol:client < Frame(fin=True, opcode=9, data=b'', rsv1=False, rsv2=False, rsv3=False)
DEBUG:websockets.protocol:client - received ping, sending pong: [empty]
DEBUG:websockets.protocol:client > Frame(fin=True, opcode=10, data=b'', rsv1=False, rsv2=False, rsv3=False)
DEBUG:websockets.protocol:client > Frame(fin=True, opcode=9, data=b'?\xcev\xab', rsv1=False, rsv2=False, rsv3=False)
DEBUG:websockets.protocol:client - event = data_received(<6 bytes>)
DEBUG:websockets.protocol:client < Frame(fin=True, opcode=10, data=b'?\xcev\xab', rsv1=False, rsv2=False, rsv3=False)
DEBUG:websockets.protocol:client - received solicited pong: 3fce76ab
DEBUG:websockets.protocol:client - event = data_received(<2 bytes>)
DEBUG:websockets.protocol:client < Frame(fin=True, opcode=9, data=b'', rsv1=False, rsv2=False, rsv3=False)
DEBUG:websockets.protocol:client - received ping, sending pong: [empty]
DEBUG:websockets.protocol:client > Frame(fin=True, opcode=10, data=b'', rsv1=False, rsv2=False, rsv3=False)
DEBUG:websockets.protocol:client - event = data_received(<2 bytes>)
DEBUG:websockets.protocol:client < Frame(fin=True, opcode=9, data=b'', rsv1=False, rsv2=False, rsv3=False)
DEBUG:websockets.protocol:client - received ping, sending pong: [empty]
DEBUG:websockets.protocol:client > Frame(fin=True, opcode=10, data=b'', rsv1=False, rsv2=False, rsv3=False)
DEBUG:websockets.protocol:client - event = data_received(<2 bytes>)
DEBUG:websockets.protocol:client < Frame(fin=True, opcode=9, data=b'', rsv1=False, rsv2=False, rsv3=False)
DEBUG:websockets.protocol:client - received ping, sending pong: [empty]
DEBUG:websockets.protocol:client > Frame(fin=True, opcode=10, data=b'', rsv1=False, rsv2=False, rsv3=False)
DEBUG:websockets.protocol:client > Frame(fin=True, opcode=9, data=b'q\xd0\xad\xd0', rsv1=False, rsv2=False, rsv3=False)
DEBUG:websockets.protocol:client - event = data_received(<6 bytes>)
DEBUG:websockets.protocol:client < Frame(fin=True, opcode=10, data=b'q\xd0\xad\xd0', rsv1=False, rsv2=False, rsv3=False)
DEBUG:websockets.protocol:client - received solicited pong: 71d0add0
DEBUG:websockets.protocol:client - event = data_received(<2 bytes>)
DEBUG:websockets.protocol:client < Frame(fin=True, opcode=9, data=b'', rsv1=False, rsv2=False, rsv3=False)
DEBUG:websockets.protocol:client - received ping, sending pong: [empty]
DEBUG:websockets.protocol:client > Frame(fin=True, opcode=10, data=b'', rsv1=False, rsv2=False, rsv3=False)
DEBUG:websockets.protocol:client > Frame(fin=True, opcode=9, data=b'VLi\xf8', rsv1=False, rsv2=False, rsv3=False)
DEBUG:websockets.protocol:client - event = data_received(<6 bytes>)
DEBUG:websockets.protocol:client < Frame(fin=True, opcode=10, data=b'VLi\xf8', rsv1=False, rsv2=False, rsv3=False)
DEBUG:websockets.protocol:client - received solicited pong: 564c69f8
DEBUG:websockets.protocol:client - event = data_received(<2 bytes>)
DEBUG:websockets.protocol:client < Frame(fin=True, opcode=9, data=b'', rsv1=False, rsv2=False, rsv3=False)
DEBUG:websockets.protocol:client - received ping, sending pong: [empty]
DEBUG:websockets.protocol:client > Frame(fin=True, opcode=10, data=b'', rsv1=False, rsv2=False, rsv3=False)
DEBUG:websockets.protocol:client - event = data_received(<2 bytes>)
DEBUG:websockets.protocol:client < Frame(fin=True, opcode=9, data=b'', rsv1=False, rsv2=False, rsv3=False)
DEBUG:websockets.protocol:client - received ping, sending pong: [empty]
DEBUG:websockets.protocol:client > Frame(fin=True, opcode=10, data=b'', rsv1=False, rsv2=False, rsv3=False)
DEBUG:websockets.protocol:client - event = data_received(<2 bytes>)
DEBUG:websockets.protocol:client < Frame(fin=True, opcode=9, data=b'', rsv1=False, rsv2=False, rsv3=False)
DEBUG:websockets.protocol:client - received ping, sending pong: [empty]
DEBUG:websockets.protocol:client > Frame(fin=True, opcode=10, data=b'', rsv1=False, rsv2=False, rsv3=False)
DEBUG:websockets.protocol:client - event = data_received(<2 bytes>)
DEBUG:websockets.protocol:client < Frame(fin=True, opcode=9, data=b'', rsv1=False, rsv2=False, rsv3=False)
DEBUG:websockets.protocol:client - received ping, sending pong: [empty]
DEBUG:websockets.protocol:client > Frame(fin=True, opcode=10, data=b'', rsv1=False, rsv2=False, rsv3=False)
DEBUG:websockets.protocol:client - event = data_received(<2 bytes>)
DEBUG:websockets.protocol:client < Frame(fin=True, opcode=9, data=b'', rsv1=False, rsv2=False, rsv3=False)
DEBUG:websockets.protocol:client - received ping, sending pong: [empty]
DEBUG:websockets.protocol:client > Frame(fin=True, opcode=10, data=b'', rsv1=False, rsv2=False, rsv3=False)
DEBUG:websockets.protocol:client - event = data_received(<2 bytes>)
DEBUG:websockets.protocol:client < Frame(fin=True, opcode=9, data=b'', rsv1=False, rsv2=False, rsv3=False)
DEBUG:websockets.protocol:client - received ping, sending pong: [empty]
DEBUG:websockets.protocol:client > Frame(fin=True, opcode=10, data=b'', rsv1=False, rsv2=False, rsv3=False)
DEBUG:websockets.protocol:client > Frame(fin=True, opcode=9, data=b'-\xf4\x9dZ', rsv1=False, rsv2=False, rsv3=False)
DEBUG:websockets.protocol:client - event = data_received(<6 bytes>)
DEBUG:websockets.protocol:client < Frame(fin=True, opcode=10, data=b'-\xf4\x9dZ', rsv1=False, rsv2=False, rsv3=False)
DEBUG:websockets.protocol:client - received solicited pong: 2df49d5a
DEBUG:websockets.protocol:client - event = data_received(<2 bytes>)
DEBUG:websockets.protocol:client < Frame(fin=True, opcode=9, data=b'', rsv1=False, rsv2=False, rsv3=False)
DEBUG:websockets.protocol:client - received ping, sending pong: [empty]
DEBUG:websockets.protocol:client > Frame(fin=True, opcode=10, data=b'', rsv1=False, rsv2=False, rsv3=False)
DEBUG:websockets.protocol:client > Frame(fin=True, opcode=9, data=b'^\xf3lp', rsv1=False, rsv2=False, rsv3=False)
DEBUG:websockets.protocol:client - event = data_received(<6 bytes>)
DEBUG:websockets.protocol:client < Frame(fin=True, opcode=10, data=b'^\xf3lp', rsv1=False, rsv2=False, rsv3=False)
DEBUG:websockets.protocol:client - received solicited pong: 5ef36c70
DEBUG:websockets.protocol:client - event = data_received(<2 bytes>)
DEBUG:websockets.protocol:client < Frame(fin=True, opcode=9, data=b'', rsv1=False, rsv2=False, rsv3=False)
DEBUG:websockets.protocol:client - received ping, sending pong: [empty]
DEBUG:websockets.protocol:client > Frame(fin=True, opcode=10, data=b'', rsv1=False, rsv2=False, rsv3=False)
DEBUG:websockets.protocol:client - event = data_received(<2 bytes>)
DEBUG:websockets.protocol:client < Frame(fin=True, opcode=9, data=b'', rsv1=False, rsv2=False, rsv3=False)
DEBUG:websockets.protocol:client - received ping, sending pong: [empty]
DEBUG:websockets.protocol:client > Frame(fin=True, opcode=10, data=b'', rsv1=False, rsv2=False, rsv3=False)
DEBUG:websockets.protocol:client - event = data_received(<2 bytes>)
DEBUG:websockets.protocol:client < Frame(fin=True, opcode=9, data=b'', rsv1=False, rsv2=False, rsv3=False)
DEBUG:websockets.protocol:client - received ping, sending pong: [empty]
DEBUG:websockets.protocol:client > Frame(fin=True, opcode=10, data=b'', rsv1=False, rsv2=False, rsv3=False)
DEBUG:websockets.protocol:client - event = data_received(<2 bytes>)
DEBUG:websockets.protocol:client < Frame(fin=True, opcode=9, data=b'', rsv1=False, rsv2=False, rsv3=False)
DEBUG:websockets.protocol:client - received ping, sending pong: [empty]
DEBUG:websockets.protocol:client > Frame(fin=True, opcode=10, data=b'', rsv1=False, rsv2=False, rsv3=False)
DEBUG:websockets.protocol:client > Frame(fin=True, opcode=9, data=b'\x10"}\xd3', rsv1=False, rsv2=False, rsv3=False)
DEBUG:websockets.protocol:client - event = data_received(<2 bytes>)
DEBUG:websockets.protocol:client < Frame(fin=True, opcode=9, data=b'', rsv1=False, rsv2=False, rsv3=False)
DEBUG:websockets.protocol:client - received ping, sending pong: [empty]
DEBUG:websockets.protocol:client > Frame(fin=True, opcode=10, data=b'', rsv1=False, rsv2=False, rsv3=False)
DEBUG:websockets.protocol:client - event = data_received(<6 bytes>)
DEBUG:websockets.protocol:client < Frame(fin=True, opcode=10, data=b'\x10"}\xd3', rsv1=False, rsv2=False, rsv3=False)
DEBUG:websockets.protocol:client - received solicited pong: 10227dd3
DEBUG:websockets.protocol:client - event = data_received(<2 bytes>)
DEBUG:websockets.protocol:client < Frame(fin=True, opcode=9, data=b'', rsv1=False, rsv2=False, rsv3=False)
DEBUG:websockets.protocol:client - received ping, sending pong: [empty]
DEBUG:websockets.protocol:client > Frame(fin=True, opcode=10, data=b'', rsv1=False, rsv2=False, rsv3=False)
DEBUG:websockets.protocol:client - event = data_received(<2 bytes>)
DEBUG:websockets.protocol:client < Frame(fin=True, opcode=9, data=b'', rsv1=False, rsv2=False, rsv3=False)
DEBUG:websockets.protocol:client - received ping, sending pong: [empty]
DEBUG:websockets.protocol:client > Frame(fin=True, opcode=10, data=b'', rsv1=False, rsv2=False, rsv3=False)
DEBUG:websockets.protocol:client - event = data_received(<2 bytes>)
DEBUG:websockets.protocol:client < Frame(fin=True, opcode=9, data=b'', rsv1=False, rsv2=False, rsv3=False)
DEBUG:websockets.protocol:client - received ping, sending pong: [empty]
DEBUG:websockets.protocol:client > Frame(fin=True, opcode=10, data=b'', rsv1=False, rsv2=False, rsv3=False)
DEBUG:websockets.protocol:client - event = data_received(<2 bytes>)
DEBUG:websockets.protocol:client < Frame(fin=True, opcode=9, data=b'', rsv1=False, rsv2=False, rsv3=False)
DEBUG:websockets.protocol:client - received ping, sending pong: [empty]
DEBUG:websockets.protocol:client > Frame(fin=True, opcode=10, data=b'', rsv1=False, rsv2=False, rsv3=False)
DEBUG:websockets.protocol:client > Frame(fin=True, opcode=9, data=b'!\xf2\x8bo', rsv1=False, rsv2=False, rsv3=False)
DEBUG:websockets.protocol:client - event = data_received(<6 bytes>)
DEBUG:websockets.protocol:client < Frame(fin=True, opcode=10, data=b'!\xf2\x8bo', rsv1=False, rsv2=False, rsv3=False)
DEBUG:websockets.protocol:client - received solicited pong: 21f28b6f
DEBUG:websockets.protocol:client - event = data_received(<2 bytes>)
DEBUG:websockets.protocol:client < Frame(fin=True, opcode=9, data=b'', rsv1=False, rsv2=False, rsv3=False)
DEBUG:websockets.protocol:client - received ping, sending pong: [empty]
DEBUG:websockets.protocol:client > Frame(fin=True, opcode=10, data=b'', rsv1=False, rsv2=False, rsv3=False)
DEBUG:websockets.protocol:client > Frame(fin=True, opcode=9, data=b'\x1f\xeb\xcf\x0c', rsv1=False, rsv2=False, rsv3=False)
DEBUG:websockets.protocol:client - event = data_received(<6 bytes>)
DEBUG:websockets.protocol:client < Frame(fin=True, opcode=10, data=b'\x1f\xeb\xcf\x0c', rsv1=False, rsv2=False, rsv3=False)
DEBUG:websockets.protocol:client - received solicited pong: 1febcf0c
DEBUG:websockets.protocol:client - event = data_received(<2 bytes>)
DEBUG:websockets.protocol:client < Frame(fin=True, opcode=9, data=b'', rsv1=False, rsv2=False, rsv3=False)
DEBUG:websockets.protocol:client - received ping, sending pong: [empty]
DEBUG:websockets.protocol:client > Frame(fin=True, opcode=10, data=b'', rsv1=False, rsv2=False, rsv3=False)
DEBUG:websockets.protocol:client - event = data_received(<2 bytes>)
DEBUG:websockets.protocol:client < Frame(fin=True, opcode=9, data=b'', rsv1=False, rsv2=False, rsv3=False)
DEBUG:websockets.protocol:client - received ping, sending pong: [empty]
DEBUG:websockets.protocol:client > Frame(fin=True, opcode=10, data=b'', rsv1=False, rsv2=False, rsv3=False)
DEBUG:websockets.protocol:client - event = data_received(<2 bytes>)
DEBUG:websockets.protocol:client < Frame(fin=True, opcode=9, data=b'', rsv1=False, rsv2=False, rsv3=False)
DEBUG:websockets.protocol:client - received ping, sending pong: [empty]
DEBUG:websockets.protocol:client > Frame(fin=True, opcode=10, data=b'', rsv1=False, rsv2=False, rsv3=False)
DEBUG:websockets.protocol:client - event = data_received(<2 bytes>)
DEBUG:websockets.protocol:client < Frame(fin=True, opcode=9, data=b'', rsv1=False, rsv2=False, rsv3=False)
DEBUG:websockets.protocol:client - received ping, sending pong: [empty]
DEBUG:websockets.protocol:client > Frame(fin=True, opcode=10, data=b'', rsv1=False, rsv2=False, rsv3=False)
DEBUG:websockets.protocol:client - event = data_received(<2 bytes>)
DEBUG:websockets.protocol:client < Frame(fin=True, opcode=9, data=b'', rsv1=False, rsv2=False, rsv3=False)
DEBUG:websockets.protocol:client - received ping, sending pong: [empty]
DEBUG:websockets.protocol:client > Frame(fin=True, opcode=10, data=b'', rsv1=False, rsv2=False, rsv3=False)
DEBUG:websockets.protocol:client - event = data_received(<2 bytes>)
DEBUG:websockets.protocol:client < Frame(fin=True, opcode=9, data=b'', rsv1=False, rsv2=False, rsv3=False)
DEBUG:websockets.protocol:client - received ping, sending pong: [empty]
DEBUG:websockets.protocol:client > Frame(fin=True, opcode=10, data=b'', rsv1=False, rsv2=False, rsv3=False)
DEBUG:websockets.protocol:client > Frame(fin=True, opcode=9, data=b'\x0e\xe1\xd3\x0b', rsv1=False, rsv2=False, rsv3=False)
DEBUG:websockets.protocol:client - event = data_received(<6 bytes>)
DEBUG:websockets.protocol:client < Frame(fin=True, opcode=10, data=b'\x0e\xe1\xd3\x0b', rsv1=False, rsv2=False, rsv3=False)
DEBUG:websockets.protocol:client - received solicited pong: 0ee1d30b
DEBUG:websockets.protocol:client - event = data_received(<2 bytes>)
DEBUG:websockets.protocol:client < Frame(fin=True, opcode=9, data=b'', rsv1=False, rsv2=False, rsv3=False)
DEBUG:websockets.protocol:client - received ping, sending pong: [empty]
DEBUG:websockets.protocol:client > Frame(fin=True, opcode=10, data=b'', rsv1=False, rsv2=False, rsv3=False)
DEBUG:websockets.protocol:client > Frame(fin=True, opcode=9, data=b'$1:\xb2', rsv1=False, rsv2=False, rsv3=False)
DEBUG:websockets.protocol:client - event = data_received(<6 bytes>)
DEBUG:websockets.protocol:client < Frame(fin=True, opcode=10, data=b'$1:\xb2', rsv1=False, rsv2=False, rsv3=False)
DEBUG:websockets.protocol:client - received solicited pong: 24313ab2
DEBUG:websockets.protocol:client - event = data_received(<2 bytes>)
DEBUG:websockets.protocol:client < Frame(fin=True, opcode=9, data=b'', rsv1=False, rsv2=False, rsv3=False)
DEBUG:websockets.protocol:client - received ping, sending pong: [empty]
DEBUG:websockets.protocol:client > Frame(fin=True, opcode=10, data=b'', rsv1=False, rsv2=False, rsv3=False)
DEBUG:websockets.protocol:client - event = data_received(<2 bytes>)
DEBUG:websockets.protocol:client < Frame(fin=True, opcode=9, data=b'', rsv1=False, rsv2=False, rsv3=False)
DEBUG:websockets.protocol:client - received ping, sending pong: [empty]
DEBUG:websockets.protocol:client > Frame(fin=True, opcode=10, data=b'', rsv1=False, rsv2=False, rsv3=False)
DEBUG:websockets.protocol:client - event = data_received(<2 bytes>)
DEBUG:websockets.protocol:client < Frame(fin=True, opcode=9, data=b'', rsv1=False, rsv2=False, rsv3=False)
DEBUG:websockets.protocol:client - received ping, sending pong: [empty]
DEBUG:websockets.protocol:client > Frame(fin=True, opcode=10, data=b'', rsv1=False, rsv2=False, rsv3=False)
DEBUG:websockets.protocol:client - event = data_received(<2 bytes>)
DEBUG:websockets.protocol:client < Frame(fin=True, opcode=9, data=b'', rsv1=False, rsv2=False, rsv3=False)
DEBUG:websockets.protocol:client - received ping, sending pong: [empty]
DEBUG:websockets.protocol:client > Frame(fin=True, opcode=10, data=b'', rsv1=False, rsv2=False, rsv3=False)
DEBUG:websockets.protocol:client > Frame(fin=True, opcode=9, data=b'\xaa\x1b\x90\x8b', rsv1=False, rsv2=False, rsv3=False)
DEBUG:websockets.protocol:client - event = data_received(<6 bytes>)
DEBUG:websockets.protocol:client < Frame(fin=True, opcode=10, data=b'\xaa\x1b\x90\x8b', rsv1=False, rsv2=False, rsv3=False)
DEBUG:websockets.protocol:client - received solicited pong: aa1b908b
DEBUG:websockets.protocol:client - event = data_received(<2 bytes>)
DEBUG:websockets.protocol:client < Frame(fin=True, opcode=9, data=b'', rsv1=False, rsv2=False, rsv3=False)
DEBUG:websockets.protocol:client - received ping, sending pong: [empty]
DEBUG:websockets.protocol:client > Frame(fin=True, opcode=10, data=b'', rsv1=False, rsv2=False, rsv3=False)
DEBUG:websockets.protocol:client - event = data_received(<2 bytes>)
DEBUG:websockets.protocol:client < Frame(fin=True, opcode=9, data=b'', rsv1=False, rsv2=False, rsv3=False)
DEBUG:websockets.protocol:client - received ping, sending pong: [empty]
DEBUG:websockets.protocol:client > Frame(fin=True, opcode=10, data=b'', rsv1=False, rsv2=False, rsv3=False)
DEBUG:websockets.protocol:client - event = data_received(<2 bytes>)
DEBUG:websockets.protocol:client < Frame(fin=True, opcode=9, data=b'', rsv1=False, rsv2=False, rsv3=False)
DEBUG:websockets.protocol:client - received ping, sending pong: [empty]
DEBUG:websockets.protocol:client > Frame(fin=True, opcode=10, data=b'', rsv1=False, rsv2=False, rsv3=False)
DEBUG:websockets.protocol:client - event = data_received(<2 bytes>)
DEBUG:websockets.protocol:client < Frame(fin=True, opcode=9, data=b'', rsv1=False, rsv2=False, rsv3=False)
DEBUG:websockets.protocol:client - received ping, sending pong: [empty]
DEBUG:websockets.protocol:client > Frame(fin=True, opcode=10, data=b'', rsv1=False, rsv2=False, rsv3=False)
DEBUG:websockets.protocol:client > Frame(fin=True, opcode=9, data=b'\xe0\x1d\xaf\xb8', rsv1=False, rsv2=False, rsv3=False)
DEBUG:websockets.protocol:client - event = data_received(<6 bytes>)
DEBUG:websockets.protocol:client < Frame(fin=True, opcode=10, data=b'\xe0\x1d\xaf\xb8', rsv1=False, rsv2=False, rsv3=False)
DEBUG:websockets.protocol:client - received solicited pong: e01dafb8
DEBUG:websockets.protocol:client - event = data_received(<2 bytes>)
DEBUG:websockets.protocol:client < Frame(fin=True, opcode=9, data=b'', rsv1=False, rsv2=False, rsv3=False)
DEBUG:websockets.protocol:client - received ping, sending pong: [empty]
DEBUG:websockets.protocol:client > Frame(fin=True, opcode=10, data=b'', rsv1=False, rsv2=False, rsv3=False)
DEBUG:websockets.protocol:client - event = data_received(<2 bytes>)
DEBUG:websockets.protocol:client < Frame(fin=True, opcode=9, data=b'', rsv1=False, rsv2=False, rsv3=False)
DEBUG:websockets.protocol:client - received ping, sending pong: [empty]
DEBUG:websockets.protocol:client > Frame(fin=True, opcode=10, data=b'', rsv1=False, rsv2=False, rsv3=False)
DEBUG:websockets.protocol:client > Frame(fin=True, opcode=9, data=b'\xab\x81\xc0\xd3', rsv1=False, rsv2=False, rsv3=False)
DEBUG:websockets.protocol:client - event = data_received(<6 bytes>)
DEBUG:websockets.protocol:client < Frame(fin=True, opcode=10, data=b'\xab\x81\xc0\xd3', rsv1=False, rsv2=False, rsv3=False)
DEBUG:websockets.protocol:client - received solicited pong: ab81c0d3
DEBUG:websockets.protocol:client - event = data_received(<2 bytes>)
DEBUG:websockets.protocol:client < Frame(fin=True, opcode=9, data=b'', rsv1=False, rsv2=False, rsv3=False)
DEBUG:websockets.protocol:client - received ping, sending pong: [empty]
DEBUG:websockets.protocol:client > Frame(fin=True, opcode=10, data=b'', rsv1=False, rsv2=False, rsv3=False)
DEBUG:websockets.protocol:client - event = data_received(<2 bytes>)
DEBUG:websockets.protocol:client < Frame(fin=True, opcode=9, data=b'', rsv1=False, rsv2=False, rsv3=False)
DEBUG:websockets.protocol:client - received ping, sending pong: [empty]
DEBUG:websockets.protocol:client > Frame(fin=True, opcode=10, data=b'', rsv1=False, rsv2=False, rsv3=False)
DEBUG:websockets.protocol:client - event = data_received(<2 bytes>)
DEBUG:websockets.protocol:client < Frame(fin=True, opcode=9, data=b'', rsv1=False, rsv2=False, rsv3=False)
DEBUG:websockets.protocol:client - received ping, sending pong: [empty]
DEBUG:websockets.protocol:client > Frame(fin=True, opcode=10, data=b'', rsv1=False, rsv2=False, rsv3=False)
DEBUG:websockets.protocol:client - event = data_received(<2 bytes>)
DEBUG:websockets.protocol:client < Frame(fin=True, opcode=9, data=b'', rsv1=False, rsv2=False, rsv3=False)
DEBUG:websockets.protocol:client - received ping, sending pong: [empty]
DEBUG:websockets.protocol:client > Frame(fin=True, opcode=10, data=b'', rsv1=False, rsv2=False, rsv3=False)
DEBUG:websockets.protocol:client - event = data_received(<2 bytes>)
DEBUG:websockets.protocol:client < Frame(fin=True, opcode=9, data=b'', rsv1=False, rsv2=False, rsv3=False)
DEBUG:websockets.protocol:client - received ping, sending pong: [empty]
DEBUG:websockets.protocol:client > Frame(fin=True, opcode=10, data=b'', rsv1=False, rsv2=False, rsv3=False)
DEBUG:websockets.protocol:client - event = data_received(<2 bytes>)
DEBUG:websockets.protocol:client < Frame(fin=True, opcode=9, data=b'', rsv1=False, rsv2=False, rsv3=False)
DEBUG:websockets.protocol:client - received ping, sending pong: [empty]
DEBUG:websockets.protocol:client > Frame(fin=True, opcode=10, data=b'', rsv1=False, rsv2=False, rsv3=False)
DEBUG:websockets.protocol:client - event = data_received(<2 bytes>)
DEBUG:websockets.protocol:client < Frame(fin=True, opcode=9, data=b'', rsv1=False, rsv2=False, rsv3=False)
DEBUG:websockets.protocol:client - received ping, sending pong: [empty]
DEBUG:websockets.protocol:client > Frame(fin=True, opcode=10, data=b'', rsv1=False, rsv2=False, rsv3=False)
DEBUG:websockets.protocol:client > Frame(fin=True, opcode=9, data=b'f-\xf7\x0e', rsv1=False, rsv2=False, rsv3=False)
DEBUG:websockets.protocol:client - event = data_received(<6 bytes>)
DEBUG:websockets.protocol:client < Frame(fin=True, opcode=10, data=b'f-\xf7\x0e', rsv1=False, rsv2=False, rsv3=False)
DEBUG:websockets.protocol:client - received solicited pong: 662df70e
DEBUG:websockets.protocol:client - event = data_received(<2 bytes>)
DEBUG:websockets.protocol:client < Frame(fin=True, opcode=9, data=b'', rsv1=False, rsv2=False, rsv3=False)
DEBUG:websockets.protocol:client - received ping, sending pong: [empty]
DEBUG:websockets.protocol:client > Frame(fin=True, opcode=10, data=b'', rsv1=False, rsv2=False, rsv3=False)
DEBUG:websockets.protocol:client > Frame(fin=True, opcode=9, data=b'\x8b\xee#\xc4', rsv1=False, rsv2=False, rsv3=False)
DEBUG:websockets.protocol:client - event = data_received(<6 bytes>)
DEBUG:websockets.protocol:client < Frame(fin=True, opcode=10, data=b'\x8b\xee#\xc4', rsv1=False, rsv2=False, rsv3=False)
DEBUG:websockets.protocol:client - received solicited pong: 8bee23c4
DEBUG:websockets.protocol:client - event = data_received(<2 bytes>)
DEBUG:websockets.protocol:client < Frame(fin=True, opcode=9, data=b'', rsv1=False, rsv2=False, rsv3=False)
DEBUG:websockets.protocol:client - received ping, sending pong: [empty]
DEBUG:websockets.protocol:client > Frame(fin=True, opcode=10, data=b'', rsv1=False, rsv2=False, rsv3=False)
DEBUG:websockets.protocol:client - event = data_received(<2 bytes>)
DEBUG:websockets.protocol:client < Frame(fin=True, opcode=9, data=b'', rsv1=False, rsv2=False, rsv3=False)
DEBUG:websockets.protocol:client - received ping, sending pong: [empty]
DEBUG:websockets.protocol:client > Frame(fin=True, opcode=10, data=b'', rsv1=False, rsv2=False, rsv3=False)
DEBUG:websockets.protocol:client - event = data_received(<2 bytes>)
DEBUG:websockets.protocol:client < Frame(fin=True, opcode=9, data=b'', rsv1=False, rsv2=False, rsv3=False)
DEBUG:websockets.protocol:client - received ping, sending pong: [empty]
DEBUG:websockets.protocol:client > Frame(fin=True, opcode=10, data=b'', rsv1=False, rsv2=False, rsv3=False)
DEBUG:websockets.protocol:client - event = data_received(<2 bytes>)
DEBUG:websockets.protocol:client < Frame(fin=True, opcode=9, data=b'', rsv1=False, rsv2=False, rsv3=False)
DEBUG:websockets.protocol:client - received ping, sending pong: [empty]
DEBUG:websockets.protocol:client > Frame(fin=True, opcode=10, data=b'', rsv1=False, rsv2=False, rsv3=False)
DEBUG:websockets.protocol:client - event = data_received(<2 bytes>)
DEBUG:websockets.protocol:client < Frame(fin=True, opcode=9, data=b'', rsv1=False, rsv2=False, rsv3=False)
DEBUG:websockets.protocol:client - received ping, sending pong: [empty]
DEBUG:websockets.protocol:client > Frame(fin=True, opcode=10, data=b'', rsv1=False, rsv2=False, rsv3=False)
DEBUG:websockets.protocol:client - event = data_received(<2 bytes>)
DEBUG:websockets.protocol:client < Frame(fin=True, opcode=9, data=b'', rsv1=False, rsv2=False, rsv3=False)
DEBUG:websockets.protocol:client - received ping, sending pong: [empty]
DEBUG:websockets.protocol:client > Frame(fin=True, opcode=10, data=b'', rsv1=False, rsv2=False, rsv3=False)
DEBUG:websockets.protocol:client > Frame(fin=True, opcode=9, data=b' b\x94.', rsv1=False, rsv2=False, rsv3=False)
DEBUG:websockets.protocol:client - event = data_received(<6 bytes>)
DEBUG:websockets.protocol:client < Frame(fin=True, opcode=10, data=b' b\x94.', rsv1=False, rsv2=False, rsv3=False)
DEBUG:websockets.protocol:client - received solicited pong: 2062942e
DEBUG:websockets.protocol:client - event = data_received(<2 bytes>)
DEBUG:websockets.protocol:client < Frame(fin=True, opcode=9, data=b'', rsv1=False, rsv2=False, rsv3=False)
DEBUG:websockets.protocol:client - received ping, sending pong: [empty]
DEBUG:websockets.protocol:client > Frame(fin=True, opcode=10, data=b'', rsv1=False, rsv2=False, rsv3=False)
DEBUG:websockets.protocol:client - event = data_received(<2 bytes>)
DEBUG:websockets.protocol:client < Frame(fin=True, opcode=9, data=b'', rsv1=False, rsv2=False, rsv3=False)
DEBUG:websockets.protocol:client - received ping, sending pong: [empty]
DEBUG:websockets.protocol:client > Frame(fin=True, opcode=10, data=b'', rsv1=False, rsv2=False, rsv3=False)
DEBUG:websockets.protocol:client - event = data_received(<2 bytes>)
DEBUG:websockets.protocol:client < Frame(fin=True, opcode=9, data=b'', rsv1=False, rsv2=False, rsv3=False)
DEBUG:websockets.protocol:client - received ping, sending pong: [empty]
DEBUG:websockets.protocol:client > Frame(fin=True, opcode=10, data=b'', rsv1=False, rsv2=False, rsv3=False)
DEBUG:websockets.protocol:client > Frame(fin=True, opcode=9, data=b'\xdb7H\x9e', rsv1=False, rsv2=False, rsv3=False)
DEBUG:websockets.protocol:client - event = data_received(<2 bytes>)
DEBUG:websockets.protocol:client < Frame(fin=True, opcode=9, data=b'', rsv1=False, rsv2=False, rsv3=False)
DEBUG:websockets.protocol:client - received ping, sending pong: [empty]
DEBUG:websockets.protocol:client > Frame(fin=True, opcode=10, data=b'', rsv1=False, rsv2=False, rsv3=False)
DEBUG:websockets.protocol:client - event = data_received(<6 bytes>)
DEBUG:websockets.protocol:client < Frame(fin=True, opcode=10, data=b'\xdb7H\x9e', rsv1=False, rsv2=False, rsv3=False)
DEBUG:websockets.protocol:client - received solicited pong: db37489e
DEBUG:websockets.protocol:client - event = data_received(<2 bytes>)
DEBUG:websockets.protocol:client < Frame(fin=True, opcode=9, data=b'', rsv1=False, rsv2=False, rsv3=False)
DEBUG:websockets.protocol:client - received ping, sending pong: [empty]
DEBUG:websockets.protocol:client > Frame(fin=True, opcode=10, data=b'', rsv1=False, rsv2=False, rsv3=False)
DEBUG:websockets.protocol:client > Frame(fin=True, opcode=9, data=b'?\x9b\xdf\x89', rsv1=False, rsv2=False, rsv3=False)
DEBUG:websockets.protocol:client - event = data_received(<6 bytes>)
DEBUG:websockets.protocol:client < Frame(fin=True, opcode=10, data=b'?\x9b\xdf\x89', rsv1=False, rsv2=False, rsv3=False)
DEBUG:websockets.protocol:client - received solicited pong: 3f9bdf89
DEBUG:websockets.protocol:client - event = data_received(<2 bytes>)
DEBUG:websockets.protocol:client < Frame(fin=True, opcode=9, data=b'', rsv1=False, rsv2=False, rsv3=False)
DEBUG:websockets.protocol:client - received ping, sending pong: [empty]
DEBUG:websockets.protocol:client > Frame(fin=True, opcode=10, data=b'', rsv1=False, rsv2=False, rsv3=False)
DEBUG:websockets.protocol:client - event = data_received(<2 bytes>)
DEBUG:websockets.protocol:client < Frame(fin=True, opcode=9, data=b'', rsv1=False, rsv2=False, rsv3=False)
DEBUG:websockets.protocol:client - received ping, sending pong: [empty]
DEBUG:websockets.protocol:client > Frame(fin=True, opcode=10, data=b'', rsv1=False, rsv2=False, rsv3=False)
DEBUG:websockets.protocol:client - event = data_received(<2 bytes>)
DEBUG:websockets.protocol:client < Frame(fin=True, opcode=9, data=b'', rsv1=False, rsv2=False, rsv3=False)
DEBUG:websockets.protocol:client - received ping, sending pong: [empty]
DEBUG:websockets.protocol:client > Frame(fin=True, opcode=10, data=b'', rsv1=False, rsv2=False, rsv3=False)
DEBUG:websockets.protocol:client - event = data_received(<2 bytes>)
DEBUG:websockets.protocol:client < Frame(fin=True, opcode=9, data=b'', rsv1=False, rsv2=False, rsv3=False)
DEBUG:websockets.protocol:client - received ping, sending pong: [empty]
DEBUG:websockets.protocol:client > Frame(fin=True, opcode=10, data=b'', rsv1=False, rsv2=False, rsv3=False)
DEBUG:websockets.protocol:client - event = data_received(<2 bytes>)
DEBUG:websockets.protocol:client < Frame(fin=True, opcode=9, data=b'', rsv1=False, rsv2=False, rsv3=False)
DEBUG:websockets.protocol:client - received ping, sending pong: [empty]
DEBUG:websockets.protocol:client > Frame(fin=True, opcode=10, data=b'', rsv1=False, rsv2=False, rsv3=False)
DEBUG:websockets.protocol:client - event = data_received(<2 bytes>)
DEBUG:websockets.protocol:client < Frame(fin=True, opcode=9, data=b'', rsv1=False, rsv2=False, rsv3=False)
DEBUG:websockets.protocol:client - received ping, sending pong: [empty]
DEBUG:websockets.protocol:client > Frame(fin=True, opcode=10, data=b'', rsv1=False, rsv2=False, rsv3=False)
DEBUG:websockets.protocol:client > Frame(fin=True, opcode=9, data=b'a\xa3\x10`', rsv1=False, rsv2=False, rsv3=False)
DEBUG:websockets.protocol:client - event = data_received(<6 bytes>)
DEBUG:websockets.protocol:client < Frame(fin=True, opcode=10, data=b'a\xa3\x10`', rsv1=False, rsv2=False, rsv3=False)
DEBUG:websockets.protocol:client - received solicited pong: 61a31060
DEBUG:websockets.protocol:client - event = data_received(<2 bytes>)
DEBUG:websockets.protocol:client < Frame(fin=True, opcode=9, data=b'', rsv1=False, rsv2=False, rsv3=False)
DEBUG:websockets.protocol:client - received ping, sending pong: [empty]
DEBUG:websockets.protocol:client > Frame(fin=True, opcode=10, data=b'', rsv1=False, rsv2=False, rsv3=False)
DEBUG:websockets.protocol:client > Frame(fin=True, opcode=9, data=b'M\xcc\xd4,', rsv1=False, rsv2=False, rsv3=False)
DEBUG:websockets.protocol:client - event = data_received(<6 bytes>)
DEBUG:websockets.protocol:client < Frame(fin=True, opcode=10, data=b'M\xcc\xd4,', rsv1=False, rsv2=False, rsv3=False)
DEBUG:websockets.protocol:client - received solicited pong: 4dccd42c
DEBUG:websockets.protocol:client - event = data_received(<2 bytes>)
DEBUG:websockets.protocol:client < Frame(fin=True, opcode=9, data=b'', rsv1=False, rsv2=False, rsv3=False)
DEBUG:websockets.protocol:client - received ping, sending pong: [empty]
DEBUG:websockets.protocol:client > Frame(fin=True, opcode=10, data=b'', rsv1=False, rsv2=False, rsv3=False)
DEBUG:websockets.protocol:client - event = data_received(<2 bytes>)
DEBUG:websockets.protocol:client < Frame(fin=True, opcode=9, data=b'', rsv1=False, rsv2=False, rsv3=False)
DEBUG:websockets.protocol:client - received ping, sending pong: [empty]
DEBUG:websockets.protocol:client > Frame(fin=True, opcode=10, data=b'', rsv1=False, rsv2=False, rsv3=False)
DEBUG:websockets.protocol:client - event = data_received(<2 bytes>)
DEBUG:websockets.protocol:client < Frame(fin=True, opcode=9, data=b'', rsv1=False, rsv2=False, rsv3=False)
DEBUG:websockets.protocol:client - received ping, sending pong: [empty]
DEBUG:websockets.protocol:client > Frame(fin=True, opcode=10, data=b'', rsv1=False, rsv2=False, rsv3=False)
DEBUG:websockets.protocol:client - event = data_received(<2 bytes>)
DEBUG:websockets.protocol:client < Frame(fin=True, opcode=9, data=b'', rsv1=False, rsv2=False, rsv3=False)
DEBUG:websockets.protocol:client - received ping, sending pong: [empty]
DEBUG:websockets.protocol:client > Frame(fin=True, opcode=10, data=b'', rsv1=False, rsv2=False, rsv3=False)
DEBUG:websockets.protocol:client - event = data_received(<2 bytes>)
DEBUG:websockets.protocol:client < Frame(fin=True, opcode=9, data=b'', rsv1=False, rsv2=False, rsv3=False)
DEBUG:websockets.protocol:client - received ping, sending pong: [empty]
DEBUG:websockets.protocol:client > Frame(fin=True, opcode=10, data=b'', rsv1=False, rsv2=False, rsv3=False)
DEBUG:websockets.protocol:client - event = data_received(<2 bytes>)
DEBUG:websockets.protocol:client < Frame(fin=True, opcode=9, data=b'', rsv1=False, rsv2=False, rsv3=False)
DEBUG:websockets.protocol:client - received ping, sending pong: [empty]
DEBUG:websockets.protocol:client > Frame(fin=True, opcode=10, data=b'', rsv1=False, rsv2=False, rsv3=False)
DEBUG:websockets.protocol:client > Frame(fin=True, opcode=9, data=b'\x0c\x1e\xb9\x0c', rsv1=False, rsv2=False, rsv3=False)
DEBUG:websockets.protocol:client - event = data_received(<6 bytes>)
DEBUG:websockets.protocol:client < Frame(fin=True, opcode=10, data=b'\x0c\x1e\xb9\x0c', rsv1=False, rsv2=False, rsv3=False)
DEBUG:websockets.protocol:client - received solicited pong: 0c1eb90c
DEBUG:websockets.protocol:client - event = data_received(<2 bytes>)
DEBUG:websockets.protocol:client < Frame(fin=True, opcode=9, data=b'', rsv1=False, rsv2=False, rsv3=False)
DEBUG:websockets.protocol:client - received ping, sending pong: [empty]
DEBUG:websockets.protocol:client > Frame(fin=True, opcode=10, data=b'', rsv1=False, rsv2=False, rsv3=False)
DEBUG:websockets.protocol:client - event = data_received(<2 bytes>)
DEBUG:websockets.protocol:client < Frame(fin=True, opcode=9, data=b'', rsv1=False, rsv2=False, rsv3=False)
DEBUG:websockets.protocol:client - received ping, sending pong: [empty]
DEBUG:websockets.protocol:client > Frame(fin=True, opcode=10, data=b'', rsv1=False, rsv2=False, rsv3=False)
DEBUG:websockets.protocol:client - event = data_received(<2 bytes>)
DEBUG:websockets.protocol:client < Frame(fin=True, opcode=9, data=b'', rsv1=False, rsv2=False, rsv3=False)
DEBUG:websockets.protocol:client - received ping, sending pong: [empty]
DEBUG:websockets.protocol:client > Frame(fin=True, opcode=10, data=b'', rsv1=False, rsv2=False, rsv3=False)
DEBUG:websockets.protocol:client > Frame(fin=True, opcode=9, data=b'\x87\xea\xb7o', rsv1=False, rsv2=False, rsv3=False)
DEBUG:websockets.protocol:client - event = data_received(<6 bytes>)
DEBUG:websockets.protocol:client < Frame(fin=True, opcode=10, data=b'\x87\xea\xb7o', rsv1=False, rsv2=False, rsv3=False)
DEBUG:websockets.protocol:client - received solicited pong: 87eab76f
DEBUG:websockets.protocol:client - event = data_received(<2 bytes>)
DEBUG:websockets.protocol:client < Frame(fin=True, opcode=9, data=b'', rsv1=False, rsv2=False, rsv3=False)
DEBUG:websockets.protocol:client - received ping, sending pong: [empty]
DEBUG:websockets.protocol:client > Frame(fin=True, opcode=10, data=b'', rsv1=False, rsv2=False, rsv3=False)
DEBUG:websockets.protocol:client - event = data_received(<2 bytes>)
DEBUG:websockets.protocol:client < Frame(fin=True, opcode=9, data=b'', rsv1=False, rsv2=False, rsv3=False)
DEBUG:websockets.protocol:client - received ping, sending pong: [empty]
DEBUG:websockets.protocol:client > Frame(fin=True, opcode=10, data=b'', rsv1=False, rsv2=False, rsv3=False)
DEBUG:websockets.protocol:client > Frame(fin=True, opcode=9, data=b'\xb9r\xf8\x03', rsv1=False, rsv2=False, rsv3=False)
DEBUG:websockets.protocol:client - event = data_received(<6 bytes>)
DEBUG:websockets.protocol:client < Frame(fin=True, opcode=10, data=b'\xb9r\xf8\x03', rsv1=False, rsv2=False, rsv3=False)
DEBUG:websockets.protocol:client - received solicited pong: b972f803
DEBUG:websockets.protocol:client - event = data_received(<2 bytes>)
DEBUG:websockets.protocol:client < Frame(fin=True, opcode=9, data=b'', rsv1=False, rsv2=False, rsv3=False)
DEBUG:websockets.protocol:client - received ping, sending pong: [empty]
DEBUG:websockets.protocol:client > Frame(fin=True, opcode=10, data=b'', rsv1=False, rsv2=False, rsv3=False)
DEBUG:websockets.protocol:client - event = data_received(<2 bytes>)
DEBUG:websockets.protocol:client < Frame(fin=True, opcode=9, data=b'', rsv1=False, rsv2=False, rsv3=False)
DEBUG:websockets.protocol:client - received ping, sending pong: [empty]
DEBUG:websockets.protocol:client > Frame(fin=True, opcode=10, data=b'', rsv1=False, rsv2=False, rsv3=False)
DEBUG:websockets.protocol:client - event = data_received(<2 bytes>)
DEBUG:websockets.protocol:client < Frame(fin=True, opcode=9, data=b'', rsv1=False, rsv2=False, rsv3=False)
DEBUG:websockets.protocol:client - received ping, sending pong: [empty]
DEBUG:websockets.protocol:client > Frame(fin=True, opcode=10, data=b'', rsv1=False, rsv2=False, rsv3=False)
DEBUG:websockets.protocol:client - event = data_received(<2 bytes>)
DEBUG:websockets.protocol:client < Frame(fin=True, opcode=9, data=b'', rsv1=False, rsv2=False, rsv3=False)
DEBUG:websockets.protocol:client - received ping, sending pong: [empty]
DEBUG:websockets.protocol:client > Frame(fin=True, opcode=10, data=b'', rsv1=False, rsv2=False, rsv3=False)
DEBUG:websockets.protocol:client - event = data_received(<2 bytes>)
DEBUG:websockets.protocol:client < Frame(fin=True, opcode=9, data=b'', rsv1=False, rsv2=False, rsv3=False)
DEBUG:websockets.protocol:client - received ping, sending pong: [empty]
DEBUG:websockets.protocol:client > Frame(fin=True, opcode=10, data=b'', rsv1=False, rsv2=False, rsv3=False)
DEBUG:websockets.protocol:client - event = data_received(<2 bytes>)
DEBUG:websockets.protocol:client < Frame(fin=True, opcode=9, data=b'', rsv1=False, rsv2=False, rsv3=False)
DEBUG:websockets.protocol:client - received ping, sending pong: [empty]
DEBUG:websockets.protocol:client > Frame(fin=True, opcode=10, data=b'', rsv1=False, rsv2=False, rsv3=False)
DEBUG:websockets.protocol:client > Frame(fin=True, opcode=9, data=b' Tv\x03', rsv1=False, rsv2=False, rsv3=False)
DEBUG:websockets.protocol:client - event = data_received(<6 bytes>)
DEBUG:websockets.protocol:client < Frame(fin=True, opcode=10, data=b' Tv\x03', rsv1=False, rsv2=False, rsv3=False)
DEBUG:websockets.protocol:client - received solicited pong: 20547603
DEBUG:websockets.protocol:client > Frame(fin=True, opcode=9, data=b'\xa7Z\xc5\xd5', rsv1=False, rsv2=False, rsv3=False)
DEBUG:websockets.protocol:client - event = data_received(<6 bytes>)
DEBUG:websockets.protocol:client < Frame(fin=True, opcode=10, data=b'\xa7Z\xc5\xd5', rsv1=False, rsv2=False, rsv3=False)
DEBUG:websockets.protocol:client - received solicited pong: a75ac5d5
DEBUG:websockets.protocol:client - event = data_received(<2 bytes>)
DEBUG:websockets.protocol:client < Frame(fin=True, opcode=9, data=b'', rsv1=False, rsv2=False, rsv3=False)
DEBUG:websockets.protocol:client - received ping, sending pong: [empty]
DEBUG:websockets.protocol:client > Frame(fin=True, opcode=10, data=b'', rsv1=False, rsv2=False, rsv3=False)
DEBUG:websockets.protocol:client - event = data_received(<2 bytes>)
DEBUG:websockets.protocol:client < Frame(fin=True, opcode=9, data=b'', rsv1=False, rsv2=False, rsv3=False)
DEBUG:websockets.protocol:client - received ping, sending pong: [empty]
DEBUG:websockets.protocol:client > Frame(fin=True, opcode=10, data=b'', rsv1=False, rsv2=False, rsv3=False)
DEBUG:websockets.protocol:client - event = data_received(<2 bytes>)
DEBUG:websockets.protocol:client < Frame(fin=True, opcode=9, data=b'', rsv1=False, rsv2=False, rsv3=False)
DEBUG:websockets.protocol:client - received ping, sending pong: [empty]
DEBUG:websockets.protocol:client > Frame(fin=True, opcode=10, data=b'', rsv1=False, rsv2=False, rsv3=False)
DEBUG:websockets.protocol:client - event = data_received(<2 bytes>)
DEBUG:websockets.protocol:client < Frame(fin=True, opcode=9, data=b'', rsv1=False, rsv2=False, rsv3=False)
DEBUG:websockets.protocol:client - received ping, sending pong: [empty]
DEBUG:websockets.protocol:client > Frame(fin=True, opcode=10, data=b'', rsv1=False, rsv2=False, rsv3=False)
DEBUG:websockets.protocol:client - event = data_received(<2 bytes>)
DEBUG:websockets.protocol:client < Frame(fin=True, opcode=9, data=b'', rsv1=False, rsv2=False, rsv3=False)
DEBUG:websockets.protocol:client - received ping, sending pong: [empty]
DEBUG:websockets.protocol:client > Frame(fin=True, opcode=10, data=b'', rsv1=False, rsv2=False, rsv3=False)
DEBUG:websockets.protocol:client > Frame(fin=True, opcode=9, data=b'\xc7\xa6;\xac', rsv1=False, rsv2=False, rsv3=False)
DEBUG:websockets.protocol:client - event = data_received(<6 bytes>)
DEBUG:websockets.protocol:client < Frame(fin=True, opcode=10, data=b'\xc7\xa6;\xac', rsv1=False, rsv2=False, rsv3=False)
DEBUG:websockets.protocol:client - received solicited pong: c7a63bac
DEBUG:websockets.protocol:client - event = data_received(<2 bytes>)
DEBUG:websockets.protocol:client < Frame(fin=True, opcode=9, data=b'', rsv1=False, rsv2=False, rsv3=False)
DEBUG:websockets.protocol:client - received ping, sending pong: [empty]
DEBUG:websockets.protocol:client > Frame(fin=True, opcode=10, data=b'', rsv1=False, rsv2=False, rsv3=False)
DEBUG:websockets.protocol:client - event = data_received(<2 bytes>)
DEBUG:websockets.protocol:client < Frame(fin=True, opcode=9, data=b'', rsv1=False, rsv2=False, rsv3=False)
DEBUG:websockets.protocol:client - received ping, sending pong: [empty]
DEBUG:websockets.protocol:client > Frame(fin=True, opcode=10, data=b'', rsv1=False, rsv2=False, rsv3=False)
DEBUG:websockets.protocol:client - event = data_received(<2 bytes>)
DEBUG:websockets.protocol:client < Frame(fin=True, opcode=9, data=b'', rsv1=False, rsv2=False, rsv3=False)
DEBUG:websockets.protocol:client - received ping, sending pong: [empty]
DEBUG:websockets.protocol:client > Frame(fin=True, opcode=10, data=b'', rsv1=False, rsv2=False, rsv3=False)
DEBUG:websockets.protocol:client > Frame(fin=True, opcode=9, data=b'3\x8f82', rsv1=False, rsv2=False, rsv3=False)
DEBUG:websockets.protocol:client - event = data_received(<6 bytes>)
DEBUG:websockets.protocol:client < Frame(fin=True, opcode=10, data=b'3\x8f82', rsv1=False, rsv2=False, rsv3=False)
DEBUG:websockets.protocol:client - received solicited pong: 338f3832
DEBUG:websockets.protocol:client - event = data_received(<2 bytes>)
DEBUG:websockets.protocol:client < Frame(fin=True, opcode=9, data=b'', rsv1=False, rsv2=False, rsv3=False)
DEBUG:websockets.protocol:client - received ping, sending pong: [empty]
DEBUG:websockets.protocol:client > Frame(fin=True, opcode=10, data=b'', rsv1=False, rsv2=False, rsv3=False)
DEBUG:websockets.protocol:client - event = data_received(<2 bytes>)
DEBUG:websockets.protocol:client < Frame(fin=True, opcode=9, data=b'', rsv1=False, rsv2=False, rsv3=False)
DEBUG:websockets.protocol:client - received ping, sending pong: [empty]
DEBUG:websockets.protocol:client > Frame(fin=True, opcode=10, data=b'', rsv1=False, rsv2=False, rsv3=False)
DEBUG:websockets.protocol:client > Frame(fin=True, opcode=9, data=b'\xd2\x93\x03\xa2', rsv1=False, rsv2=False, rsv3=False)
DEBUG:websockets.protocol:client - event = data_received(<2 bytes>)
DEBUG:websockets.protocol:client < Frame(fin=True, opcode=9, data=b'', rsv1=False, rsv2=False, rsv3=False)
DEBUG:websockets.protocol:client - received ping, sending pong: [empty]
DEBUG:websockets.protocol:client > Frame(fin=True, opcode=10, data=b'', rsv1=False, rsv2=False, rsv3=False)
DEBUG:websockets.protocol:client - event = data_received(<6 bytes>)
DEBUG:websockets.protocol:client < Frame(fin=True, opcode=10, data=b'\xd2\x93\x03\xa2', rsv1=False, rsv2=False, rsv3=False)
DEBUG:websockets.protocol:client - received solicited pong: d29303a2
DEBUG:websockets.protocol:client - event = data_received(<2 bytes>)
DEBUG:websockets.protocol:client < Frame(fin=True, opcode=9, data=b'', rsv1=False, rsv2=False, rsv3=False)
DEBUG:websockets.protocol:client - received ping, sending pong: [empty]
DEBUG:websockets.protocol:client > Frame(fin=True, opcode=10, data=b'', rsv1=False, rsv2=False, rsv3=False)
DEBUG:websockets.protocol:client - event = data_received(<2 bytes>)
DEBUG:websockets.protocol:client < Frame(fin=True, opcode=9, data=b'', rsv1=False, rsv2=False, rsv3=False)
DEBUG:websockets.protocol:client - received ping, sending pong: [empty]
DEBUG:websockets.protocol:client > Frame(fin=True, opcode=10, data=b'', rsv1=False, rsv2=False, rsv3=False)
DEBUG:websockets.protocol:client - event = data_received(<2 bytes>)
DEBUG:websockets.protocol:client < Frame(fin=True, opcode=9, data=b'', rsv1=False, rsv2=False, rsv3=False)
DEBUG:websockets.protocol:client - received ping, sending pong: [empty]
DEBUG:websockets.protocol:client > Frame(fin=True, opcode=10, data=b'', rsv1=False, rsv2=False, rsv3=False)
DEBUG:websockets.protocol:client - event = data_received(<2 bytes>)
DEBUG:websockets.protocol:client < Frame(fin=True, opcode=9, data=b'', rsv1=False, rsv2=False, rsv3=False)
DEBUG:websockets.protocol:client - received ping, sending pong: [empty]
DEBUG:websockets.protocol:client > Frame(fin=True, opcode=10, data=b'', rsv1=False, rsv2=False, rsv3=False)
DEBUG:websockets.protocol:client > Frame(fin=True, opcode=9, data=b'\xe2\xe8f\x15', rsv1=False, rsv2=False, rsv3=False)
DEBUG:websockets.protocol:client - event = data_received(<6 bytes>)
DEBUG:websockets.protocol:client < Frame(fin=True, opcode=10, data=b'\xe2\xe8f\x15', rsv1=False, rsv2=False, rsv3=False)
DEBUG:websockets.protocol:client - received solicited pong: e2e86615
DEBUG:websockets.protocol:client - event = data_received(<2 bytes>)
DEBUG:websockets.protocol:client < Frame(fin=True, opcode=9, data=b'', rsv1=False, rsv2=False, rsv3=False)
DEBUG:websockets.protocol:client - received ping, sending pong: [empty]
DEBUG:websockets.protocol:client > Frame(fin=True, opcode=10, data=b'', rsv1=False, rsv2=False, rsv3=False)
DEBUG:websockets.protocol:client > Frame(fin=True, opcode=9, data=b'\xd4\xcf\xdb%', rsv1=False, rsv2=False, rsv3=False)
DEBUG:websockets.protocol:client - event = data_received(<6 bytes>)
DEBUG:websockets.protocol:client < Frame(fin=True, opcode=10, data=b'\xd4\xcf\xdb%', rsv1=False, rsv2=False, rsv3=False)
DEBUG:websockets.protocol:client - received solicited pong: d4cfdb25
DEBUG:websockets.protocol:client - event = data_received(<2 bytes>)
DEBUG:websockets.protocol:client < Frame(fin=True, opcode=9, data=b'', rsv1=False, rsv2=False, rsv3=False)
DEBUG:websockets.protocol:client - received ping, sending pong: [empty]
DEBUG:websockets.protocol:client > Frame(fin=True, opcode=10, data=b'', rsv1=False, rsv2=False, rsv3=False)
DEBUG:websockets.protocol:client - event = data_received(<2 bytes>)
DEBUG:websockets.protocol:client < Frame(fin=True, opcode=9, data=b'', rsv1=False, rsv2=False, rsv3=False)
DEBUG:websockets.protocol:client - received ping, sending pong: [empty]
DEBUG:websockets.protocol:client > Frame(fin=True, opcode=10, data=b'', rsv1=False, rsv2=False, rsv3=False)
DEBUG:websockets.protocol:client - event = data_received(<2 bytes>)
DEBUG:websockets.protocol:client < Frame(fin=True, opcode=9, data=b'', rsv1=False, rsv2=False, rsv3=False)
DEBUG:websockets.protocol:client - received ping, sending pong: [empty]
DEBUG:websockets.protocol:client > Frame(fin=True, opcode=10, data=b'', rsv1=False, rsv2=False, rsv3=False)
DEBUG:websockets.protocol:client - event = data_received(<2 bytes>)
DEBUG:websockets.protocol:client < Frame(fin=True, opcode=9, data=b'', rsv1=False, rsv2=False, rsv3=False)
DEBUG:websockets.protocol:client - received ping, sending pong: [empty]
DEBUG:websockets.protocol:client > Frame(fin=True, opcode=10, data=b'', rsv1=False, rsv2=False, rsv3=False)
DEBUG:websockets.protocol:client - event = data_received(<2 bytes>)
DEBUG:websockets.protocol:client < Frame(fin=True, opcode=9, data=b'', rsv1=False, rsv2=False, rsv3=False)
DEBUG:websockets.protocol:client - received ping, sending pong: [empty]
DEBUG:websockets.protocol:client > Frame(fin=True, opcode=10, data=b'', rsv1=False, rsv2=False, rsv3=False)
DEBUG:websockets.protocol:client > Frame(fin=True, opcode=9, data=b'\x1d\xf0&"', rsv1=False, rsv2=False, rsv3=False)
DEBUG:websockets.protocol:client - event = data_received(<6 bytes>)
DEBUG:websockets.protocol:client < Frame(fin=True, opcode=10, data=b'\x1d\xf0&"', rsv1=False, rsv2=False, rsv3=False)
DEBUG:websockets.protocol:client - received solicited pong: 1df02622
DEBUG:websockets.protocol:client - event = data_received(<2 bytes>)
DEBUG:websockets.protocol:client < Frame(fin=True, opcode=9, data=b'', rsv1=False, rsv2=False, rsv3=False)
DEBUG:websockets.protocol:client - received ping, sending pong: [empty]
DEBUG:websockets.protocol:client > Frame(fin=True, opcode=10, data=b'', rsv1=False, rsv2=False, rsv3=False)
DEBUG:websockets.protocol:client - event = data_received(<2 bytes>)
DEBUG:websockets.protocol:client < Frame(fin=True, opcode=9, data=b'', rsv1=False, rsv2=False, rsv3=False)
DEBUG:websockets.protocol:client - received ping, sending pong: [empty]
DEBUG:websockets.protocol:client > Frame(fin=True, opcode=10, data=b'', rsv1=False, rsv2=False, rsv3=False)
DEBUG:websockets.protocol:client - event = data_received(<2 bytes>)
DEBUG:websockets.protocol:client < Frame(fin=True, opcode=9, data=b'', rsv1=False, rsv2=False, rsv3=False)
DEBUG:websockets.protocol:client - received ping, sending pong: [empty]
DEBUG:websockets.protocol:client > Frame(fin=True, opcode=10, data=b'', rsv1=False, rsv2=False, rsv3=False)
DEBUG:websockets.protocol:client > Frame(fin=True, opcode=9, data=b'\xa3\xb1f\t', rsv1=False, rsv2=False, rsv3=False)
DEBUG:websockets.protocol:client - event = data_received(<6 bytes>)
DEBUG:websockets.protocol:client < Frame(fin=True, opcode=10, data=b'\xa3\xb1f\t', rsv1=False, rsv2=False, rsv3=False)
DEBUG:websockets.protocol:client - received solicited pong: a3b16609
DEBUG:websockets.protocol:client - event = data_received(<2 bytes>)
DEBUG:websockets.protocol:client < Frame(fin=True, opcode=9, data=b'', rsv1=False, rsv2=False, rsv3=False)
DEBUG:websockets.protocol:client - received ping, sending pong: [empty]
DEBUG:websockets.protocol:client > Frame(fin=True, opcode=10, data=b'', rsv1=False, rsv2=False, rsv3=False)
DEBUG:websockets.protocol:client - event = data_received(<2 bytes>)
DEBUG:websockets.protocol:client < Frame(fin=True, opcode=9, data=b'', rsv1=False, rsv2=False, rsv3=False)
DEBUG:websockets.protocol:client - received ping, sending pong: [empty]
DEBUG:websockets.protocol:client > Frame(fin=True, opcode=10, data=b'', rsv1=False, rsv2=False, rsv3=False)
DEBUG:websockets.protocol:client - event = data_received(<2 bytes>)
DEBUG:websockets.protocol:client < Frame(fin=True, opcode=9, data=b'', rsv1=False, rsv2=False, rsv3=False)
DEBUG:websockets.protocol:client - received ping, sending pong: [empty]
DEBUG:websockets.protocol:client > Frame(fin=True, opcode=10, data=b'', rsv1=False, rsv2=False, rsv3=False)
DEBUG:websockets.protocol:client > Frame(fin=True, opcode=9, data=b'\xeb1\x8e\xae', rsv1=False, rsv2=False, rsv3=False)
DEBUG:websockets.protocol:client - event = data_received(<6 bytes>)
DEBUG:websockets.protocol:client < Frame(fin=True, opcode=10, data=b'\xeb1\x8e\xae', rsv1=False, rsv2=False, rsv3=False)
DEBUG:websockets.protocol:client - received solicited pong: eb318eae
DEBUG:websockets.protocol:client - event = data_received(<2 bytes>)
DEBUG:websockets.protocol:client < Frame(fin=True, opcode=9, data=b'', rsv1=False, rsv2=False, rsv3=False)
DEBUG:websockets.protocol:client - received ping, sending pong: [empty]
DEBUG:websockets.protocol:client > Frame(fin=True, opcode=10, data=b'', rsv1=False, rsv2=False, rsv3=False)
DEBUG:websockets.protocol:client - event = data_received(<2 bytes>)
DEBUG:websockets.protocol:client < Frame(fin=True, opcode=9, data=b'', rsv1=False, rsv2=False, rsv3=False)
DEBUG:websockets.protocol:client - received ping, sending pong: [empty]
DEBUG:websockets.protocol:client > Frame(fin=True, opcode=10, data=b'', rsv1=False, rsv2=False, rsv3=False)
DEBUG:websockets.protocol:client - event = data_received(<2 bytes>)
DEBUG:websockets.protocol:client < Frame(fin=True, opcode=9, data=b'', rsv1=False, rsv2=False, rsv3=False)
DEBUG:websockets.protocol:client - received ping, sending pong: [empty]
DEBUG:websockets.protocol:client > Frame(fin=True, opcode=10, data=b'', rsv1=False, rsv2=False, rsv3=False)
DEBUG:websockets.protocol:client - event = data_received(<2 bytes>)
DEBUG:websockets.protocol:client < Frame(fin=True, opcode=9, data=b'', rsv1=False, rsv2=False, rsv3=False)
DEBUG:websockets.protocol:client - received ping, sending pong: [empty]
DEBUG:websockets.protocol:client > Frame(fin=True, opcode=10, data=b'', rsv1=False, rsv2=False, rsv3=False)
DEBUG:websockets.protocol:client - event = data_received(<2 bytes>)
DEBUG:websockets.protocol:client < Frame(fin=True, opcode=9, data=b'', rsv1=False, rsv2=False, rsv3=False)
DEBUG:websockets.protocol:client - received ping, sending pong: [empty]
DEBUG:websockets.protocol:client > Frame(fin=True, opcode=10, data=b'', rsv1=False, rsv2=False, rsv3=False)
DEBUG:websockets.protocol:client > Frame(fin=True, opcode=9, data=b'\t\x97\xcf\xb0', rsv1=False, rsv2=False, rsv3=False)
DEBUG:websockets.protocol:client - event = data_received(<2 bytes>)
DEBUG:websockets.protocol:client < Frame(fin=True, opcode=9, data=b'', rsv1=False, rsv2=False, rsv3=False)
DEBUG:websockets.protocol:client - received ping, sending pong: [empty]
DEBUG:websockets.protocol:client > Frame(fin=True, opcode=10, data=b'', rsv1=False, rsv2=False, rsv3=False)
DEBUG:websockets.protocol:client - event = data_received(<6 bytes>)
DEBUG:websockets.protocol:client < Frame(fin=True, opcode=10, data=b'\t\x97\xcf\xb0', rsv1=False, rsv2=False, rsv3=False)
DEBUG:websockets.protocol:client - received solicited pong: 0997cfb0
DEBUG:websockets.protocol:client > Frame(fin=True, opcode=9, data=b'%C3k', rsv1=False, rsv2=False, rsv3=False)
DEBUG:websockets.protocol:client - event = data_received(<6 bytes>)
DEBUG:websockets.protocol:client < Frame(fin=True, opcode=10, data=b'%C3k', rsv1=False, rsv2=False, rsv3=False)
DEBUG:websockets.protocol:client - received solicited pong: 2543336b
DEBUG:websockets.protocol:client - event = data_received(<2 bytes>)
DEBUG:websockets.protocol:client < Frame(fin=True, opcode=9, data=b'', rsv1=False, rsv2=False, rsv3=False)
DEBUG:websockets.protocol:client - received ping, sending pong: [empty]
DEBUG:websockets.protocol:client > Frame(fin=True, opcode=10, data=b'', rsv1=False, rsv2=False, rsv3=False)
DEBUG:websockets.protocol:client - event = data_received(<2 bytes>)
DEBUG:websockets.protocol:client < Frame(fin=True, opcode=9, data=b'', rsv1=False, rsv2=False, rsv3=False)
DEBUG:websockets.protocol:client - received ping, sending pong: [empty]
DEBUG:websockets.protocol:client > Frame(fin=True, opcode=10, data=b'', rsv1=False, rsv2=False, rsv3=False)
DEBUG:websockets.protocol:client - event = data_received(<2 bytes>)
DEBUG:websockets.protocol:client < Frame(fin=True, opcode=9, data=b'', rsv1=False, rsv2=False, rsv3=False)
DEBUG:websockets.protocol:client - received ping, sending pong: [empty]
DEBUG:websockets.protocol:client > Frame(fin=True, opcode=10, data=b'', rsv1=False, rsv2=False, rsv3=False)
DEBUG:websockets.protocol:client - event = data_received(<2 bytes>)
DEBUG:websockets.protocol:client < Frame(fin=True, opcode=9, data=b'', rsv1=False, rsv2=False, rsv3=False)
DEBUG:websockets.protocol:client - received ping, sending pong: [empty]
DEBUG:websockets.protocol:client > Frame(fin=True, opcode=10, data=b'', rsv1=False, rsv2=False, rsv3=False)
DEBUG:websockets.protocol:client - event = data_received(<2 bytes>)
DEBUG:websockets.protocol:client < Frame(fin=True, opcode=9, data=b'', rsv1=False, rsv2=False, rsv3=False)
DEBUG:websockets.protocol:client - received ping, sending pong: [empty]
DEBUG:websockets.protocol:client > Frame(fin=True, opcode=10, data=b'', rsv1=False, rsv2=False, rsv3=False)
DEBUG:websockets.protocol:client > Frame(fin=True, opcode=9, data=b'\x83\xde\xb2\xe1', rsv1=False, rsv2=False, rsv3=False)
DEBUG:websockets.protocol:client - event = data_received(<6 bytes>)
DEBUG:websockets.protocol:client < Frame(fin=True, opcode=10, data=b'\x83\xde\xb2\xe1', rsv1=False, rsv2=False, rsv3=False)
DEBUG:websockets.protocol:client - received solicited pong: 83deb2e1
DEBUG:websockets.protocol:client - event = data_received(<2 bytes>)
DEBUG:websockets.protocol:client < Frame(fin=True, opcode=9, data=b'', rsv1=False, rsv2=False, rsv3=False)
DEBUG:websockets.protocol:client - received ping, sending pong: [empty]
DEBUG:websockets.protocol:client > Frame(fin=True, opcode=10, data=b'', rsv1=False, rsv2=False, rsv3=False)
DEBUG:websockets.protocol:client - event = data_received(<2 bytes>)
DEBUG:websockets.protocol:client < Frame(fin=True, opcode=9, data=b'', rsv1=False, rsv2=False, rsv3=False)
DEBUG:websockets.protocol:client - received ping, sending pong: [empty]
DEBUG:websockets.protocol:client > Frame(fin=True, opcode=10, data=b'', rsv1=False, rsv2=False, rsv3=False)
DEBUG:websockets.protocol:client - event = data_received(<2 bytes>)
DEBUG:websockets.protocol:client < Frame(fin=True, opcode=9, data=b'', rsv1=False, rsv2=False, rsv3=False)
DEBUG:websockets.protocol:client - received ping, sending pong: [empty]
DEBUG:websockets.protocol:client > Frame(fin=True, opcode=10, data=b'', rsv1=False, rsv2=False, rsv3=False)
DEBUG:websockets.protocol:client > Frame(fin=True, opcode=9, data=b'>q\x02\xb0', rsv1=False, rsv2=False, rsv3=False)
DEBUG:websockets.protocol:client - event = data_received(<6 bytes>)
DEBUG:websockets.protocol:client < Frame(fin=True, opcode=10, data=b'>q\x02\xb0', rsv1=False, rsv2=False, rsv3=False)
DEBUG:websockets.protocol:client - received solicited pong: 3e7102b0
DEBUG:websockets.protocol:client - event = data_received(<2 bytes>)
DEBUG:websockets.protocol:client < Frame(fin=True, opcode=9, data=b'', rsv1=False, rsv2=False, rsv3=False)
DEBUG:websockets.protocol:client - received ping, sending pong: [empty]
DEBUG:websockets.protocol:client > Frame(fin=True, opcode=10, data=b'', rsv1=False, rsv2=False, rsv3=False)
DEBUG:websockets.protocol:client - event = data_received(<2 bytes>)
DEBUG:websockets.protocol:client < Frame(fin=True, opcode=9, data=b'', rsv1=False, rsv2=False, rsv3=False)
DEBUG:websockets.protocol:client - received ping, sending pong: [empty]
DEBUG:websockets.protocol:client > Frame(fin=True, opcode=10, data=b'', rsv1=False, rsv2=False, rsv3=False)
DEBUG:websockets.protocol:client - event = data_received(<2 bytes>)
DEBUG:websockets.protocol:client < Frame(fin=True, opcode=9, data=b'', rsv1=False, rsv2=False, rsv3=False)
DEBUG:websockets.protocol:client - received ping, sending pong: [empty]
DEBUG:websockets.protocol:client > Frame(fin=True, opcode=10, data=b'', rsv1=False, rsv2=False, rsv3=False)
DEBUG:websockets.protocol:client > Frame(fin=True, opcode=9, data=b'\xe9p\to', rsv1=False, rsv2=False, rsv3=False)
DEBUG:websockets.protocol:client - event = data_received(<6 bytes>)
DEBUG:websockets.protocol:client < Frame(fin=True, opcode=10, data=b'\xe9p\to', rsv1=False, rsv2=False, rsv3=False)
DEBUG:websockets.protocol:client - received solicited pong: e970096f
DEBUG:websockets.protocol:client - event = data_received(<2 bytes>)
DEBUG:websockets.protocol:client < Frame(fin=True, opcode=9, data=b'', rsv1=False, rsv2=False, rsv3=False)
DEBUG:websockets.protocol:client - received ping, sending pong: [empty]
DEBUG:websockets.protocol:client > Frame(fin=True, opcode=10, data=b'', rsv1=False, rsv2=False, rsv3=False)
DEBUG:websockets.protocol:client - event = data_received(<2 bytes>)
DEBUG:websockets.protocol:client < Frame(fin=True, opcode=9, data=b'', rsv1=False, rsv2=False, rsv3=False)
DEBUG:websockets.protocol:client - received ping, sending pong: [empty]
DEBUG:websockets.protocol:client > Frame(fin=True, opcode=10, data=b'', rsv1=False, rsv2=False, rsv3=False)
DEBUG:websockets.protocol:client - event = data_received(<2 bytes>)
DEBUG:websockets.protocol:client < Frame(fin=True, opcode=9, data=b'', rsv1=False, rsv2=False, rsv3=False)
DEBUG:websockets.protocol:client - received ping, sending pong: [empty]
DEBUG:websockets.protocol:client > Frame(fin=True, opcode=10, data=b'', rsv1=False, rsv2=False, rsv3=False)
DEBUG:websockets.protocol:client - event = data_received(<2 bytes>)
DEBUG:websockets.protocol:client < Frame(fin=True, opcode=9, data=b'', rsv1=False, rsv2=False, rsv3=False)
DEBUG:websockets.protocol:client - received ping, sending pong: [empty]
DEBUG:websockets.protocol:client > Frame(fin=True, opcode=10, data=b'', rsv1=False, rsv2=False, rsv3=False)
DEBUG:websockets.protocol:client - event = data_received(<2 bytes>)
DEBUG:websockets.protocol:client < Frame(fin=True, opcode=9, data=b'', rsv1=False, rsv2=False, rsv3=False)
DEBUG:websockets.protocol:client - received ping, sending pong: [empty]
DEBUG:websockets.protocol:client > Frame(fin=True, opcode=10, data=b'', rsv1=False, rsv2=False, rsv3=False)
DEBUG:websockets.protocol:client > Frame(fin=True, opcode=9, data=b'|W\xf8\x98', rsv1=False, rsv2=False, rsv3=False)
DEBUG:websockets.protocol:client > Frame(fin=True, opcode=9, data=b'\x99=L\xb7', rsv1=False, rsv2=False, rsv3=False)
DEBUG:websockets.protocol:client - event = data_received(<6 bytes>)
DEBUG:websockets.protocol:client < Frame(fin=True, opcode=10, data=b'|W\xf8\x98', rsv1=False, rsv2=False, rsv3=False)
DEBUG:websockets.protocol:client - received solicited pong: 7c57f898
DEBUG:websockets.protocol:client - event = data_received(<6 bytes>)
DEBUG:websockets.protocol:client < Frame(fin=True, opcode=10, data=b'\x99=L\xb7', rsv1=False, rsv2=False, rsv3=False)
DEBUG:websockets.protocol:client - received solicited pong: 993d4cb7
DEBUG:websockets.protocol:client - event = data_received(<2 bytes>)
DEBUG:websockets.protocol:client < Frame(fin=True, opcode=9, data=b'', rsv1=False, rsv2=False, rsv3=False)
DEBUG:websockets.protocol:client - received ping, sending pong: [empty]
DEBUG:websockets.protocol:client > Frame(fin=True, opcode=10, data=b'', rsv1=False, rsv2=False, rsv3=False)
DEBUG:websockets.protocol:client - event = data_received(<2 bytes>)
DEBUG:websockets.protocol:client < Frame(fin=True, opcode=9, data=b'', rsv1=False, rsv2=False, rsv3=False)
DEBUG:websockets.protocol:client - received ping, sending pong: [empty]
DEBUG:websockets.protocol:client > Frame(fin=True, opcode=10, data=b'', rsv1=False, rsv2=False, rsv3=False)
DEBUG:websockets.protocol:client - event = data_received(<2 bytes>)
DEBUG:websockets.protocol:client < Frame(fin=True, opcode=9, data=b'', rsv1=False, rsv2=False, rsv3=False)
DEBUG:websockets.protocol:client - received ping, sending pong: [empty]
DEBUG:websockets.protocol:client > Frame(fin=True, opcode=10, data=b'', rsv1=False, rsv2=False, rsv3=False)
DEBUG:websockets.protocol:client - event = data_received(<2 bytes>)
DEBUG:websockets.protocol:client < Frame(fin=True, opcode=9, data=b'', rsv1=False, rsv2=False, rsv3=False)
DEBUG:websockets.protocol:client - received ping, sending pong: [empty]
DEBUG:websockets.protocol:client > Frame(fin=True, opcode=10, data=b'', rsv1=False, rsv2=False, rsv3=False)
DEBUG:websockets.protocol:client - event = data_received(<2 bytes>)
DEBUG:websockets.protocol:client < Frame(fin=True, opcode=9, data=b'', rsv1=False, rsv2=False, rsv3=False)
DEBUG:websockets.protocol:client - received ping, sending pong: [empty]
DEBUG:websockets.protocol:client > Frame(fin=True, opcode=10, data=b'', rsv1=False, rsv2=False, rsv3=False)
DEBUG:websockets.protocol:client > Frame(fin=True, opcode=9, data=b'\xc4\xff\xaet', rsv1=False, rsv2=False, rsv3=False)
DEBUG:websockets.protocol:client - event = data_received(<6 bytes>)
DEBUG:websockets.protocol:client < Frame(fin=True, opcode=10, data=b'\xc4\xff\xaet', rsv1=False, rsv2=False, rsv3=False)
DEBUG:websockets.protocol:client - received solicited pong: c4ffae74
DEBUG:websockets.protocol:client - event = data_received(<2 bytes>)
DEBUG:websockets.protocol:client < Frame(fin=True, opcode=9, data=b'', rsv1=False, rsv2=False, rsv3=False)
DEBUG:websockets.protocol:client - received ping, sending pong: [empty]
DEBUG:websockets.protocol:client > Frame(fin=True, opcode=10, data=b'', rsv1=False, rsv2=False, rsv3=False)
DEBUG:websockets.protocol:client - event = data_received(<2 bytes>)
DEBUG:websockets.protocol:client < Frame(fin=True, opcode=9, data=b'', rsv1=False, rsv2=False, rsv3=False)
DEBUG:websockets.protocol:client - received ping, sending pong: [empty]
DEBUG:websockets.protocol:client > Frame(fin=True, opcode=10, data=b'', rsv1=False, rsv2=False, rsv3=False)
DEBUG:websockets.protocol:client - event = data_received(<2 bytes>)
DEBUG:websockets.protocol:client < Frame(fin=True, opcode=9, data=b'', rsv1=False, rsv2=False, rsv3=False)
DEBUG:websockets.protocol:client - received ping, sending pong: [empty]
DEBUG:websockets.protocol:client > Frame(fin=True, opcode=10, data=b'', rsv1=False, rsv2=False, rsv3=False)
DEBUG:websockets.protocol:client > Frame(fin=True, opcode=9, data=b'\xbe\x1d.\xa3', rsv1=False, rsv2=False, rsv3=False)
DEBUG:websockets.protocol:client - event = data_received(<6 bytes>)
DEBUG:websockets.protocol:client < Frame(fin=True, opcode=10, data=b'\xbe\x1d.\xa3', rsv1=False, rsv2=False, rsv3=False)
DEBUG:websockets.protocol:client - received solicited pong: be1d2ea3
DEBUG:websockets.protocol:client - event = data_received(<2 bytes>)
DEBUG:websockets.protocol:client < Frame(fin=True, opcode=9, data=b'', rsv1=False, rsv2=False, rsv3=False)
DEBUG:websockets.protocol:client - received ping, sending pong: [empty]
DEBUG:websockets.protocol:client > Frame(fin=True, opcode=10, data=b'', rsv1=False, rsv2=False, rsv3=False)
DEBUG:websockets.protocol:client - event = data_received(<2 bytes>)
DEBUG:websockets.protocol:client < Frame(fin=True, opcode=9, data=b'', rsv1=False, rsv2=False, rsv3=False)
DEBUG:websockets.protocol:client - received ping, sending pong: [empty]
DEBUG:websockets.protocol:client > Frame(fin=True, opcode=10, data=b'', rsv1=False, rsv2=False, rsv3=False)
DEBUG:websockets.protocol:client - event = data_received(<2 bytes>)
DEBUG:websockets.protocol:client < Frame(fin=True, opcode=9, data=b'', rsv1=False, rsv2=False, rsv3=False)
DEBUG:websockets.protocol:client - received ping, sending pong: [empty]
DEBUG:websockets.protocol:client > Frame(fin=True, opcode=10, data=b'', rsv1=False, rsv2=False, rsv3=False)
DEBUG:websockets.protocol:client - event = data_received(<2 bytes>)
DEBUG:websockets.protocol:client < Frame(fin=True, opcode=9, data=b'', rsv1=False, rsv2=False, rsv3=False)
DEBUG:websockets.protocol:client - received ping, sending pong: [empty]
DEBUG:websockets.protocol:client > Frame(fin=True, opcode=10, data=b'', rsv1=False, rsv2=False, rsv3=False)
DEBUG:websockets.protocol:client > Frame(fin=True, opcode=9, data=b'\x97Ut\xb8', rsv1=False, rsv2=False, rsv3=False)
DEBUG:websockets.protocol:client - event = data_received(<6 bytes>)
DEBUG:websockets.protocol:client < Frame(fin=True, opcode=10, data=b'\x97Ut\xb8', rsv1=False, rsv2=False, rsv3=False)
DEBUG:websockets.protocol:client - received solicited pong: 975574b8
DEBUG:websockets.protocol:client - event = data_received(<2 bytes>)
DEBUG:websockets.protocol:client < Frame(fin=True, opcode=9, data=b'', rsv1=False, rsv2=False, rsv3=False)
DEBUG:websockets.protocol:client - received ping, sending pong: [empty]
DEBUG:websockets.protocol:client > Frame(fin=True, opcode=10, data=b'', rsv1=False, rsv2=False, rsv3=False)
DEBUG:websockets.protocol:client - event = data_received(<2 bytes>)
DEBUG:websockets.protocol:client < Frame(fin=True, opcode=9, data=b'', rsv1=False, rsv2=False, rsv3=False)
DEBUG:websockets.protocol:client - received ping, sending pong: [empty]
DEBUG:websockets.protocol:client > Frame(fin=True, opcode=10, data=b'', rsv1=False, rsv2=False, rsv3=False)
DEBUG:websockets.protocol:client - event = data_received(<2 bytes>)
DEBUG:websockets.protocol:client < Frame(fin=True, opcode=9, data=b'', rsv1=False, rsv2=False, rsv3=False)
DEBUG:websockets.protocol:client - received ping, sending pong: [empty]
DEBUG:websockets.protocol:client > Frame(fin=True, opcode=10, data=b'', rsv1=False, rsv2=False, rsv3=False)
DEBUG:websockets.protocol:client - event = data_received(<2 bytes>)
DEBUG:websockets.protocol:client < Frame(fin=True, opcode=9, data=b'', rsv1=False, rsv2=False, rsv3=False)
DEBUG:websockets.protocol:client - received ping, sending pong: [empty]
DEBUG:websockets.protocol:client > Frame(fin=True, opcode=10, data=b'', rsv1=False, rsv2=False, rsv3=False)
DEBUG:websockets.protocol:client - event = data_received(<2 bytes>)
DEBUG:websockets.protocol:client < Frame(fin=True, opcode=9, data=b'', rsv1=False, rsv2=False, rsv3=False)
DEBUG:websockets.protocol:client - received ping, sending pong: [empty]
DEBUG:websockets.protocol:client > Frame(fin=True, opcode=10, data=b'', rsv1=False, rsv2=False, rsv3=False)
DEBUG:websockets.protocol:client > Frame(fin=True, opcode=9, data=b'\xaf\x84"\xaf', rsv1=False, rsv2=False, rsv3=False)
DEBUG:websockets.protocol:client - event = data_received(<6 bytes>)
DEBUG:websockets.protocol:client < Frame(fin=True, opcode=10, data=b'\xaf\x84"\xaf', rsv1=False, rsv2=False, rsv3=False)
DEBUG:websockets.protocol:client - received solicited pong: af8422af
DEBUG:websockets.protocol:client - event = data_received(<2 bytes>)
DEBUG:websockets.protocol:client < Frame(fin=True, opcode=9, data=b'', rsv1=False, rsv2=False, rsv3=False)
DEBUG:websockets.protocol:client - received ping, sending pong: [empty]
DEBUG:websockets.protocol:client > Frame(fin=True, opcode=10, data=b'', rsv1=False, rsv2=False, rsv3=False)
DEBUG:websockets.protocol:client > Frame(fin=True, opcode=9, data=b'Aa\x1a\xa9', rsv1=False, rsv2=False, rsv3=False)
DEBUG:websockets.protocol:client - event = data_received(<6 bytes>)
DEBUG:websockets.protocol:client < Frame(fin=True, opcode=10, data=b'Aa\x1a\xa9', rsv1=False, rsv2=False, rsv3=False)
DEBUG:websockets.protocol:client - received solicited pong: 41611aa9
DEBUG:websockets.protocol:client - event = data_received(<2 bytes>)
DEBUG:websockets.protocol:client < Frame(fin=True, opcode=9, data=b'', rsv1=False, rsv2=False, rsv3=False)
DEBUG:websockets.protocol:client - received ping, sending pong: [empty]
DEBUG:websockets.protocol:client > Frame(fin=True, opcode=10, data=b'', rsv1=False, rsv2=False, rsv3=False)
DEBUG:websockets.protocol:client - event = data_received(<2 bytes>)
DEBUG:websockets.protocol:client < Frame(fin=True, opcode=9, data=b'', rsv1=False, rsv2=False, rsv3=False)
DEBUG:websockets.protocol:client - received ping, sending pong: [empty]
DEBUG:websockets.protocol:client > Frame(fin=True, opcode=10, data=b'', rsv1=False, rsv2=False, rsv3=False)
DEBUG:websockets.protocol:client - event = data_received(<2 bytes>)
DEBUG:websockets.protocol:client < Frame(fin=True, opcode=9, data=b'', rsv1=False, rsv2=False, rsv3=False)
DEBUG:websockets.protocol:client - received ping, sending pong: [empty]
DEBUG:websockets.protocol:client > Frame(fin=True, opcode=10, data=b'', rsv1=False, rsv2=False, rsv3=False)
DEBUG:websockets.protocol:client - event = data_received(<2 bytes>)
DEBUG:websockets.protocol:client < Frame(fin=True, opcode=9, data=b'', rsv1=False, rsv2=False, rsv3=False)
DEBUG:websockets.protocol:client - received ping, sending pong: [empty]
DEBUG:websockets.protocol:client > Frame(fin=True, opcode=10, data=b'', rsv1=False, rsv2=False, rsv3=False)
DEBUG:websockets.protocol:client - event = data_received(<2 bytes>)
DEBUG:websockets.protocol:client < Frame(fin=True, opcode=9, data=b'', rsv1=False, rsv2=False, rsv3=False)
DEBUG:websockets.protocol:client - received ping, sending pong: [empty]
DEBUG:websockets.protocol:client > Frame(fin=True, opcode=10, data=b'', rsv1=False, rsv2=False, rsv3=False)
DEBUG:websockets.protocol:client - event = data_received(<2 bytes>)
DEBUG:websockets.protocol:client < Frame(fin=True, opcode=9, data=b'', rsv1=False, rsv2=False, rsv3=False)
DEBUG:websockets.protocol:client - received ping, sending pong: [empty]
DEBUG:websockets.protocol:client > Frame(fin=True, opcode=10, data=b'', rsv1=False, rsv2=False, rsv3=False)
DEBUG:websockets.protocol:client > Frame(fin=True, opcode=9, data=b'\xad\x03\x96S', rsv1=False, rsv2=False, rsv3=False)
DEBUG:websockets.protocol:client - event = data_received(<6 bytes>)
DEBUG:websockets.protocol:client < Frame(fin=True, opcode=10, data=b'\xad\x03\x96S', rsv1=False, rsv2=False, rsv3=False)
DEBUG:websockets.protocol:client - received solicited pong: ad039653
DEBUG:websockets.protocol:client - event = data_received(<2 bytes>)
DEBUG:websockets.protocol:client < Frame(fin=True, opcode=9, data=b'', rsv1=False, rsv2=False, rsv3=False)
DEBUG:websockets.protocol:client - received ping, sending pong: [empty]
DEBUG:websockets.protocol:client > Frame(fin=True, opcode=10, data=b'', rsv1=False, rsv2=False, rsv3=False)
DEBUG:websockets.protocol:client - event = data_received(<2 bytes>)
DEBUG:websockets.protocol:client < Frame(fin=True, opcode=9, data=b'', rsv1=False, rsv2=False, rsv3=False)
DEBUG:websockets.protocol:client - received ping, sending pong: [empty]
DEBUG:websockets.protocol:client > Frame(fin=True, opcode=10, data=b'', rsv1=False, rsv2=False, rsv3=False)
DEBUG:websockets.protocol:client - event = data_received(<2 bytes>)
DEBUG:websockets.protocol:client < Frame(fin=True, opcode=9, data=b'', rsv1=False, rsv2=False, rsv3=False)
DEBUG:websockets.protocol:client - received ping, sending pong: [empty]
DEBUG:websockets.protocol:client > Frame(fin=True, opcode=10, data=b'', rsv1=False, rsv2=False, rsv3=False)
DEBUG:websockets.protocol:client > Frame(fin=True, opcode=9, data=b'\\I\xb8\x8d', rsv1=False, rsv2=False, rsv3=False)
DEBUG:websockets.protocol:client - event = data_received(<6 bytes>)
DEBUG:websockets.protocol:client < Frame(fin=True, opcode=10, data=b'\\I\xb8\x8d', rsv1=False, rsv2=False, rsv3=False)
DEBUG:websockets.protocol:client - received solicited pong: 5c49b88d
DEBUG:websockets.protocol:client - event = data_received(<2 bytes>)
DEBUG:websockets.protocol:client < Frame(fin=True, opcode=9, data=b'', rsv1=False, rsv2=False, rsv3=False)
DEBUG:websockets.protocol:client - received ping, sending pong: [empty]
DEBUG:websockets.protocol:client > Frame(fin=True, opcode=10, data=b'', rsv1=False, rsv2=False, rsv3=False)
DEBUG:websockets.protocol:client - event = data_received(<2 bytes>)
DEBUG:websockets.protocol:client < Frame(fin=True, opcode=9, data=b'', rsv1=False, rsv2=False, rsv3=False)
DEBUG:websockets.protocol:client - received ping, sending pong: [empty]
DEBUG:websockets.protocol:client > Frame(fin=True, opcode=10, data=b'', rsv1=False, rsv2=False, rsv3=False)
DEBUG:websockets.protocol:client > Frame(fin=True, opcode=9, data=b'\xf7F\x8d\x06', rsv1=False, rsv2=False, rsv3=False)
DEBUG:websockets.protocol:client - event = data_received(<6 bytes>)
DEBUG:websockets.protocol:client < Frame(fin=True, opcode=10, data=b'\xf7F\x8d\x06', rsv1=False, rsv2=False, rsv3=False)
DEBUG:websockets.protocol:client - received solicited pong: f7468d06
DEBUG:websockets.protocol:client - event = data_received(<2 bytes>)
DEBUG:websockets.protocol:client < Frame(fin=True, opcode=9, data=b'', rsv1=False, rsv2=False, rsv3=False)
DEBUG:websockets.protocol:client - received ping, sending pong: [empty]
DEBUG:websockets.protocol:client > Frame(fin=True, opcode=10, data=b'', rsv1=False, rsv2=False, rsv3=False)
DEBUG:websockets.protocol:client - event = data_received(<2 bytes>)
DEBUG:websockets.protocol:client < Frame(fin=True, opcode=9, data=b'', rsv1=False, rsv2=False, rsv3=False)
DEBUG:websockets.protocol:client - received ping, sending pong: [empty]
DEBUG:websockets.protocol:client > Frame(fin=True, opcode=10, data=b'', rsv1=False, rsv2=False, rsv3=False)
DEBUG:websockets.protocol:client - event = data_received(<2 bytes>)
DEBUG:websockets.protocol:client < Frame(fin=True, opcode=9, data=b'', rsv1=False, rsv2=False, rsv3=False)
DEBUG:websockets.protocol:client - received ping, sending pong: [empty]
DEBUG:websockets.protocol:client > Frame(fin=True, opcode=10, data=b'', rsv1=False, rsv2=False, rsv3=False)
DEBUG:websockets.protocol:client - event = data_received(<2 bytes>)
DEBUG:websockets.protocol:client < Frame(fin=True, opcode=9, data=b'', rsv1=False, rsv2=False, rsv3=False)
DEBUG:websockets.protocol:client - received ping, sending pong: [empty]
DEBUG:websockets.protocol:client > Frame(fin=True, opcode=10, data=b'', rsv1=False, rsv2=False, rsv3=False)
DEBUG:websockets.protocol:client - event = data_received(<2 bytes>)
DEBUG:websockets.protocol:client < Frame(fin=True, opcode=9, data=b'', rsv1=False, rsv2=False, rsv3=False)
DEBUG:websockets.protocol:client - received ping, sending pong: [empty]
DEBUG:websockets.protocol:client > Frame(fin=True, opcode=10, data=b'', rsv1=False, rsv2=False, rsv3=False)
DEBUG:websockets.protocol:client > Frame(fin=True, opcode=9, data=b'!Z\xebl', rsv1=False, rsv2=False, rsv3=False)
DEBUG:websockets.protocol:client - event = data_received(<6 bytes>)
DEBUG:websockets.protocol:client < Frame(fin=True, opcode=10, data=b'!Z\xebl', rsv1=False, rsv2=False, rsv3=False)
DEBUG:websockets.protocol:client - received solicited pong: 215aeb6c
DEBUG:websockets.protocol:client > Frame(fin=True, opcode=9, data=b'CL \xfd', rsv1=False, rsv2=False, rsv3=False)
DEBUG:websockets.protocol:client - event = data_received(<2 bytes>)
DEBUG:websockets.protocol:client < Frame(fin=True, opcode=9, data=b'', rsv1=False, rsv2=False, rsv3=False)
DEBUG:websockets.protocol:client - received ping, sending pong: [empty]
DEBUG:websockets.protocol:client > Frame(fin=True, opcode=10, data=b'', rsv1=False, rsv2=False, rsv3=False)
DEBUG:websockets.protocol:client - event = data_received(<6 bytes>)
DEBUG:websockets.protocol:client < Frame(fin=True, opcode=10, data=b'CL \xfd', rsv1=False, rsv2=False, rsv3=False)
DEBUG:websockets.protocol:client - received solicited pong: 434c20fd
DEBUG:websockets.protocol:client - event = data_received(<2 bytes>)
DEBUG:websockets.protocol:client < Frame(fin=True, opcode=9, data=b'', rsv1=False, rsv2=False, rsv3=False)
DEBUG:websockets.protocol:client - received ping, sending pong: [empty]
DEBUG:websockets.protocol:client > Frame(fin=True, opcode=10, data=b'', rsv1=False, rsv2=False, rsv3=False)
DEBUG:websockets.protocol:client - event = data_received(<2 bytes>)
DEBUG:websockets.protocol:client < Frame(fin=True, opcode=9, data=b'', rsv1=False, rsv2=False, rsv3=False)
DEBUG:websockets.protocol:client - received ping, sending pong: [empty]
DEBUG:websockets.protocol:client > Frame(fin=True, opcode=10, data=b'', rsv1=False, rsv2=False, rsv3=False)
DEBUG:websockets.protocol:client - event = data_received(<2 bytes>)
DEBUG:websockets.protocol:client < Frame(fin=True, opcode=9, data=b'', rsv1=False, rsv2=False, rsv3=False)
DEBUG:websockets.protocol:client - received ping, sending pong: [empty]
DEBUG:websockets.protocol:client > Frame(fin=True, opcode=10, data=b'', rsv1=False, rsv2=False, rsv3=False)
DEBUG:websockets.protocol:client - event = data_received(<2 bytes>)
DEBUG:websockets.protocol:client < Frame(fin=True, opcode=9, data=b'', rsv1=False, rsv2=False, rsv3=False)
DEBUG:websockets.protocol:client - received ping, sending pong: [empty]
DEBUG:websockets.protocol:client > Frame(fin=True, opcode=10, data=b'', rsv1=False, rsv2=False, rsv3=False)
DEBUG:websockets.protocol:client - event = data_received(<2 bytes>)
DEBUG:websockets.protocol:client < Frame(fin=True, opcode=9, data=b'', rsv1=False, rsv2=False, rsv3=False)
DEBUG:websockets.protocol:client - received ping, sending pong: [empty]
DEBUG:websockets.protocol:client > Frame(fin=True, opcode=10, data=b'', rsv1=False, rsv2=False, rsv3=False)
DEBUG:websockets.protocol:client - event = data_received(<2 bytes>)
DEBUG:websockets.protocol:client < Frame(fin=True, opcode=9, data=b'', rsv1=False, rsv2=False, rsv3=False)
DEBUG:websockets.protocol:client - received ping, sending pong: [empty]
DEBUG:websockets.protocol:client > Frame(fin=True, opcode=10, data=b'', rsv1=False, rsv2=False, rsv3=False)
DEBUG:websockets.protocol:client > Frame(fin=True, opcode=9, data=b'\xd5\xd5\xfe\xd1', rsv1=False, rsv2=False, rsv3=False)
DEBUG:websockets.protocol:client - event = data_received(<6 bytes>)
DEBUG:websockets.protocol:client < Frame(fin=True, opcode=10, data=b'\xd5\xd5\xfe\xd1', rsv1=False, rsv2=False, rsv3=False)
DEBUG:websockets.protocol:client - received solicited pong: d5d5fed1
DEBUG:websockets.protocol:client - event = data_received(<2 bytes>)
DEBUG:websockets.protocol:client < Frame(fin=True, opcode=9, data=b'', rsv1=False, rsv2=False, rsv3=False)
DEBUG:websockets.protocol:client - received ping, sending pong: [empty]
DEBUG:websockets.protocol:client > Frame(fin=True, opcode=10, data=b'', rsv1=False, rsv2=False, rsv3=False)
DEBUG:websockets.protocol:client - event = data_received(<2 bytes>)
DEBUG:websockets.protocol:client < Frame(fin=True, opcode=9, data=b'', rsv1=False, rsv2=False, rsv3=False)
DEBUG:websockets.protocol:client - received ping, sending pong: [empty]
DEBUG:websockets.protocol:client > Frame(fin=True, opcode=10, data=b'', rsv1=False, rsv2=False, rsv3=False)
DEBUG:websockets.protocol:client - event = data_received(<2 bytes>)
DEBUG:websockets.protocol:client < Frame(fin=True, opcode=9, data=b'', rsv1=False, rsv2=False, rsv3=False)
DEBUG:websockets.protocol:client - received ping, sending pong: [empty]
DEBUG:websockets.protocol:client > Frame(fin=True, opcode=10, data=b'', rsv1=False, rsv2=False, rsv3=False)
DEBUG:websockets.protocol:client > Frame(fin=True, opcode=9, data=b'b\xab\x1b\xef', rsv1=False, rsv2=False, rsv3=False)
DEBUG:websockets.protocol:client - event = data_received(<6 bytes>)
DEBUG:websockets.protocol:client < Frame(fin=True, opcode=10, data=b'b\xab\x1b\xef', rsv1=False, rsv2=False, rsv3=False)
DEBUG:websockets.protocol:client - received solicited pong: 62ab1bef
DEBUG:websockets.protocol:client - event = data_received(<2 bytes>)
DEBUG:websockets.protocol:client < Frame(fin=True, opcode=9, data=b'', rsv1=False, rsv2=False, rsv3=False)
DEBUG:websockets.protocol:client - received ping, sending pong: [empty]
DEBUG:websockets.protocol:client > Frame(fin=True, opcode=10, data=b'', rsv1=False, rsv2=False, rsv3=False)
DEBUG:websockets.protocol:client - event = data_received(<2 bytes>)
DEBUG:websockets.protocol:client < Frame(fin=True, opcode=9, data=b'', rsv1=False, rsv2=False, rsv3=False)
DEBUG:websockets.protocol:client - received ping, sending pong: [empty]
DEBUG:websockets.protocol:client > Frame(fin=True, opcode=10, data=b'', rsv1=False, rsv2=False, rsv3=False)
DEBUG:websockets.protocol:client - event = data_received(<2 bytes>)
DEBUG:websockets.protocol:client < Frame(fin=True, opcode=9, data=b'', rsv1=False, rsv2=False, rsv3=False)
DEBUG:websockets.protocol:client - received ping, sending pong: [empty]
DEBUG:websockets.protocol:client > Frame(fin=True, opcode=10, data=b'', rsv1=False, rsv2=False, rsv3=False)
DEBUG:websockets.protocol:client - event = data_received(<2 bytes>)
DEBUG:websockets.protocol:client < Frame(fin=True, opcode=9, data=b'', rsv1=False, rsv2=False, rsv3=False)
DEBUG:websockets.protocol:client - received ping, sending pong: [empty]
DEBUG:websockets.protocol:client > Frame(fin=True, opcode=10, data=b'', rsv1=False, rsv2=False, rsv3=False)
DEBUG:websockets.protocol:client > Frame(fin=True, opcode=9, data=b'\xce\x10\x9b)', rsv1=False, rsv2=False, rsv3=False)
DEBUG:websockets.protocol:client - event = data_received(<6 bytes>)
DEBUG:websockets.protocol:client < Frame(fin=True, opcode=10, data=b'\xce\x10\x9b)', rsv1=False, rsv2=False, rsv3=False)
DEBUG:websockets.protocol:client - received solicited pong: ce109b29
DEBUG:websockets.protocol:client - event = data_received(<2 bytes>)
DEBUG:websockets.protocol:client < Frame(fin=True, opcode=9, data=b'', rsv1=False, rsv2=False, rsv3=False)
DEBUG:websockets.protocol:client - received ping, sending pong: [empty]
DEBUG:websockets.protocol:client > Frame(fin=True, opcode=10, data=b'', rsv1=False, rsv2=False, rsv3=False)
DEBUG:websockets.protocol:client - event = data_received(<2 bytes>)
DEBUG:websockets.protocol:client < Frame(fin=True, opcode=9, data=b'', rsv1=False, rsv2=False, rsv3=False)
DEBUG:websockets.protocol:client - received ping, sending pong: [empty]
DEBUG:websockets.protocol:client > Frame(fin=True, opcode=10, data=b'', rsv1=False, rsv2=False, rsv3=False)
DEBUG:websockets.protocol:client - event = data_received(<2 bytes>)
DEBUG:websockets.protocol:client < Frame(fin=True, opcode=9, data=b'', rsv1=False, rsv2=False, rsv3=False)
DEBUG:websockets.protocol:client - received ping, sending pong: [empty]
DEBUG:websockets.protocol:client > Frame(fin=True, opcode=10, data=b'', rsv1=False, rsv2=False, rsv3=False)
DEBUG:websockets.protocol:client - event = data_received(<2 bytes>)
DEBUG:websockets.protocol:client < Frame(fin=True, opcode=9, data=b'', rsv1=False, rsv2=False, rsv3=False)
DEBUG:websockets.protocol:client - received ping, sending pong: [empty]
DEBUG:websockets.protocol:client > Frame(fin=True, opcode=10, data=b'', rsv1=False, rsv2=False, rsv3=False)
DEBUG:websockets.protocol:client > Frame(fin=True, opcode=9, data=b'\x80c\x19\x01', rsv1=False, rsv2=False, rsv3=False)
DEBUG:websockets.protocol:client - event = data_received(<6 bytes>)
DEBUG:websockets.protocol:client < Frame(fin=True, opcode=10, data=b'\x80c\x19\x01', rsv1=False, rsv2=False, rsv3=False)
DEBUG:websockets.protocol:client - received solicited pong: 80631901
DEBUG:websockets.protocol:client - event = data_received(<2 bytes>)
DEBUG:websockets.protocol:client < Frame(fin=True, opcode=9, data=b'', rsv1=False, rsv2=False, rsv3=False)
DEBUG:websockets.protocol:client - received ping, sending pong: [empty]
DEBUG:websockets.protocol:client > Frame(fin=True, opcode=10, data=b'', rsv1=False, rsv2=False, rsv3=False)
DEBUG:websockets.protocol:client > Frame(fin=True, opcode=9, data=b'U\xee\x11\x9c', rsv1=False, rsv2=False, rsv3=False)
DEBUG:websockets.protocol:client - event = data_received(<6 bytes>)
DEBUG:websockets.protocol:client < Frame(fin=True, opcode=10, data=b'U\xee\x11\x9c', rsv1=False, rsv2=False, rsv3=False)
DEBUG:websockets.protocol:client - received solicited pong: 55ee119c
DEBUG:websockets.protocol:client - event = data_received(<2 bytes>)
DEBUG:websockets.protocol:client < Frame(fin=True, opcode=9, data=b'', rsv1=False, rsv2=False, rsv3=False)
DEBUG:websockets.protocol:client - received ping, sending pong: [empty]
DEBUG:websockets.protocol:client > Frame(fin=True, opcode=10, data=b'', rsv1=False, rsv2=False, rsv3=False)
DEBUG:websockets.protocol:client - event = data_received(<2 bytes>)
DEBUG:websockets.protocol:client < Frame(fin=True, opcode=9, data=b'', rsv1=False, rsv2=False, rsv3=False)
DEBUG:websockets.protocol:client - received ping, sending pong: [empty]
DEBUG:websockets.protocol:client > Frame(fin=True, opcode=10, data=b'', rsv1=False, rsv2=False, rsv3=False)
DEBUG:websockets.protocol:client - event = data_received(<2 bytes>)
DEBUG:websockets.protocol:client < Frame(fin=True, opcode=9, data=b'', rsv1=False, rsv2=False, rsv3=False)
DEBUG:websockets.protocol:client - received ping, sending pong: [empty]
DEBUG:websockets.protocol:client > Frame(fin=True, opcode=10, data=b'', rsv1=False, rsv2=False, rsv3=False)
DEBUG:websockets.protocol:client - event = data_received(<2 bytes>)
DEBUG:websockets.protocol:client < Frame(fin=True, opcode=9, data=b'', rsv1=False, rsv2=False, rsv3=False)
DEBUG:websockets.protocol:client - received ping, sending pong: [empty]
DEBUG:websockets.protocol:client > Frame(fin=True, opcode=10, data=b'', rsv1=False, rsv2=False, rsv3=False)
DEBUG:websockets.protocol:client - event = data_received(<2 bytes>)
DEBUG:websockets.protocol:client < Frame(fin=True, opcode=9, data=b'', rsv1=False, rsv2=False, rsv3=False)
DEBUG:websockets.protocol:client - received ping, sending pong: [empty]
DEBUG:websockets.protocol:client > Frame(fin=True, opcode=10, data=b'', rsv1=False, rsv2=False, rsv3=False)
DEBUG:websockets.protocol:client > Frame(fin=True, opcode=9, data=b'j\xa6\x18\x9b', rsv1=False, rsv2=False, rsv3=False)
DEBUG:websockets.protocol:client - event = data_received(<6 bytes>)
DEBUG:websockets.protocol:client < Frame(fin=True, opcode=10, data=b'j\xa6\x18\x9b', rsv1=False, rsv2=False, rsv3=False)
DEBUG:websockets.protocol:client - received solicited pong: 6aa6189b
DEBUG:websockets.protocol:client - event = data_received(<2 bytes>)
DEBUG:websockets.protocol:client < Frame(fin=True, opcode=9, data=b'', rsv1=False, rsv2=False, rsv3=False)
DEBUG:websockets.protocol:client - received ping, sending pong: [empty]
DEBUG:websockets.protocol:client > Frame(fin=True, opcode=10, data=b'', rsv1=False, rsv2=False, rsv3=False)
DEBUG:websockets.protocol:client - event = data_received(<2 bytes>)
DEBUG:websockets.protocol:client < Frame(fin=True, opcode=9, data=b'', rsv1=False, rsv2=False, rsv3=False)
DEBUG:websockets.protocol:client - received ping, sending pong: [empty]
DEBUG:websockets.protocol:client > Frame(fin=True, opcode=10, data=b'', rsv1=False, rsv2=False, rsv3=False)
DEBUG:websockets.protocol:client > Frame(fin=True, opcode=9, data=b'\xc5\xd49\x92', rsv1=False, rsv2=False, rsv3=False)
DEBUG:websockets.protocol:client - event = data_received(<6 bytes>)
DEBUG:websockets.protocol:client < Frame(fin=True, opcode=10, data=b'\xc5\xd49\x92', rsv1=False, rsv2=False, rsv3=False)
DEBUG:websockets.protocol:client - received solicited pong: c5d43992
DEBUG:websockets.protocol:client - event = data_received(<2 bytes>)
DEBUG:websockets.protocol:client < Frame(fin=True, opcode=9, data=b'', rsv1=False, rsv2=False, rsv3=False)
DEBUG:websockets.protocol:client - received ping, sending pong: [empty]
DEBUG:websockets.protocol:client > Frame(fin=True, opcode=10, data=b'', rsv1=False, rsv2=False, rsv3=False)
DEBUG:websockets.protocol:client - event = data_received(<2 bytes>)
DEBUG:websockets.protocol:client < Frame(fin=True, opcode=9, data=b'', rsv1=False, rsv2=False, rsv3=False)
DEBUG:websockets.protocol:client - received ping, sending pong: [empty]
DEBUG:websockets.protocol:client > Frame(fin=True, opcode=10, data=b'', rsv1=False, rsv2=False, rsv3=False)
DEBUG:websockets.protocol:client - event = data_received(<2 bytes>)
DEBUG:websockets.protocol:client < Frame(fin=True, opcode=9, data=b'', rsv1=False, rsv2=False, rsv3=False)
DEBUG:websockets.protocol:client - received ping, sending pong: [empty]
DEBUG:websockets.protocol:client > Frame(fin=True, opcode=10, data=b'', rsv1=False, rsv2=False, rsv3=False)
DEBUG:websockets.protocol:client > Frame(fin=True, opcode=9, data=b'\x08(\xd5\xe4', rsv1=False, rsv2=False, rsv3=False)
DEBUG:websockets.protocol:client - event = data_received(<6 bytes>)
DEBUG:websockets.protocol:client < Frame(fin=True, opcode=10, data=b'\x08(\xd5\xe4', rsv1=False, rsv2=False, rsv3=False)
DEBUG:websockets.protocol:client - received solicited pong: 0828d5e4
DEBUG:websockets.protocol:client - event = data_received(<2 bytes>)
DEBUG:websockets.protocol:client < Frame(fin=True, opcode=9, data=b'', rsv1=False, rsv2=False, rsv3=False)
DEBUG:websockets.protocol:client - received ping, sending pong: [empty]
DEBUG:websockets.protocol:client > Frame(fin=True, opcode=10, data=b'', rsv1=False, rsv2=False, rsv3=False)
DEBUG:websockets.protocol:client - event = data_received(<2 bytes>)
DEBUG:websockets.protocol:client < Frame(fin=True, opcode=9, data=b'', rsv1=False, rsv2=False, rsv3=False)
DEBUG:websockets.protocol:client - received ping, sending pong: [empty]
DEBUG:websockets.protocol:client > Frame(fin=True, opcode=10, data=b'', rsv1=False, rsv2=False, rsv3=False)
DEBUG:websockets.protocol:client - event = data_received(<2 bytes>)
DEBUG:websockets.protocol:client < Frame(fin=True, opcode=9, data=b'', rsv1=False, rsv2=False, rsv3=False)
DEBUG:websockets.protocol:client - received ping, sending pong: [empty]
DEBUG:websockets.protocol:client > Frame(fin=True, opcode=10, data=b'', rsv1=False, rsv2=False, rsv3=False)
DEBUG:websockets.protocol:client - event = data_received(<2 bytes>)
DEBUG:websockets.protocol:client < Frame(fin=True, opcode=9, data=b'', rsv1=False, rsv2=False, rsv3=False)
DEBUG:websockets.protocol:client - received ping, sending pong: [empty]
DEBUG:websockets.protocol:client > Frame(fin=True, opcode=10, data=b'', rsv1=False, rsv2=False, rsv3=False)
DEBUG:websockets.protocol:client - event = data_received(<2 bytes>)
DEBUG:websockets.protocol:client < Frame(fin=True, opcode=9, data=b'', rsv1=False, rsv2=False, rsv3=False)
DEBUG:websockets.protocol:client - received ping, sending pong: [empty]
DEBUG:websockets.protocol:client > Frame(fin=True, opcode=10, data=b'', rsv1=False, rsv2=False, rsv3=False)
DEBUG:websockets.protocol:client > Frame(fin=True, opcode=9, data=b'xO\xabc', rsv1=False, rsv2=False, rsv3=False)
DEBUG:websockets.protocol:client - event = data_received(<6 bytes>)
DEBUG:websockets.protocol:client < Frame(fin=True, opcode=10, data=b'xO\xabc', rsv1=False, rsv2=False, rsv3=False)
DEBUG:websockets.protocol:client - received solicited pong: 784fab63
DEBUG:websockets.protocol:client - event = data_received(<2 bytes>)
DEBUG:websockets.protocol:client < Frame(fin=True, opcode=9, data=b'', rsv1=False, rsv2=False, rsv3=False)
DEBUG:websockets.protocol:client - received ping, sending pong: [empty]
DEBUG:websockets.protocol:client > Frame(fin=True, opcode=10, data=b'', rsv1=False, rsv2=False, rsv3=False)
DEBUG:websockets.protocol:client > Frame(fin=True, opcode=9, data=b'\xf6/Tp', rsv1=False, rsv2=False, rsv3=False)
DEBUG:websockets.protocol:client - event = data_received(<6 bytes>)
DEBUG:websockets.protocol:client < Frame(fin=True, opcode=10, data=b'\xf6/Tp', rsv1=False, rsv2=False, rsv3=False)
DEBUG:websockets.protocol:client - received solicited pong: f62f5470
DEBUG:websockets.protocol:client - event = data_received(<2 bytes>)
DEBUG:websockets.protocol:client < Frame(fin=True, opcode=9, data=b'', rsv1=False, rsv2=False, rsv3=False)
DEBUG:websockets.protocol:client - received ping, sending pong: [empty]
DEBUG:websockets.protocol:client > Frame(fin=True, opcode=10, data=b'', rsv1=False, rsv2=False, rsv3=False)
DEBUG:websockets.protocol:client - event = data_received(<2 bytes>)
DEBUG:websockets.protocol:client < Frame(fin=True, opcode=9, data=b'', rsv1=False, rsv2=False, rsv3=False)
DEBUG:websockets.protocol:client - received ping, sending pong: [empty]
DEBUG:websockets.protocol:client > Frame(fin=True, opcode=10, data=b'', rsv1=False, rsv2=False, rsv3=False)
DEBUG:websockets.protocol:client - event = data_received(<2 bytes>)
DEBUG:websockets.protocol:client < Frame(fin=True, opcode=9, data=b'', rsv1=False, rsv2=False, rsv3=False)
DEBUG:websockets.protocol:client - received ping, sending pong: [empty]
DEBUG:websockets.protocol:client > Frame(fin=True, opcode=10, data=b'', rsv1=False, rsv2=False, rsv3=False)
DEBUG:websockets.protocol:client - event = data_received(<2 bytes>)
DEBUG:websockets.protocol:client < Frame(fin=True, opcode=9, data=b'', rsv1=False, rsv2=False, rsv3=False)
DEBUG:websockets.protocol:client - received ping, sending pong: [empty]
DEBUG:websockets.protocol:client > Frame(fin=True, opcode=10, data=b'', rsv1=False, rsv2=False, rsv3=False)
DEBUG:websockets.protocol:client - event = data_received(<2 bytes>)
DEBUG:websockets.protocol:client < Frame(fin=True, opcode=9, data=b'', rsv1=False, rsv2=False, rsv3=False)
DEBUG:websockets.protocol:client - received ping, sending pong: [empty]
DEBUG:websockets.protocol:client > Frame(fin=True, opcode=10, data=b'', rsv1=False, rsv2=False, rsv3=False)
DEBUG:websockets.protocol:client > Frame(fin=True, opcode=9, data=b'\x9e\x0e\xeb.', rsv1=False, rsv2=False, rsv3=False)
DEBUG:websockets.protocol:client - event = data_received(<6 bytes>)
DEBUG:websockets.protocol:client < Frame(fin=True, opcode=10, data=b'\x9e\x0e\xeb.', rsv1=False, rsv2=False, rsv3=False)
DEBUG:websockets.protocol:client - received solicited pong: 9e0eeb2e
DEBUG:websockets.protocol:client - event = data_received(<2 bytes>)
DEBUG:websockets.protocol:client < Frame(fin=True, opcode=9, data=b'', rsv1=False, rsv2=False, rsv3=False)
DEBUG:websockets.protocol:client - received ping, sending pong: [empty]
DEBUG:websockets.protocol:client > Frame(fin=True, opcode=10, data=b'', rsv1=False, rsv2=False, rsv3=False)
DEBUG:websockets.protocol:client - event = data_received(<2 bytes>)
DEBUG:websockets.protocol:client < Frame(fin=True, opcode=9, data=b'', rsv1=False, rsv2=False, rsv3=False)
DEBUG:websockets.protocol:client - received ping, sending pong: [empty]
DEBUG:websockets.protocol:client > Frame(fin=True, opcode=10, data=b'', rsv1=False, rsv2=False, rsv3=False)
DEBUG:websockets.protocol:client - event = data_received(<2 bytes>)
DEBUG:websockets.protocol:client < Frame(fin=True, opcode=9, data=b'', rsv1=False, rsv2=False, rsv3=False)
DEBUG:websockets.protocol:client - received ping, sending pong: [empty]
DEBUG:websockets.protocol:client > Frame(fin=True, opcode=10, data=b'', rsv1=False, rsv2=False, rsv3=False)
DEBUG:websockets.protocol:client > Frame(fin=True, opcode=9, data=b'\x97f\x91\xa5', rsv1=False, rsv2=False, rsv3=False)
DEBUG:websockets.protocol:client - event = data_received(<6 bytes>)
DEBUG:websockets.protocol:client < Frame(fin=True, opcode=10, data=b'\x97f\x91\xa5', rsv1=False, rsv2=False, rsv3=False)
DEBUG:websockets.protocol:client - received solicited pong: 976691a5
DEBUG:websockets.protocol:client - event = data_received(<2 bytes>)
DEBUG:websockets.protocol:client < Frame(fin=True, opcode=9, data=b'', rsv1=False, rsv2=False, rsv3=False)
DEBUG:websockets.protocol:client - received ping, sending pong: [empty]
DEBUG:websockets.protocol:client > Frame(fin=True, opcode=10, data=b'', rsv1=False, rsv2=False, rsv3=False)
DEBUG:websockets.protocol:client - event = data_received(<2 bytes>)
DEBUG:websockets.protocol:client < Frame(fin=True, opcode=9, data=b'', rsv1=False, rsv2=False, rsv3=False)
DEBUG:websockets.protocol:client - received ping, sending pong: [empty]
DEBUG:websockets.protocol:client > Frame(fin=True, opcode=10, data=b'', rsv1=False, rsv2=False, rsv3=False)
DEBUG:websockets.protocol:client - event = data_received(<2 bytes>)
DEBUG:websockets.protocol:client < Frame(fin=True, opcode=9, data=b'', rsv1=False, rsv2=False, rsv3=False)
DEBUG:websockets.protocol:client - received ping, sending pong: [empty]
DEBUG:websockets.protocol:client > Frame(fin=True, opcode=10, data=b'', rsv1=False, rsv2=False, rsv3=False)
DEBUG:websockets.protocol:client > Frame(fin=True, opcode=9, data=b'\xb0\xe0R\xdb', rsv1=False, rsv2=False, rsv3=False)
DEBUG:websockets.protocol:client - event = data_received(<6 bytes>)
DEBUG:websockets.protocol:client < Frame(fin=True, opcode=10, data=b'\xb0\xe0R\xdb', rsv1=False, rsv2=False, rsv3=False)
DEBUG:websockets.protocol:client - received solicited pong: b0e052db
DEBUG:websockets.protocol:client - event = data_received(<2 bytes>)
DEBUG:websockets.protocol:client < Frame(fin=True, opcode=9, data=b'', rsv1=False, rsv2=False, rsv3=False)
DEBUG:websockets.protocol:client - received ping, sending pong: [empty]
DEBUG:websockets.protocol:client > Frame(fin=True, opcode=10, data=b'', rsv1=False, rsv2=False, rsv3=False)
DEBUG:websockets.protocol:client - event = data_received(<2 bytes>)
DEBUG:websockets.protocol:client < Frame(fin=True, opcode=9, data=b'', rsv1=False, rsv2=False, rsv3=False)
DEBUG:websockets.protocol:client - received ping, sending pong: [empty]
DEBUG:websockets.protocol:client > Frame(fin=True, opcode=10, data=b'', rsv1=False, rsv2=False, rsv3=False)
DEBUG:websockets.protocol:client - event = data_received(<2 bytes>)
DEBUG:websockets.protocol:client < Frame(fin=True, opcode=9, data=b'', rsv1=False, rsv2=False, rsv3=False)
DEBUG:websockets.protocol:client - received ping, sending pong: [empty]
DEBUG:websockets.protocol:client > Frame(fin=True, opcode=10, data=b'', rsv1=False, rsv2=False, rsv3=False)
DEBUG:websockets.protocol:client - event = data_received(<2 bytes>)
DEBUG:websockets.protocol:client < Frame(fin=True, opcode=9, data=b'', rsv1=False, rsv2=False, rsv3=False)
DEBUG:websockets.protocol:client - received ping, sending pong: [empty]
DEBUG:websockets.protocol:client > Frame(fin=True, opcode=10, data=b'', rsv1=False, rsv2=False, rsv3=False)
DEBUG:websockets.protocol:client - event = data_received(<2 bytes>)
DEBUG:websockets.protocol:client < Frame(fin=True, opcode=9, data=b'', rsv1=False, rsv2=False, rsv3=False)
DEBUG:websockets.protocol:client - received ping, sending pong: [empty]
DEBUG:websockets.protocol:client > Frame(fin=True, opcode=10, data=b'', rsv1=False, rsv2=False, rsv3=False)
DEBUG:websockets.protocol:client > Frame(fin=True, opcode=9, data=b'\x0e\xa0B\n', rsv1=False, rsv2=False, rsv3=False)
DEBUG:websockets.protocol:client - event = data_received(<6 bytes>)
DEBUG:websockets.protocol:client < Frame(fin=True, opcode=10, data=b'\x0e\xa0B\n', rsv1=False, rsv2=False, rsv3=False)
DEBUG:websockets.protocol:client - received solicited pong: 0ea0420a
DEBUG:websockets.protocol:client - event = data_received(<2 bytes>)
DEBUG:websockets.protocol:client < Frame(fin=True, opcode=9, data=b'', rsv1=False, rsv2=False, rsv3=False)
DEBUG:websockets.protocol:client - received ping, sending pong: [empty]
DEBUG:websockets.protocol:client > Frame(fin=True, opcode=10, data=b'', rsv1=False, rsv2=False, rsv3=False)
DEBUG:websockets.protocol:client > Frame(fin=True, opcode=9, data=b'\xf0\x82\x05n', rsv1=False, rsv2=False, rsv3=False)
DEBUG:websockets.protocol:client - event = data_received(<6 bytes>)
DEBUG:websockets.protocol:client < Frame(fin=True, opcode=10, data=b'\xf0\x82\x05n', rsv1=False, rsv2=False, rsv3=False)
DEBUG:websockets.protocol:client - received solicited pong: f082056e
DEBUG:websockets.protocol:client - event = data_received(<2 bytes>)
DEBUG:websockets.protocol:client < Frame(fin=True, opcode=9, data=b'', rsv1=False, rsv2=False, rsv3=False)
DEBUG:websockets.protocol:client - received ping, sending pong: [empty]
DEBUG:websockets.protocol:client > Frame(fin=True, opcode=10, data=b'', rsv1=False, rsv2=False, rsv3=False)
DEBUG:websockets.protocol:client - event = data_received(<2 bytes>)
DEBUG:websockets.protocol:client < Frame(fin=True, opcode=9, data=b'', rsv1=False, rsv2=False, rsv3=False)
DEBUG:websockets.protocol:client - received ping, sending pong: [empty]
DEBUG:websockets.protocol:client > Frame(fin=True, opcode=10, data=b'', rsv1=False, rsv2=False, rsv3=False)
DEBUG:websockets.protocol:client - event = data_received(<2 bytes>)
DEBUG:websockets.protocol:client < Frame(fin=True, opcode=9, data=b'', rsv1=False, rsv2=False, rsv3=False)
DEBUG:websockets.protocol:client - received ping, sending pong: [empty]
DEBUG:websockets.protocol:client > Frame(fin=True, opcode=10, data=b'', rsv1=False, rsv2=False, rsv3=False)
DEBUG:websockets.protocol:client - event = data_received(<2 bytes>)
DEBUG:websockets.protocol:client < Frame(fin=True, opcode=9, data=b'', rsv1=False, rsv2=False, rsv3=False)
DEBUG:websockets.protocol:client - received ping, sending pong: [empty]
DEBUG:websockets.protocol:client > Frame(fin=True, opcode=10, data=b'', rsv1=False, rsv2=False, rsv3=False)
DEBUG:websockets.protocol:client - event = data_received(<2 bytes>)
DEBUG:websockets.protocol:client < Frame(fin=True, opcode=9, data=b'', rsv1=False, rsv2=False, rsv3=False)
DEBUG:websockets.protocol:client - received ping, sending pong: [empty]
DEBUG:websockets.protocol:client > Frame(fin=True, opcode=10, data=b'', rsv1=False, rsv2=False, rsv3=False)
DEBUG:websockets.protocol:client > Frame(fin=True, opcode=9, data=b'\xbd\xe5\xe1\xf9', rsv1=False, rsv2=False, rsv3=False)
DEBUG:websockets.protocol:client - event = data_received(<2 bytes>)
DEBUG:websockets.protocol:client < Frame(fin=True, opcode=9, data=b'', rsv1=False, rsv2=False, rsv3=False)
DEBUG:websockets.protocol:client - received ping, sending pong: [empty]
DEBUG:websockets.protocol:client > Frame(fin=True, opcode=10, data=b'', rsv1=False, rsv2=False, rsv3=False)
DEBUG:websockets.protocol:client - event = data_received(<6 bytes>)
DEBUG:websockets.protocol:client < Frame(fin=True, opcode=10, data=b'\xbd\xe5\xe1\xf9', rsv1=False, rsv2=False, rsv3=False)
DEBUG:websockets.protocol:client - received solicited pong: bde5e1f9
DEBUG:websockets.protocol:client - event = data_received(<2 bytes>)
DEBUG:websockets.protocol:client < Frame(fin=True, opcode=9, data=b'', rsv1=False, rsv2=False, rsv3=False)
DEBUG:websockets.protocol:client - received ping, sending pong: [empty]
DEBUG:websockets.protocol:client > Frame(fin=True, opcode=10, data=b'', rsv1=False, rsv2=False, rsv3=False)
DEBUG:websockets.protocol:client - event = data_received(<2 bytes>)
DEBUG:websockets.protocol:client < Frame(fin=True, opcode=9, data=b'', rsv1=False, rsv2=False, rsv3=False)
DEBUG:websockets.protocol:client - received ping, sending pong: [empty]
DEBUG:websockets.protocol:client > Frame(fin=True, opcode=10, data=b'', rsv1=False, rsv2=False, rsv3=False)
DEBUG:websockets.protocol:client > Frame(fin=True, opcode=9, data=b'yr\xd8\xdd', rsv1=False, rsv2=False, rsv3=False)
DEBUG:websockets.protocol:client - event = data_received(<6 bytes>)
DEBUG:websockets.protocol:client < Frame(fin=True, opcode=10, data=b'yr\xd8\xdd', rsv1=False, rsv2=False, rsv3=False)
DEBUG:websockets.protocol:client - received solicited pong: 7972d8dd
DEBUG:websockets.protocol:client - event = data_received(<2 bytes>)
DEBUG:websockets.protocol:client < Frame(fin=True, opcode=9, data=b'', rsv1=False, rsv2=False, rsv3=False)
DEBUG:websockets.protocol:client - received ping, sending pong: [empty]
DEBUG:websockets.protocol:client > Frame(fin=True, opcode=10, data=b'', rsv1=False, rsv2=False, rsv3=False)
DEBUG:websockets.protocol:client - event = data_received(<2 bytes>)
DEBUG:websockets.protocol:client < Frame(fin=True, opcode=9, data=b'', rsv1=False, rsv2=False, rsv3=False)
DEBUG:websockets.protocol:client - received ping, sending pong: [empty]
DEBUG:websockets.protocol:client > Frame(fin=True, opcode=10, data=b'', rsv1=False, rsv2=False, rsv3=False)
DEBUG:websockets.protocol:client - event = data_received(<2 bytes>)
DEBUG:websockets.protocol:client < Frame(fin=True, opcode=9, data=b'', rsv1=False, rsv2=False, rsv3=False)
DEBUG:websockets.protocol:client - received ping, sending pong: [empty]
DEBUG:websockets.protocol:client > Frame(fin=True, opcode=10, data=b'', rsv1=False, rsv2=False, rsv3=False)
DEBUG:websockets.protocol:client - event = data_received(<2 bytes>)
DEBUG:websockets.protocol:client < Frame(fin=True, opcode=9, data=b'', rsv1=False, rsv2=False, rsv3=False)
DEBUG:websockets.protocol:client - received ping, sending pong: [empty]
DEBUG:websockets.protocol:client > Frame(fin=True, opcode=10, data=b'', rsv1=False, rsv2=False, rsv3=False)
DEBUG:websockets.protocol:client > Frame(fin=True, opcode=9, data=b'\xbd\x81\x8b\x00', rsv1=False, rsv2=False, rsv3=False)
DEBUG:websockets.protocol:client - event = data_received(<6 bytes>)
DEBUG:websockets.protocol:client < Frame(fin=True, opcode=10, data=b'\xbd\x81\x8b\x00', rsv1=False, rsv2=False, rsv3=False)
DEBUG:websockets.protocol:client - received solicited pong: bd818b00
DEBUG:websockets.protocol:client - event = data_received(<2 bytes>)
DEBUG:websockets.protocol:client < Frame(fin=True, opcode=9, data=b'', rsv1=False, rsv2=False, rsv3=False)
DEBUG:websockets.protocol:client - received ping, sending pong: [empty]
DEBUG:websockets.protocol:client > Frame(fin=True, opcode=10, data=b'', rsv1=False, rsv2=False, rsv3=False)
DEBUG:websockets.protocol:client - event = data_received(<2 bytes>)
DEBUG:websockets.protocol:client < Frame(fin=True, opcode=9, data=b'', rsv1=False, rsv2=False, rsv3=False)
DEBUG:websockets.protocol:client - received ping, sending pong: [empty]
DEBUG:websockets.protocol:client > Frame(fin=True, opcode=10, data=b'', rsv1=False, rsv2=False, rsv3=False)
DEBUG:websockets.protocol:client - event = data_received(<2 bytes>)
DEBUG:websockets.protocol:client < Frame(fin=True, opcode=9, data=b'', rsv1=False, rsv2=False, rsv3=False)
DEBUG:websockets.protocol:client - received ping, sending pong: [empty]
DEBUG:websockets.protocol:client > Frame(fin=True, opcode=10, data=b'', rsv1=False, rsv2=False, rsv3=False)
DEBUG:websockets.protocol:client - event = data_received(<2 bytes>)
DEBUG:websockets.protocol:client < Frame(fin=True, opcode=9, data=b'', rsv1=False, rsv2=False, rsv3=False)
DEBUG:websockets.protocol:client - received ping, sending pong: [empty]
DEBUG:websockets.protocol:client > Frame(fin=True, opcode=10, data=b'', rsv1=False, rsv2=False, rsv3=False)
DEBUG:websockets.protocol:client - event = data_received(<2 bytes>)
DEBUG:websockets.protocol:client < Frame(fin=True, opcode=9, data=b'', rsv1=False, rsv2=False, rsv3=False)
DEBUG:websockets.protocol:client - received ping, sending pong: [empty]
DEBUG:websockets.protocol:client > Frame(fin=True, opcode=10, data=b'', rsv1=False, rsv2=False, rsv3=False)
DEBUG:websockets.protocol:client - event = data_received(<2 bytes>)
DEBUG:websockets.protocol:client < Frame(fin=True, opcode=9, data=b'', rsv1=False, rsv2=False, rsv3=False)
DEBUG:websockets.protocol:client - received ping, sending pong: [empty]
DEBUG:websockets.protocol:client > Frame(fin=True, opcode=10, data=b'', rsv1=False, rsv2=False, rsv3=False)
DEBUG:websockets.protocol:client > Frame(fin=True, opcode=9, data=b'Kr\x19\xb8', rsv1=False, rsv2=False, rsv3=False)
DEBUG:websockets.protocol:client - event = data_received(<6 bytes>)
DEBUG:websockets.protocol:client < Frame(fin=True, opcode=10, data=b'Kr\x19\xb8', rsv1=False, rsv2=False, rsv3=False)
DEBUG:websockets.protocol:client - received solicited pong: 4b7219b8
DEBUG:websockets.protocol:client - event = data_received(<2 bytes>)
DEBUG:websockets.protocol:client < Frame(fin=True, opcode=9, data=b'', rsv1=False, rsv2=False, rsv3=False)
DEBUG:websockets.protocol:client - received ping, sending pong: [empty]
DEBUG:websockets.protocol:client > Frame(fin=True, opcode=10, data=b'', rsv1=False, rsv2=False, rsv3=False)
DEBUG:websockets.protocol:client > Frame(fin=True, opcode=9, data=b'\xf2\xbe\x97\xab', rsv1=False, rsv2=False, rsv3=False)
DEBUG:websockets.protocol:client - event = data_received(<6 bytes>)
DEBUG:websockets.protocol:client < Frame(fin=True, opcode=10, data=b'\xf2\xbe\x97\xab', rsv1=False, rsv2=False, rsv3=False)
DEBUG:websockets.protocol:client - received solicited pong: f2be97ab
DEBUG:websockets.protocol:client - event = data_received(<2 bytes>)
DEBUG:websockets.protocol:client < Frame(fin=True, opcode=9, data=b'', rsv1=False, rsv2=False, rsv3=False)
DEBUG:websockets.protocol:client - received ping, sending pong: [empty]
DEBUG:websockets.protocol:client > Frame(fin=True, opcode=10, data=b'', rsv1=False, rsv2=False, rsv3=False)
DEBUG:websockets.protocol:client - event = data_received(<2 bytes>)
DEBUG:websockets.protocol:client < Frame(fin=True, opcode=9, data=b'', rsv1=False, rsv2=False, rsv3=False)
DEBUG:websockets.protocol:client - received ping, sending pong: [empty]
DEBUG:websockets.protocol:client > Frame(fin=True, opcode=10, data=b'', rsv1=False, rsv2=False, rsv3=False)
DEBUG:websockets.protocol:client - event = data_received(<2 bytes>)
DEBUG:websockets.protocol:client < Frame(fin=True, opcode=9, data=b'', rsv1=False, rsv2=False, rsv3=False)
DEBUG:websockets.protocol:client - received ping, sending pong: [empty]
DEBUG:websockets.protocol:client > Frame(fin=True, opcode=10, data=b'', rsv1=False, rsv2=False, rsv3=False)
DEBUG:websockets.protocol:client - event = data_received(<2 bytes>)
DEBUG:websockets.protocol:client < Frame(fin=True, opcode=9, data=b'', rsv1=False, rsv2=False, rsv3=False)
DEBUG:websockets.protocol:client - received ping, sending pong: [empty]
DEBUG:websockets.protocol:client > Frame(fin=True, opcode=10, data=b'', rsv1=False, rsv2=False, rsv3=False)
DEBUG:websockets.protocol:client - event = data_received(<2 bytes>)
DEBUG:websockets.protocol:client < Frame(fin=True, opcode=9, data=b'', rsv1=False, rsv2=False, rsv3=False)
DEBUG:websockets.protocol:client - received ping, sending pong: [empty]
DEBUG:websockets.protocol:client > Frame(fin=True, opcode=10, data=b'', rsv1=False, rsv2=False, rsv3=False)
DEBUG:websockets.protocol:client > Frame(fin=True, opcode=9, data=b'U-\x0bj', rsv1=False, rsv2=False, rsv3=False)
DEBUG:websockets.protocol:client - event = data_received(<6 bytes>)
DEBUG:websockets.protocol:client < Frame(fin=True, opcode=10, data=b'U-\x0bj', rsv1=False, rsv2=False, rsv3=False)
DEBUG:websockets.protocol:client - received solicited pong: 552d0b6a
DEBUG:websockets.protocol:client - event = data_received(<2 bytes>)
DEBUG:websockets.protocol:client < Frame(fin=True, opcode=9, data=b'', rsv1=False, rsv2=False, rsv3=False)
DEBUG:websockets.protocol:client - received ping, sending pong: [empty]
DEBUG:websockets.protocol:client > Frame(fin=True, opcode=10, data=b'', rsv1=False, rsv2=False, rsv3=False)
DEBUG:websockets.protocol:client - event = data_received(<2 bytes>)
DEBUG:websockets.protocol:client < Frame(fin=True, opcode=9, data=b'', rsv1=False, rsv2=False, rsv3=False)
DEBUG:websockets.protocol:client - received ping, sending pong: [empty]
DEBUG:websockets.protocol:client > Frame(fin=True, opcode=10, data=b'', rsv1=False, rsv2=False, rsv3=False)
DEBUG:websockets.protocol:client > Frame(fin=True, opcode=9, data=b'\xc2\xf4\x86\xc3', rsv1=False, rsv2=False, rsv3=False)
DEBUG:websockets.protocol:client - event = data_received(<6 bytes>)
DEBUG:websockets.protocol:client < Frame(fin=True, opcode=10, data=b'\xc2\xf4\x86\xc3', rsv1=False, rsv2=False, rsv3=False)
DEBUG:websockets.protocol:client - received solicited pong: c2f486c3
DEBUG:websockets.protocol:client - event = data_received(<2 bytes>)
DEBUG:websockets.protocol:client < Frame(fin=True, opcode=9, data=b'', rsv1=False, rsv2=False, rsv3=False)
DEBUG:websockets.protocol:client - received ping, sending pong: [empty]
DEBUG:websockets.protocol:client > Frame(fin=True, opcode=10, data=b'', rsv1=False, rsv2=False, rsv3=False)
DEBUG:websockets.protocol:client - event = data_received(<2 bytes>)
DEBUG:websockets.protocol:client < Frame(fin=True, opcode=9, data=b'', rsv1=False, rsv2=False, rsv3=False)
DEBUG:websockets.protocol:client - received ping, sending pong: [empty]
DEBUG:websockets.protocol:client > Frame(fin=True, opcode=10, data=b'', rsv1=False, rsv2=False, rsv3=False)
DEBUG:websockets.protocol:client - event = data_received(<2 bytes>)
DEBUG:websockets.protocol:client < Frame(fin=True, opcode=9, data=b'', rsv1=False, rsv2=False, rsv3=False)
DEBUG:websockets.protocol:client - received ping, sending pong: [empty]
DEBUG:websockets.protocol:client > Frame(fin=True, opcode=10, data=b'', rsv1=False, rsv2=False, rsv3=False)
DEBUG:websockets.protocol:client - event = data_received(<2 bytes>)
DEBUG:websockets.protocol:client < Frame(fin=True, opcode=9, data=b'', rsv1=False, rsv2=False, rsv3=False)
DEBUG:websockets.protocol:client - received ping, sending pong: [empty]
DEBUG:websockets.protocol:client > Frame(fin=True, opcode=10, data=b'', rsv1=False, rsv2=False, rsv3=False)
DEBUG:websockets.protocol:client - event = data_received(<2 bytes>)
DEBUG:websockets.protocol:client < Frame(fin=True, opcode=9, data=b'', rsv1=False, rsv2=False, rsv3=False)
DEBUG:websockets.protocol:client - received ping, sending pong: [empty]
DEBUG:websockets.protocol:client > Frame(fin=True, opcode=10, data=b'', rsv1=False, rsv2=False, rsv3=False)
DEBUG:websockets.protocol:client > Frame(fin=True, opcode=9, data=b'\xa9\xe9\xa8\x82', rsv1=False, rsv2=False, rsv3=False)
DEBUG:websockets.protocol:client - event = data_received(<6 bytes>)
DEBUG:websockets.protocol:client < Frame(fin=True, opcode=10, data=b'\xa9\xe9\xa8\x82', rsv1=False, rsv2=False, rsv3=False)
DEBUG:websockets.protocol:client - received solicited pong: a9e9a882
DEBUG:websockets.protocol:client - event = data_received(<2 bytes>)
DEBUG:websockets.protocol:client < Frame(fin=True, opcode=9, data=b'', rsv1=False, rsv2=False, rsv3=False)
DEBUG:websockets.protocol:client - received ping, sending pong: [empty]
DEBUG:websockets.protocol:client > Frame(fin=True, opcode=10, data=b'', rsv1=False, rsv2=False, rsv3=False)
DEBUG:websockets.protocol:client - event = data_received(<2 bytes>)
DEBUG:websockets.protocol:client < Frame(fin=True, opcode=9, data=b'', rsv1=False, rsv2=False, rsv3=False)
DEBUG:websockets.protocol:client - received ping, sending pong: [empty]
DEBUG:websockets.protocol:client > Frame(fin=True, opcode=10, data=b'', rsv1=False, rsv2=False, rsv3=False)
DEBUG:websockets.protocol:client - event = data_received(<2 bytes>)
DEBUG:websockets.protocol:client < Frame(fin=True, opcode=9, data=b'', rsv1=False, rsv2=False, rsv3=False)
DEBUG:websockets.protocol:client - received ping, sending pong: [empty]
DEBUG:websockets.protocol:client > Frame(fin=True, opcode=10, data=b'', rsv1=False, rsv2=False, rsv3=False)
DEBUG:websockets.protocol:client - event = data_received(<2 bytes>)
DEBUG:websockets.protocol:client < Frame(fin=True, opcode=9, data=b'', rsv1=False, rsv2=False, rsv3=False)
DEBUG:websockets.protocol:client - received ping, sending pong: [empty]
DEBUG:websockets.protocol:client > Frame(fin=True, opcode=10, data=b'', rsv1=False, rsv2=False, rsv3=False)
DEBUG:websockets.protocol:client - event = data_received(<2 bytes>)
DEBUG:websockets.protocol:client < Frame(fin=True, opcode=9, data=b'', rsv1=False, rsv2=False, rsv3=False)
DEBUG:websockets.protocol:client - received ping, sending pong: [empty]
DEBUG:websockets.protocol:client > Frame(fin=True, opcode=10, data=b'', rsv1=False, rsv2=False, rsv3=False)
DEBUG:websockets.protocol:client > Frame(fin=True, opcode=9, data=b'Q-\n\xd5', rsv1=False, rsv2=False, rsv3=False)
DEBUG:websockets.protocol:client - event = data_received(<6 bytes>)
DEBUG:websockets.protocol:client < Frame(fin=True, opcode=10, data=b'Q-\n\xd5', rsv1=False, rsv2=False, rsv3=False)
DEBUG:websockets.protocol:client - received solicited pong: 512d0ad5
DEBUG:websockets.protocol:client - event = data_received(<2 bytes>)
DEBUG:websockets.protocol:client < Frame(fin=True, opcode=9, data=b'', rsv1=False, rsv2=False, rsv3=False)
DEBUG:websockets.protocol:client - received ping, sending pong: [empty]
DEBUG:websockets.protocol:client > Frame(fin=True, opcode=10, data=b'', rsv1=False, rsv2=False, rsv3=False)
DEBUG:websockets.protocol:client > Frame(fin=True, opcode=9, data=b'\xdb\xe6\x0e\xf7', rsv1=False, rsv2=False, rsv3=False)
DEBUG:websockets.protocol:client - event = data_received(<6 bytes>)
DEBUG:websockets.protocol:client < Frame(fin=True, opcode=10, data=b'\xdb\xe6\x0e\xf7', rsv1=False, rsv2=False, rsv3=False)
DEBUG:websockets.protocol:client - received solicited pong: dbe60ef7
DEBUG:websockets.protocol:client - event = data_received(<2 bytes>)
DEBUG:websockets.protocol:client < Frame(fin=True, opcode=9, data=b'', rsv1=False, rsv2=False, rsv3=False)
DEBUG:websockets.protocol:client - received ping, sending pong: [empty]
DEBUG:websockets.protocol:client > Frame(fin=True, opcode=10, data=b'', rsv1=False, rsv2=False, rsv3=False)
DEBUG:websockets.protocol:client - event = data_received(<2 bytes>)
DEBUG:websockets.protocol:client < Frame(fin=True, opcode=9, data=b'', rsv1=False, rsv2=False, rsv3=False)
DEBUG:websockets.protocol:client - received ping, sending pong: [empty]
DEBUG:websockets.protocol:client > Frame(fin=True, opcode=10, data=b'', rsv1=False, rsv2=False, rsv3=False)
DEBUG:websockets.protocol:client - event = data_received(<2 bytes>)
DEBUG:websockets.protocol:client < Frame(fin=True, opcode=9, data=b'', rsv1=False, rsv2=False, rsv3=False)
DEBUG:websockets.protocol:client - received ping, sending pong: [empty]
DEBUG:websockets.protocol:client > Frame(fin=True, opcode=10, data=b'', rsv1=False, rsv2=False, rsv3=False)
DEBUG:websockets.protocol:client - event = data_received(<2 bytes>)
DEBUG:websockets.protocol:client < Frame(fin=True, opcode=9, data=b'', rsv1=False, rsv2=False, rsv3=False)
DEBUG:websockets.protocol:client - received ping, sending pong: [empty]
DEBUG:websockets.protocol:client > Frame(fin=True, opcode=10, data=b'', rsv1=False, rsv2=False, rsv3=False)
DEBUG:websockets.protocol:client - event = data_received(<2 bytes>)
DEBUG:websockets.protocol:client < Frame(fin=True, opcode=9, data=b'', rsv1=False, rsv2=False, rsv3=False)
DEBUG:websockets.protocol:client - received ping, sending pong: [empty]
DEBUG:websockets.protocol:client > Frame(fin=True, opcode=10, data=b'', rsv1=False, rsv2=False, rsv3=False)
DEBUG:websockets.protocol:client - event = data_received(<2 bytes>)
DEBUG:websockets.protocol:client < Frame(fin=True, opcode=9, data=b'', rsv1=False, rsv2=False, rsv3=False)
DEBUG:websockets.protocol:client - received ping, sending pong: [empty]
DEBUG:websockets.protocol:client > Frame(fin=True, opcode=10, data=b'', rsv1=False, rsv2=False, rsv3=False)
DEBUG:websockets.protocol:client > Frame(fin=True, opcode=9, data=b'h\n;\x83', rsv1=False, rsv2=False, rsv3=False)
DEBUG:websockets.protocol:client - event = data_received(<6 bytes>)
DEBUG:websockets.protocol:client < Frame(fin=True, opcode=10, data=b'h\n;\x83', rsv1=False, rsv2=False, rsv3=False)
DEBUG:websockets.protocol:client - received solicited pong: 680a3b83
DEBUG:websockets.protocol:client - event = data_received(<2 bytes>)
DEBUG:websockets.protocol:client < Frame(fin=True, opcode=9, data=b'', rsv1=False, rsv2=False, rsv3=False)
DEBUG:websockets.protocol:client - received ping, sending pong: [empty]
DEBUG:websockets.protocol:client > Frame(fin=True, opcode=10, data=b'', rsv1=False, rsv2=False, rsv3=False)
DEBUG:websockets.protocol:client - event = data_received(<2 bytes>)
DEBUG:websockets.protocol:client < Frame(fin=True, opcode=9, data=b'', rsv1=False, rsv2=False, rsv3=False)
DEBUG:websockets.protocol:client - received ping, sending pong: [empty]
DEBUG:websockets.protocol:client > Frame(fin=True, opcode=10, data=b'', rsv1=False, rsv2=False, rsv3=False)
DEBUG:websockets.protocol:client > Frame(fin=True, opcode=9, data=b"$B'\xd6", rsv1=False, rsv2=False, rsv3=False)
DEBUG:websockets.protocol:client - event = data_received(<6 bytes>)
DEBUG:websockets.protocol:client < Frame(fin=True, opcode=10, data=b"$B'\xd6", rsv1=False, rsv2=False, rsv3=False)
DEBUG:websockets.protocol:client - received solicited pong: 244227d6
DEBUG:websockets.protocol:client - event = data_received(<2 bytes>)
DEBUG:websockets.protocol:client < Frame(fin=True, opcode=9, data=b'', rsv1=False, rsv2=False, rsv3=False)
DEBUG:websockets.protocol:client - received ping, sending pong: [empty]
DEBUG:websockets.protocol:client > Frame(fin=True, opcode=10, data=b'', rsv1=False, rsv2=False, rsv3=False)
DEBUG:websockets.protocol:client - event = data_received(<2 bytes>)
DEBUG:websockets.protocol:client < Frame(fin=True, opcode=9, data=b'', rsv1=False, rsv2=False, rsv3=False)
DEBUG:websockets.protocol:client - received ping, sending pong: [empty]
DEBUG:websockets.protocol:client > Frame(fin=True, opcode=10, data=b'', rsv1=False, rsv2=False, rsv3=False)
DEBUG:websockets.protocol:client - event = data_received(<2 bytes>)
DEBUG:websockets.protocol:client < Frame(fin=True, opcode=9, data=b'', rsv1=False, rsv2=False, rsv3=False)
DEBUG:websockets.protocol:client - received ping, sending pong: [empty]
DEBUG:websockets.protocol:client > Frame(fin=True, opcode=10, data=b'', rsv1=False, rsv2=False, rsv3=False)
DEBUG:websockets.protocol:client - event = data_received(<2 bytes>)
DEBUG:websockets.protocol:client < Frame(fin=True, opcode=9, data=b'', rsv1=False, rsv2=False, rsv3=False)
DEBUG:websockets.protocol:client - received ping, sending pong: [empty]
DEBUG:websockets.protocol:client > Frame(fin=True, opcode=10, data=b'', rsv1=False, rsv2=False, rsv3=False)
DEBUG:websockets.protocol:client > Frame(fin=True, opcode=9, data=b'\xf0$q\x98', rsv1=False, rsv2=False, rsv3=False)
DEBUG:websockets.protocol:client - event = data_received(<6 bytes>)
DEBUG:websockets.protocol:client < Frame(fin=True, opcode=10, data=b'\xf0$q\x98', rsv1=False, rsv2=False, rsv3=False)
DEBUG:websockets.protocol:client - received solicited pong: f0247198
DEBUG:websockets.protocol:client - event = data_received(<2 bytes>)
DEBUG:websockets.protocol:client < Frame(fin=True, opcode=9, data=b'', rsv1=False, rsv2=False, rsv3=False)
DEBUG:websockets.protocol:client - received ping, sending pong: [empty]
DEBUG:websockets.protocol:client > Frame(fin=True, opcode=10, data=b'', rsv1=False, rsv2=False, rsv3=False)
DEBUG:websockets.protocol:client - event = data_received(<2 bytes>)
DEBUG:websockets.protocol:client < Frame(fin=True, opcode=9, data=b'', rsv1=False, rsv2=False, rsv3=False)
DEBUG:websockets.protocol:client - received ping, sending pong: [empty]
DEBUG:websockets.protocol:client > Frame(fin=True, opcode=10, data=b'', rsv1=False, rsv2=False, rsv3=False)
DEBUG:websockets.protocol:client - event = data_received(<2 bytes>)
DEBUG:websockets.protocol:client < Frame(fin=True, opcode=9, data=b'', rsv1=False, rsv2=False, rsv3=False)
DEBUG:websockets.protocol:client - received ping, sending pong: [empty]
DEBUG:websockets.protocol:client > Frame(fin=True, opcode=10, data=b'', rsv1=False, rsv2=False, rsv3=False)
DEBUG:websockets.protocol:client - event = data_received(<2 bytes>)
DEBUG:websockets.protocol:client < Frame(fin=True, opcode=9, data=b'', rsv1=False, rsv2=False, rsv3=False)
DEBUG:websockets.protocol:client - received ping, sending pong: [empty]
DEBUG:websockets.protocol:client > Frame(fin=True, opcode=10, data=b'', rsv1=False, rsv2=False, rsv3=False)
DEBUG:websockets.protocol:client > Frame(fin=True, opcode=9, data=b'\xe8\xf4\xecf', rsv1=False, rsv2=False, rsv3=False)
DEBUG:websockets.protocol:client - event = data_received(<6 bytes>)
DEBUG:websockets.protocol:client < Frame(fin=True, opcode=10, data=b'\xe8\xf4\xecf', rsv1=False, rsv2=False, rsv3=False)
DEBUG:websockets.protocol:client - received solicited pong: e8f4ec66
DEBUG:websockets.protocol:client - event = data_received(<2 bytes>)
DEBUG:websockets.protocol:client < Frame(fin=True, opcode=9, data=b'', rsv1=False, rsv2=False, rsv3=False)
DEBUG:websockets.protocol:client - received ping, sending pong: [empty]
DEBUG:websockets.protocol:client > Frame(fin=True, opcode=10, data=b'', rsv1=False, rsv2=False, rsv3=False)
DEBUG:websockets.protocol:client > Frame(fin=True, opcode=9, data=b'\xd7\xfd\x15\xd7', rsv1=False, rsv2=False, rsv3=False)
DEBUG:websockets.protocol:client - event = data_received(<6 bytes>)
DEBUG:websockets.protocol:client < Frame(fin=True, opcode=10, data=b'\xd7\xfd\x15\xd7', rsv1=False, rsv2=False, rsv3=False)
DEBUG:websockets.protocol:client - received solicited pong: d7fd15d7
DEBUG:websockets.protocol:client - event = data_received(<2 bytes>)
DEBUG:websockets.protocol:client < Frame(fin=True, opcode=9, data=b'', rsv1=False, rsv2=False, rsv3=False)
DEBUG:websockets.protocol:client - received ping, sending pong: [empty]
DEBUG:websockets.protocol:client > Frame(fin=True, opcode=10, data=b'', rsv1=False, rsv2=False, rsv3=False)
DEBUG:websockets.protocol:client - event = data_received(<2 bytes>)
DEBUG:websockets.protocol:client < Frame(fin=True, opcode=9, data=b'', rsv1=False, rsv2=False, rsv3=False)
DEBUG:websockets.protocol:client - received ping, sending pong: [empty]
DEBUG:websockets.protocol:client > Frame(fin=True, opcode=10, data=b'', rsv1=False, rsv2=False, rsv3=False)
DEBUG:websockets.protocol:client - event = data_received(<2 bytes>)
DEBUG:websockets.protocol:client < Frame(fin=True, opcode=9, data=b'', rsv1=False, rsv2=False, rsv3=False)
DEBUG:websockets.protocol:client - received ping, sending pong: [empty]
DEBUG:websockets.protocol:client > Frame(fin=True, opcode=10, data=b'', rsv1=False, rsv2=False, rsv3=False)
DEBUG:websockets.protocol:client - event = data_received(<2 bytes>)
DEBUG:websockets.protocol:client < Frame(fin=True, opcode=9, data=b'', rsv1=False, rsv2=False, rsv3=False)
DEBUG:websockets.protocol:client - received ping, sending pong: [empty]
DEBUG:websockets.protocol:client > Frame(fin=True, opcode=10, data=b'', rsv1=False, rsv2=False, rsv3=False)
DEBUG:websockets.protocol:client > Frame(fin=True, opcode=9, data=b'\xf1\xcd\x0c\xc2', rsv1=False, rsv2=False, rsv3=False)
DEBUG:websockets.protocol:client - event = data_received(<6 bytes>)
DEBUG:websockets.protocol:client < Frame(fin=True, opcode=10, data=b'\xf1\xcd\x0c\xc2', rsv1=False, rsv2=False, rsv3=False)
DEBUG:websockets.protocol:client - received solicited pong: f1cd0cc2
DEBUG:websockets.protocol:client - event = data_received(<2 bytes>)
DEBUG:websockets.protocol:client < Frame(fin=True, opcode=9, data=b'', rsv1=False, rsv2=False, rsv3=False)
DEBUG:websockets.protocol:client - received ping, sending pong: [empty]
DEBUG:websockets.protocol:client > Frame(fin=True, opcode=10, data=b'', rsv1=False, rsv2=False, rsv3=False)
DEBUG:websockets.protocol:client - event = data_received(<2 bytes>)
DEBUG:websockets.protocol:client < Frame(fin=True, opcode=9, data=b'', rsv1=False, rsv2=False, rsv3=False)
DEBUG:websockets.protocol:client - received ping, sending pong: [empty]
DEBUG:websockets.protocol:client > Frame(fin=True, opcode=10, data=b'', rsv1=False, rsv2=False, rsv3=False)
DEBUG:websockets.protocol:client > Frame(fin=True, opcode=9, data=b'Y\xdcT\xe7', rsv1=False, rsv2=False, rsv3=False)
DEBUG:websockets.protocol:client - event = data_received(<6 bytes>)
DEBUG:websockets.protocol:client < Frame(fin=True, opcode=10, data=b'Y\xdcT\xe7', rsv1=False, rsv2=False, rsv3=False)
DEBUG:websockets.protocol:client - received solicited pong: 59dc54e7
DEBUG:websockets.protocol:client - event = data_received(<2 bytes>)
DEBUG:websockets.protocol:client < Frame(fin=True, opcode=9, data=b'', rsv1=False, rsv2=False, rsv3=False)
DEBUG:websockets.protocol:client - received ping, sending pong: [empty]
DEBUG:websockets.protocol:client > Frame(fin=True, opcode=10, data=b'', rsv1=False, rsv2=False, rsv3=False)
DEBUG:websockets.protocol:client - event = data_received(<2 bytes>)
DEBUG:websockets.protocol:client < Frame(fin=True, opcode=9, data=b'', rsv1=False, rsv2=False, rsv3=False)
DEBUG:websockets.protocol:client - received ping, sending pong: [empty]
DEBUG:websockets.protocol:client > Frame(fin=True, opcode=10, data=b'', rsv1=False, rsv2=False, rsv3=False)
DEBUG:websockets.protocol:client - event = data_received(<2 bytes>)
DEBUG:websockets.protocol:client < Frame(fin=True, opcode=9, data=b'', rsv1=False, rsv2=False, rsv3=False)
DEBUG:websockets.protocol:client - received ping, sending pong: [empty]
DEBUG:websockets.protocol:client > Frame(fin=True, opcode=10, data=b'', rsv1=False, rsv2=False, rsv3=False)
DEBUG:websockets.protocol:client - event = data_received(<2 bytes>)
DEBUG:websockets.protocol:client < Frame(fin=True, opcode=9, data=b'', rsv1=False, rsv2=False, rsv3=False)
DEBUG:websockets.protocol:client - received ping, sending pong: [empty]
DEBUG:websockets.protocol:client > Frame(fin=True, opcode=10, data=b'', rsv1=False, rsv2=False, rsv3=False)
DEBUG:websockets.protocol:client > Frame(fin=True, opcode=9, data=b'\x9e(\x1f\xcd', rsv1=False, rsv2=False, rsv3=False)
DEBUG:websockets.protocol:client - event = data_received(<6 bytes>)
DEBUG:websockets.protocol:client < Frame(fin=True, opcode=10, data=b'\x9e(\x1f\xcd', rsv1=False, rsv2=False, rsv3=False)
DEBUG:websockets.protocol:client - received solicited pong: 9e281fcd
DEBUG:websockets.protocol:client - event = data_received(<2 bytes>)
DEBUG:websockets.protocol:client < Frame(fin=True, opcode=9, data=b'', rsv1=False, rsv2=False, rsv3=False)
DEBUG:websockets.protocol:client - received ping, sending pong: [empty]
DEBUG:websockets.protocol:client > Frame(fin=True, opcode=10, data=b'', rsv1=False, rsv2=False, rsv3=False)
DEBUG:websockets.protocol:client - event = data_received(<2 bytes>)
DEBUG:websockets.protocol:client < Frame(fin=True, opcode=9, data=b'', rsv1=False, rsv2=False, rsv3=False)
DEBUG:websockets.protocol:client - received ping, sending pong: [empty]
DEBUG:websockets.protocol:client > Frame(fin=True, opcode=10, data=b'', rsv1=False, rsv2=False, rsv3=False)
DEBUG:websockets.protocol:client - event = data_received(<2 bytes>)
DEBUG:websockets.protocol:client < Frame(fin=True, opcode=9, data=b'', rsv1=False, rsv2=False, rsv3=False)
DEBUG:websockets.protocol:client - received ping, sending pong: [empty]
DEBUG:websockets.protocol:client > Frame(fin=True, opcode=10, data=b'', rsv1=False, rsv2=False, rsv3=False)
DEBUG:websockets.protocol:client - event = data_received(<2 bytes>)
DEBUG:websockets.protocol:client < Frame(fin=True, opcode=9, data=b'', rsv1=False, rsv2=False, rsv3=False)
DEBUG:websockets.protocol:client - received ping, sending pong: [empty]
DEBUG:websockets.protocol:client > Frame(fin=True, opcode=10, data=b'', rsv1=False, rsv2=False, rsv3=False)
DEBUG:websockets.protocol:client > Frame(fin=True, opcode=9, data=b'\x87\x99\xaef', rsv1=False, rsv2=False, rsv3=False)
DEBUG:websockets.protocol:client - event = data_received(<6 bytes>)
DEBUG:websockets.protocol:client < Frame(fin=True, opcode=10, data=b'\x87\x99\xaef', rsv1=False, rsv2=False, rsv3=False)
DEBUG:websockets.protocol:client - received solicited pong: 8799ae66
DEBUG:websockets.protocol:client - event = data_received(<2 bytes>)
DEBUG:websockets.protocol:client < Frame(fin=True, opcode=9, data=b'', rsv1=False, rsv2=False, rsv3=False)
DEBUG:websockets.protocol:client - received ping, sending pong: [empty]
DEBUG:websockets.protocol:client > Frame(fin=True, opcode=10, data=b'', rsv1=False, rsv2=False, rsv3=False)
DEBUG:websockets.protocol:client > Frame(fin=True, opcode=9, data=b'm\xd1p\x9f', rsv1=False, rsv2=False, rsv3=False)
DEBUG:websockets.protocol:client - event = data_received(<6 bytes>)
DEBUG:websockets.protocol:client < Frame(fin=True, opcode=10, data=b'm\xd1p\x9f', rsv1=False, rsv2=False, rsv3=False)
DEBUG:websockets.protocol:client - received solicited pong: 6dd1709f
DEBUG:websockets.protocol:client - event = data_received(<2 bytes>)
DEBUG:websockets.protocol:client < Frame(fin=True, opcode=9, data=b'', rsv1=False, rsv2=False, rsv3=False)
DEBUG:websockets.protocol:client - received ping, sending pong: [empty]
DEBUG:websockets.protocol:client > Frame(fin=True, opcode=10, data=b'', rsv1=False, rsv2=False, rsv3=False)
DEBUG:websockets.protocol:client - event = data_received(<2 bytes>)
DEBUG:websockets.protocol:client < Frame(fin=True, opcode=9, data=b'', rsv1=False, rsv2=False, rsv3=False)
DEBUG:websockets.protocol:client - received ping, sending pong: [empty]
DEBUG:websockets.protocol:client > Frame(fin=True, opcode=10, data=b'', rsv1=False, rsv2=False, rsv3=False)
DEBUG:websockets.protocol:client - event = data_received(<2 bytes>)
DEBUG:websockets.protocol:client < Frame(fin=True, opcode=9, data=b'', rsv1=False, rsv2=False, rsv3=False)
DEBUG:websockets.protocol:client - received ping, sending pong: [empty]
DEBUG:websockets.protocol:client > Frame(fin=True, opcode=10, data=b'', rsv1=False, rsv2=False, rsv3=False)
DEBUG:websockets.protocol:client - event = data_received(<2 bytes>)
DEBUG:websockets.protocol:client < Frame(fin=True, opcode=9, data=b'', rsv1=False, rsv2=False, rsv3=False)
DEBUG:websockets.protocol:client - received ping, sending pong: [empty]
DEBUG:websockets.protocol:client > Frame(fin=True, opcode=10, data=b'', rsv1=False, rsv2=False, rsv3=False)
DEBUG:websockets.protocol:client - event = data_received(<2 bytes>)
DEBUG:websockets.protocol:client < Frame(fin=True, opcode=9, data=b'', rsv1=False, rsv2=False, rsv3=False)
DEBUG:websockets.protocol:client - received ping, sending pong: [empty]
DEBUG:websockets.protocol:client > Frame(fin=True, opcode=10, data=b'', rsv1=False, rsv2=False, rsv3=False)
DEBUG:websockets.protocol:client > Frame(fin=True, opcode=9, data=b'\xe4a\xb7\x0f', rsv1=False, rsv2=False, rsv3=False)
DEBUG:websockets.protocol:client - event = data_received(<6 bytes>)
DEBUG:websockets.protocol:client < Frame(fin=True, opcode=10, data=b'\xe4a\xb7\x0f', rsv1=False, rsv2=False, rsv3=False)
DEBUG:websockets.protocol:client - received solicited pong: e461b70f
DEBUG:websockets.protocol:client - event = data_received(<2 bytes>)
DEBUG:websockets.protocol:client < Frame(fin=True, opcode=9, data=b'', rsv1=False, rsv2=False, rsv3=False)
DEBUG:websockets.protocol:client - received ping, sending pong: [empty]
DEBUG:websockets.protocol:client > Frame(fin=True, opcode=10, data=b'', rsv1=False, rsv2=False, rsv3=False)
DEBUG:websockets.protocol:client > Frame(fin=True, opcode=9, data=b'\xccE\xe5\xcc', rsv1=False, rsv2=False, rsv3=False)
DEBUG:websockets.protocol:client - event = data_received(<2 bytes>)
DEBUG:websockets.protocol:client < Frame(fin=True, opcode=9, data=b'', rsv1=False, rsv2=False, rsv3=False)
DEBUG:websockets.protocol:client - received ping, sending pong: [empty]
DEBUG:websockets.protocol:client > Frame(fin=True, opcode=10, data=b'', rsv1=False, rsv2=False, rsv3=False)
DEBUG:websockets.protocol:client - event = data_received(<6 bytes>)
DEBUG:websockets.protocol:client < Frame(fin=True, opcode=10, data=b'\xccE\xe5\xcc', rsv1=False, rsv2=False, rsv3=False)
DEBUG:websockets.protocol:client - received solicited pong: cc45e5cc
DEBUG:websockets.protocol:client - event = data_received(<2 bytes>)
DEBUG:websockets.protocol:client < Frame(fin=True, opcode=9, data=b'', rsv1=False, rsv2=False, rsv3=False)
DEBUG:websockets.protocol:client - received ping, sending pong: [empty]
DEBUG:websockets.protocol:client > Frame(fin=True, opcode=10, data=b'', rsv1=False, rsv2=False, rsv3=False)
DEBUG:websockets.protocol:client - event = data_received(<2 bytes>)
DEBUG:websockets.protocol:client < Frame(fin=True, opcode=9, data=b'', rsv1=False, rsv2=False, rsv3=False)
DEBUG:websockets.protocol:client - received ping, sending pong: [empty]
DEBUG:websockets.protocol:client > Frame(fin=True, opcode=10, data=b'', rsv1=False, rsv2=False, rsv3=False)
DEBUG:websockets.protocol:client - event = data_received(<2 bytes>)
DEBUG:websockets.protocol:client < Frame(fin=True, opcode=9, data=b'', rsv1=False, rsv2=False, rsv3=False)
DEBUG:websockets.protocol:client - received ping, sending pong: [empty]
DEBUG:websockets.protocol:client > Frame(fin=True, opcode=10, data=b'', rsv1=False, rsv2=False, rsv3=False)
DEBUG:websockets.protocol:client > Frame(fin=True, opcode=9, data=b'\xe0\xc21\xef', rsv1=False, rsv2=False, rsv3=False)
DEBUG:websockets.protocol:client - event = data_received(<6 bytes>)
DEBUG:websockets.protocol:client < Frame(fin=True, opcode=10, data=b'\xe0\xc21\xef', rsv1=False, rsv2=False, rsv3=False)
DEBUG:websockets.protocol:client - received solicited pong: e0c231ef
DEBUG:websockets.protocol:client - event = data_received(<2 bytes>)
DEBUG:websockets.protocol:client < Frame(fin=True, opcode=9, data=b'', rsv1=False, rsv2=False, rsv3=False)
DEBUG:websockets.protocol:client - received ping, sending pong: [empty]
DEBUG:websockets.protocol:client > Frame(fin=True, opcode=10, data=b'', rsv1=False, rsv2=False, rsv3=False)
DEBUG:websockets.protocol:client - event = data_received(<2 bytes>)
DEBUG:websockets.protocol:client < Frame(fin=True, opcode=9, data=b'', rsv1=False, rsv2=False, rsv3=False)
DEBUG:websockets.protocol:client - received ping, sending pong: [empty]
DEBUG:websockets.protocol:client > Frame(fin=True, opcode=10, data=b'', rsv1=False, rsv2=False, rsv3=False)
DEBUG:websockets.protocol:client - event = data_received(<2 bytes>)
DEBUG:websockets.protocol:client < Frame(fin=True, opcode=9, data=b'', rsv1=False, rsv2=False, rsv3=False)
DEBUG:websockets.protocol:client - received ping, sending pong: [empty]
DEBUG:websockets.protocol:client > Frame(fin=True, opcode=10, data=b'', rsv1=False, rsv2=False, rsv3=False)
DEBUG:websockets.protocol:client - event = data_received(<2 bytes>)
DEBUG:websockets.protocol:client < Frame(fin=True, opcode=9, data=b'', rsv1=False, rsv2=False, rsv3=False)
DEBUG:websockets.protocol:client - received ping, sending pong: [empty]
DEBUG:websockets.protocol:client > Frame(fin=True, opcode=10, data=b'', rsv1=False, rsv2=False, rsv3=False)
DEBUG:websockets.protocol:client > Frame(fin=True, opcode=9, data=b'\xd9\xe4)\xc4', rsv1=False, rsv2=False, rsv3=False)
DEBUG:websockets.protocol:client - event = data_received(<6 bytes>)
DEBUG:websockets.protocol:client < Frame(fin=True, opcode=10, data=b'\xd9\xe4)\xc4', rsv1=False, rsv2=False, rsv3=False)
DEBUG:websockets.protocol:client - received solicited pong: d9e429c4
DEBUG:websockets.protocol:client - event = data_received(<2 bytes>)
DEBUG:websockets.protocol:client < Frame(fin=True, opcode=9, data=b'', rsv1=False, rsv2=False, rsv3=False)
DEBUG:websockets.protocol:client - received ping, sending pong: [empty]
DEBUG:websockets.protocol:client > Frame(fin=True, opcode=10, data=b'', rsv1=False, rsv2=False, rsv3=False)
DEBUG:websockets.protocol:client - event = data_received(<2 bytes>)
DEBUG:websockets.protocol:client < Frame(fin=True, opcode=9, data=b'', rsv1=False, rsv2=False, rsv3=False)
DEBUG:websockets.protocol:client - received ping, sending pong: [empty]
DEBUG:websockets.protocol:client > Frame(fin=True, opcode=10, data=b'', rsv1=False, rsv2=False, rsv3=False)
DEBUG:websockets.protocol:client > Frame(fin=True, opcode=9, data=b'XJ\x9d\xc7', rsv1=False, rsv2=False, rsv3=False)
DEBUG:websockets.protocol:client - event = data_received(<6 bytes>)
DEBUG:websockets.protocol:client < Frame(fin=True, opcode=10, data=b'XJ\x9d\xc7', rsv1=False, rsv2=False, rsv3=False)
DEBUG:websockets.protocol:client - received solicited pong: 584a9dc7
DEBUG:websockets.protocol:client - event = data_received(<2 bytes>)
DEBUG:websockets.protocol:client < Frame(fin=True, opcode=9, data=b'', rsv1=False, rsv2=False, rsv3=False)
DEBUG:websockets.protocol:client - received ping, sending pong: [empty]
DEBUG:websockets.protocol:client > Frame(fin=True, opcode=10, data=b'', rsv1=False, rsv2=False, rsv3=False)
DEBUG:websockets.protocol:client - event = data_received(<2 bytes>)
DEBUG:websockets.protocol:client < Frame(fin=True, opcode=9, data=b'', rsv1=False, rsv2=False, rsv3=False)
DEBUG:websockets.protocol:client - received ping, sending pong: [empty]
DEBUG:websockets.protocol:client > Frame(fin=True, opcode=10, data=b'', rsv1=False, rsv2=False, rsv3=False)
DEBUG:websockets.protocol:client - event = data_received(<2 bytes>)
DEBUG:websockets.protocol:client < Frame(fin=True, opcode=9, data=b'', rsv1=False, rsv2=False, rsv3=False)
DEBUG:websockets.protocol:client - received ping, sending pong: [empty]
DEBUG:websockets.protocol:client > Frame(fin=True, opcode=10, data=b'', rsv1=False, rsv2=False, rsv3=False)
DEBUG:websockets.protocol:client - event = data_received(<2 bytes>)
DEBUG:websockets.protocol:client < Frame(fin=True, opcode=9, data=b'', rsv1=False, rsv2=False, rsv3=False)
DEBUG:websockets.protocol:client - received ping, sending pong: [empty]
DEBUG:websockets.protocol:client > Frame(fin=True, opcode=10, data=b'', rsv1=False, rsv2=False, rsv3=False)
DEBUG:websockets.protocol:client - event = data_received(<2 bytes>)
DEBUG:websockets.protocol:client < Frame(fin=True, opcode=9, data=b'', rsv1=False, rsv2=False, rsv3=False)
DEBUG:websockets.protocol:client - received ping, sending pong: [empty]
DEBUG:websockets.protocol:client > Frame(fin=True, opcode=10, data=b'', rsv1=False, rsv2=False, rsv3=False)
DEBUG:websockets.protocol:client > Frame(fin=True, opcode=9, data=b'\x93h\xc2\x0e', rsv1=False, rsv2=False, rsv3=False)
DEBUG:websockets.protocol:client - event = data_received(<6 bytes>)
DEBUG:websockets.protocol:client < Frame(fin=True, opcode=10, data=b'\x93h\xc2\x0e', rsv1=False, rsv2=False, rsv3=False)
DEBUG:websockets.protocol:client - received solicited pong: 9368c20e
DEBUG:websockets.protocol:client - event = data_received(<2 bytes>)
DEBUG:websockets.protocol:client < Frame(fin=True, opcode=9, data=b'', rsv1=False, rsv2=False, rsv3=False)
DEBUG:websockets.protocol:client - received ping, sending pong: [empty]
DEBUG:websockets.protocol:client > Frame(fin=True, opcode=10, data=b'', rsv1=False, rsv2=False, rsv3=False)
DEBUG:websockets.protocol:client > Frame(fin=True, opcode=9, data=b'\xe5\xd23d', rsv1=False, rsv2=False, rsv3=False)
DEBUG:websockets.protocol:client - event = data_received(<6 bytes>)
DEBUG:websockets.protocol:client < Frame(fin=True, opcode=10, data=b'\xe5\xd23d', rsv1=False, rsv2=False, rsv3=False)
DEBUG:websockets.protocol:client - received solicited pong: e5d23364
DEBUG:websockets.protocol:client - event = data_received(<2 bytes>)
DEBUG:websockets.protocol:client < Frame(fin=True, opcode=9, data=b'', rsv1=False, rsv2=False, rsv3=False)
DEBUG:websockets.protocol:client - received ping, sending pong: [empty]
DEBUG:websockets.protocol:client > Frame(fin=True, opcode=10, data=b'', rsv1=False, rsv2=False, rsv3=False)
DEBUG:websockets.protocol:client - event = data_received(<2 bytes>)
DEBUG:websockets.protocol:client < Frame(fin=True, opcode=9, data=b'', rsv1=False, rsv2=False, rsv3=False)
DEBUG:websockets.protocol:client - received ping, sending pong: [empty]
DEBUG:websockets.protocol:client > Frame(fin=True, opcode=10, data=b'', rsv1=False, rsv2=False, rsv3=False)
DEBUG:websockets.protocol:client - event = data_received(<2 bytes>)
DEBUG:websockets.protocol:client < Frame(fin=True, opcode=9, data=b'', rsv1=False, rsv2=False, rsv3=False)
DEBUG:websockets.protocol:client - received ping, sending pong: [empty]
DEBUG:websockets.protocol:client > Frame(fin=True, opcode=10, data=b'', rsv1=False, rsv2=False, rsv3=False)
DEBUG:websockets.protocol:client - event = data_received(<2 bytes>)
DEBUG:websockets.protocol:client < Frame(fin=True, opcode=9, data=b'', rsv1=False, rsv2=False, rsv3=False)
DEBUG:websockets.protocol:client - received ping, sending pong: [empty]
DEBUG:websockets.protocol:client > Frame(fin=True, opcode=10, data=b'', rsv1=False, rsv2=False, rsv3=False)
DEBUG:websockets.protocol:client - event = data_received(<2 bytes>)
DEBUG:websockets.protocol:client < Frame(fin=True, opcode=9, data=b'', rsv1=False, rsv2=False, rsv3=False)
DEBUG:websockets.protocol:client - received ping, sending pong: [empty]
DEBUG:websockets.protocol:client > Frame(fin=True, opcode=10, data=b'', rsv1=False, rsv2=False, rsv3=False)
DEBUG:websockets.protocol:client > Frame(fin=True, opcode=9, data=b'>\xec\xd3\xc1', rsv1=False, rsv2=False, rsv3=False)
DEBUG:websockets.protocol:client - event = data_received(<6 bytes>)
DEBUG:websockets.protocol:client < Frame(fin=True, opcode=10, data=b'>\xec\xd3\xc1', rsv1=False, rsv2=False, rsv3=False)
DEBUG:websockets.protocol:client - received solicited pong: 3eecd3c1
DEBUG:websockets.protocol:client - event = data_received(<2 bytes>)
DEBUG:websockets.protocol:client < Frame(fin=True, opcode=9, data=b'', rsv1=False, rsv2=False, rsv3=False)
DEBUG:websockets.protocol:client - received ping, sending pong: [empty]
DEBUG:websockets.protocol:client > Frame(fin=True, opcode=10, data=b'', rsv1=False, rsv2=False, rsv3=False)
DEBUG:websockets.protocol:client - event = data_received(<2 bytes>)
DEBUG:websockets.protocol:client < Frame(fin=True, opcode=9, data=b'', rsv1=False, rsv2=False, rsv3=False)
DEBUG:websockets.protocol:client - received ping, sending pong: [empty]
DEBUG:websockets.protocol:client > Frame(fin=True, opcode=10, data=b'', rsv1=False, rsv2=False, rsv3=False)
DEBUG:websockets.protocol:client - event = data_received(<2 bytes>)
DEBUG:websockets.protocol:client < Frame(fin=True, opcode=9, data=b'', rsv1=False, rsv2=False, rsv3=False)
DEBUG:websockets.protocol:client - received ping, sending pong: [empty]
DEBUG:websockets.protocol:client > Frame(fin=True, opcode=10, data=b'', rsv1=False, rsv2=False, rsv3=False)
DEBUG:websockets.protocol:client - event = data_received(<2 bytes>)
DEBUG:websockets.protocol:client < Frame(fin=True, opcode=9, data=b'', rsv1=False, rsv2=False, rsv3=False)
DEBUG:websockets.protocol:client - received ping, sending pong: [empty]
DEBUG:websockets.protocol:client > Frame(fin=True, opcode=10, data=b'', rsv1=False, rsv2=False, rsv3=False)
DEBUG:websockets.protocol:client - event = data_received(<2 bytes>)
DEBUG:websockets.protocol:client < Frame(fin=True, opcode=9, data=b'', rsv1=False, rsv2=False, rsv3=False)
DEBUG:websockets.protocol:client - received ping, sending pong: [empty]
DEBUG:websockets.protocol:client > Frame(fin=True, opcode=10, data=b'', rsv1=False, rsv2=False, rsv3=False)
DEBUG:websockets.protocol:client > Frame(fin=True, opcode=9, data=b'\x88qG\x83', rsv1=False, rsv2=False, rsv3=False)
DEBUG:websockets.protocol:client - event = data_received(<6 bytes>)
DEBUG:websockets.protocol:client < Frame(fin=True, opcode=10, data=b'\x88qG\x83', rsv1=False, rsv2=False, rsv3=False)
DEBUG:websockets.protocol:client - received solicited pong: 88714783
DEBUG:websockets.protocol:client - event = data_received(<2 bytes>)
DEBUG:websockets.protocol:client < Frame(fin=True, opcode=9, data=b'', rsv1=False, rsv2=False, rsv3=False)
DEBUG:websockets.protocol:client - received ping, sending pong: [empty]
DEBUG:websockets.protocol:client > Frame(fin=True, opcode=10, data=b'', rsv1=False, rsv2=False, rsv3=False)
DEBUG:websockets.protocol:client - event = data_received(<2 bytes>)
DEBUG:websockets.protocol:client < Frame(fin=True, opcode=9, data=b'', rsv1=False, rsv2=False, rsv3=False)
DEBUG:websockets.protocol:client - received ping, sending pong: [empty]
DEBUG:websockets.protocol:client > Frame(fin=True, opcode=10, data=b'', rsv1=False, rsv2=False, rsv3=False)
DEBUG:websockets.protocol:client > Frame(fin=True, opcode=9, data=b'\xcd\x89\xd2\x96', rsv1=False, rsv2=False, rsv3=False)
DEBUG:websockets.protocol:client - event = data_received(<6 bytes>)
DEBUG:websockets.protocol:client < Frame(fin=True, opcode=10, data=b'\xcd\x89\xd2\x96', rsv1=False, rsv2=False, rsv3=False)
DEBUG:websockets.protocol:client - received solicited pong: cd89d296
DEBUG:websockets.protocol:client - event = data_received(<2 bytes>)
DEBUG:websockets.protocol:client < Frame(fin=True, opcode=9, data=b'', rsv1=False, rsv2=False, rsv3=False)
DEBUG:websockets.protocol:client - received ping, sending pong: [empty]
DEBUG:websockets.protocol:client > Frame(fin=True, opcode=10, data=b'', rsv1=False, rsv2=False, rsv3=False)
DEBUG:websockets.protocol:client - event = data_received(<2 bytes>)
DEBUG:websockets.protocol:client < Frame(fin=True, opcode=9, data=b'', rsv1=False, rsv2=False, rsv3=False)
DEBUG:websockets.protocol:client - received ping, sending pong: [empty]
DEBUG:websockets.protocol:client > Frame(fin=True, opcode=10, data=b'', rsv1=False, rsv2=False, rsv3=False)
DEBUG:websockets.protocol:client - event = data_received(<2 bytes>)
DEBUG:websockets.protocol:client < Frame(fin=True, opcode=9, data=b'', rsv1=False, rsv2=False, rsv3=False)
DEBUG:websockets.protocol:client - received ping, sending pong: [empty]
DEBUG:websockets.protocol:client > Frame(fin=True, opcode=10, data=b'', rsv1=False, rsv2=False, rsv3=False)
DEBUG:websockets.protocol:client - event = data_received(<2 bytes>)
DEBUG:websockets.protocol:client < Frame(fin=True, opcode=9, data=b'', rsv1=False, rsv2=False, rsv3=False)
DEBUG:websockets.protocol:client - received ping, sending pong: [empty]
DEBUG:websockets.protocol:client > Frame(fin=True, opcode=10, data=b'', rsv1=False, rsv2=False, rsv3=False)
DEBUG:websockets.protocol:client - event = data_received(<2 bytes>)
DEBUG:websockets.protocol:client < Frame(fin=True, opcode=9, data=b'', rsv1=False, rsv2=False, rsv3=False)
DEBUG:websockets.protocol:client - received ping, sending pong: [empty]
DEBUG:websockets.protocol:client > Frame(fin=True, opcode=10, data=b'', rsv1=False, rsv2=False, rsv3=False)
DEBUG:websockets.protocol:client > Frame(fin=True, opcode=9, data=b'\xe464\x1c', rsv1=False, rsv2=False, rsv3=False)
DEBUG:websockets.protocol:client - event = data_received(<6 bytes>)
DEBUG:websockets.protocol:client < Frame(fin=True, opcode=10, data=b'\xe464\x1c', rsv1=False, rsv2=False, rsv3=False)
DEBUG:websockets.protocol:client - received solicited pong: e436341c
DEBUG:websockets.protocol:client - event = data_received(<2 bytes>)
DEBUG:websockets.protocol:client < Frame(fin=True, opcode=9, data=b'', rsv1=False, rsv2=False, rsv3=False)
DEBUG:websockets.protocol:client - received ping, sending pong: [empty]
DEBUG:websockets.protocol:client > Frame(fin=True, opcode=10, data=b'', rsv1=False, rsv2=False, rsv3=False)
DEBUG:websockets.protocol:client - event = data_received(<2 bytes>)
DEBUG:websockets.protocol:client < Frame(fin=True, opcode=9, data=b'', rsv1=False, rsv2=False, rsv3=False)
DEBUG:websockets.protocol:client - received ping, sending pong: [empty]
DEBUG:websockets.protocol:client > Frame(fin=True, opcode=10, data=b'', rsv1=False, rsv2=False, rsv3=False)
DEBUG:websockets.protocol:client > Frame(fin=True, opcode=9, data=b'fUa\x0c', rsv1=False, rsv2=False, rsv3=False)
DEBUG:websockets.protocol:client - event = data_received(<6 bytes>)
DEBUG:websockets.protocol:client < Frame(fin=True, opcode=10, data=b'fUa\x0c', rsv1=False, rsv2=False, rsv3=False)
DEBUG:websockets.protocol:client - received solicited pong: 6655610c
DEBUG:websockets.protocol:client - event = data_received(<2 bytes>)
DEBUG:websockets.protocol:client < Frame(fin=True, opcode=9, data=b'', rsv1=False, rsv2=False, rsv3=False)
DEBUG:websockets.protocol:client - received ping, sending pong: [empty]
DEBUG:websockets.protocol:client > Frame(fin=True, opcode=10, data=b'', rsv1=False, rsv2=False, rsv3=False)
DEBUG:websockets.protocol:client - event = data_received(<2 bytes>)
DEBUG:websockets.protocol:client < Frame(fin=True, opcode=9, data=b'', rsv1=False, rsv2=False, rsv3=False)
DEBUG:websockets.protocol:client - received ping, sending pong: [empty]
DEBUG:websockets.protocol:client > Frame(fin=True, opcode=10, data=b'', rsv1=False, rsv2=False, rsv3=False)
DEBUG:websockets.protocol:client - event = data_received(<2 bytes>)
DEBUG:websockets.protocol:client < Frame(fin=True, opcode=9, data=b'', rsv1=False, rsv2=False, rsv3=False)
DEBUG:websockets.protocol:client - received ping, sending pong: [empty]
DEBUG:websockets.protocol:client > Frame(fin=True, opcode=10, data=b'', rsv1=False, rsv2=False, rsv3=False)
DEBUG:websockets.protocol:client - event = data_received(<2 bytes>)
DEBUG:websockets.protocol:client < Frame(fin=True, opcode=9, data=b'', rsv1=False, rsv2=False, rsv3=False)
DEBUG:websockets.protocol:client - received ping, sending pong: [empty]
DEBUG:websockets.protocol:client > Frame(fin=True, opcode=10, data=b'', rsv1=False, rsv2=False, rsv3=False)
DEBUG:websockets.protocol:client > Frame(fin=True, opcode=9, data=b"s\xcc\xed'", rsv1=False, rsv2=False, rsv3=False)
DEBUG:websockets.protocol:client - event = data_received(<6 bytes>)
DEBUG:websockets.protocol:client < Frame(fin=True, opcode=10, data=b"s\xcc\xed'", rsv1=False, rsv2=False, rsv3=False)
DEBUG:websockets.protocol:client - received solicited pong: 73cced27
DEBUG:websockets.protocol:client - event = data_received(<2 bytes>)
DEBUG:websockets.protocol:client < Frame(fin=True, opcode=9, data=b'', rsv1=False, rsv2=False, rsv3=False)
DEBUG:websockets.protocol:client - received ping, sending pong: [empty]
DEBUG:websockets.protocol:client > Frame(fin=True, opcode=10, data=b'', rsv1=False, rsv2=False, rsv3=False)
DEBUG:websockets.protocol:client - event = data_received(<2 bytes>)
DEBUG:websockets.protocol:client < Frame(fin=True, opcode=9, data=b'', rsv1=False, rsv2=False, rsv3=False)
DEBUG:websockets.protocol:client - received ping, sending pong: [empty]
DEBUG:websockets.protocol:client > Frame(fin=True, opcode=10, data=b'', rsv1=False, rsv2=False, rsv3=False)
DEBUG:websockets.protocol:client - event = data_received(<2 bytes>)
DEBUG:websockets.protocol:client < Frame(fin=True, opcode=9, data=b'', rsv1=False, rsv2=False, rsv3=False)
DEBUG:websockets.protocol:client - received ping, sending pong: [empty]
DEBUG:websockets.protocol:client > Frame(fin=True, opcode=10, data=b'', rsv1=False, rsv2=False, rsv3=False)
DEBUG:websockets.protocol:client > Frame(fin=True, opcode=9, data=b'|\xe6,\xef', rsv1=False, rsv2=False, rsv3=False)
DEBUG:websockets.protocol:client - event = data_received(<6 bytes>)
DEBUG:websockets.protocol:client < Frame(fin=True, opcode=10, data=b'|\xe6,\xef', rsv1=False, rsv2=False, rsv3=False)
DEBUG:websockets.protocol:client - received solicited pong: 7ce62cef
DEBUG:websockets.protocol:client - event = data_received(<2 bytes>)
DEBUG:websockets.protocol:client < Frame(fin=True, opcode=9, data=b'', rsv1=False, rsv2=False, rsv3=False)
DEBUG:websockets.protocol:client - received ping, sending pong: [empty]
DEBUG:websockets.protocol:client > Frame(fin=True, opcode=10, data=b'', rsv1=False, rsv2=False, rsv3=False)
DEBUG:websockets.protocol:client - event = data_received(<2 bytes>)
DEBUG:websockets.protocol:client < Frame(fin=True, opcode=9, data=b'', rsv1=False, rsv2=False, rsv3=False)
DEBUG:websockets.protocol:client - received ping, sending pong: [empty]
DEBUG:websockets.protocol:client > Frame(fin=True, opcode=10, data=b'', rsv1=False, rsv2=False, rsv3=False)
DEBUG:websockets.protocol:client > Frame(fin=True, opcode=9, data=b'\xf2\xf6T\xdc', rsv1=False, rsv2=False, rsv3=False)
DEBUG:websockets.protocol:client - event = data_received(<6 bytes>)
DEBUG:websockets.protocol:client < Frame(fin=True, opcode=10, data=b'\xf2\xf6T\xdc', rsv1=False, rsv2=False, rsv3=False)
DEBUG:websockets.protocol:client - received solicited pong: f2f654dc
DEBUG:websockets.protocol:client - event = data_received(<2 bytes>)
DEBUG:websockets.protocol:client < Frame(fin=True, opcode=9, data=b'', rsv1=False, rsv2=False, rsv3=False)
DEBUG:websockets.protocol:client - received ping, sending pong: [empty]
DEBUG:websockets.protocol:client > Frame(fin=True, opcode=10, data=b'', rsv1=False, rsv2=False, rsv3=False)
DEBUG:websockets.protocol:client - event = data_received(<2 bytes>)
DEBUG:websockets.protocol:client < Frame(fin=True, opcode=9, data=b'', rsv1=False, rsv2=False, rsv3=False)
DEBUG:websockets.protocol:client - received ping, sending pong: [empty]
DEBUG:websockets.protocol:client > Frame(fin=True, opcode=10, data=b'', rsv1=False, rsv2=False, rsv3=False)
DEBUG:websockets.protocol:client - event = data_received(<2 bytes>)
DEBUG:websockets.protocol:client < Frame(fin=True, opcode=9, data=b'', rsv1=False, rsv2=False, rsv3=False)
DEBUG:websockets.protocol:client - received ping, sending pong: [empty]
DEBUG:websockets.protocol:client > Frame(fin=True, opcode=10, data=b'', rsv1=False, rsv2=False, rsv3=False)
DEBUG:websockets.protocol:client - event = data_received(<2 bytes>)
DEBUG:websockets.protocol:client < Frame(fin=True, opcode=9, data=b'', rsv1=False, rsv2=False, rsv3=False)
DEBUG:websockets.protocol:client - received ping, sending pong: [empty]
DEBUG:websockets.protocol:client > Frame(fin=True, opcode=10, data=b'', rsv1=False, rsv2=False, rsv3=False)
DEBUG:websockets.protocol:client - event = data_received(<2 bytes>)
DEBUG:websockets.protocol:client < Frame(fin=True, opcode=9, data=b'', rsv1=False, rsv2=False, rsv3=False)
DEBUG:websockets.protocol:client - received ping, sending pong: [empty]
DEBUG:websockets.protocol:client > Frame(fin=True, opcode=10, data=b'', rsv1=False, rsv2=False, rsv3=False)
DEBUG:websockets.protocol:client > Frame(fin=True, opcode=9, data=b'\x9bQ\x905', rsv1=False, rsv2=False, rsv3=False)
DEBUG:websockets.protocol:client - event = data_received(<6 bytes>)
DEBUG:websockets.protocol:client < Frame(fin=True, opcode=10, data=b'\x9bQ\x905', rsv1=False, rsv2=False, rsv3=False)
DEBUG:websockets.protocol:client - received solicited pong: 9b519035
DEBUG:websockets.protocol:client - event = data_received(<2 bytes>)
DEBUG:websockets.protocol:client < Frame(fin=True, opcode=9, data=b'', rsv1=False, rsv2=False, rsv3=False)
DEBUG:websockets.protocol:client - received ping, sending pong: [empty]
DEBUG:websockets.protocol:client > Frame(fin=True, opcode=10, data=b'', rsv1=False, rsv2=False, rsv3=False)
DEBUG:websockets.protocol:client > Frame(fin=True, opcode=9, data=b'3\x9fTz', rsv1=False, rsv2=False, rsv3=False)
DEBUG:websockets.protocol:client - event = data_received(<6 bytes>)
DEBUG:websockets.protocol:client < Frame(fin=True, opcode=10, data=b'3\x9fTz', rsv1=False, rsv2=False, rsv3=False)
DEBUG:websockets.protocol:client - received solicited pong: 339f547a
DEBUG:websockets.protocol:client - event = data_received(<2 bytes>)
DEBUG:websockets.protocol:client < Frame(fin=True, opcode=9, data=b'', rsv1=False, rsv2=False, rsv3=False)
DEBUG:websockets.protocol:client - received ping, sending pong: [empty]
DEBUG:websockets.protocol:client > Frame(fin=True, opcode=10, data=b'', rsv1=False, rsv2=False, rsv3=False)
DEBUG:websockets.protocol:client - event = data_received(<2 bytes>)
DEBUG:websockets.protocol:client < Frame(fin=True, opcode=9, data=b'', rsv1=False, rsv2=False, rsv3=False)
DEBUG:websockets.protocol:client - received ping, sending pong: [empty]
DEBUG:websockets.protocol:client > Frame(fin=True, opcode=10, data=b'', rsv1=False, rsv2=False, rsv3=False)
DEBUG:websockets.protocol:client - event = data_received(<2 bytes>)
DEBUG:websockets.protocol:client < Frame(fin=True, opcode=9, data=b'', rsv1=False, rsv2=False, rsv3=False)
DEBUG:websockets.protocol:client - received ping, sending pong: [empty]
DEBUG:websockets.protocol:client > Frame(fin=True, opcode=10, data=b'', rsv1=False, rsv2=False, rsv3=False)
DEBUG:websockets.protocol:client - event = data_received(<2 bytes>)
DEBUG:websockets.protocol:client < Frame(fin=True, opcode=9, data=b'', rsv1=False, rsv2=False, rsv3=False)
DEBUG:websockets.protocol:client - received ping, sending pong: [empty]
DEBUG:websockets.protocol:client > Frame(fin=True, opcode=10, data=b'', rsv1=False, rsv2=False, rsv3=False)
DEBUG:websockets.protocol:client - event = data_received(<2 bytes>)
DEBUG:websockets.protocol:client < Frame(fin=True, opcode=9, data=b'', rsv1=False, rsv2=False, rsv3=False)
DEBUG:websockets.protocol:client - received ping, sending pong: [empty]
DEBUG:websockets.protocol:client > Frame(fin=True, opcode=10, data=b'', rsv1=False, rsv2=False, rsv3=False)
DEBUG:websockets.protocol:client > Frame(fin=True, opcode=9, data=b'cA\xc1\xde', rsv1=False, rsv2=False, rsv3=False)
DEBUG:websockets.protocol:client - event = data_received(<6 bytes>)
DEBUG:websockets.protocol:client < Frame(fin=True, opcode=10, data=b'cA\xc1\xde', rsv1=False, rsv2=False, rsv3=False)
DEBUG:websockets.protocol:client - received solicited pong: 6341c1de
DEBUG:websockets.protocol:client - event = data_received(<2 bytes>)
DEBUG:websockets.protocol:client < Frame(fin=True, opcode=9, data=b'', rsv1=False, rsv2=False, rsv3=False)
DEBUG:websockets.protocol:client - received ping, sending pong: [empty]
DEBUG:websockets.protocol:client > Frame(fin=True, opcode=10, data=b'', rsv1=False, rsv2=False, rsv3=False)
DEBUG:websockets.protocol:client - event = data_received(<2 bytes>)
DEBUG:websockets.protocol:client < Frame(fin=True, opcode=9, data=b'', rsv1=False, rsv2=False, rsv3=False)
DEBUG:websockets.protocol:client - received ping, sending pong: [empty]
DEBUG:websockets.protocol:client > Frame(fin=True, opcode=10, data=b'', rsv1=False, rsv2=False, rsv3=False)
DEBUG:websockets.protocol:client - event = data_received(<2 bytes>)
DEBUG:websockets.protocol:client < Frame(fin=True, opcode=9, data=b'', rsv1=False, rsv2=False, rsv3=False)
DEBUG:websockets.protocol:client - received ping, sending pong: [empty]
DEBUG:websockets.protocol:client > Frame(fin=True, opcode=10, data=b'', rsv1=False, rsv2=False, rsv3=False)
DEBUG:websockets.protocol:client - event = data_received(<2 bytes>)
DEBUG:websockets.protocol:client < Frame(fin=True, opcode=9, data=b'', rsv1=False, rsv2=False, rsv3=False)
DEBUG:websockets.protocol:client - received ping, sending pong: [empty]
DEBUG:websockets.protocol:client > Frame(fin=True, opcode=10, data=b'', rsv1=False, rsv2=False, rsv3=False)
DEBUG:websockets.protocol:client > Frame(fin=True, opcode=9, data=b'\x92\xd5h\x9a', rsv1=False, rsv2=False, rsv3=False)
DEBUG:websockets.protocol:client - event = data_received(<6 bytes>)
DEBUG:websockets.protocol:client < Frame(fin=True, opcode=10, data=b'\x92\xd5h\x9a', rsv1=False, rsv2=False, rsv3=False)
DEBUG:websockets.protocol:client - received solicited pong: 92d5689a
DEBUG:websockets.protocol:client - event = data_received(<2 bytes>)
DEBUG:websockets.protocol:client < Frame(fin=True, opcode=9, data=b'', rsv1=False, rsv2=False, rsv3=False)
DEBUG:websockets.protocol:client - received ping, sending pong: [empty]
DEBUG:websockets.protocol:client > Frame(fin=True, opcode=10, data=b'', rsv1=False, rsv2=False, rsv3=False)
DEBUG:websockets.protocol:client > Frame(fin=True, opcode=9, data=b'\xc5\x8fhq', rsv1=False, rsv2=False, rsv3=False)
DEBUG:websockets.protocol:client - event = data_received(<6 bytes>)
DEBUG:websockets.protocol:client < Frame(fin=True, opcode=10, data=b'\xc5\x8fhq', rsv1=False, rsv2=False, rsv3=False)
DEBUG:websockets.protocol:client - received solicited pong: c58f6871
DEBUG:websockets.protocol:client - event = data_received(<2 bytes>)
DEBUG:websockets.protocol:client < Frame(fin=True, opcode=9, data=b'', rsv1=False, rsv2=False, rsv3=False)
DEBUG:websockets.protocol:client - received ping, sending pong: [empty]
DEBUG:websockets.protocol:client > Frame(fin=True, opcode=10, data=b'', rsv1=False, rsv2=False, rsv3=False)
DEBUG:websockets.protocol:client - event = data_received(<2 bytes>)
DEBUG:websockets.protocol:client < Frame(fin=True, opcode=9, data=b'', rsv1=False, rsv2=False, rsv3=False)
DEBUG:websockets.protocol:client - received ping, sending pong: [empty]
DEBUG:websockets.protocol:client > Frame(fin=True, opcode=10, data=b'', rsv1=False, rsv2=False, rsv3=False)
DEBUG:websockets.protocol:client - event = data_received(<2 bytes>)
DEBUG:websockets.protocol:client < Frame(fin=True, opcode=9, data=b'', rsv1=False, rsv2=False, rsv3=False)
DEBUG:websockets.protocol:client - received ping, sending pong: [empty]
DEBUG:websockets.protocol:client > Frame(fin=True, opcode=10, data=b'', rsv1=False, rsv2=False, rsv3=False)
DEBUG:websockets.protocol:client - event = data_received(<2 bytes>)
DEBUG:websockets.protocol:client < Frame(fin=True, opcode=9, data=b'', rsv1=False, rsv2=False, rsv3=False)
DEBUG:websockets.protocol:client - received ping, sending pong: [empty]
DEBUG:websockets.protocol:client > Frame(fin=True, opcode=10, data=b'', rsv1=False, rsv2=False, rsv3=False)
DEBUG:websockets.protocol:client - event = data_received(<2 bytes>)
DEBUG:websockets.protocol:client < Frame(fin=True, opcode=9, data=b'', rsv1=False, rsv2=False, rsv3=False)
DEBUG:websockets.protocol:client - received ping, sending pong: [empty]
DEBUG:websockets.protocol:client > Frame(fin=True, opcode=10, data=b'', rsv1=False, rsv2=False, rsv3=False)
DEBUG:websockets.protocol:client - event = data_received(<2 bytes>)
DEBUG:websockets.protocol:client < Frame(fin=True, opcode=9, data=b'', rsv1=False, rsv2=False, rsv3=False)
DEBUG:websockets.protocol:client - received ping, sending pong: [empty]
DEBUG:websockets.protocol:client > Frame(fin=True, opcode=10, data=b'', rsv1=False, rsv2=False, rsv3=False)
DEBUG:websockets.protocol:client > Frame(fin=True, opcode=9, data=b'\xec\xf0A\xe9', rsv1=False, rsv2=False, rsv3=False)
DEBUG:websockets.protocol:client - event = data_received(<6 bytes>)
DEBUG:websockets.protocol:client < Frame(fin=True, opcode=10, data=b'\xec\xf0A\xe9', rsv1=False, rsv2=False, rsv3=False)
DEBUG:websockets.protocol:client - received solicited pong: ecf041e9
DEBUG:websockets.protocol:client - event = data_received(<2 bytes>)
DEBUG:websockets.protocol:client < Frame(fin=True, opcode=9, data=b'', rsv1=False, rsv2=False, rsv3=False)
DEBUG:websockets.protocol:client - received ping, sending pong: [empty]
DEBUG:websockets.protocol:client > Frame(fin=True, opcode=10, data=b'', rsv1=False, rsv2=False, rsv3=False)
DEBUG:websockets.protocol:client > Frame(fin=True, opcode=9, data=b'\xa6\xe3\xe7&', rsv1=False, rsv2=False, rsv3=False)
DEBUG:websockets.protocol:client - event = data_received(<6 bytes>)
DEBUG:websockets.protocol:client < Frame(fin=True, opcode=10, data=b'\xa6\xe3\xe7&', rsv1=False, rsv2=False, rsv3=False)
DEBUG:websockets.protocol:client - received solicited pong: a6e3e726
DEBUG:websockets.protocol:client - event = data_received(<2 bytes>)
DEBUG:websockets.protocol:client < Frame(fin=True, opcode=9, data=b'', rsv1=False, rsv2=False, rsv3=False)
DEBUG:websockets.protocol:client - received ping, sending pong: [empty]
DEBUG:websockets.protocol:client > Frame(fin=True, opcode=10, data=b'', rsv1=False, rsv2=False, rsv3=False)
DEBUG:websockets.protocol:client - event = data_received(<2 bytes>)
DEBUG:websockets.protocol:client < Frame(fin=True, opcode=9, data=b'', rsv1=False, rsv2=False, rsv3=False)
DEBUG:websockets.protocol:client - received ping, sending pong: [empty]
DEBUG:websockets.protocol:client > Frame(fin=True, opcode=10, data=b'', rsv1=False, rsv2=False, rsv3=False)
DEBUG:websockets.protocol:client - event = data_received(<2 bytes>)
DEBUG:websockets.protocol:client < Frame(fin=True, opcode=9, data=b'', rsv1=False, rsv2=False, rsv3=False)
DEBUG:websockets.protocol:client - received ping, sending pong: [empty]
DEBUG:websockets.protocol:client > Frame(fin=True, opcode=10, data=b'', rsv1=False, rsv2=False, rsv3=False)
DEBUG:websockets.protocol:client - event = data_received(<2 bytes>)
DEBUG:websockets.protocol:client < Frame(fin=True, opcode=9, data=b'', rsv1=False, rsv2=False, rsv3=False)
DEBUG:websockets.protocol:client - received ping, sending pong: [empty]
DEBUG:websockets.protocol:client > Frame(fin=True, opcode=10, data=b'', rsv1=False, rsv2=False, rsv3=False)
DEBUG:websockets.protocol:client > Frame(fin=True, opcode=9, data=b"\xf8\xc5\xc9'", rsv1=False, rsv2=False, rsv3=False)
DEBUG:websockets.protocol:client - event = data_received(<6 bytes>)
DEBUG:websockets.protocol:client < Frame(fin=True, opcode=10, data=b"\xf8\xc5\xc9'", rsv1=False, rsv2=False, rsv3=False)
DEBUG:websockets.protocol:client - received solicited pong: f8c5c927
DEBUG:websockets.protocol:client - event = data_received(<2 bytes>)
DEBUG:websockets.protocol:client < Frame(fin=True, opcode=9, data=b'', rsv1=False, rsv2=False, rsv3=False)
DEBUG:websockets.protocol:client - received ping, sending pong: [empty]
DEBUG:websockets.protocol:client > Frame(fin=True, opcode=10, data=b'', rsv1=False, rsv2=False, rsv3=False)
DEBUG:websockets.protocol:client - event = data_received(<2 bytes>)
DEBUG:websockets.protocol:client < Frame(fin=True, opcode=9, data=b'', rsv1=False, rsv2=False, rsv3=False)
DEBUG:websockets.protocol:client - received ping, sending pong: [empty]
DEBUG:websockets.protocol:client > Frame(fin=True, opcode=10, data=b'', rsv1=False, rsv2=False, rsv3=False)
DEBUG:websockets.protocol:client - event = data_received(<2 bytes>)
DEBUG:websockets.protocol:client < Frame(fin=True, opcode=9, data=b'', rsv1=False, rsv2=False, rsv3=False)
DEBUG:websockets.protocol:client - received ping, sending pong: [empty]
DEBUG:websockets.protocol:client > Frame(fin=True, opcode=10, data=b'', rsv1=False, rsv2=False, rsv3=False)
DEBUG:websockets.protocol:client > Frame(fin=True, opcode=9, data=b'\xe1w\xf6\xc0', rsv1=False, rsv2=False, rsv3=False)
DEBUG:websockets.protocol:client - event = data_received(<6 bytes>)
DEBUG:websockets.protocol:client < Frame(fin=True, opcode=10, data=b'\xe1w\xf6\xc0', rsv1=False, rsv2=False, rsv3=False)
DEBUG:websockets.protocol:client - received solicited pong: e177f6c0
DEBUG:websockets.protocol:client - event = data_received(<2 bytes>)
DEBUG:websockets.protocol:client < Frame(fin=True, opcode=9, data=b'', rsv1=False, rsv2=False, rsv3=False)
DEBUG:websockets.protocol:client - received ping, sending pong: [empty]
DEBUG:websockets.protocol:client > Frame(fin=True, opcode=10, data=b'', rsv1=False, rsv2=False, rsv3=False)
DEBUG:websockets.protocol:client - event = data_received(<2 bytes>)
DEBUG:websockets.protocol:client < Frame(fin=True, opcode=9, data=b'', rsv1=False, rsv2=False, rsv3=False)
DEBUG:websockets.protocol:client - received ping, sending pong: [empty]
DEBUG:websockets.protocol:client > Frame(fin=True, opcode=10, data=b'', rsv1=False, rsv2=False, rsv3=False)
DEBUG:websockets.protocol:client > Frame(fin=True, opcode=9, data=b'\xbc\x11P\xb7', rsv1=False, rsv2=False, rsv3=False)
DEBUG:websockets.protocol:client - event = data_received(<6 bytes>)
DEBUG:websockets.protocol:client < Frame(fin=True, opcode=10, data=b'\xbc\x11P\xb7', rsv1=False, rsv2=False, rsv3=False)
DEBUG:websockets.protocol:client - received solicited pong: bc1150b7
DEBUG:websockets.protocol:client - event = data_received(<2 bytes>)
DEBUG:websockets.protocol:client < Frame(fin=True, opcode=9, data=b'', rsv1=False, rsv2=False, rsv3=False)
DEBUG:websockets.protocol:client - received ping, sending pong: [empty]
DEBUG:websockets.protocol:client > Frame(fin=True, opcode=10, data=b'', rsv1=False, rsv2=False, rsv3=False)
DEBUG:websockets.protocol:client - event = data_received(<2 bytes>)
DEBUG:websockets.protocol:client < Frame(fin=True, opcode=9, data=b'', rsv1=False, rsv2=False, rsv3=False)
DEBUG:websockets.protocol:client - received ping, sending pong: [empty]
DEBUG:websockets.protocol:client > Frame(fin=True, opcode=10, data=b'', rsv1=False, rsv2=False, rsv3=False)
DEBUG:websockets.protocol:client - event = data_received(<2 bytes>)
DEBUG:websockets.protocol:client < Frame(fin=True, opcode=9, data=b'', rsv1=False, rsv2=False, rsv3=False)
DEBUG:websockets.protocol:client - received ping, sending pong: [empty]
DEBUG:websockets.protocol:client > Frame(fin=True, opcode=10, data=b'', rsv1=False, rsv2=False, rsv3=False)
DEBUG:websockets.protocol:client - event = data_received(<2 bytes>)
DEBUG:websockets.protocol:client < Frame(fin=True, opcode=9, data=b'', rsv1=False, rsv2=False, rsv3=False)
DEBUG:websockets.protocol:client - received ping, sending pong: [empty]
DEBUG:websockets.protocol:client > Frame(fin=True, opcode=10, data=b'', rsv1=False, rsv2=False, rsv3=False)
DEBUG:websockets.protocol:client - event = data_received(<2 bytes>)
DEBUG:websockets.protocol:client < Frame(fin=True, opcode=9, data=b'', rsv1=False, rsv2=False, rsv3=False)
DEBUG:websockets.protocol:client - received ping, sending pong: [empty]
DEBUG:websockets.protocol:client > Frame(fin=True, opcode=10, data=b'', rsv1=False, rsv2=False, rsv3=False)
DEBUG:websockets.protocol:client - event = data_received(<2 bytes>)
DEBUG:websockets.protocol:client < Frame(fin=True, opcode=9, data=b'', rsv1=False, rsv2=False, rsv3=False)
DEBUG:websockets.protocol:client - received ping, sending pong: [empty]
DEBUG:websockets.protocol:client > Frame(fin=True, opcode=10, data=b'', rsv1=False, rsv2=False, rsv3=False)
DEBUG:websockets.protocol:client - event = data_received(<2 bytes>)
DEBUG:websockets.protocol:client < Frame(fin=True, opcode=9, data=b'', rsv1=False, rsv2=False, rsv3=False)
DEBUG:websockets.protocol:client - received ping, sending pong: [empty]
DEBUG:websockets.protocol:client > Frame(fin=True, opcode=10, data=b'', rsv1=False, rsv2=False, rsv3=False)
DEBUG:websockets.protocol:client - event = data_received(<2 bytes>)
DEBUG:websockets.protocol:client < Frame(fin=True, opcode=9, data=b'', rsv1=False, rsv2=False, rsv3=False)
DEBUG:websockets.protocol:client - received ping, sending pong: [empty]
DEBUG:websockets.protocol:client > Frame(fin=True, opcode=10, data=b'', rsv1=False, rsv2=False, rsv3=False)
DEBUG:websockets.protocol:client > Frame(fin=True, opcode=9, data=b'\xca\x17\xe5\xc5', rsv1=False, rsv2=False, rsv3=False)
DEBUG:websockets.protocol:client - event = data_received(<6 bytes>)
DEBUG:websockets.protocol:client < Frame(fin=True, opcode=10, data=b'\xca\x17\xe5\xc5', rsv1=False, rsv2=False, rsv3=False)
DEBUG:websockets.protocol:client - received solicited pong: ca17e5c5
DEBUG:websockets.protocol:client - event = data_received(<2 bytes>)
DEBUG:websockets.protocol:client < Frame(fin=True, opcode=9, data=b'', rsv1=False, rsv2=False, rsv3=False)
DEBUG:websockets.protocol:client - received ping, sending pong: [empty]
DEBUG:websockets.protocol:client > Frame(fin=True, opcode=10, data=b'', rsv1=False, rsv2=False, rsv3=False)
DEBUG:websockets.protocol:client > Frame(fin=True, opcode=9, data=b'i\x89\xc8\x02', rsv1=False, rsv2=False, rsv3=False)
DEBUG:websockets.protocol:client - event = data_received(<6 bytes>)
DEBUG:websockets.protocol:client < Frame(fin=True, opcode=10, data=b'i\x89\xc8\x02', rsv1=False, rsv2=False, rsv3=False)
DEBUG:websockets.protocol:client - received solicited pong: 6989c802
DEBUG:websockets.protocol:client - event = data_received(<2 bytes>)
DEBUG:websockets.protocol:client < Frame(fin=True, opcode=9, data=b'', rsv1=False, rsv2=False, rsv3=False)
DEBUG:websockets.protocol:client - received ping, sending pong: [empty]
DEBUG:websockets.protocol:client > Frame(fin=True, opcode=10, data=b'', rsv1=False, rsv2=False, rsv3=False)
DEBUG:websockets.protocol:client - event = data_received(<2 bytes>)
DEBUG:websockets.protocol:client < Frame(fin=True, opcode=9, data=b'', rsv1=False, rsv2=False, rsv3=False)
DEBUG:websockets.protocol:client - received ping, sending pong: [empty]
DEBUG:websockets.protocol:client > Frame(fin=True, opcode=10, data=b'', rsv1=False, rsv2=False, rsv3=False)
DEBUG:websockets.protocol:client - event = data_received(<2 bytes>)
DEBUG:websockets.protocol:client < Frame(fin=True, opcode=9, data=b'', rsv1=False, rsv2=False, rsv3=False)
DEBUG:websockets.protocol:client - received ping, sending pong: [empty]
DEBUG:websockets.protocol:client > Frame(fin=True, opcode=10, data=b'', rsv1=False, rsv2=False, rsv3=False)
DEBUG:websockets.protocol:client - event = data_received(<2 bytes>)
DEBUG:websockets.protocol:client < Frame(fin=True, opcode=9, data=b'', rsv1=False, rsv2=False, rsv3=False)
DEBUG:websockets.protocol:client - received ping, sending pong: [empty]
DEBUG:websockets.protocol:client > Frame(fin=True, opcode=10, data=b'', rsv1=False, rsv2=False, rsv3=False)
DEBUG:websockets.protocol:client > Frame(fin=True, opcode=9, data=b"\r\x0f'v", rsv1=False, rsv2=False, rsv3=False)
DEBUG:websockets.protocol:client - event = data_received(<6 bytes>)
DEBUG:websockets.protocol:client < Frame(fin=True, opcode=10, data=b"\r\x0f'v", rsv1=False, rsv2=False, rsv3=False)
DEBUG:websockets.protocol:client - received solicited pong: 0d0f2776
DEBUG:websockets.protocol:client - event = data_received(<2 bytes>)
DEBUG:websockets.protocol:client < Frame(fin=True, opcode=9, data=b'', rsv1=False, rsv2=False, rsv3=False)
DEBUG:websockets.protocol:client - received ping, sending pong: [empty]
DEBUG:websockets.protocol:client > Frame(fin=True, opcode=10, data=b'', rsv1=False, rsv2=False, rsv3=False)
DEBUG:websockets.protocol:client - event = data_received(<2 bytes>)
DEBUG:websockets.protocol:client < Frame(fin=True, opcode=9, data=b'', rsv1=False, rsv2=False, rsv3=False)
DEBUG:websockets.protocol:client - received ping, sending pong: [empty]
DEBUG:websockets.protocol:client > Frame(fin=True, opcode=10, data=b'', rsv1=False, rsv2=False, rsv3=False)
DEBUG:websockets.protocol:client - event = data_received(<2 bytes>)
DEBUG:websockets.protocol:client < Frame(fin=True, opcode=9, data=b'', rsv1=False, rsv2=False, rsv3=False)
DEBUG:websockets.protocol:client - received ping, sending pong: [empty]
DEBUG:websockets.protocol:client > Frame(fin=True, opcode=10, data=b'', rsv1=False, rsv2=False, rsv3=False)
DEBUG:websockets.protocol:client > Frame(fin=True, opcode=9, data=b'?\xc9s_', rsv1=False, rsv2=False, rsv3=False)
DEBUG:websockets.protocol:client - event = data_received(<6 bytes>)
DEBUG:websockets.protocol:client < Frame(fin=True, opcode=10, data=b'?\xc9s_', rsv1=False, rsv2=False, rsv3=False)
DEBUG:websockets.protocol:client - received solicited pong: 3fc9735f
DEBUG:websockets.protocol:client - event = data_received(<2 bytes>)
DEBUG:websockets.protocol:client < Frame(fin=True, opcode=9, data=b'', rsv1=False, rsv2=False, rsv3=False)
DEBUG:websockets.protocol:client - received ping, sending pong: [empty]
DEBUG:websockets.protocol:client > Frame(fin=True, opcode=10, data=b'', rsv1=False, rsv2=False, rsv3=False)
DEBUG:websockets.protocol:client - event = data_received(<2 bytes>)
DEBUG:websockets.protocol:client < Frame(fin=True, opcode=9, data=b'', rsv1=False, rsv2=False, rsv3=False)
DEBUG:websockets.protocol:client - received ping, sending pong: [empty]
DEBUG:websockets.protocol:client > Frame(fin=True, opcode=10, data=b'', rsv1=False, rsv2=False, rsv3=False)
DEBUG:websockets.protocol:client > Frame(fin=True, opcode=9, data=b"@'\x81\x10", rsv1=False, rsv2=False, rsv3=False)
DEBUG:websockets.protocol:client - event = data_received(<6 bytes>)
DEBUG:websockets.protocol:client < Frame(fin=True, opcode=10, data=b"@'\x81\x10", rsv1=False, rsv2=False, rsv3=False)
DEBUG:websockets.protocol:client - received solicited pong: 40278110
DEBUG:websockets.protocol:client - event = data_received(<2 bytes>)
DEBUG:websockets.protocol:client < Frame(fin=True, opcode=9, data=b'', rsv1=False, rsv2=False, rsv3=False)
DEBUG:websockets.protocol:client - received ping, sending pong: [empty]
DEBUG:websockets.protocol:client > Frame(fin=True, opcode=10, data=b'', rsv1=False, rsv2=False, rsv3=False)
DEBUG:websockets.protocol:client - event = data_received(<2 bytes>)
DEBUG:websockets.protocol:client < Frame(fin=True, opcode=9, data=b'', rsv1=False, rsv2=False, rsv3=False)
DEBUG:websockets.protocol:client - received ping, sending pong: [empty]
DEBUG:websockets.protocol:client > Frame(fin=True, opcode=10, data=b'', rsv1=False, rsv2=False, rsv3=False)
DEBUG:websockets.protocol:client - event = data_received(<2 bytes>)
DEBUG:websockets.protocol:client < Frame(fin=True, opcode=9, data=b'', rsv1=False, rsv2=False, rsv3=False)
DEBUG:websockets.protocol:client - received ping, sending pong: [empty]
DEBUG:websockets.protocol:client > Frame(fin=True, opcode=10, data=b'', rsv1=False, rsv2=False, rsv3=False)
DEBUG:websockets.protocol:client - event = data_received(<2 bytes>)
DEBUG:websockets.protocol:client < Frame(fin=True, opcode=9, data=b'', rsv1=False, rsv2=False, rsv3=False)
DEBUG:websockets.protocol:client - received ping, sending pong: [empty]
DEBUG:websockets.protocol:client > Frame(fin=True, opcode=10, data=b'', rsv1=False, rsv2=False, rsv3=False)
DEBUG:websockets.protocol:client - event = data_received(<2 bytes>)
DEBUG:websockets.protocol:client < Frame(fin=True, opcode=9, data=b'', rsv1=False, rsv2=False, rsv3=False)
DEBUG:websockets.protocol:client - received ping, sending pong: [empty]
DEBUG:websockets.protocol:client > Frame(fin=True, opcode=10, data=b'', rsv1=False, rsv2=False, rsv3=False)
DEBUG:websockets.protocol:client - event = data_received(<2 bytes>)
DEBUG:websockets.protocol:client < Frame(fin=True, opcode=9, data=b'', rsv1=False, rsv2=False, rsv3=False)
DEBUG:websockets.protocol:client - received ping, sending pong: [empty]
DEBUG:websockets.protocol:client > Frame(fin=True, opcode=10, data=b'', rsv1=False, rsv2=False, rsv3=False)
DEBUG:websockets.protocol:client > Frame(fin=True, opcode=9, data=b'\xf5p\x12\xce', rsv1=False, rsv2=False, rsv3=False)
DEBUG:websockets.protocol:client - event = data_received(<6 bytes>)
DEBUG:websockets.protocol:client < Frame(fin=True, opcode=10, data=b'\xf5p\x12\xce', rsv1=False, rsv2=False, rsv3=False)
DEBUG:websockets.protocol:client - received solicited pong: f57012ce
DEBUG:websockets.protocol:client > Frame(fin=True, opcode=9, data=b'\n1\xfc\x0e', rsv1=False, rsv2=False, rsv3=False)
DEBUG:websockets.protocol:client - event = data_received(<6 bytes>)
DEBUG:websockets.protocol:client < Frame(fin=True, opcode=10, data=b'\n1\xfc\x0e', rsv1=False, rsv2=False, rsv3=False)
DEBUG:websockets.protocol:client - received solicited pong: 0a31fc0e
DEBUG:websockets.protocol:client - event = data_received(<2 bytes>)
DEBUG:websockets.protocol:client < Frame(fin=True, opcode=9, data=b'', rsv1=False, rsv2=False, rsv3=False)
DEBUG:websockets.protocol:client - received ping, sending pong: [empty]
DEBUG:websockets.protocol:client > Frame(fin=True, opcode=10, data=b'', rsv1=False, rsv2=False, rsv3=False)
DEBUG:websockets.protocol:client - event = data_received(<2 bytes>)
DEBUG:websockets.protocol:client < Frame(fin=True, opcode=9, data=b'', rsv1=False, rsv2=False, rsv3=False)
DEBUG:websockets.protocol:client - received ping, sending pong: [empty]
DEBUG:websockets.protocol:client > Frame(fin=True, opcode=10, data=b'', rsv1=False, rsv2=False, rsv3=False)
DEBUG:websockets.protocol:client - event = data_received(<2 bytes>)
DEBUG:websockets.protocol:client < Frame(fin=True, opcode=9, data=b'', rsv1=False, rsv2=False, rsv3=False)
DEBUG:websockets.protocol:client - received ping, sending pong: [empty]
DEBUG:websockets.protocol:client > Frame(fin=True, opcode=10, data=b'', rsv1=False, rsv2=False, rsv3=False)
DEBUG:websockets.protocol:client - event = data_received(<2 bytes>)
DEBUG:websockets.protocol:client < Frame(fin=True, opcode=9, data=b'', rsv1=False, rsv2=False, rsv3=False)
DEBUG:websockets.protocol:client - received ping, sending pong: [empty]
DEBUG:websockets.protocol:client > Frame(fin=True, opcode=10, data=b'', rsv1=False, rsv2=False, rsv3=False)
DEBUG:websockets.protocol:client - event = data_received(<2 bytes>)
DEBUG:websockets.protocol:client < Frame(fin=True, opcode=9, data=b'', rsv1=False, rsv2=False, rsv3=False)
DEBUG:websockets.protocol:client - received ping, sending pong: [empty]
DEBUG:websockets.protocol:client > Frame(fin=True, opcode=10, data=b'', rsv1=False, rsv2=False, rsv3=False)
DEBUG:websockets.protocol:client - event = data_received(<2 bytes>)
DEBUG:websockets.protocol:client < Frame(fin=True, opcode=9, data=b'', rsv1=False, rsv2=False, rsv3=False)
DEBUG:websockets.protocol:client - received ping, sending pong: [empty]
DEBUG:websockets.protocol:client > Frame(fin=True, opcode=10, data=b'', rsv1=False, rsv2=False, rsv3=False)
DEBUG:websockets.protocol:client > Frame(fin=True, opcode=9, data=b'\xfe\xac\xb2\x80', rsv1=False, rsv2=False, rsv3=False)
DEBUG:websockets.protocol:client - event = data_received(<6 bytes>)
DEBUG:websockets.protocol:client < Frame(fin=True, opcode=10, data=b'\xfe\xac\xb2\x80', rsv1=False, rsv2=False, rsv3=False)
DEBUG:websockets.protocol:client - received solicited pong: feacb280
DEBUG:websockets.protocol:client - event = data_received(<2 bytes>)
DEBUG:websockets.protocol:client < Frame(fin=True, opcode=9, data=b'', rsv1=False, rsv2=False, rsv3=False)
DEBUG:websockets.protocol:client - received ping, sending pong: [empty]
DEBUG:websockets.protocol:client > Frame(fin=True, opcode=10, data=b'', rsv1=False, rsv2=False, rsv3=False)
DEBUG:websockets.protocol:client - event = data_received(<2 bytes>)
DEBUG:websockets.protocol:client < Frame(fin=True, opcode=9, data=b'', rsv1=False, rsv2=False, rsv3=False)
DEBUG:websockets.protocol:client - received ping, sending pong: [empty]
DEBUG:websockets.protocol:client > Frame(fin=True, opcode=10, data=b'', rsv1=False, rsv2=False, rsv3=False)
DEBUG:websockets.protocol:client - event = data_received(<2 bytes>)
DEBUG:websockets.protocol:client < Frame(fin=True, opcode=9, data=b'', rsv1=False, rsv2=False, rsv3=False)
DEBUG:websockets.protocol:client - received ping, sending pong: [empty]
DEBUG:websockets.protocol:client > Frame(fin=True, opcode=10, data=b'', rsv1=False, rsv2=False, rsv3=False)
DEBUG:websockets.protocol:client > Frame(fin=True, opcode=9, data=b'\xc7\xa6~\xdd', rsv1=False, rsv2=False, rsv3=False)
DEBUG:websockets.protocol:client - event = data_received(<6 bytes>)
DEBUG:websockets.protocol:client < Frame(fin=True, opcode=10, data=b'\xc7\xa6~\xdd', rsv1=False, rsv2=False, rsv3=False)
DEBUG:websockets.protocol:client - received solicited pong: c7a67edd
DEBUG:websockets.protocol:client - event = data_received(<2 bytes>)
DEBUG:websockets.protocol:client < Frame(fin=True, opcode=9, data=b'', rsv1=False, rsv2=False, rsv3=False)
DEBUG:websockets.protocol:client - received ping, sending pong: [empty]
DEBUG:websockets.protocol:client > Frame(fin=True, opcode=10, data=b'', rsv1=False, rsv2=False, rsv3=False)
DEBUG:websockets.protocol:client - event = data_received(<2 bytes>)
DEBUG:websockets.protocol:client < Frame(fin=True, opcode=9, data=b'', rsv1=False, rsv2=False, rsv3=False)
DEBUG:websockets.protocol:client - received ping, sending pong: [empty]
DEBUG:websockets.protocol:client > Frame(fin=True, opcode=10, data=b'', rsv1=False, rsv2=False, rsv3=False)
DEBUG:websockets.protocol:client > Frame(fin=True, opcode=9, data=b'=o\xe7k', rsv1=False, rsv2=False, rsv3=False)
DEBUG:websockets.protocol:client - event = data_received(<6 bytes>)
DEBUG:websockets.protocol:client < Frame(fin=True, opcode=10, data=b'=o\xe7k', rsv1=False, rsv2=False, rsv3=False)
DEBUG:websockets.protocol:client - received solicited pong: 3d6fe76b
DEBUG:websockets.protocol:client - event = data_received(<2 bytes>)
DEBUG:websockets.protocol:client < Frame(fin=True, opcode=9, data=b'', rsv1=False, rsv2=False, rsv3=False)
DEBUG:websockets.protocol:client - received ping, sending pong: [empty]
DEBUG:websockets.protocol:client > Frame(fin=True, opcode=10, data=b'', rsv1=False, rsv2=False, rsv3=False)
DEBUG:websockets.protocol:client - event = data_received(<2 bytes>)
DEBUG:websockets.protocol:client < Frame(fin=True, opcode=9, data=b'', rsv1=False, rsv2=False, rsv3=False)
DEBUG:websockets.protocol:client - received ping, sending pong: [empty]
DEBUG:websockets.protocol:client > Frame(fin=True, opcode=10, data=b'', rsv1=False, rsv2=False, rsv3=False)
DEBUG:websockets.protocol:client - event = data_received(<2 bytes>)
DEBUG:websockets.protocol:client < Frame(fin=True, opcode=9, data=b'', rsv1=False, rsv2=False, rsv3=False)
DEBUG:websockets.protocol:client - received ping, sending pong: [empty]
DEBUG:websockets.protocol:client > Frame(fin=True, opcode=10, data=b'', rsv1=False, rsv2=False, rsv3=False)
DEBUG:websockets.protocol:client - event = data_received(<2 bytes>)
DEBUG:websockets.protocol:client < Frame(fin=True, opcode=9, data=b'', rsv1=False, rsv2=False, rsv3=False)
DEBUG:websockets.protocol:client - received ping, sending pong: [empty]
DEBUG:websockets.protocol:client > Frame(fin=True, opcode=10, data=b'', rsv1=False, rsv2=False, rsv3=False)
DEBUG:websockets.protocol:client - event = data_received(<2 bytes>)
DEBUG:websockets.protocol:client < Frame(fin=True, opcode=9, data=b'', rsv1=False, rsv2=False, rsv3=False)
DEBUG:websockets.protocol:client - received ping, sending pong: [empty]
DEBUG:websockets.protocol:client > Frame(fin=True, opcode=10, data=b'', rsv1=False, rsv2=False, rsv3=False)
DEBUG:websockets.protocol:client - event = data_received(<2 bytes>)
DEBUG:websockets.protocol:client < Frame(fin=True, opcode=9, data=b'', rsv1=False, rsv2=False, rsv3=False)
DEBUG:websockets.protocol:client - received ping, sending pong: [empty]
DEBUG:websockets.protocol:client > Frame(fin=True, opcode=10, data=b'', rsv1=False, rsv2=False, rsv3=False)
DEBUG:websockets.protocol:client - event = data_received(<2 bytes>)
DEBUG:websockets.protocol:client < Frame(fin=True, opcode=9, data=b'', rsv1=False, rsv2=False, rsv3=False)
DEBUG:websockets.protocol:client - received ping, sending pong: [empty]
DEBUG:websockets.protocol:client > Frame(fin=True, opcode=10, data=b'', rsv1=False, rsv2=False, rsv3=False)
DEBUG:websockets.protocol:client > Frame(fin=True, opcode=9, data=b'1<\xb8m', rsv1=False, rsv2=False, rsv3=False)
DEBUG:websockets.protocol:client - event = data_received(<6 bytes>)
DEBUG:websockets.protocol:client < Frame(fin=True, opcode=10, data=b'1<\xb8m', rsv1=False, rsv2=False, rsv3=False)
DEBUG:websockets.protocol:client - received solicited pong: 313cb86d
DEBUG:websockets.protocol:client > Frame(fin=True, opcode=9, data=b'\x9e\x81[\xba', rsv1=False, rsv2=False, rsv3=False)
DEBUG:websockets.protocol:client - event = data_received(<6 bytes>)
DEBUG:websockets.protocol:client < Frame(fin=True, opcode=10, data=b'\x9e\x81[\xba', rsv1=False, rsv2=False, rsv3=False)
DEBUG:websockets.protocol:client - received solicited pong: 9e815bba
DEBUG:websockets.protocol:client - event = data_received(<2 bytes>)
DEBUG:websockets.protocol:client < Frame(fin=True, opcode=9, data=b'', rsv1=False, rsv2=False, rsv3=False)
DEBUG:websockets.protocol:client - received ping, sending pong: [empty]
DEBUG:websockets.protocol:client > Frame(fin=True, opcode=10, data=b'', rsv1=False, rsv2=False, rsv3=False)
DEBUG:websockets.protocol:client - event = data_received(<2 bytes>)
DEBUG:websockets.protocol:client < Frame(fin=True, opcode=9, data=b'', rsv1=False, rsv2=False, rsv3=False)
DEBUG:websockets.protocol:client - received ping, sending pong: [empty]
DEBUG:websockets.protocol:client > Frame(fin=True, opcode=10, data=b'', rsv1=False, rsv2=False, rsv3=False)
DEBUG:websockets.protocol:client - event = data_received(<2 bytes>)
DEBUG:websockets.protocol:client < Frame(fin=True, opcode=9, data=b'', rsv1=False, rsv2=False, rsv3=False)
DEBUG:websockets.protocol:client - received ping, sending pong: [empty]
DEBUG:websockets.protocol:client > Frame(fin=True, opcode=10, data=b'', rsv1=False, rsv2=False, rsv3=False)
DEBUG:websockets.protocol:client - event = data_received(<2 bytes>)
DEBUG:websockets.protocol:client < Frame(fin=True, opcode=9, data=b'', rsv1=False, rsv2=False, rsv3=False)
DEBUG:websockets.protocol:client - received ping, sending pong: [empty]
DEBUG:websockets.protocol:client > Frame(fin=True, opcode=10, data=b'', rsv1=False, rsv2=False, rsv3=False)
DEBUG:websockets.protocol:client - event = data_received(<2 bytes>)
DEBUG:websockets.protocol:client < Frame(fin=True, opcode=9, data=b'', rsv1=False, rsv2=False, rsv3=False)
DEBUG:websockets.protocol:client - received ping, sending pong: [empty]
DEBUG:websockets.protocol:client > Frame(fin=True, opcode=10, data=b'', rsv1=False, rsv2=False, rsv3=False)
DEBUG:websockets.protocol:client > Frame(fin=True, opcode=9, data=b'\x1e\xd8\x87\xb8', rsv1=False, rsv2=False, rsv3=False)
DEBUG:websockets.protocol:client - event = data_received(<6 bytes>)
DEBUG:websockets.protocol:client < Frame(fin=True, opcode=10, data=b'\x1e\xd8\x87\xb8', rsv1=False, rsv2=False, rsv3=False)
DEBUG:websockets.protocol:client - received solicited pong: 1ed887b8
DEBUG:websockets.protocol:client - event = data_received(<2 bytes>)
DEBUG:websockets.protocol:client < Frame(fin=True, opcode=9, data=b'', rsv1=False, rsv2=False, rsv3=False)
DEBUG:websockets.protocol:client - received ping, sending pong: [empty]
DEBUG:websockets.protocol:client > Frame(fin=True, opcode=10, data=b'', rsv1=False, rsv2=False, rsv3=False)
DEBUG:websockets.protocol:client - event = data_received(<2 bytes>)
DEBUG:websockets.protocol:client < Frame(fin=True, opcode=9, data=b'', rsv1=False, rsv2=False, rsv3=False)
DEBUG:websockets.protocol:client - received ping, sending pong: [empty]
DEBUG:websockets.protocol:client > Frame(fin=True, opcode=10, data=b'', rsv1=False, rsv2=False, rsv3=False)
DEBUG:websockets.protocol:client - event = data_received(<2 bytes>)
DEBUG:websockets.protocol:client < Frame(fin=True, opcode=9, data=b'', rsv1=False, rsv2=False, rsv3=False)
DEBUG:websockets.protocol:client - received ping, sending pong: [empty]
DEBUG:websockets.protocol:client > Frame(fin=True, opcode=10, data=b'', rsv1=False, rsv2=False, rsv3=False)
DEBUG:websockets.protocol:client > Frame(fin=True, opcode=9, data=b'\xaf\xde@\xd2', rsv1=False, rsv2=False, rsv3=False)
DEBUG:websockets.protocol:client - event = data_received(<6 bytes>)
DEBUG:websockets.protocol:client < Frame(fin=True, opcode=10, data=b'\xaf\xde@\xd2', rsv1=False, rsv2=False, rsv3=False)
DEBUG:websockets.protocol:client - received solicited pong: afde40d2
DEBUG:websockets.protocol:client - event = data_received(<2 bytes>)
DEBUG:websockets.protocol:client < Frame(fin=True, opcode=9, data=b'', rsv1=False, rsv2=False, rsv3=False)
DEBUG:websockets.protocol:client - received ping, sending pong: [empty]
DEBUG:websockets.protocol:client > Frame(fin=True, opcode=10, data=b'', rsv1=False, rsv2=False, rsv3=False)
DEBUG:websockets.protocol:client - event = data_received(<2 bytes>)
DEBUG:websockets.protocol:client < Frame(fin=True, opcode=9, data=b'', rsv1=False, rsv2=False, rsv3=False)
DEBUG:websockets.protocol:client - received ping, sending pong: [empty]
DEBUG:websockets.protocol:client > Frame(fin=True, opcode=10, data=b'', rsv1=False, rsv2=False, rsv3=False)
DEBUG:websockets.protocol:client - event = data_received(<2 bytes>)
DEBUG:websockets.protocol:client < Frame(fin=True, opcode=9, data=b'', rsv1=False, rsv2=False, rsv3=False)
DEBUG:websockets.protocol:client - received ping, sending pong: [empty]
DEBUG:websockets.protocol:client > Frame(fin=True, opcode=10, data=b'', rsv1=False, rsv2=False, rsv3=False)
DEBUG:websockets.protocol:client > Frame(fin=True, opcode=9, data=b'\xb3\xa1v!', rsv1=False, rsv2=False, rsv3=False)
DEBUG:websockets.protocol:client - event = data_received(<6 bytes>)
DEBUG:websockets.protocol:client < Frame(fin=True, opcode=10, data=b'\xb3\xa1v!', rsv1=False, rsv2=False, rsv3=False)
DEBUG:websockets.protocol:client - received solicited pong: b3a17621
DEBUG:websockets.protocol:client - event = data_received(<2 bytes>)
DEBUG:websockets.protocol:client < Frame(fin=True, opcode=9, data=b'', rsv1=False, rsv2=False, rsv3=False)
DEBUG:websockets.protocol:client - received ping, sending pong: [empty]
DEBUG:websockets.protocol:client > Frame(fin=True, opcode=10, data=b'', rsv1=False, rsv2=False, rsv3=False)
DEBUG:websockets.protocol:client - event = data_received(<2 bytes>)
DEBUG:websockets.protocol:client < Frame(fin=True, opcode=9, data=b'', rsv1=False, rsv2=False, rsv3=False)
DEBUG:websockets.protocol:client - received ping, sending pong: [empty]
DEBUG:websockets.protocol:client > Frame(fin=True, opcode=10, data=b'', rsv1=False, rsv2=False, rsv3=False)
DEBUG:websockets.protocol:client - event = data_received(<2 bytes>)
DEBUG:websockets.protocol:client < Frame(fin=True, opcode=9, data=b'', rsv1=False, rsv2=False, rsv3=False)
DEBUG:websockets.protocol:client - received ping, sending pong: [empty]
DEBUG:websockets.protocol:client > Frame(fin=True, opcode=10, data=b'', rsv1=False, rsv2=False, rsv3=False)
DEBUG:websockets.protocol:client - event = data_received(<2 bytes>)
DEBUG:websockets.protocol:client < Frame(fin=True, opcode=9, data=b'', rsv1=False, rsv2=False, rsv3=False)
DEBUG:websockets.protocol:client - received ping, sending pong: [empty]
DEBUG:websockets.protocol:client > Frame(fin=True, opcode=10, data=b'', rsv1=False, rsv2=False, rsv3=False)
DEBUG:websockets.protocol:client - event = data_received(<2 bytes>)
DEBUG:websockets.protocol:client < Frame(fin=True, opcode=9, data=b'', rsv1=False, rsv2=False, rsv3=False)
DEBUG:websockets.protocol:client - received ping, sending pong: [empty]
DEBUG:websockets.protocol:client > Frame(fin=True, opcode=10, data=b'', rsv1=False, rsv2=False, rsv3=False)
DEBUG:websockets.protocol:client - event = data_received(<2 bytes>)
DEBUG:websockets.protocol:client < Frame(fin=True, opcode=9, data=b'', rsv1=False, rsv2=False, rsv3=False)
DEBUG:websockets.protocol:client - received ping, sending pong: [empty]
DEBUG:websockets.protocol:client > Frame(fin=True, opcode=10, data=b'', rsv1=False, rsv2=False, rsv3=False)
DEBUG:websockets.protocol:client > Frame(fin=True, opcode=9, data=b'\xa37\xb2\xf8', rsv1=False, rsv2=False, rsv3=False)
DEBUG:websockets.protocol:client - event = data_received(<6 bytes>)
DEBUG:websockets.protocol:client < Frame(fin=True, opcode=10, data=b'\xa37\xb2\xf8', rsv1=False, rsv2=False, rsv3=False)
DEBUG:websockets.protocol:client - received solicited pong: a337b2f8
DEBUG:websockets.protocol:client > Frame(fin=True, opcode=9, data=b'Z.\x94\x9c', rsv1=False, rsv2=False, rsv3=False)
DEBUG:websockets.protocol:client - event = data_received(<2 bytes>)
DEBUG:websockets.protocol:client < Frame(fin=True, opcode=9, data=b'', rsv1=False, rsv2=False, rsv3=False)
DEBUG:websockets.protocol:client - received ping, sending pong: [empty]
DEBUG:websockets.protocol:client > Frame(fin=True, opcode=10, data=b'', rsv1=False, rsv2=False, rsv3=False)
DEBUG:websockets.protocol:client - event = data_received(<6 bytes>)
DEBUG:websockets.protocol:client < Frame(fin=True, opcode=10, data=b'Z.\x94\x9c', rsv1=False, rsv2=False, rsv3=False)
DEBUG:websockets.protocol:client - received solicited pong: 5a2e949c
DEBUG:websockets.protocol:client - event = data_received(<2 bytes>)
DEBUG:websockets.protocol:client < Frame(fin=True, opcode=9, data=b'', rsv1=False, rsv2=False, rsv3=False)
DEBUG:websockets.protocol:client - received ping, sending pong: [empty]
DEBUG:websockets.protocol:client > Frame(fin=True, opcode=10, data=b'', rsv1=False, rsv2=False, rsv3=False)
DEBUG:websockets.protocol:client - event = data_received(<2 bytes>)
DEBUG:websockets.protocol:client < Frame(fin=True, opcode=9, data=b'', rsv1=False, rsv2=False, rsv3=False)
DEBUG:websockets.protocol:client - received ping, sending pong: [empty]
DEBUG:websockets.protocol:client > Frame(fin=True, opcode=10, data=b'', rsv1=False, rsv2=False, rsv3=False)
DEBUG:websockets.protocol:client - event = data_received(<2 bytes>)
DEBUG:websockets.protocol:client < Frame(fin=True, opcode=9, data=b'', rsv1=False, rsv2=False, rsv3=False)
DEBUG:websockets.protocol:client - received ping, sending pong: [empty]
DEBUG:websockets.protocol:client > Frame(fin=True, opcode=10, data=b'', rsv1=False, rsv2=False, rsv3=False)
DEBUG:websockets.protocol:client - event = data_received(<2 bytes>)
DEBUG:websockets.protocol:client < Frame(fin=True, opcode=9, data=b'', rsv1=False, rsv2=False, rsv3=False)
DEBUG:websockets.protocol:client - received ping, sending pong: [empty]
DEBUG:websockets.protocol:client > Frame(fin=True, opcode=10, data=b'', rsv1=False, rsv2=False, rsv3=False)
DEBUG:websockets.protocol:client - event = data_received(<2 bytes>)
DEBUG:websockets.protocol:client < Frame(fin=True, opcode=9, data=b'', rsv1=False, rsv2=False, rsv3=False)
DEBUG:websockets.protocol:client - received ping, sending pong: [empty]
DEBUG:websockets.protocol:client > Frame(fin=True, opcode=10, data=b'', rsv1=False, rsv2=False, rsv3=False)
DEBUG:websockets.protocol:client > Frame(fin=True, opcode=9, data=b'\xfe\x1cr8', rsv1=False, rsv2=False, rsv3=False)
DEBUG:websockets.protocol:client - event = data_received(<6 bytes>)
DEBUG:websockets.protocol:client < Frame(fin=True, opcode=10, data=b'\xfe\x1cr8', rsv1=False, rsv2=False, rsv3=False)
DEBUG:websockets.protocol:client - received solicited pong: fe1c7238
DEBUG:websockets.protocol:client - event = data_received(<2 bytes>)
DEBUG:websockets.protocol:client < Frame(fin=True, opcode=9, data=b'', rsv1=False, rsv2=False, rsv3=False)
DEBUG:websockets.protocol:client - received ping, sending pong: [empty]
DEBUG:websockets.protocol:client > Frame(fin=True, opcode=10, data=b'', rsv1=False, rsv2=False, rsv3=False)
DEBUG:websockets.protocol:client - event = data_received(<2 bytes>)
DEBUG:websockets.protocol:client < Frame(fin=True, opcode=9, data=b'', rsv1=False, rsv2=False, rsv3=False)
DEBUG:websockets.protocol:client - received ping, sending pong: [empty]
DEBUG:websockets.protocol:client > Frame(fin=True, opcode=10, data=b'', rsv1=False, rsv2=False, rsv3=False)
DEBUG:websockets.protocol:client - event = data_received(<2 bytes>)
DEBUG:websockets.protocol:client < Frame(fin=True, opcode=9, data=b'', rsv1=False, rsv2=False, rsv3=False)
DEBUG:websockets.protocol:client - received ping, sending pong: [empty]
DEBUG:websockets.protocol:client > Frame(fin=True, opcode=10, data=b'', rsv1=False, rsv2=False, rsv3=False)
DEBUG:websockets.protocol:client > Frame(fin=True, opcode=9, data=b'\xd5zel', rsv1=False, rsv2=False, rsv3=False)
DEBUG:websockets.protocol:client - event = data_received(<6 bytes>)
DEBUG:websockets.protocol:client < Frame(fin=True, opcode=10, data=b'\xd5zel', rsv1=False, rsv2=False, rsv3=False)
DEBUG:websockets.protocol:client - received solicited pong: d57a656c
DEBUG:websockets.protocol:client - event = data_received(<2 bytes>)
DEBUG:websockets.protocol:client < Frame(fin=True, opcode=9, data=b'', rsv1=False, rsv2=False, rsv3=False)
DEBUG:websockets.protocol:client - received ping, sending pong: [empty]
DEBUG:websockets.protocol:client > Frame(fin=True, opcode=10, data=b'', rsv1=False, rsv2=False, rsv3=False)
DEBUG:websockets.protocol:client - event = data_received(<2 bytes>)
DEBUG:websockets.protocol:client < Frame(fin=True, opcode=9, data=b'', rsv1=False, rsv2=False, rsv3=False)
DEBUG:websockets.protocol:client - received ping, sending pong: [empty]
DEBUG:websockets.protocol:client > Frame(fin=True, opcode=10, data=b'', rsv1=False, rsv2=False, rsv3=False)
DEBUG:websockets.protocol:client > Frame(fin=True, opcode=9, data=b'\xe6\xe0\xb3\x07', rsv1=False, rsv2=False, rsv3=False)
DEBUG:websockets.protocol:client - event = data_received(<6 bytes>)
DEBUG:websockets.protocol:client < Frame(fin=True, opcode=10, data=b'\xe6\xe0\xb3\x07', rsv1=False, rsv2=False, rsv3=False)
DEBUG:websockets.protocol:client - received solicited pong: e6e0b307
DEBUG:websockets.protocol:client - event = data_received(<2 bytes>)
DEBUG:websockets.protocol:client < Frame(fin=True, opcode=9, data=b'', rsv1=False, rsv2=False, rsv3=False)
DEBUG:websockets.protocol:client - received ping, sending pong: [empty]
DEBUG:websockets.protocol:client > Frame(fin=True, opcode=10, data=b'', rsv1=False, rsv2=False, rsv3=False)
DEBUG:websockets.protocol:client - event = data_received(<2 bytes>)
DEBUG:websockets.protocol:client < Frame(fin=True, opcode=9, data=b'', rsv1=False, rsv2=False, rsv3=False)
DEBUG:websockets.protocol:client - received ping, sending pong: [empty]
DEBUG:websockets.protocol:client > Frame(fin=True, opcode=10, data=b'', rsv1=False, rsv2=False, rsv3=False)
DEBUG:websockets.protocol:client - event = data_received(<2 bytes>)
DEBUG:websockets.protocol:client < Frame(fin=True, opcode=9, data=b'', rsv1=False, rsv2=False, rsv3=False)
DEBUG:websockets.protocol:client - received ping, sending pong: [empty]
DEBUG:websockets.protocol:client > Frame(fin=True, opcode=10, data=b'', rsv1=False, rsv2=False, rsv3=False)
DEBUG:websockets.protocol:client - event = data_received(<2 bytes>)
DEBUG:websockets.protocol:client < Frame(fin=True, opcode=9, data=b'', rsv1=False, rsv2=False, rsv3=False)
DEBUG:websockets.protocol:client - received ping, sending pong: [empty]
DEBUG:websockets.protocol:client > Frame(fin=True, opcode=10, data=b'', rsv1=False, rsv2=False, rsv3=False)
DEBUG:websockets.protocol:client - event = data_received(<2 bytes>)
DEBUG:websockets.protocol:client < Frame(fin=True, opcode=9, data=b'', rsv1=False, rsv2=False, rsv3=False)
DEBUG:websockets.protocol:client - received ping, sending pong: [empty]
DEBUG:websockets.protocol:client > Frame(fin=True, opcode=10, data=b'', rsv1=False, rsv2=False, rsv3=False)
DEBUG:websockets.protocol:client - event = data_received(<2 bytes>)
DEBUG:websockets.protocol:client < Frame(fin=True, opcode=9, data=b'', rsv1=False, rsv2=False, rsv3=False)
DEBUG:websockets.protocol:client - received ping, sending pong: [empty]
DEBUG:websockets.protocol:client > Frame(fin=True, opcode=10, data=b'', rsv1=False, rsv2=False, rsv3=False)
DEBUG:websockets.protocol:client > Frame(fin=True, opcode=9, data=b'\xfcG`\x85', rsv1=False, rsv2=False, rsv3=False)
DEBUG:websockets.protocol:client > Frame(fin=True, opcode=9, data=b'\x80\x92\x8a3', rsv1=False, rsv2=False, rsv3=False)
DEBUG:websockets.protocol:client - event = data_received(<6 bytes>)
DEBUG:websockets.protocol:client < Frame(fin=True, opcode=10, data=b'\xfcG`\x85', rsv1=False, rsv2=False, rsv3=False)
DEBUG:websockets.protocol:client - received solicited pong: fc476085
DEBUG:websockets.protocol:client - event = data_received(<6 bytes>)
DEBUG:websockets.protocol:client < Frame(fin=True, opcode=10, data=b'\x80\x92\x8a3', rsv1=False, rsv2=False, rsv3=False)
DEBUG:websockets.protocol:client - received solicited pong: 80928a33
DEBUG:websockets.protocol:client - event = data_received(<2 bytes>)
DEBUG:websockets.protocol:client < Frame(fin=True, opcode=9, data=b'', rsv1=False, rsv2=False, rsv3=False)
DEBUG:websockets.protocol:client - received ping, sending pong: [empty]
DEBUG:websockets.protocol:client > Frame(fin=True, opcode=10, data=b'', rsv1=False, rsv2=False, rsv3=False)
DEBUG:websockets.protocol:client - event = data_received(<2 bytes>)
DEBUG:websockets.protocol:client < Frame(fin=True, opcode=9, data=b'', rsv1=False, rsv2=False, rsv3=False)
DEBUG:websockets.protocol:client - received ping, sending pong: [empty]
DEBUG:websockets.protocol:client > Frame(fin=True, opcode=10, data=b'', rsv1=False, rsv2=False, rsv3=False)
DEBUG:websockets.protocol:client - event = data_received(<2 bytes>)
DEBUG:websockets.protocol:client < Frame(fin=True, opcode=9, data=b'', rsv1=False, rsv2=False, rsv3=False)
DEBUG:websockets.protocol:client - received ping, sending pong: [empty]
DEBUG:websockets.protocol:client > Frame(fin=True, opcode=10, data=b'', rsv1=False, rsv2=False, rsv3=False)
DEBUG:websockets.protocol:client - event = data_received(<2 bytes>)
DEBUG:websockets.protocol:client < Frame(fin=True, opcode=9, data=b'', rsv1=False, rsv2=False, rsv3=False)
DEBUG:websockets.protocol:client - received ping, sending pong: [empty]
DEBUG:websockets.protocol:client > Frame(fin=True, opcode=10, data=b'', rsv1=False, rsv2=False, rsv3=False)
DEBUG:websockets.protocol:client - event = data_received(<2 bytes>)
DEBUG:websockets.protocol:client < Frame(fin=True, opcode=9, data=b'', rsv1=False, rsv2=False, rsv3=False)
DEBUG:websockets.protocol:client - received ping, sending pong: [empty]
DEBUG:websockets.protocol:client > Frame(fin=True, opcode=10, data=b'', rsv1=False, rsv2=False, rsv3=False)
DEBUG:websockets.protocol:client - event = data_received(<2 bytes>)
DEBUG:websockets.protocol:client < Frame(fin=True, opcode=9, data=b'', rsv1=False, rsv2=False, rsv3=False)
DEBUG:websockets.protocol:client - received ping, sending pong: [empty]
DEBUG:websockets.protocol:client > Frame(fin=True, opcode=10, data=b'', rsv1=False, rsv2=False, rsv3=False)
DEBUG:websockets.protocol:client > Frame(fin=True, opcode=9, data=b'1\xf2\x88\xd7', rsv1=False, rsv2=False, rsv3=False)
DEBUG:websockets.protocol:client - event = data_received(<6 bytes>)
DEBUG:websockets.protocol:client < Frame(fin=True, opcode=10, data=b'1\xf2\x88\xd7', rsv1=False, rsv2=False, rsv3=False)
DEBUG:websockets.protocol:client - received solicited pong: 31f288d7
DEBUG:websockets.protocol:client - event = data_received(<2 bytes>)
DEBUG:websockets.protocol:client < Frame(fin=True, opcode=9, data=b'', rsv1=False, rsv2=False, rsv3=False)
DEBUG:websockets.protocol:client - received ping, sending pong: [empty]
DEBUG:websockets.protocol:client > Frame(fin=True, opcode=10, data=b'', rsv1=False, rsv2=False, rsv3=False)
DEBUG:websockets.protocol:client - event = data_received(<2 bytes>)
DEBUG:websockets.protocol:client < Frame(fin=True, opcode=9, data=b'', rsv1=False, rsv2=False, rsv3=False)
DEBUG:websockets.protocol:client - received ping, sending pong: [empty]
DEBUG:websockets.protocol:client > Frame(fin=True, opcode=10, data=b'', rsv1=False, rsv2=False, rsv3=False)
DEBUG:websockets.protocol:client > Frame(fin=True, opcode=9, data=b'0\xf8\x1a\x84', rsv1=False, rsv2=False, rsv3=False)
DEBUG:websockets.protocol:client - event = data_received(<2 bytes>)
DEBUG:websockets.protocol:client < Frame(fin=True, opcode=9, data=b'', rsv1=False, rsv2=False, rsv3=False)
DEBUG:websockets.protocol:client - received ping, sending pong: [empty]
DEBUG:websockets.protocol:client > Frame(fin=True, opcode=10, data=b'', rsv1=False, rsv2=False, rsv3=False)
DEBUG:websockets.protocol:client - event = data_received(<6 bytes>)
DEBUG:websockets.protocol:client < Frame(fin=True, opcode=10, data=b'0\xf8\x1a\x84', rsv1=False, rsv2=False, rsv3=False)
DEBUG:websockets.protocol:client - received solicited pong: 30f81a84
DEBUG:websockets.protocol:client - event = data_received(<2 bytes>)
DEBUG:websockets.protocol:client < Frame(fin=True, opcode=9, data=b'', rsv1=False, rsv2=False, rsv3=False)
DEBUG:websockets.protocol:client - received ping, sending pong: [empty]
DEBUG:websockets.protocol:client > Frame(fin=True, opcode=10, data=b'', rsv1=False, rsv2=False, rsv3=False)
DEBUG:websockets.protocol:client - event = data_received(<2 bytes>)
DEBUG:websockets.protocol:client < Frame(fin=True, opcode=9, data=b'', rsv1=False, rsv2=False, rsv3=False)
DEBUG:websockets.protocol:client - received ping, sending pong: [empty]
DEBUG:websockets.protocol:client > Frame(fin=True, opcode=10, data=b'', rsv1=False, rsv2=False, rsv3=False)
DEBUG:websockets.protocol:client > Frame(fin=True, opcode=9, data=b'S_\xf7]', rsv1=False, rsv2=False, rsv3=False)
DEBUG:websockets.protocol:client - event = data_received(<6 bytes>)
DEBUG:websockets.protocol:client < Frame(fin=True, opcode=10, data=b'S_\xf7]', rsv1=False, rsv2=False, rsv3=False)
DEBUG:websockets.protocol:client - received solicited pong: 535ff75d
DEBUG:websockets.protocol:client - event = data_received(<2 bytes>)
DEBUG:websockets.protocol:client < Frame(fin=True, opcode=9, data=b'', rsv1=False, rsv2=False, rsv3=False)
DEBUG:websockets.protocol:client - received ping, sending pong: [empty]
DEBUG:websockets.protocol:client > Frame(fin=True, opcode=10, data=b'', rsv1=False, rsv2=False, rsv3=False)
DEBUG:websockets.protocol:client - event = data_received(<2 bytes>)
DEBUG:websockets.protocol:client < Frame(fin=True, opcode=9, data=b'', rsv1=False, rsv2=False, rsv3=False)
DEBUG:websockets.protocol:client - received ping, sending pong: [empty]
DEBUG:websockets.protocol:client > Frame(fin=True, opcode=10, data=b'', rsv1=False, rsv2=False, rsv3=False)
DEBUG:websockets.protocol:client - event = data_received(<2 bytes>)
DEBUG:websockets.protocol:client < Frame(fin=True, opcode=9, data=b'', rsv1=False, rsv2=False, rsv3=False)
DEBUG:websockets.protocol:client - received ping, sending pong: [empty]
DEBUG:websockets.protocol:client > Frame(fin=True, opcode=10, data=b'', rsv1=False, rsv2=False, rsv3=False)
DEBUG:websockets.protocol:client - event = data_received(<2 bytes>)
DEBUG:websockets.protocol:client < Frame(fin=True, opcode=9, data=b'', rsv1=False, rsv2=False, rsv3=False)
DEBUG:websockets.protocol:client - received ping, sending pong: [empty]
DEBUG:websockets.protocol:client > Frame(fin=True, opcode=10, data=b'', rsv1=False, rsv2=False, rsv3=False)
DEBUG:websockets.protocol:client - event = data_received(<2 bytes>)
DEBUG:websockets.protocol:client < Frame(fin=True, opcode=9, data=b'', rsv1=False, rsv2=False, rsv3=False)
DEBUG:websockets.protocol:client - received ping, sending pong: [empty]
DEBUG:websockets.protocol:client > Frame(fin=True, opcode=10, data=b'', rsv1=False, rsv2=False, rsv3=False)
DEBUG:websockets.protocol:client - event = data_received(<2 bytes>)
DEBUG:websockets.protocol:client < Frame(fin=True, opcode=9, data=b'', rsv1=False, rsv2=False, rsv3=False)
DEBUG:websockets.protocol:client - received ping, sending pong: [empty]
DEBUG:websockets.protocol:client > Frame(fin=True, opcode=10, data=b'', rsv1=False, rsv2=False, rsv3=False)
DEBUG:websockets.protocol:client > Frame(fin=True, opcode=9, data=b'K\x11\x02@', rsv1=False, rsv2=False, rsv3=False)
DEBUG:websockets.protocol:client - event = data_received(<6 bytes>)
DEBUG:websockets.protocol:client < Frame(fin=True, opcode=10, data=b'K\x11\x02@', rsv1=False, rsv2=False, rsv3=False)
DEBUG:websockets.protocol:client - received solicited pong: 4b110240
DEBUG:websockets.protocol:client > Frame(fin=True, opcode=9, data=b'\x0e\xf5\xb2=', rsv1=False, rsv2=False, rsv3=False)
DEBUG:websockets.protocol:client - event = data_received(<6 bytes>)
DEBUG:websockets.protocol:client < Frame(fin=True, opcode=10, data=b'\x0e\xf5\xb2=', rsv1=False, rsv2=False, rsv3=False)
DEBUG:websockets.protocol:client - received solicited pong: 0ef5b23d
DEBUG:websockets.protocol:client - event = data_received(<2 bytes>)
DEBUG:websockets.protocol:client < Frame(fin=True, opcode=9, data=b'', rsv1=False, rsv2=False, rsv3=False)
DEBUG:websockets.protocol:client - received ping, sending pong: [empty]
DEBUG:websockets.protocol:client > Frame(fin=True, opcode=10, data=b'', rsv1=False, rsv2=False, rsv3=False)
DEBUG:websockets.protocol:client - event = data_received(<2 bytes>)
DEBUG:websockets.protocol:client < Frame(fin=True, opcode=9, data=b'', rsv1=False, rsv2=False, rsv3=False)
DEBUG:websockets.protocol:client - received ping, sending pong: [empty]
DEBUG:websockets.protocol:client > Frame(fin=True, opcode=10, data=b'', rsv1=False, rsv2=False, rsv3=False)
DEBUG:websockets.protocol:client - event = data_received(<2 bytes>)
DEBUG:websockets.protocol:client < Frame(fin=True, opcode=9, data=b'', rsv1=False, rsv2=False, rsv3=False)
DEBUG:websockets.protocol:client - received ping, sending pong: [empty]
DEBUG:websockets.protocol:client > Frame(fin=True, opcode=10, data=b'', rsv1=False, rsv2=False, rsv3=False)
DEBUG:websockets.protocol:client - event = data_received(<2 bytes>)
DEBUG:websockets.protocol:client < Frame(fin=True, opcode=9, data=b'', rsv1=False, rsv2=False, rsv3=False)
DEBUG:websockets.protocol:client - received ping, sending pong: [empty]
DEBUG:websockets.protocol:client > Frame(fin=True, opcode=10, data=b'', rsv1=False, rsv2=False, rsv3=False)
DEBUG:websockets.protocol:client - event = data_received(<2 bytes>)
DEBUG:websockets.protocol:client < Frame(fin=True, opcode=9, data=b'', rsv1=False, rsv2=False, rsv3=False)
DEBUG:websockets.protocol:client - received ping, sending pong: [empty]
DEBUG:websockets.protocol:client > Frame(fin=True, opcode=10, data=b'', rsv1=False, rsv2=False, rsv3=False)
DEBUG:websockets.protocol:client - event = data_received(<2 bytes>)
DEBUG:websockets.protocol:client < Frame(fin=True, opcode=9, data=b'', rsv1=False, rsv2=False, rsv3=False)
DEBUG:websockets.protocol:client - received ping, sending pong: [empty]
DEBUG:websockets.protocol:client > Frame(fin=True, opcode=10, data=b'', rsv1=False, rsv2=False, rsv3=False)
DEBUG:websockets.protocol:client > Frame(fin=True, opcode=9, data=b'{\x9c\xe2\x92', rsv1=False, rsv2=False, rsv3=False)
DEBUG:websockets.protocol:client - event = data_received(<6 bytes>)
DEBUG:websockets.protocol:client < Frame(fin=True, opcode=10, data=b'{\x9c\xe2\x92', rsv1=False, rsv2=False, rsv3=False)
DEBUG:websockets.protocol:client - received solicited pong: 7b9ce292
DEBUG:websockets.protocol:client - event = data_received(<2 bytes>)
DEBUG:websockets.protocol:client < Frame(fin=True, opcode=9, data=b'', rsv1=False, rsv2=False, rsv3=False)
DEBUG:websockets.protocol:client - received ping, sending pong: [empty]
DEBUG:websockets.protocol:client > Frame(fin=True, opcode=10, data=b'', rsv1=False, rsv2=False, rsv3=False)
DEBUG:websockets.protocol:client - event = data_received(<2 bytes>)
DEBUG:websockets.protocol:client < Frame(fin=True, opcode=9, data=b'', rsv1=False, rsv2=False, rsv3=False)
DEBUG:websockets.protocol:client - received ping, sending pong: [empty]
DEBUG:websockets.protocol:client > Frame(fin=True, opcode=10, data=b'', rsv1=False, rsv2=False, rsv3=False)
DEBUG:websockets.protocol:client > Frame(fin=True, opcode=9, data=b'\xf7\x89|\xc7', rsv1=False, rsv2=False, rsv3=False)
DEBUG:websockets.protocol:client - event = data_received(<6 bytes>)
DEBUG:websockets.protocol:client < Frame(fin=True, opcode=10, data=b'\xf7\x89|\xc7', rsv1=False, rsv2=False, rsv3=False)
DEBUG:websockets.protocol:client - received solicited pong: f7897cc7
DEBUG:websockets.protocol:client - event = data_received(<2 bytes>)
DEBUG:websockets.protocol:client < Frame(fin=True, opcode=9, data=b'', rsv1=False, rsv2=False, rsv3=False)
DEBUG:websockets.protocol:client - received ping, sending pong: [empty]
DEBUG:websockets.protocol:client > Frame(fin=True, opcode=10, data=b'', rsv1=False, rsv2=False, rsv3=False)
DEBUG:websockets.protocol:client - event = data_received(<2 bytes>)
DEBUG:websockets.protocol:client < Frame(fin=True, opcode=9, data=b'', rsv1=False, rsv2=False, rsv3=False)
DEBUG:websockets.protocol:client - received ping, sending pong: [empty]
DEBUG:websockets.protocol:client > Frame(fin=True, opcode=10, data=b'', rsv1=False, rsv2=False, rsv3=False)
DEBUG:websockets.protocol:client - event = data_received(<2 bytes>)
DEBUG:websockets.protocol:client < Frame(fin=True, opcode=9, data=b'', rsv1=False, rsv2=False, rsv3=False)
DEBUG:websockets.protocol:client - received ping, sending pong: [empty]
DEBUG:websockets.protocol:client > Frame(fin=True, opcode=10, data=b'', rsv1=False, rsv2=False, rsv3=False)
DEBUG:websockets.protocol:client > Frame(fin=True, opcode=9, data=b'\xaa[\x95\xc1', rsv1=False, rsv2=False, rsv3=False)
DEBUG:websockets.protocol:client - event = data_received(<6 bytes>)
DEBUG:websockets.protocol:client < Frame(fin=True, opcode=10, data=b'\xaa[\x95\xc1', rsv1=False, rsv2=False, rsv3=False)
DEBUG:websockets.protocol:client - received solicited pong: aa5b95c1
DEBUG:websockets.protocol:client - event = data_received(<2 bytes>)
DEBUG:websockets.protocol:client < Frame(fin=True, opcode=9, data=b'', rsv1=False, rsv2=False, rsv3=False)
DEBUG:websockets.protocol:client - received ping, sending pong: [empty]
DEBUG:websockets.protocol:client > Frame(fin=True, opcode=10, data=b'', rsv1=False, rsv2=False, rsv3=False)
DEBUG:websockets.protocol:client - event = data_received(<2 bytes>)
DEBUG:websockets.protocol:client < Frame(fin=True, opcode=9, data=b'', rsv1=False, rsv2=False, rsv3=False)
DEBUG:websockets.protocol:client - received ping, sending pong: [empty]
DEBUG:websockets.protocol:client > Frame(fin=True, opcode=10, data=b'', rsv1=False, rsv2=False, rsv3=False)
DEBUG:websockets.protocol:client - event = data_received(<2 bytes>)
DEBUG:websockets.protocol:client < Frame(fin=True, opcode=9, data=b'', rsv1=False, rsv2=False, rsv3=False)
DEBUG:websockets.protocol:client - received ping, sending pong: [empty]
DEBUG:websockets.protocol:client > Frame(fin=True, opcode=10, data=b'', rsv1=False, rsv2=False, rsv3=False)
DEBUG:websockets.protocol:client - event = data_received(<2 bytes>)
DEBUG:websockets.protocol:client < Frame(fin=True, opcode=9, data=b'', rsv1=False, rsv2=False, rsv3=False)
DEBUG:websockets.protocol:client - received ping, sending pong: [empty]
DEBUG:websockets.protocol:client > Frame(fin=True, opcode=10, data=b'', rsv1=False, rsv2=False, rsv3=False)
DEBUG:websockets.protocol:client - event = data_received(<2 bytes>)
DEBUG:websockets.protocol:client < Frame(fin=True, opcode=9, data=b'', rsv1=False, rsv2=False, rsv3=False)
DEBUG:websockets.protocol:client - received ping, sending pong: [empty]
DEBUG:websockets.protocol:client > Frame(fin=True, opcode=10, data=b'', rsv1=False, rsv2=False, rsv3=False)
DEBUG:websockets.protocol:client > Frame(fin=True, opcode=9, data=b'#\x0b"D', rsv1=False, rsv2=False, rsv3=False)
DEBUG:websockets.protocol:client - event = data_received(<6 bytes>)
DEBUG:websockets.protocol:client < Frame(fin=True, opcode=10, data=b'#\x0b"D', rsv1=False, rsv2=False, rsv3=False)
DEBUG:websockets.protocol:client - received solicited pong: 230b2244
DEBUG:websockets.protocol:client > Frame(fin=True, opcode=9, data=b'l\xb0\xc4\x0b', rsv1=False, rsv2=False, rsv3=False)
DEBUG:websockets.protocol:client - event = data_received(<2 bytes>)
DEBUG:websockets.protocol:client < Frame(fin=True, opcode=9, data=b'', rsv1=False, rsv2=False, rsv3=False)
DEBUG:websockets.protocol:client - received ping, sending pong: [empty]
DEBUG:websockets.protocol:client > Frame(fin=True, opcode=10, data=b'', rsv1=False, rsv2=False, rsv3=False)
DEBUG:websockets.protocol:client - event = data_received(<6 bytes>)
DEBUG:websockets.protocol:client < Frame(fin=True, opcode=10, data=b'l\xb0\xc4\x0b', rsv1=False, rsv2=False, rsv3=False)
DEBUG:websockets.protocol:client - received solicited pong: 6cb0c40b
DEBUG:websockets.protocol:client - event = data_received(<2 bytes>)
DEBUG:websockets.protocol:client < Frame(fin=True, opcode=9, data=b'', rsv1=False, rsv2=False, rsv3=False)
DEBUG:websockets.protocol:client - received ping, sending pong: [empty]
DEBUG:websockets.protocol:client > Frame(fin=True, opcode=10, data=b'', rsv1=False, rsv2=False, rsv3=False)
DEBUG:websockets.protocol:client - event = data_received(<2 bytes>)
DEBUG:websockets.protocol:client < Frame(fin=True, opcode=9, data=b'', rsv1=False, rsv2=False, rsv3=False)
DEBUG:websockets.protocol:client - received ping, sending pong: [empty]
DEBUG:websockets.protocol:client > Frame(fin=True, opcode=10, data=b'', rsv1=False, rsv2=False, rsv3=False)
DEBUG:websockets.protocol:client - event = data_received(<2 bytes>)
DEBUG:websockets.protocol:client < Frame(fin=True, opcode=9, data=b'', rsv1=False, rsv2=False, rsv3=False)
DEBUG:websockets.protocol:client - received ping, sending pong: [empty]
DEBUG:websockets.protocol:client > Frame(fin=True, opcode=10, data=b'', rsv1=False, rsv2=False, rsv3=False)
DEBUG:websockets.protocol:client - event = data_received(<2 bytes>)
DEBUG:websockets.protocol:client < Frame(fin=True, opcode=9, data=b'', rsv1=False, rsv2=False, rsv3=False)
DEBUG:websockets.protocol:client - received ping, sending pong: [empty]
DEBUG:websockets.protocol:client > Frame(fin=True, opcode=10, data=b'', rsv1=False, rsv2=False, rsv3=False)
DEBUG:websockets.protocol:client - event = data_received(<2 bytes>)
DEBUG:websockets.protocol:client < Frame(fin=True, opcode=9, data=b'', rsv1=False, rsv2=False, rsv3=False)
DEBUG:websockets.protocol:client - received ping, sending pong: [empty]
DEBUG:websockets.protocol:client > Frame(fin=True, opcode=10, data=b'', rsv1=False, rsv2=False, rsv3=False)
DEBUG:websockets.protocol:client > Frame(fin=True, opcode=9, data=b'\x7f\x00\xf35', rsv1=False, rsv2=False, rsv3=False)
DEBUG:websockets.protocol:client - event = data_received(<6 bytes>)
DEBUG:websockets.protocol:client < Frame(fin=True, opcode=10, data=b'\x7f\x00\xf35', rsv1=False, rsv2=False, rsv3=False)
DEBUG:websockets.protocol:client - received solicited pong: 7f00f335
DEBUG:websockets.protocol:client - event = data_received(<2 bytes>)
DEBUG:websockets.protocol:client < Frame(fin=True, opcode=9, data=b'', rsv1=False, rsv2=False, rsv3=False)
DEBUG:websockets.protocol:client - received ping, sending pong: [empty]
DEBUG:websockets.protocol:client > Frame(fin=True, opcode=10, data=b'', rsv1=False, rsv2=False, rsv3=False)
DEBUG:websockets.protocol:client - event = data_received(<2 bytes>)
DEBUG:websockets.protocol:client < Frame(fin=True, opcode=9, data=b'', rsv1=False, rsv2=False, rsv3=False)
DEBUG:websockets.protocol:client - received ping, sending pong: [empty]
DEBUG:websockets.protocol:client > Frame(fin=True, opcode=10, data=b'', rsv1=False, rsv2=False, rsv3=False)
DEBUG:websockets.protocol:client > Frame(fin=True, opcode=9, data=b'M\x92<^', rsv1=False, rsv2=False, rsv3=False)
DEBUG:websockets.protocol:client - event = data_received(<6 bytes>)
DEBUG:websockets.protocol:client < Frame(fin=True, opcode=10, data=b'M\x92<^', rsv1=False, rsv2=False, rsv3=False)
DEBUG:websockets.protocol:client - received solicited pong: 4d923c5e
DEBUG:websockets.protocol:client - event = data_received(<2 bytes>)
DEBUG:websockets.protocol:client < Frame(fin=True, opcode=9, data=b'', rsv1=False, rsv2=False, rsv3=False)
DEBUG:websockets.protocol:client - received ping, sending pong: [empty]
DEBUG:websockets.protocol:client > Frame(fin=True, opcode=10, data=b'', rsv1=False, rsv2=False, rsv3=False)
DEBUG:websockets.protocol:client - event = data_received(<2 bytes>)
DEBUG:websockets.protocol:client < Frame(fin=True, opcode=9, data=b'', rsv1=False, rsv2=False, rsv3=False)
DEBUG:websockets.protocol:client - received ping, sending pong: [empty]
DEBUG:websockets.protocol:client > Frame(fin=True, opcode=10, data=b'', rsv1=False, rsv2=False, rsv3=False)
DEBUG:websockets.protocol:client - event = data_received(<2 bytes>)
DEBUG:websockets.protocol:client < Frame(fin=True, opcode=9, data=b'', rsv1=False, rsv2=False, rsv3=False)
DEBUG:websockets.protocol:client - received ping, sending pong: [empty]
DEBUG:websockets.protocol:client > Frame(fin=True, opcode=10, data=b'', rsv1=False, rsv2=False, rsv3=False)
DEBUG:websockets.protocol:client > Frame(fin=True, opcode=9, data=b'\xd9\x8c$S', rsv1=False, rsv2=False, rsv3=False)
DEBUG:websockets.protocol:client - event = data_received(<6 bytes>)
DEBUG:websockets.protocol:client < Frame(fin=True, opcode=10, data=b'\xd9\x8c$S', rsv1=False, rsv2=False, rsv3=False)
DEBUG:websockets.protocol:client - received solicited pong: d98c2453
DEBUG:websockets.protocol:client - event = data_received(<2 bytes>)
DEBUG:websockets.protocol:client < Frame(fin=True, opcode=9, data=b'', rsv1=False, rsv2=False, rsv3=False)
DEBUG:websockets.protocol:client - received ping, sending pong: [empty]
DEBUG:websockets.protocol:client > Frame(fin=True, opcode=10, data=b'', rsv1=False, rsv2=False, rsv3=False)
DEBUG:websockets.protocol:client - event = data_received(<2 bytes>)
DEBUG:websockets.protocol:client < Frame(fin=True, opcode=9, data=b'', rsv1=False, rsv2=False, rsv3=False)
DEBUG:websockets.protocol:client - received ping, sending pong: [empty]
DEBUG:websockets.protocol:client > Frame(fin=True, opcode=10, data=b'', rsv1=False, rsv2=False, rsv3=False)
DEBUG:websockets.protocol:client - event = data_received(<2 bytes>)
DEBUG:websockets.protocol:client < Frame(fin=True, opcode=9, data=b'', rsv1=False, rsv2=False, rsv3=False)
DEBUG:websockets.protocol:client - received ping, sending pong: [empty]
DEBUG:websockets.protocol:client > Frame(fin=True, opcode=10, data=b'', rsv1=False, rsv2=False, rsv3=False)
DEBUG:websockets.protocol:client - event = data_received(<2 bytes>)
DEBUG:websockets.protocol:client < Frame(fin=True, opcode=9, data=b'', rsv1=False, rsv2=False, rsv3=False)
DEBUG:websockets.protocol:client - received ping, sending pong: [empty]
DEBUG:websockets.protocol:client > Frame(fin=True, opcode=10, data=b'', rsv1=False, rsv2=False, rsv3=False)
DEBUG:websockets.protocol:client - event = data_received(<2 bytes>)
DEBUG:websockets.protocol:client < Frame(fin=True, opcode=9, data=b'', rsv1=False, rsv2=False, rsv3=False)
DEBUG:websockets.protocol:client - received ping, sending pong: [empty]
DEBUG:websockets.protocol:client > Frame(fin=True, opcode=10, data=b'', rsv1=False, rsv2=False, rsv3=False)
DEBUG:websockets.protocol:client > Frame(fin=True, opcode=9, data=b'\x95y55', rsv1=False, rsv2=False, rsv3=False)
DEBUG:websockets.protocol:client - event = data_received(<6 bytes>)
DEBUG:websockets.protocol:client < Frame(fin=True, opcode=10, data=b'\x95y55', rsv1=False, rsv2=False, rsv3=False)
DEBUG:websockets.protocol:client - received solicited pong: 95793535
DEBUG:websockets.protocol:client - event = data_received(<2 bytes>)
DEBUG:websockets.protocol:client < Frame(fin=True, opcode=9, data=b'', rsv1=False, rsv2=False, rsv3=False)
DEBUG:websockets.protocol:client - received ping, sending pong: [empty]
DEBUG:websockets.protocol:client > Frame(fin=True, opcode=10, data=b'', rsv1=False, rsv2=False, rsv3=False)
DEBUG:websockets.protocol:client > Frame(fin=True, opcode=9, data=b'\x0e\xef,\xba', rsv1=False, rsv2=False, rsv3=False)
DEBUG:websockets.protocol:client - event = data_received(<6 bytes>)
DEBUG:websockets.protocol:client < Frame(fin=True, opcode=10, data=b'\x0e\xef,\xba', rsv1=False, rsv2=False, rsv3=False)
DEBUG:websockets.protocol:client - received solicited pong: 0eef2cba
DEBUG:websockets.protocol:client - event = data_received(<2 bytes>)
DEBUG:websockets.protocol:client < Frame(fin=True, opcode=9, data=b'', rsv1=False, rsv2=False, rsv3=False)
DEBUG:websockets.protocol:client - received ping, sending pong: [empty]
DEBUG:websockets.protocol:client > Frame(fin=True, opcode=10, data=b'', rsv1=False, rsv2=False, rsv3=False)
DEBUG:websockets.protocol:client - event = data_received(<2 bytes>)
DEBUG:websockets.protocol:client < Frame(fin=True, opcode=9, data=b'', rsv1=False, rsv2=False, rsv3=False)
DEBUG:websockets.protocol:client - received ping, sending pong: [empty]
DEBUG:websockets.protocol:client > Frame(fin=True, opcode=10, data=b'', rsv1=False, rsv2=False, rsv3=False)
DEBUG:websockets.protocol:client - event = data_received(<2 bytes>)
DEBUG:websockets.protocol:client < Frame(fin=True, opcode=9, data=b'', rsv1=False, rsv2=False, rsv3=False)
DEBUG:websockets.protocol:client - received ping, sending pong: [empty]
DEBUG:websockets.protocol:client > Frame(fin=True, opcode=10, data=b'', rsv1=False, rsv2=False, rsv3=False)
DEBUG:websockets.protocol:client - event = data_received(<2 bytes>)
DEBUG:websockets.protocol:client < Frame(fin=True, opcode=9, data=b'', rsv1=False, rsv2=False, rsv3=False)
DEBUG:websockets.protocol:client - received ping, sending pong: [empty]
DEBUG:websockets.protocol:client > Frame(fin=True, opcode=10, data=b'', rsv1=False, rsv2=False, rsv3=False)
DEBUG:websockets.protocol:client - event = data_received(<2 bytes>)
DEBUG:websockets.protocol:client < Frame(fin=True, opcode=9, data=b'', rsv1=False, rsv2=False, rsv3=False)
DEBUG:websockets.protocol:client - received ping, sending pong: [empty]
DEBUG:websockets.protocol:client > Frame(fin=True, opcode=10, data=b'', rsv1=False, rsv2=False, rsv3=False)
DEBUG:websockets.protocol:client - event = data_received(<2 bytes>)
DEBUG:websockets.protocol:client < Frame(fin=True, opcode=9, data=b'', rsv1=False, rsv2=False, rsv3=False)
DEBUG:websockets.protocol:client - received ping, sending pong: [empty]
DEBUG:websockets.protocol:client > Frame(fin=True, opcode=10, data=b'', rsv1=False, rsv2=False, rsv3=False)
DEBUG:websockets.protocol:client > Frame(fin=True, opcode=9, data=b'\xf6\x07\xf9%', rsv1=False, rsv2=False, rsv3=False)
DEBUG:websockets.protocol:client - event = data_received(<6 bytes>)
DEBUG:websockets.protocol:client < Frame(fin=True, opcode=10, data=b'\xf6\x07\xf9%', rsv1=False, rsv2=False, rsv3=False)
DEBUG:websockets.protocol:client - received solicited pong: f607f925
DEBUG:websockets.protocol:client - event = data_received(<2 bytes>)
DEBUG:websockets.protocol:client < Frame(fin=True, opcode=9, data=b'', rsv1=False, rsv2=False, rsv3=False)
DEBUG:websockets.protocol:client - received ping, sending pong: [empty]
DEBUG:websockets.protocol:client > Frame(fin=True, opcode=10, data=b'', rsv1=False, rsv2=False, rsv3=False)
DEBUG:websockets.protocol:client - event = data_received(<2 bytes>)
DEBUG:websockets.protocol:client < Frame(fin=True, opcode=9, data=b'', rsv1=False, rsv2=False, rsv3=False)
DEBUG:websockets.protocol:client - received ping, sending pong: [empty]
DEBUG:websockets.protocol:client > Frame(fin=True, opcode=10, data=b'', rsv1=False, rsv2=False, rsv3=False)
DEBUG:websockets.protocol:client > Frame(fin=True, opcode=9, data=b'\xc9\xce\x85\x8d', rsv1=False, rsv2=False, rsv3=False)
DEBUG:websockets.protocol:client - event = data_received(<6 bytes>)
DEBUG:websockets.protocol:client < Frame(fin=True, opcode=10, data=b'\xc9\xce\x85\x8d', rsv1=False, rsv2=False, rsv3=False)
DEBUG:websockets.protocol:client - received solicited pong: c9ce858d
DEBUG:websockets.protocol:client - event = data_received(<2 bytes>)
DEBUG:websockets.protocol:client < Frame(fin=True, opcode=9, data=b'', rsv1=False, rsv2=False, rsv3=False)
DEBUG:websockets.protocol:client - received ping, sending pong: [empty]
DEBUG:websockets.protocol:client > Frame(fin=True, opcode=10, data=b'', rsv1=False, rsv2=False, rsv3=False)
DEBUG:websockets.protocol:client - event = data_received(<2 bytes>)
DEBUG:websockets.protocol:client < Frame(fin=True, opcode=9, data=b'', rsv1=False, rsv2=False, rsv3=False)
DEBUG:websockets.protocol:client - received ping, sending pong: [empty]
DEBUG:websockets.protocol:client > Frame(fin=True, opcode=10, data=b'', rsv1=False, rsv2=False, rsv3=False)
DEBUG:websockets.protocol:client - event = data_received(<2 bytes>)
DEBUG:websockets.protocol:client < Frame(fin=True, opcode=9, data=b'', rsv1=False, rsv2=False, rsv3=False)
DEBUG:websockets.protocol:client - received ping, sending pong: [empty]
DEBUG:websockets.protocol:client > Frame(fin=True, opcode=10, data=b'', rsv1=False, rsv2=False, rsv3=False)
DEBUG:websockets.protocol:client - event = data_received(<2 bytes>)
DEBUG:websockets.protocol:client < Frame(fin=True, opcode=9, data=b'', rsv1=False, rsv2=False, rsv3=False)
DEBUG:websockets.protocol:client - received ping, sending pong: [empty]
DEBUG:websockets.protocol:client > Frame(fin=True, opcode=10, data=b'', rsv1=False, rsv2=False, rsv3=False)
DEBUG:websockets.protocol:client > Frame(fin=True, opcode=9, data=b'\xa6g_\xeb', rsv1=False, rsv2=False, rsv3=False)
DEBUG:websockets.protocol:client - event = data_received(<6 bytes>)
DEBUG:websockets.protocol:client < Frame(fin=True, opcode=10, data=b'\xa6g_\xeb', rsv1=False, rsv2=False, rsv3=False)
DEBUG:websockets.protocol:client - received solicited pong: a6675feb
DEBUG:websockets.protocol:client - event = data_received(<2 bytes>)
DEBUG:websockets.protocol:client < Frame(fin=True, opcode=9, data=b'', rsv1=False, rsv2=False, rsv3=False)
DEBUG:websockets.protocol:client - received ping, sending pong: [empty]
DEBUG:websockets.protocol:client > Frame(fin=True, opcode=10, data=b'', rsv1=False, rsv2=False, rsv3=False)
DEBUG:websockets.protocol:client - event = data_received(<2 bytes>)
DEBUG:websockets.protocol:client < Frame(fin=True, opcode=9, data=b'', rsv1=False, rsv2=False, rsv3=False)
DEBUG:websockets.protocol:client - received ping, sending pong: [empty]
DEBUG:websockets.protocol:client > Frame(fin=True, opcode=10, data=b'', rsv1=False, rsv2=False, rsv3=False)
DEBUG:websockets.protocol:client - event = data_received(<2 bytes>)
DEBUG:websockets.protocol:client < Frame(fin=True, opcode=9, data=b'', rsv1=False, rsv2=False, rsv3=False)
DEBUG:websockets.protocol:client - received ping, sending pong: [empty]
DEBUG:websockets.protocol:client > Frame(fin=True, opcode=10, data=b'', rsv1=False, rsv2=False, rsv3=False)
DEBUG:websockets.protocol:client - event = data_received(<2 bytes>)
DEBUG:websockets.protocol:client < Frame(fin=True, opcode=9, data=b'', rsv1=False, rsv2=False, rsv3=False)
DEBUG:websockets.protocol:client - received ping, sending pong: [empty]
DEBUG:websockets.protocol:client > Frame(fin=True, opcode=10, data=b'', rsv1=False, rsv2=False, rsv3=False)
DEBUG:websockets.protocol:client - event = data_received(<2 bytes>)
DEBUG:websockets.protocol:client < Frame(fin=True, opcode=9, data=b'', rsv1=False, rsv2=False, rsv3=False)
DEBUG:websockets.protocol:client - received ping, sending pong: [empty]
DEBUG:websockets.protocol:client > Frame(fin=True, opcode=10, data=b'', rsv1=False, rsv2=False, rsv3=False)
DEBUG:websockets.protocol:client > Frame(fin=True, opcode=9, data=b'5%\x81a', rsv1=False, rsv2=False, rsv3=False)
DEBUG:websockets.protocol:client - event = data_received(<6 bytes>)
DEBUG:websockets.protocol:client < Frame(fin=True, opcode=10, data=b'5%\x81a', rsv1=False, rsv2=False, rsv3=False)
DEBUG:websockets.protocol:client - received solicited pong: 35258161
DEBUG:websockets.protocol:client > Frame(fin=True, opcode=9, data=b'\xd4\x84\xd3P', rsv1=False, rsv2=False, rsv3=False)
DEBUG:websockets.protocol:client - event = data_received(<6 bytes>)
DEBUG:websockets.protocol:client < Frame(fin=True, opcode=10, data=b'\xd4\x84\xd3P', rsv1=False, rsv2=False, rsv3=False)
DEBUG:websockets.protocol:client - received solicited pong: d484d350
DEBUG:websockets.protocol:client - event = data_received(<2 bytes>)
DEBUG:websockets.protocol:client < Frame(fin=True, opcode=9, data=b'', rsv1=False, rsv2=False, rsv3=False)
DEBUG:websockets.protocol:client - received ping, sending pong: [empty]
DEBUG:websockets.protocol:client > Frame(fin=True, opcode=10, data=b'', rsv1=False, rsv2=False, rsv3=False)
DEBUG:websockets.protocol:client - event = data_received(<2 bytes>)
DEBUG:websockets.protocol:client < Frame(fin=True, opcode=9, data=b'', rsv1=False, rsv2=False, rsv3=False)
DEBUG:websockets.protocol:client - received ping, sending pong: [empty]
DEBUG:websockets.protocol:client > Frame(fin=True, opcode=10, data=b'', rsv1=False, rsv2=False, rsv3=False)
DEBUG:websockets.protocol:client - event = data_received(<2 bytes>)
DEBUG:websockets.protocol:client < Frame(fin=True, opcode=9, data=b'', rsv1=False, rsv2=False, rsv3=False)
DEBUG:websockets.protocol:client - received ping, sending pong: [empty]
DEBUG:websockets.protocol:client > Frame(fin=True, opcode=10, data=b'', rsv1=False, rsv2=False, rsv3=False)
DEBUG:websockets.protocol:client - event = data_received(<2 bytes>)
DEBUG:websockets.protocol:client < Frame(fin=True, opcode=9, data=b'', rsv1=False, rsv2=False, rsv3=False)
DEBUG:websockets.protocol:client - received ping, sending pong: [empty]
DEBUG:websockets.protocol:client > Frame(fin=True, opcode=10, data=b'', rsv1=False, rsv2=False, rsv3=False)
DEBUG:websockets.protocol:client - event = data_received(<2 bytes>)
DEBUG:websockets.protocol:client < Frame(fin=True, opcode=9, data=b'', rsv1=False, rsv2=False, rsv3=False)
DEBUG:websockets.protocol:client - received ping, sending pong: [empty]
DEBUG:websockets.protocol:client > Frame(fin=True, opcode=10, data=b'', rsv1=False, rsv2=False, rsv3=False)
DEBUG:websockets.protocol:client - event = data_received(<2 bytes>)
DEBUG:websockets.protocol:client < Frame(fin=True, opcode=9, data=b'', rsv1=False, rsv2=False, rsv3=False)
DEBUG:websockets.protocol:client - received ping, sending pong: [empty]
DEBUG:websockets.protocol:client > Frame(fin=True, opcode=10, data=b'', rsv1=False, rsv2=False, rsv3=False)
DEBUG:websockets.protocol:client > Frame(fin=True, opcode=9, data=b'\xb7\xaa\x0c\xb2', rsv1=False, rsv2=False, rsv3=False)
DEBUG:websockets.protocol:client - event = data_received(<6 bytes>)
DEBUG:websockets.protocol:client < Frame(fin=True, opcode=10, data=b'\xb7\xaa\x0c\xb2', rsv1=False, rsv2=False, rsv3=False)
DEBUG:websockets.protocol:client - received solicited pong: b7aa0cb2
DEBUG:websockets.protocol:client - event = data_received(<2 bytes>)
DEBUG:websockets.protocol:client < Frame(fin=True, opcode=9, data=b'', rsv1=False, rsv2=False, rsv3=False)
DEBUG:websockets.protocol:client - received ping, sending pong: [empty]
DEBUG:websockets.protocol:client > Frame(fin=True, opcode=10, data=b'', rsv1=False, rsv2=False, rsv3=False)
DEBUG:websockets.protocol:client - event = data_received(<2 bytes>)
DEBUG:websockets.protocol:client < Frame(fin=True, opcode=9, data=b'', rsv1=False, rsv2=False, rsv3=False)
DEBUG:websockets.protocol:client - received ping, sending pong: [empty]
DEBUG:websockets.protocol:client > Frame(fin=True, opcode=10, data=b'', rsv1=False, rsv2=False, rsv3=False)
DEBUG:websockets.protocol:client > Frame(fin=True, opcode=9, data=b'\xca#\x89Q', rsv1=False, rsv2=False, rsv3=False)
DEBUG:websockets.protocol:client - event = data_received(<6 bytes>)
DEBUG:websockets.protocol:client < Frame(fin=True, opcode=10, data=b'\xca#\x89Q', rsv1=False, rsv2=False, rsv3=False)
DEBUG:websockets.protocol:client - received solicited pong: ca238951
DEBUG:websockets.protocol:client - event = data_received(<2 bytes>)
DEBUG:websockets.protocol:client < Frame(fin=True, opcode=9, data=b'', rsv1=False, rsv2=False, rsv3=False)
DEBUG:websockets.protocol:client - received ping, sending pong: [empty]
DEBUG:websockets.protocol:client > Frame(fin=True, opcode=10, data=b'', rsv1=False, rsv2=False, rsv3=False)
DEBUG:websockets.protocol:client - event = data_received(<2 bytes>)
DEBUG:websockets.protocol:client < Frame(fin=True, opcode=9, data=b'', rsv1=False, rsv2=False, rsv3=False)
DEBUG:websockets.protocol:client - received ping, sending pong: [empty]
DEBUG:websockets.protocol:client > Frame(fin=True, opcode=10, data=b'', rsv1=False, rsv2=False, rsv3=False)
DEBUG:websockets.protocol:client - event = data_received(<2 bytes>)
DEBUG:websockets.protocol:client < Frame(fin=True, opcode=9, data=b'', rsv1=False, rsv2=False, rsv3=False)
DEBUG:websockets.protocol:client - received ping, sending pong: [empty]
DEBUG:websockets.protocol:client > Frame(fin=True, opcode=10, data=b'', rsv1=False, rsv2=False, rsv3=False)
DEBUG:websockets.protocol:client - event = data_received(<2 bytes>)
DEBUG:websockets.protocol:client < Frame(fin=True, opcode=9, data=b'', rsv1=False, rsv2=False, rsv3=False)
DEBUG:websockets.protocol:client - received ping, sending pong: [empty]
DEBUG:websockets.protocol:client > Frame(fin=True, opcode=10, data=b'', rsv1=False, rsv2=False, rsv3=False)
DEBUG:websockets.protocol:client > Frame(fin=True, opcode=9, data=b'\x8b\x17q\x9c', rsv1=False, rsv2=False, rsv3=False)
DEBUG:websockets.protocol:client - event = data_received(<6 bytes>)
DEBUG:websockets.protocol:client < Frame(fin=True, opcode=10, data=b'\x8b\x17q\x9c', rsv1=False, rsv2=False, rsv3=False)
DEBUG:websockets.protocol:client - received solicited pong: 8b17719c
DEBUG:websockets.protocol:client - event = data_received(<2 bytes>)
DEBUG:websockets.protocol:client < Frame(fin=True, opcode=9, data=b'', rsv1=False, rsv2=False, rsv3=False)
DEBUG:websockets.protocol:client - received ping, sending pong: [empty]
DEBUG:websockets.protocol:client > Frame(fin=True, opcode=10, data=b'', rsv1=False, rsv2=False, rsv3=False)
DEBUG:websockets.protocol:client - event = data_received(<2 bytes>)
DEBUG:websockets.protocol:client < Frame(fin=True, opcode=9, data=b'', rsv1=False, rsv2=False, rsv3=False)
DEBUG:websockets.protocol:client - received ping, sending pong: [empty]
DEBUG:websockets.protocol:client > Frame(fin=True, opcode=10, data=b'', rsv1=False, rsv2=False, rsv3=False)
DEBUG:websockets.protocol:client - event = data_received(<2 bytes>)
DEBUG:websockets.protocol:client < Frame(fin=True, opcode=9, data=b'', rsv1=False, rsv2=False, rsv3=False)
DEBUG:websockets.protocol:client - received ping, sending pong: [empty]
DEBUG:websockets.protocol:client > Frame(fin=True, opcode=10, data=b'', rsv1=False, rsv2=False, rsv3=False)
DEBUG:websockets.protocol:client - event = data_received(<2 bytes>)
DEBUG:websockets.protocol:client < Frame(fin=True, opcode=9, data=b'', rsv1=False, rsv2=False, rsv3=False)
DEBUG:websockets.protocol:client - received ping, sending pong: [empty]
DEBUG:websockets.protocol:client > Frame(fin=True, opcode=10, data=b'', rsv1=False, rsv2=False, rsv3=False)
DEBUG:websockets.protocol:client > Frame(fin=True, opcode=9, data=b'=\xc6\xe8\xeb', rsv1=False, rsv2=False, rsv3=False)
DEBUG:websockets.protocol:client - event = data_received(<6 bytes>)
DEBUG:websockets.protocol:client < Frame(fin=True, opcode=10, data=b'=\xc6\xe8\xeb', rsv1=False, rsv2=False, rsv3=False)
DEBUG:websockets.protocol:client - received solicited pong: 3dc6e8eb
DEBUG:websockets.protocol:client - event = data_received(<2 bytes>)
DEBUG:websockets.protocol:client < Frame(fin=True, opcode=9, data=b'', rsv1=False, rsv2=False, rsv3=False)
DEBUG:websockets.protocol:client - received ping, sending pong: [empty]
DEBUG:websockets.protocol:client > Frame(fin=True, opcode=10, data=b'', rsv1=False, rsv2=False, rsv3=False)
DEBUG:websockets.protocol:client > Frame(fin=True, opcode=9, data=b'\xb9\x83i\xa2', rsv1=False, rsv2=False, rsv3=False)
DEBUG:websockets.protocol:client - event = data_received(<6 bytes>)
DEBUG:websockets.protocol:client < Frame(fin=True, opcode=10, data=b'\xb9\x83i\xa2', rsv1=False, rsv2=False, rsv3=False)
DEBUG:websockets.protocol:client - received solicited pong: b98369a2
DEBUG:websockets.protocol:client - event = data_received(<2 bytes>)
DEBUG:websockets.protocol:client < Frame(fin=True, opcode=9, data=b'', rsv1=False, rsv2=False, rsv3=False)
DEBUG:websockets.protocol:client - received ping, sending pong: [empty]
DEBUG:websockets.protocol:client > Frame(fin=True, opcode=10, data=b'', rsv1=False, rsv2=False, rsv3=False)
DEBUG:websockets.protocol:client - event = data_received(<2 bytes>)
DEBUG:websockets.protocol:client < Frame(fin=True, opcode=9, data=b'', rsv1=False, rsv2=False, rsv3=False)
DEBUG:websockets.protocol:client - received ping, sending pong: [empty]
DEBUG:websockets.protocol:client > Frame(fin=True, opcode=10, data=b'', rsv1=False, rsv2=False, rsv3=False)
DEBUG:websockets.protocol:client - event = data_received(<2 bytes>)
DEBUG:websockets.protocol:client < Frame(fin=True, opcode=9, data=b'', rsv1=False, rsv2=False, rsv3=False)
DEBUG:websockets.protocol:client - received ping, sending pong: [empty]
DEBUG:websockets.protocol:client > Frame(fin=True, opcode=10, data=b'', rsv1=False, rsv2=False, rsv3=False)
DEBUG:websockets.protocol:client - event = data_received(<2 bytes>)
DEBUG:websockets.protocol:client < Frame(fin=True, opcode=9, data=b'', rsv1=False, rsv2=False, rsv3=False)
DEBUG:websockets.protocol:client - received ping, sending pong: [empty]
DEBUG:websockets.protocol:client > Frame(fin=True, opcode=10, data=b'', rsv1=False, rsv2=False, rsv3=False)
DEBUG:websockets.protocol:client - event = data_received(<2 bytes>)
DEBUG:websockets.protocol:client < Frame(fin=True, opcode=9, data=b'', rsv1=False, rsv2=False, rsv3=False)
DEBUG:websockets.protocol:client - received ping, sending pong: [empty]
DEBUG:websockets.protocol:client > Frame(fin=True, opcode=10, data=b'', rsv1=False, rsv2=False, rsv3=False)
DEBUG:websockets.protocol:client - event = data_received(<2 bytes>)
DEBUG:websockets.protocol:client < Frame(fin=True, opcode=9, data=b'', rsv1=False, rsv2=False, rsv3=False)
DEBUG:websockets.protocol:client - received ping, sending pong: [empty]
DEBUG:websockets.protocol:client > Frame(fin=True, opcode=10, data=b'', rsv1=False, rsv2=False, rsv3=False)
DEBUG:websockets.protocol:client > Frame(fin=True, opcode=9, data=b'TM\x92\xfb', rsv1=False, rsv2=False, rsv3=False)
DEBUG:websockets.protocol:client - event = data_received(<6 bytes>)
DEBUG:websockets.protocol:client < Frame(fin=True, opcode=10, data=b'TM\x92\xfb', rsv1=False, rsv2=False, rsv3=False)
DEBUG:websockets.protocol:client - received solicited pong: 544d92fb
DEBUG:websockets.protocol:client - event = data_received(<2 bytes>)
DEBUG:websockets.protocol:client < Frame(fin=True, opcode=9, data=b'', rsv1=False, rsv2=False, rsv3=False)
DEBUG:websockets.protocol:client - received ping, sending pong: [empty]
DEBUG:websockets.protocol:client > Frame(fin=True, opcode=10, data=b'', rsv1=False, rsv2=False, rsv3=False)
DEBUG:websockets.protocol:client - event = data_received(<2 bytes>)
DEBUG:websockets.protocol:client < Frame(fin=True, opcode=9, data=b'', rsv1=False, rsv2=False, rsv3=False)
DEBUG:websockets.protocol:client - received ping, sending pong: [empty]
DEBUG:websockets.protocol:client > Frame(fin=True, opcode=10, data=b'', rsv1=False, rsv2=False, rsv3=False)
DEBUG:websockets.protocol:client > Frame(fin=True, opcode=9, data=b'\xa5\xaf\xbaU', rsv1=False, rsv2=False, rsv3=False)
DEBUG:websockets.protocol:client - event = data_received(<6 bytes>)
DEBUG:websockets.protocol:client < Frame(fin=True, opcode=10, data=b'\xa5\xaf\xbaU', rsv1=False, rsv2=False, rsv3=False)
DEBUG:websockets.protocol:client - received solicited pong: a5afba55
DEBUG:websockets.protocol:client - event = data_received(<2 bytes>)
DEBUG:websockets.protocol:client < Frame(fin=True, opcode=9, data=b'', rsv1=False, rsv2=False, rsv3=False)
DEBUG:websockets.protocol:client - received ping, sending pong: [empty]
DEBUG:websockets.protocol:client > Frame(fin=True, opcode=10, data=b'', rsv1=False, rsv2=False, rsv3=False)
DEBUG:websockets.protocol:client - event = data_received(<2 bytes>)
DEBUG:websockets.protocol:client < Frame(fin=True, opcode=9, data=b'', rsv1=False, rsv2=False, rsv3=False)
DEBUG:websockets.protocol:client - received ping, sending pong: [empty]
DEBUG:websockets.protocol:client > Frame(fin=True, opcode=10, data=b'', rsv1=False, rsv2=False, rsv3=False)
DEBUG:websockets.protocol:client - event = data_received(<2 bytes>)
DEBUG:websockets.protocol:client < Frame(fin=True, opcode=9, data=b'', rsv1=False, rsv2=False, rsv3=False)
DEBUG:websockets.protocol:client - received ping, sending pong: [empty]
DEBUG:websockets.protocol:client > Frame(fin=True, opcode=10, data=b'', rsv1=False, rsv2=False, rsv3=False)
DEBUG:websockets.protocol:client > Frame(fin=True, opcode=9, data=b'&\xaa\xa8\xb2', rsv1=False, rsv2=False, rsv3=False)
DEBUG:websockets.protocol:client - event = data_received(<6 bytes>)
DEBUG:websockets.protocol:client < Frame(fin=True, opcode=10, data=b'&\xaa\xa8\xb2', rsv1=False, rsv2=False, rsv3=False)
DEBUG:websockets.protocol:client - received solicited pong: 26aaa8b2
DEBUG:websockets.protocol:client - event = data_received(<2 bytes>)
DEBUG:websockets.protocol:client < Frame(fin=True, opcode=9, data=b'', rsv1=False, rsv2=False, rsv3=False)
DEBUG:websockets.protocol:client - received ping, sending pong: [empty]
DEBUG:websockets.protocol:client > Frame(fin=True, opcode=10, data=b'', rsv1=False, rsv2=False, rsv3=False)
DEBUG:websockets.protocol:client - event = data_received(<2 bytes>)
DEBUG:websockets.protocol:client < Frame(fin=True, opcode=9, data=b'', rsv1=False, rsv2=False, rsv3=False)
DEBUG:websockets.protocol:client - received ping, sending pong: [empty]
DEBUG:websockets.protocol:client > Frame(fin=True, opcode=10, data=b'', rsv1=False, rsv2=False, rsv3=False)
DEBUG:websockets.protocol:client - event = data_received(<2 bytes>)
DEBUG:websockets.protocol:client < Frame(fin=True, opcode=9, data=b'', rsv1=False, rsv2=False, rsv3=False)
DEBUG:websockets.protocol:client - received ping, sending pong: [empty]
DEBUG:websockets.protocol:client > Frame(fin=True, opcode=10, data=b'', rsv1=False, rsv2=False, rsv3=False)
DEBUG:websockets.protocol:client - event = data_received(<2 bytes>)
DEBUG:websockets.protocol:client < Frame(fin=True, opcode=9, data=b'', rsv1=False, rsv2=False, rsv3=False)
DEBUG:websockets.protocol:client - received ping, sending pong: [empty]
DEBUG:websockets.protocol:client > Frame(fin=True, opcode=10, data=b'', rsv1=False, rsv2=False, rsv3=False)
DEBUG:websockets.protocol:client > Frame(fin=True, opcode=9, data=b'HN\xdb)', rsv1=False, rsv2=False, rsv3=False)
DEBUG:websockets.protocol:client - event = data_received(<6 bytes>)
DEBUG:websockets.protocol:client < Frame(fin=True, opcode=10, data=b'HN\xdb)', rsv1=False, rsv2=False, rsv3=False)
DEBUG:websockets.protocol:client - received solicited pong: 484edb29
DEBUG:websockets.protocol:client - event = data_received(<2 bytes>)
DEBUG:websockets.protocol:client < Frame(fin=True, opcode=9, data=b'', rsv1=False, rsv2=False, rsv3=False)
DEBUG:websockets.protocol:client - received ping, sending pong: [empty]
DEBUG:websockets.protocol:client > Frame(fin=True, opcode=10, data=b'', rsv1=False, rsv2=False, rsv3=False)
DEBUG:websockets.protocol:client - event = data_received(<2 bytes>)
DEBUG:websockets.protocol:client < Frame(fin=True, opcode=9, data=b'', rsv1=False, rsv2=False, rsv3=False)
DEBUG:websockets.protocol:client - received ping, sending pong: [empty]
DEBUG:websockets.protocol:client > Frame(fin=True, opcode=10, data=b'', rsv1=False, rsv2=False, rsv3=False)
DEBUG:websockets.protocol:client > Frame(fin=True, opcode=9, data=b'\xfd\xebvx', rsv1=False, rsv2=False, rsv3=False)
DEBUG:websockets.protocol:client - event = data_received(<6 bytes>)
DEBUG:websockets.protocol:client < Frame(fin=True, opcode=10, data=b'\xfd\xebvx', rsv1=False, rsv2=False, rsv3=False)
DEBUG:websockets.protocol:client - received solicited pong: fdeb7678
DEBUG:websockets.protocol:client - event = data_received(<2 bytes>)
DEBUG:websockets.protocol:client < Frame(fin=True, opcode=9, data=b'', rsv1=False, rsv2=False, rsv3=False)
DEBUG:websockets.protocol:client - received ping, sending pong: [empty]
DEBUG:websockets.protocol:client > Frame(fin=True, opcode=10, data=b'', rsv1=False, rsv2=False, rsv3=False)
DEBUG:websockets.protocol:client - event = data_received(<2 bytes>)
DEBUG:websockets.protocol:client < Frame(fin=True, opcode=9, data=b'', rsv1=False, rsv2=False, rsv3=False)
DEBUG:websockets.protocol:client - received ping, sending pong: [empty]
DEBUG:websockets.protocol:client > Frame(fin=True, opcode=10, data=b'', rsv1=False, rsv2=False, rsv3=False)
DEBUG:websockets.protocol:client - event = data_received(<2 bytes>)
DEBUG:websockets.protocol:client < Frame(fin=True, opcode=9, data=b'', rsv1=False, rsv2=False, rsv3=False)
DEBUG:websockets.protocol:client - received ping, sending pong: [empty]
DEBUG:websockets.protocol:client > Frame(fin=True, opcode=10, data=b'', rsv1=False, rsv2=False, rsv3=False)
DEBUG:websockets.protocol:client - event = data_received(<2 bytes>)
DEBUG:websockets.protocol:client < Frame(fin=True, opcode=9, data=b'', rsv1=False, rsv2=False, rsv3=False)
DEBUG:websockets.protocol:client - received ping, sending pong: [empty]
DEBUG:websockets.protocol:client > Frame(fin=True, opcode=10, data=b'', rsv1=False, rsv2=False, rsv3=False)
DEBUG:websockets.protocol:client - event = data_received(<2 bytes>)
DEBUG:websockets.protocol:client < Frame(fin=True, opcode=9, data=b'', rsv1=False, rsv2=False, rsv3=False)
DEBUG:websockets.protocol:client - received ping, sending pong: [empty]
DEBUG:websockets.protocol:client > Frame(fin=True, opcode=10, data=b'', rsv1=False, rsv2=False, rsv3=False)
DEBUG:websockets.protocol:client - event = data_received(<2 bytes>)
DEBUG:websockets.protocol:client < Frame(fin=True, opcode=9, data=b'', rsv1=False, rsv2=False, rsv3=False)
DEBUG:websockets.protocol:client - received ping, sending pong: [empty]
DEBUG:websockets.protocol:client > Frame(fin=True, opcode=10, data=b'', rsv1=False, rsv2=False, rsv3=False)
DEBUG:websockets.protocol:client > Frame(fin=True, opcode=9, data=b')H3\xef', rsv1=False, rsv2=False, rsv3=False)
DEBUG:websockets.protocol:client - event = data_received(<6 bytes>)
DEBUG:websockets.protocol:client < Frame(fin=True, opcode=10, data=b')H3\xef', rsv1=False, rsv2=False, rsv3=False)
DEBUG:websockets.protocol:client - received solicited pong: 294833ef
DEBUG:websockets.protocol:client - event = data_received(<2 bytes>)
DEBUG:websockets.protocol:client < Frame(fin=True, opcode=9, data=b'', rsv1=False, rsv2=False, rsv3=False)
DEBUG:websockets.protocol:client - received ping, sending pong: [empty]
DEBUG:websockets.protocol:client > Frame(fin=True, opcode=10, data=b'', rsv1=False, rsv2=False, rsv3=False)
DEBUG:websockets.protocol:client - event = data_received(<2 bytes>)
DEBUG:websockets.protocol:client < Frame(fin=True, opcode=9, data=b'', rsv1=False, rsv2=False, rsv3=False)
DEBUG:websockets.protocol:client - received ping, sending pong: [empty]
DEBUG:websockets.protocol:client > Frame(fin=True, opcode=10, data=b'', rsv1=False, rsv2=False, rsv3=False)
DEBUG:websockets.protocol:client > Frame(fin=True, opcode=9, data=b'\xed:\xf6\x84', rsv1=False, rsv2=False, rsv3=False)
DEBUG:websockets.protocol:client - event = data_received(<6 bytes>)
DEBUG:websockets.protocol:client < Frame(fin=True, opcode=10, data=b'\xed:\xf6\x84', rsv1=False, rsv2=False, rsv3=False)
DEBUG:websockets.protocol:client - received solicited pong: ed3af684
DEBUG:websockets.protocol:client - event = data_received(<2 bytes>)
DEBUG:websockets.protocol:client < Frame(fin=True, opcode=9, data=b'', rsv1=False, rsv2=False, rsv3=False)
DEBUG:websockets.protocol:client - received ping, sending pong: [empty]
DEBUG:websockets.protocol:client > Frame(fin=True, opcode=10, data=b'', rsv1=False, rsv2=False, rsv3=False)
DEBUG:websockets.protocol:client - event = data_received(<2 bytes>)
DEBUG:websockets.protocol:client < Frame(fin=True, opcode=9, data=b'', rsv1=False, rsv2=False, rsv3=False)
DEBUG:websockets.protocol:client - received ping, sending pong: [empty]
DEBUG:websockets.protocol:client > Frame(fin=True, opcode=10, data=b'', rsv1=False, rsv2=False, rsv3=False)
DEBUG:websockets.protocol:client - event = data_received(<2 bytes>)
DEBUG:websockets.protocol:client < Frame(fin=True, opcode=9, data=b'', rsv1=False, rsv2=False, rsv3=False)
DEBUG:websockets.protocol:client - received ping, sending pong: [empty]
DEBUG:websockets.protocol:client > Frame(fin=True, opcode=10, data=b'', rsv1=False, rsv2=False, rsv3=False)
DEBUG:websockets.protocol:client - event = data_received(<2 bytes>)
DEBUG:websockets.protocol:client < Frame(fin=True, opcode=9, data=b'', rsv1=False, rsv2=False, rsv3=False)
DEBUG:websockets.protocol:client - received ping, sending pong: [empty]
DEBUG:websockets.protocol:client > Frame(fin=True, opcode=10, data=b'', rsv1=False, rsv2=False, rsv3=False)
DEBUG:websockets.protocol:client > Frame(fin=True, opcode=9, data=b'\xceQ\xeaL', rsv1=False, rsv2=False, rsv3=False)
DEBUG:websockets.protocol:client - event = data_received(<6 bytes>)
DEBUG:websockets.protocol:client < Frame(fin=True, opcode=10, data=b'\xceQ\xeaL', rsv1=False, rsv2=False, rsv3=False)
DEBUG:websockets.protocol:client - received solicited pong: ce51ea4c
DEBUG:websockets.protocol:client - event = data_received(<2 bytes>)
DEBUG:websockets.protocol:client < Frame(fin=True, opcode=9, data=b'', rsv1=False, rsv2=False, rsv3=False)
DEBUG:websockets.protocol:client - received ping, sending pong: [empty]
DEBUG:websockets.protocol:client > Frame(fin=True, opcode=10, data=b'', rsv1=False, rsv2=False, rsv3=False)
DEBUG:websockets.protocol:client - event = data_received(<2 bytes>)
DEBUG:websockets.protocol:client < Frame(fin=True, opcode=9, data=b'', rsv1=False, rsv2=False, rsv3=False)
DEBUG:websockets.protocol:client - received ping, sending pong: [empty]
DEBUG:websockets.protocol:client > Frame(fin=True, opcode=10, data=b'', rsv1=False, rsv2=False, rsv3=False)
DEBUG:websockets.protocol:client - event = data_received(<2 bytes>)
DEBUG:websockets.protocol:client < Frame(fin=True, opcode=9, data=b'', rsv1=False, rsv2=False, rsv3=False)
DEBUG:websockets.protocol:client - received ping, sending pong: [empty]
DEBUG:websockets.protocol:client > Frame(fin=True, opcode=10, data=b'', rsv1=False, rsv2=False, rsv3=False)
DEBUG:websockets.protocol:client - event = data_received(<2 bytes>)
DEBUG:websockets.protocol:client < Frame(fin=True, opcode=9, data=b'', rsv1=False, rsv2=False, rsv3=False)
DEBUG:websockets.protocol:client - received ping, sending pong: [empty]
DEBUG:websockets.protocol:client > Frame(fin=True, opcode=10, data=b'', rsv1=False, rsv2=False, rsv3=False)
DEBUG:websockets.protocol:client > Frame(fin=True, opcode=9, data=b'b\x1b6\xbd', rsv1=False, rsv2=False, rsv3=False)
DEBUG:websockets.protocol:client - event = data_received(<6 bytes>)
DEBUG:websockets.protocol:client < Frame(fin=True, opcode=10, data=b'b\x1b6\xbd', rsv1=False, rsv2=False, rsv3=False)
DEBUG:websockets.protocol:client - received solicited pong: 621b36bd
DEBUG:websockets.protocol:client - event = data_received(<2 bytes>)
DEBUG:websockets.protocol:client < Frame(fin=True, opcode=9, data=b'', rsv1=False, rsv2=False, rsv3=False)
DEBUG:websockets.protocol:client - received ping, sending pong: [empty]
DEBUG:websockets.protocol:client > Frame(fin=True, opcode=10, data=b'', rsv1=False, rsv2=False, rsv3=False)
DEBUG:websockets.protocol:client > Frame(fin=True, opcode=9, data=b'X\x04\x82\xf8', rsv1=False, rsv2=False, rsv3=False)
DEBUG:websockets.protocol:client - event = data_received(<6 bytes>)
DEBUG:websockets.protocol:client < Frame(fin=True, opcode=10, data=b'X\x04\x82\xf8', rsv1=False, rsv2=False, rsv3=False)
DEBUG:websockets.protocol:client - received solicited pong: 580482f8
DEBUG:websockets.protocol:client - event = data_received(<2 bytes>)
DEBUG:websockets.protocol:client < Frame(fin=True, opcode=9, data=b'', rsv1=False, rsv2=False, rsv3=False)
DEBUG:websockets.protocol:client - received ping, sending pong: [empty]
DEBUG:websockets.protocol:client > Frame(fin=True, opcode=10, data=b'', rsv1=False, rsv2=False, rsv3=False)
DEBUG:websockets.protocol:client - event = data_received(<2 bytes>)
DEBUG:websockets.protocol:client < Frame(fin=True, opcode=9, data=b'', rsv1=False, rsv2=False, rsv3=False)
DEBUG:websockets.protocol:client - received ping, sending pong: [empty]
DEBUG:websockets.protocol:client > Frame(fin=True, opcode=10, data=b'', rsv1=False, rsv2=False, rsv3=False)
DEBUG:websockets.protocol:client - event = data_received(<2 bytes>)
DEBUG:websockets.protocol:client < Frame(fin=True, opcode=9, data=b'', rsv1=False, rsv2=False, rsv3=False)
DEBUG:websockets.protocol:client - received ping, sending pong: [empty]
DEBUG:websockets.protocol:client > Frame(fin=True, opcode=10, data=b'', rsv1=False, rsv2=False, rsv3=False)
DEBUG:websockets.protocol:client - event = data_received(<2 bytes>)
DEBUG:websockets.protocol:client < Frame(fin=True, opcode=9, data=b'', rsv1=False, rsv2=False, rsv3=False)
DEBUG:websockets.protocol:client - received ping, sending pong: [empty]
DEBUG:websockets.protocol:client > Frame(fin=True, opcode=10, data=b'', rsv1=False, rsv2=False, rsv3=False)
DEBUG:websockets.protocol:client - event = data_received(<2 bytes>)
DEBUG:websockets.protocol:client < Frame(fin=True, opcode=9, data=b'', rsv1=False, rsv2=False, rsv3=False)
DEBUG:websockets.protocol:client - received ping, sending pong: [empty]
DEBUG:websockets.protocol:client > Frame(fin=True, opcode=10, data=b'', rsv1=False, rsv2=False, rsv3=False)
DEBUG:websockets.protocol:client - event = data_received(<2 bytes>)
DEBUG:websockets.protocol:client < Frame(fin=True, opcode=9, data=b'', rsv1=False, rsv2=False, rsv3=False)
DEBUG:websockets.protocol:client - received ping, sending pong: [empty]
DEBUG:websockets.protocol:client > Frame(fin=True, opcode=10, data=b'', rsv1=False, rsv2=False, rsv3=False)
DEBUG:websockets.protocol:client > Frame(fin=True, opcode=9, data=b"\x99\x1c\n'", rsv1=False, rsv2=False, rsv3=False)
DEBUG:websockets.protocol:client - event = data_received(<6 bytes>)
DEBUG:websockets.protocol:client < Frame(fin=True, opcode=10, data=b"\x99\x1c\n'", rsv1=False, rsv2=False, rsv3=False)
DEBUG:websockets.protocol:client - received solicited pong: 991c0a27
DEBUG:websockets.protocol:client - event = data_received(<2 bytes>)
DEBUG:websockets.protocol:client < Frame(fin=True, opcode=9, data=b'', rsv1=False, rsv2=False, rsv3=False)
DEBUG:websockets.protocol:client - received ping, sending pong: [empty]
DEBUG:websockets.protocol:client > Frame(fin=True, opcode=10, data=b'', rsv1=False, rsv2=False, rsv3=False)
DEBUG:websockets.protocol:client - event = data_received(<2 bytes>)
DEBUG:websockets.protocol:client < Frame(fin=True, opcode=9, data=b'', rsv1=False, rsv2=False, rsv3=False)
DEBUG:websockets.protocol:client - received ping, sending pong: [empty]
DEBUG:websockets.protocol:client > Frame(fin=True, opcode=10, data=b'', rsv1=False, rsv2=False, rsv3=False)
DEBUG:websockets.protocol:client > Frame(fin=True, opcode=9, data=b'\xd9\xb2<$', rsv1=False, rsv2=False, rsv3=False)
DEBUG:websockets.protocol:client - event = data_received(<6 bytes>)
DEBUG:websockets.protocol:client < Frame(fin=True, opcode=10, data=b'\xd9\xb2<$', rsv1=False, rsv2=False, rsv3=False)
DEBUG:websockets.protocol:client - received solicited pong: d9b23c24
DEBUG:websockets.protocol:client - event = data_received(<2 bytes>)
DEBUG:websockets.protocol:client < Frame(fin=True, opcode=9, data=b'', rsv1=False, rsv2=False, rsv3=False)
DEBUG:websockets.protocol:client - received ping, sending pong: [empty]
DEBUG:websockets.protocol:client > Frame(fin=True, opcode=10, data=b'', rsv1=False, rsv2=False, rsv3=False)
DEBUG:websockets.protocol:client - event = data_received(<2 bytes>)
DEBUG:websockets.protocol:client < Frame(fin=True, opcode=9, data=b'', rsv1=False, rsv2=False, rsv3=False)
DEBUG:websockets.protocol:client - received ping, sending pong: [empty]
DEBUG:websockets.protocol:client > Frame(fin=True, opcode=10, data=b'', rsv1=False, rsv2=False, rsv3=False)
DEBUG:websockets.protocol:client - event = data_received(<2 bytes>)
DEBUG:websockets.protocol:client < Frame(fin=True, opcode=9, data=b'', rsv1=False, rsv2=False, rsv3=False)
DEBUG:websockets.protocol:client - received ping, sending pong: [empty]
DEBUG:websockets.protocol:client > Frame(fin=True, opcode=10, data=b'', rsv1=False, rsv2=False, rsv3=False)
DEBUG:websockets.protocol:client > Frame(fin=True, opcode=9, data=b'\x1e\xd28\xef', rsv1=False, rsv2=False, rsv3=False)
DEBUG:websockets.protocol:client - event = data_received(<6 bytes>)
DEBUG:websockets.protocol:client < Frame(fin=True, opcode=10, data=b'\x1e\xd28\xef', rsv1=False, rsv2=False, rsv3=False)
DEBUG:websockets.protocol:client - received solicited pong: 1ed238ef
DEBUG:websockets.protocol:client - event = data_received(<2 bytes>)
DEBUG:websockets.protocol:client < Frame(fin=True, opcode=9, data=b'', rsv1=False, rsv2=False, rsv3=False)
DEBUG:websockets.protocol:client - received ping, sending pong: [empty]
DEBUG:websockets.protocol:client > Frame(fin=True, opcode=10, data=b'', rsv1=False, rsv2=False, rsv3=False)
DEBUG:websockets.protocol:client - event = data_received(<2 bytes>)
DEBUG:websockets.protocol:client < Frame(fin=True, opcode=9, data=b'', rsv1=False, rsv2=False, rsv3=False)
DEBUG:websockets.protocol:client - received ping, sending pong: [empty]
DEBUG:websockets.protocol:client > Frame(fin=True, opcode=10, data=b'', rsv1=False, rsv2=False, rsv3=False)
DEBUG:websockets.protocol:client - event = data_received(<2 bytes>)
DEBUG:websockets.protocol:client < Frame(fin=True, opcode=9, data=b'', rsv1=False, rsv2=False, rsv3=False)
DEBUG:websockets.protocol:client - received ping, sending pong: [empty]
DEBUG:websockets.protocol:client > Frame(fin=True, opcode=10, data=b'', rsv1=False, rsv2=False, rsv3=False)
DEBUG:websockets.protocol:client - event = data_received(<2 bytes>)
DEBUG:websockets.protocol:client < Frame(fin=True, opcode=9, data=b'', rsv1=False, rsv2=False, rsv3=False)
DEBUG:websockets.protocol:client - received ping, sending pong: [empty]
DEBUG:websockets.protocol:client > Frame(fin=True, opcode=10, data=b'', rsv1=False, rsv2=False, rsv3=False)
DEBUG:websockets.protocol:client - event = data_received(<2 bytes>)
DEBUG:websockets.protocol:client < Frame(fin=True, opcode=9, data=b'', rsv1=False, rsv2=False, rsv3=False)
DEBUG:websockets.protocol:client - received ping, sending pong: [empty]
DEBUG:websockets.protocol:client > Frame(fin=True, opcode=10, data=b'', rsv1=False, rsv2=False, rsv3=False)
DEBUG:websockets.protocol:client > Frame(fin=True, opcode=9, data=b'\x87{q\t', rsv1=False, rsv2=False, rsv3=False)
DEBUG:websockets.protocol:client - event = data_received(<6 bytes>)
DEBUG:websockets.protocol:client < Frame(fin=True, opcode=10, data=b'\x87{q\t', rsv1=False, rsv2=False, rsv3=False)
DEBUG:websockets.protocol:client - received solicited pong: 877b7109
DEBUG:websockets.protocol:client - event = data_received(<2 bytes>)
DEBUG:websockets.protocol:client < Frame(fin=True, opcode=9, data=b'', rsv1=False, rsv2=False, rsv3=False)
DEBUG:websockets.protocol:client - received ping, sending pong: [empty]
DEBUG:websockets.protocol:client > Frame(fin=True, opcode=10, data=b'', rsv1=False, rsv2=False, rsv3=False)
DEBUG:websockets.protocol:client > Frame(fin=True, opcode=9, data=b'\xcdI:\xd3', rsv1=False, rsv2=False, rsv3=False)
DEBUG:websockets.protocol:client - event = data_received(<6 bytes>)
DEBUG:websockets.protocol:client < Frame(fin=True, opcode=10, data=b'\xcdI:\xd3', rsv1=False, rsv2=False, rsv3=False)
DEBUG:websockets.protocol:client - received solicited pong: cd493ad3
DEBUG:websockets.protocol:client - event = data_received(<2 bytes>)
DEBUG:websockets.protocol:client < Frame(fin=True, opcode=9, data=b'', rsv1=False, rsv2=False, rsv3=False)
DEBUG:websockets.protocol:client - received ping, sending pong: [empty]
DEBUG:websockets.protocol:client > Frame(fin=True, opcode=10, data=b'', rsv1=False, rsv2=False, rsv3=False)
DEBUG:websockets.protocol:client - event = data_received(<2 bytes>)
DEBUG:websockets.protocol:client < Frame(fin=True, opcode=9, data=b'', rsv1=False, rsv2=False, rsv3=False)
DEBUG:websockets.protocol:client - received ping, sending pong: [empty]
DEBUG:websockets.protocol:client > Frame(fin=True, opcode=10, data=b'', rsv1=False, rsv2=False, rsv3=False)
DEBUG:websockets.protocol:client - event = data_received(<2 bytes>)
DEBUG:websockets.protocol:client < Frame(fin=True, opcode=9, data=b'', rsv1=False, rsv2=False, rsv3=False)
DEBUG:websockets.protocol:client - received ping, sending pong: [empty]
DEBUG:websockets.protocol:client > Frame(fin=True, opcode=10, data=b'', rsv1=False, rsv2=False, rsv3=False)
DEBUG:websockets.protocol:client - event = data_received(<2 bytes>)
DEBUG:websockets.protocol:client < Frame(fin=True, opcode=9, data=b'', rsv1=False, rsv2=False, rsv3=False)
DEBUG:websockets.protocol:client - received ping, sending pong: [empty]
DEBUG:websockets.protocol:client > Frame(fin=True, opcode=10, data=b'', rsv1=False, rsv2=False, rsv3=False)
DEBUG:websockets.protocol:client - event = data_received(<2 bytes>)
DEBUG:websockets.protocol:client < Frame(fin=True, opcode=9, data=b'', rsv1=False, rsv2=False, rsv3=False)
DEBUG:websockets.protocol:client - received ping, sending pong: [empty]
DEBUG:websockets.protocol:client > Frame(fin=True, opcode=10, data=b'', rsv1=False, rsv2=False, rsv3=False)
DEBUG:websockets.protocol:client - event = data_received(<2 bytes>)
DEBUG:websockets.protocol:client < Frame(fin=True, opcode=9, data=b'', rsv1=False, rsv2=False, rsv3=False)
DEBUG:websockets.protocol:client - received ping, sending pong: [empty]
DEBUG:websockets.protocol:client > Frame(fin=True, opcode=10, data=b'', rsv1=False, rsv2=False, rsv3=False)
DEBUG:websockets.protocol:client > Frame(fin=True, opcode=9, data=b'g8/\x88', rsv1=False, rsv2=False, rsv3=False)
DEBUG:websockets.protocol:client - event = data_received(<6 bytes>)
DEBUG:websockets.protocol:client < Frame(fin=True, opcode=10, data=b'g8/\x88', rsv1=False, rsv2=False, rsv3=False)
DEBUG:websockets.protocol:client - received solicited pong: 67382f88
DEBUG:websockets.protocol:client - event = data_received(<2 bytes>)
DEBUG:websockets.protocol:client < Frame(fin=True, opcode=9, data=b'', rsv1=False, rsv2=False, rsv3=False)
DEBUG:websockets.protocol:client - received ping, sending pong: [empty]
DEBUG:websockets.protocol:client > Frame(fin=True, opcode=10, data=b'', rsv1=False, rsv2=False, rsv3=False)
DEBUG:websockets.protocol:client > Frame(fin=True, opcode=9, data=b'\x93S\xe7\xd6', rsv1=False, rsv2=False, rsv3=False)
DEBUG:websockets.protocol:client - event = data_received(<6 bytes>)
DEBUG:websockets.protocol:client < Frame(fin=True, opcode=10, data=b'\x93S\xe7\xd6', rsv1=False, rsv2=False, rsv3=False)
DEBUG:websockets.protocol:client - received solicited pong: 9353e7d6
DEBUG:websockets.protocol:client - event = data_received(<2 bytes>)
DEBUG:websockets.protocol:client < Frame(fin=True, opcode=9, data=b'', rsv1=False, rsv2=False, rsv3=False)
DEBUG:websockets.protocol:client - received ping, sending pong: [empty]
DEBUG:websockets.protocol:client > Frame(fin=True, opcode=10, data=b'', rsv1=False, rsv2=False, rsv3=False)
DEBUG:websockets.protocol:client - event = data_received(<2 bytes>)
DEBUG:websockets.protocol:client < Frame(fin=True, opcode=9, data=b'', rsv1=False, rsv2=False, rsv3=False)
DEBUG:websockets.protocol:client - received ping, sending pong: [empty]
DEBUG:websockets.protocol:client > Frame(fin=True, opcode=10, data=b'', rsv1=False, rsv2=False, rsv3=False)
DEBUG:websockets.protocol:client - event = data_received(<2 bytes>)
DEBUG:websockets.protocol:client < Frame(fin=True, opcode=9, data=b'', rsv1=False, rsv2=False, rsv3=False)
DEBUG:websockets.protocol:client - received ping, sending pong: [empty]
DEBUG:websockets.protocol:client > Frame(fin=True, opcode=10, data=b'', rsv1=False, rsv2=False, rsv3=False)
DEBUG:websockets.protocol:client - event = data_received(<2 bytes>)
DEBUG:websockets.protocol:client < Frame(fin=True, opcode=9, data=b'', rsv1=False, rsv2=False, rsv3=False)
DEBUG:websockets.protocol:client - received ping, sending pong: [empty]
DEBUG:websockets.protocol:client > Frame(fin=True, opcode=10, data=b'', rsv1=False, rsv2=False, rsv3=False)
DEBUG:websockets.protocol:client > Frame(fin=True, opcode=9, data=b'%4ZR', rsv1=False, rsv2=False, rsv3=False)
DEBUG:websockets.protocol:client - event = data_received(<6 bytes>)
DEBUG:websockets.protocol:client < Frame(fin=True, opcode=10, data=b'%4ZR', rsv1=False, rsv2=False, rsv3=False)
DEBUG:websockets.protocol:client - received solicited pong: 25345a52
DEBUG:websockets.protocol:client - event = data_received(<2 bytes>)
DEBUG:websockets.protocol:client < Frame(fin=True, opcode=9, data=b'', rsv1=False, rsv2=False, rsv3=False)
DEBUG:websockets.protocol:client - received ping, sending pong: [empty]
DEBUG:websockets.protocol:client > Frame(fin=True, opcode=10, data=b'', rsv1=False, rsv2=False, rsv3=False)
DEBUG:websockets.protocol:client - event = data_received(<2 bytes>)
DEBUG:websockets.protocol:client < Frame(fin=True, opcode=9, data=b'', rsv1=False, rsv2=False, rsv3=False)
DEBUG:websockets.protocol:client - received ping, sending pong: [empty]
DEBUG:websockets.protocol:client > Frame(fin=True, opcode=10, data=b'', rsv1=False, rsv2=False, rsv3=False)
DEBUG:websockets.protocol:client - event = data_received(<2 bytes>)
DEBUG:websockets.protocol:client < Frame(fin=True, opcode=9, data=b'', rsv1=False, rsv2=False, rsv3=False)
DEBUG:websockets.protocol:client - received ping, sending pong: [empty]
DEBUG:websockets.protocol:client > Frame(fin=True, opcode=10, data=b'', rsv1=False, rsv2=False, rsv3=False)
DEBUG:websockets.protocol:client - event = data_received(<2 bytes>)
DEBUG:websockets.protocol:client < Frame(fin=True, opcode=9, data=b'', rsv1=False, rsv2=False, rsv3=False)
DEBUG:websockets.protocol:client - received ping, sending pong: [empty]
DEBUG:websockets.protocol:client > Frame(fin=True, opcode=10, data=b'', rsv1=False, rsv2=False, rsv3=False)
DEBUG:websockets.protocol:client > Frame(fin=True, opcode=9, data=b'\x83F\xbc)', rsv1=False, rsv2=False, rsv3=False)
DEBUG:websockets.protocol:client - event = data_received(<6 bytes>)
DEBUG:websockets.protocol:client < Frame(fin=True, opcode=10, data=b'\x83F\xbc)', rsv1=False, rsv2=False, rsv3=False)
DEBUG:websockets.protocol:client - received solicited pong: 8346bc29
DEBUG:websockets.protocol:client - event = data_received(<2 bytes>)
DEBUG:websockets.protocol:client < Frame(fin=True, opcode=9, data=b'', rsv1=False, rsv2=False, rsv3=False)
DEBUG:websockets.protocol:client - received ping, sending pong: [empty]
DEBUG:websockets.protocol:client > Frame(fin=True, opcode=10, data=b'', rsv1=False, rsv2=False, rsv3=False)
DEBUG:websockets.protocol:client - event = data_received(<2 bytes>)
DEBUG:websockets.protocol:client < Frame(fin=True, opcode=9, data=b'', rsv1=False, rsv2=False, rsv3=False)
DEBUG:websockets.protocol:client - received ping, sending pong: [empty]
DEBUG:websockets.protocol:client > Frame(fin=True, opcode=10, data=b'', rsv1=False, rsv2=False, rsv3=False)
DEBUG:websockets.protocol:client > Frame(fin=True, opcode=9, data=b'\xa8\xe8\x7f\xf1', rsv1=False, rsv2=False, rsv3=False)
DEBUG:websockets.protocol:client - event = data_received(<6 bytes>)
DEBUG:websockets.protocol:client < Frame(fin=True, opcode=10, data=b'\xa8\xe8\x7f\xf1', rsv1=False, rsv2=False, rsv3=False)
DEBUG:websockets.protocol:client - received solicited pong: a8e87ff1
DEBUG:websockets.protocol:client - event = data_received(<2 bytes>)
DEBUG:websockets.protocol:client < Frame(fin=True, opcode=9, data=b'', rsv1=False, rsv2=False, rsv3=False)
DEBUG:websockets.protocol:client - received ping, sending pong: [empty]
DEBUG:websockets.protocol:client > Frame(fin=True, opcode=10, data=b'', rsv1=False, rsv2=False, rsv3=False)
DEBUG:websockets.protocol:client - event = data_received(<2 bytes>)
DEBUG:websockets.protocol:client < Frame(fin=True, opcode=9, data=b'', rsv1=False, rsv2=False, rsv3=False)
DEBUG:websockets.protocol:client - received ping, sending pong: [empty]
DEBUG:websockets.protocol:client > Frame(fin=True, opcode=10, data=b'', rsv1=False, rsv2=False, rsv3=False)
DEBUG:websockets.protocol:client - event = data_received(<2 bytes>)
DEBUG:websockets.protocol:client < Frame(fin=True, opcode=9, data=b'', rsv1=False, rsv2=False, rsv3=False)
DEBUG:websockets.protocol:client - received ping, sending pong: [empty]
DEBUG:websockets.protocol:client > Frame(fin=True, opcode=10, data=b'', rsv1=False, rsv2=False, rsv3=False)
DEBUG:websockets.protocol:client - event = data_received(<2 bytes>)
DEBUG:websockets.protocol:client < Frame(fin=True, opcode=9, data=b'', rsv1=False, rsv2=False, rsv3=False)
DEBUG:websockets.protocol:client - received ping, sending pong: [empty]
DEBUG:websockets.protocol:client > Frame(fin=True, opcode=10, data=b'', rsv1=False, rsv2=False, rsv3=False)
DEBUG:websockets.protocol:client - event = data_received(<2 bytes>)
DEBUG:websockets.protocol:client < Frame(fin=True, opcode=9, data=b'', rsv1=False, rsv2=False, rsv3=False)
DEBUG:websockets.protocol:client - received ping, sending pong: [empty]
DEBUG:websockets.protocol:client > Frame(fin=True, opcode=10, data=b'', rsv1=False, rsv2=False, rsv3=False)
DEBUG:websockets.protocol:client - event = data_received(<2 bytes>)
DEBUG:websockets.protocol:client < Frame(fin=True, opcode=9, data=b'', rsv1=False, rsv2=False, rsv3=False)
DEBUG:websockets.protocol:client - received ping, sending pong: [empty]
DEBUG:websockets.protocol:client > Frame(fin=True, opcode=10, data=b'', rsv1=False, rsv2=False, rsv3=False)
DEBUG:websockets.protocol:client > Frame(fin=True, opcode=9, data=b'\xe2\xfb\x7f{', rsv1=False, rsv2=False, rsv3=False)
DEBUG:websockets.protocol:client - event = data_received(<6 bytes>)
DEBUG:websockets.protocol:client < Frame(fin=True, opcode=10, data=b'\xe2\xfb\x7f{', rsv1=False, rsv2=False, rsv3=False)
DEBUG:websockets.protocol:client - received solicited pong: e2fb7f7b
DEBUG:websockets.protocol:client - event = data_received(<2 bytes>)
DEBUG:websockets.protocol:client < Frame(fin=True, opcode=9, data=b'', rsv1=False, rsv2=False, rsv3=False)
DEBUG:websockets.protocol:client - received ping, sending pong: [empty]
DEBUG:websockets.protocol:client > Frame(fin=True, opcode=10, data=b'', rsv1=False, rsv2=False, rsv3=False)
DEBUG:websockets.protocol:client - event = data_received(<2 bytes>)
DEBUG:websockets.protocol:client < Frame(fin=True, opcode=9, data=b'', rsv1=False, rsv2=False, rsv3=False)
DEBUG:websockets.protocol:client - received ping, sending pong: [empty]
DEBUG:websockets.protocol:client > Frame(fin=True, opcode=10, data=b'', rsv1=False, rsv2=False, rsv3=False)
DEBUG:websockets.protocol:client > Frame(fin=True, opcode=9, data=b'd\xe43\xe3', rsv1=False, rsv2=False, rsv3=False)
DEBUG:websockets.protocol:client - event = data_received(<6 bytes>)
DEBUG:websockets.protocol:client < Frame(fin=True, opcode=10, data=b'd\xe43\xe3', rsv1=False, rsv2=False, rsv3=False)
DEBUG:websockets.protocol:client - received solicited pong: 64e433e3
DEBUG:websockets.protocol:client - event = data_received(<2 bytes>)
DEBUG:websockets.protocol:client < Frame(fin=True, opcode=9, data=b'', rsv1=False, rsv2=False, rsv3=False)
DEBUG:websockets.protocol:client - received ping, sending pong: [empty]
DEBUG:websockets.protocol:client > Frame(fin=True, opcode=10, data=b'', rsv1=False, rsv2=False, rsv3=False)
DEBUG:websockets.protocol:client - event = data_received(<2 bytes>)
DEBUG:websockets.protocol:client < Frame(fin=True, opcode=9, data=b'', rsv1=False, rsv2=False, rsv3=False)
DEBUG:websockets.protocol:client - received ping, sending pong: [empty]
DEBUG:websockets.protocol:client > Frame(fin=True, opcode=10, data=b'', rsv1=False, rsv2=False, rsv3=False)
DEBUG:websockets.protocol:client - event = data_received(<2 bytes>)
DEBUG:websockets.protocol:client < Frame(fin=True, opcode=9, data=b'', rsv1=False, rsv2=False, rsv3=False)
DEBUG:websockets.protocol:client - received ping, sending pong: [empty]
DEBUG:websockets.protocol:client > Frame(fin=True, opcode=10, data=b'', rsv1=False, rsv2=False, rsv3=False)
DEBUG:websockets.protocol:client - event = data_received(<2 bytes>)
DEBUG:websockets.protocol:client < Frame(fin=True, opcode=9, data=b'', rsv1=False, rsv2=False, rsv3=False)
DEBUG:websockets.protocol:client - received ping, sending pong: [empty]
DEBUG:websockets.protocol:client > Frame(fin=True, opcode=10, data=b'', rsv1=False, rsv2=False, rsv3=False)
DEBUG:websockets.protocol:client > Frame(fin=True, opcode=9, data=b'\x05\x82\xe3\xf8', rsv1=False, rsv2=False, rsv3=False)
DEBUG:websockets.protocol:client - event = data_received(<6 bytes>)
DEBUG:websockets.protocol:client < Frame(fin=True, opcode=10, data=b'\x05\x82\xe3\xf8', rsv1=False, rsv2=False, rsv3=False)
DEBUG:websockets.protocol:client - received solicited pong: 0582e3f8
DEBUG:websockets.protocol:client - event = data_received(<2 bytes>)
DEBUG:websockets.protocol:client < Frame(fin=True, opcode=9, data=b'', rsv1=False, rsv2=False, rsv3=False)
DEBUG:websockets.protocol:client - received ping, sending pong: [empty]
DEBUG:websockets.protocol:client > Frame(fin=True, opcode=10, data=b'', rsv1=False, rsv2=False, rsv3=False)
DEBUG:websockets.protocol:client - event = data_received(<2 bytes>)
DEBUG:websockets.protocol:client < Frame(fin=True, opcode=9, data=b'', rsv1=False, rsv2=False, rsv3=False)
DEBUG:websockets.protocol:client - received ping, sending pong: [empty]
DEBUG:websockets.protocol:client > Frame(fin=True, opcode=10, data=b'', rsv1=False, rsv2=False, rsv3=False)
DEBUG:websockets.protocol:client - event = data_received(<2 bytes>)
DEBUG:websockets.protocol:client < Frame(fin=True, opcode=9, data=b'', rsv1=False, rsv2=False, rsv3=False)
DEBUG:websockets.protocol:client - received ping, sending pong: [empty]
DEBUG:websockets.protocol:client > Frame(fin=True, opcode=10, data=b'', rsv1=False, rsv2=False, rsv3=False)
DEBUG:websockets.protocol:client - event = data_received(<2 bytes>)
DEBUG:websockets.protocol:client < Frame(fin=True, opcode=9, data=b'', rsv1=False, rsv2=False, rsv3=False)
DEBUG:websockets.protocol:client - received ping, sending pong: [empty]
DEBUG:websockets.protocol:client > Frame(fin=True, opcode=10, data=b'', rsv1=False, rsv2=False, rsv3=False)
DEBUG:websockets.protocol:client > Frame(fin=True, opcode=9, data=b'\xc8\x84|\xee', rsv1=False, rsv2=False, rsv3=False)
DEBUG:websockets.protocol:client - event = data_received(<6 bytes>)
DEBUG:websockets.protocol:client < Frame(fin=True, opcode=10, data=b'\xc8\x84|\xee', rsv1=False, rsv2=False, rsv3=False)
DEBUG:websockets.protocol:client - received solicited pong: c8847cee
DEBUG:websockets.protocol:client - event = data_received(<2 bytes>)
DEBUG:websockets.protocol:client < Frame(fin=True, opcode=9, data=b'', rsv1=False, rsv2=False, rsv3=False)
DEBUG:websockets.protocol:client - received ping, sending pong: [empty]
DEBUG:websockets.protocol:client > Frame(fin=True, opcode=10, data=b'', rsv1=False, rsv2=False, rsv3=False)
DEBUG:websockets.protocol:client - event = data_received(<2 bytes>)
DEBUG:websockets.protocol:client < Frame(fin=True, opcode=9, data=b'', rsv1=False, rsv2=False, rsv3=False)
DEBUG:websockets.protocol:client - received ping, sending pong: [empty]
DEBUG:websockets.protocol:client > Frame(fin=True, opcode=10, data=b'', rsv1=False, rsv2=False, rsv3=False)
DEBUG:websockets.protocol:client > Frame(fin=True, opcode=9, data=b'5\xbf\xb3r', rsv1=False, rsv2=False, rsv3=False)
DEBUG:websockets.protocol:client - event = data_received(<6 bytes>)
DEBUG:websockets.protocol:client < Frame(fin=True, opcode=10, data=b'5\xbf\xb3r', rsv1=False, rsv2=False, rsv3=False)
DEBUG:websockets.protocol:client - received solicited pong: 35bfb372
DEBUG:websockets.protocol:client - event = data_received(<2 bytes>)
DEBUG:websockets.protocol:client < Frame(fin=True, opcode=9, data=b'', rsv1=False, rsv2=False, rsv3=False)
DEBUG:websockets.protocol:client - received ping, sending pong: [empty]
DEBUG:websockets.protocol:client > Frame(fin=True, opcode=10, data=b'', rsv1=False, rsv2=False, rsv3=False)
DEBUG:websockets.protocol:client - event = data_received(<2 bytes>)
DEBUG:websockets.protocol:client < Frame(fin=True, opcode=9, data=b'', rsv1=False, rsv2=False, rsv3=False)
DEBUG:websockets.protocol:client - received ping, sending pong: [empty]
DEBUG:websockets.protocol:client > Frame(fin=True, opcode=10, data=b'', rsv1=False, rsv2=False, rsv3=False)
DEBUG:websockets.protocol:client - event = data_received(<2 bytes>)
DEBUG:websockets.protocol:client < Frame(fin=True, opcode=9, data=b'', rsv1=False, rsv2=False, rsv3=False)
DEBUG:websockets.protocol:client - received ping, sending pong: [empty]
DEBUG:websockets.protocol:client > Frame(fin=True, opcode=10, data=b'', rsv1=False, rsv2=False, rsv3=False)
DEBUG:websockets.protocol:client - event = data_received(<2 bytes>)
DEBUG:websockets.protocol:client < Frame(fin=True, opcode=9, data=b'', rsv1=False, rsv2=False, rsv3=False)
DEBUG:websockets.protocol:client - received ping, sending pong: [empty]
DEBUG:websockets.protocol:client > Frame(fin=True, opcode=10, data=b'', rsv1=False, rsv2=False, rsv3=False)
DEBUG:websockets.protocol:client - event = data_received(<2 bytes>)
DEBUG:websockets.protocol:client < Frame(fin=True, opcode=9, data=b'', rsv1=False, rsv2=False, rsv3=False)
DEBUG:websockets.protocol:client - received ping, sending pong: [empty]
DEBUG:websockets.protocol:client > Frame(fin=True, opcode=10, data=b'', rsv1=False, rsv2=False, rsv3=False)
DEBUG:websockets.protocol:client - event = data_received(<2 bytes>)
DEBUG:websockets.protocol:client < Frame(fin=True, opcode=9, data=b'', rsv1=False, rsv2=False, rsv3=False)
DEBUG:websockets.protocol:client - received ping, sending pong: [empty]
DEBUG:websockets.protocol:client > Frame(fin=True, opcode=10, data=b'', rsv1=False, rsv2=False, rsv3=False)
DEBUG:websockets.protocol:client > Frame(fin=True, opcode=9, data=b'\x9e\x99wt', rsv1=False, rsv2=False, rsv3=False)
DEBUG:websockets.protocol:client - event = data_received(<6 bytes>)
DEBUG:websockets.protocol:client < Frame(fin=True, opcode=10, data=b'\x9e\x99wt', rsv1=False, rsv2=False, rsv3=False)
DEBUG:websockets.protocol:client - received solicited pong: 9e997774
DEBUG:websockets.protocol:client - event = data_received(<2 bytes>)
DEBUG:websockets.protocol:client < Frame(fin=True, opcode=9, data=b'', rsv1=False, rsv2=False, rsv3=False)
DEBUG:websockets.protocol:client - received ping, sending pong: [empty]
DEBUG:websockets.protocol:client > Frame(fin=True, opcode=10, data=b'', rsv1=False, rsv2=False, rsv3=False)
DEBUG:websockets.protocol:client > Frame(fin=True, opcode=9, data=b'H\xceK\xe4', rsv1=False, rsv2=False, rsv3=False)
DEBUG:websockets.protocol:client - event = data_received(<6 bytes>)
DEBUG:websockets.protocol:client < Frame(fin=True, opcode=10, data=b'H\xceK\xe4', rsv1=False, rsv2=False, rsv3=False)
DEBUG:websockets.protocol:client - received solicited pong: 48ce4be4
DEBUG:websockets.protocol:client - event = data_received(<2 bytes>)
DEBUG:websockets.protocol:client < Frame(fin=True, opcode=9, data=b'', rsv1=False, rsv2=False, rsv3=False)
DEBUG:websockets.protocol:client - received ping, sending pong: [empty]
DEBUG:websockets.protocol:client > Frame(fin=True, opcode=10, data=b'', rsv1=False, rsv2=False, rsv3=False)
DEBUG:websockets.protocol:client - event = data_received(<2 bytes>)
DEBUG:websockets.protocol:client < Frame(fin=True, opcode=9, data=b'', rsv1=False, rsv2=False, rsv3=False)
DEBUG:websockets.protocol:client - received ping, sending pong: [empty]
DEBUG:websockets.protocol:client > Frame(fin=True, opcode=10, data=b'', rsv1=False, rsv2=False, rsv3=False)
DEBUG:websockets.protocol:client - event = data_received(<2 bytes>)
DEBUG:websockets.protocol:client < Frame(fin=True, opcode=9, data=b'', rsv1=False, rsv2=False, rsv3=False)
DEBUG:websockets.protocol:client - received ping, sending pong: [empty]
DEBUG:websockets.protocol:client > Frame(fin=True, opcode=10, data=b'', rsv1=False, rsv2=False, rsv3=False)
DEBUG:websockets.protocol:client - event = data_received(<2 bytes>)
DEBUG:websockets.protocol:client < Frame(fin=True, opcode=9, data=b'', rsv1=False, rsv2=False, rsv3=False)
DEBUG:websockets.protocol:client - received ping, sending pong: [empty]
DEBUG:websockets.protocol:client > Frame(fin=True, opcode=10, data=b'', rsv1=False, rsv2=False, rsv3=False)
DEBUG:websockets.protocol:client > Frame(fin=True, opcode=9, data=b'\x9f"\xda\xde', rsv1=False, rsv2=False, rsv3=False)
DEBUG:websockets.protocol:client - event = data_received(<6 bytes>)
DEBUG:websockets.protocol:client < Frame(fin=True, opcode=10, data=b'\x9f"\xda\xde', rsv1=False, rsv2=False, rsv3=False)
DEBUG:websockets.protocol:client - received solicited pong: 9f22dade
DEBUG:websockets.protocol:client - event = data_received(<2 bytes>)
DEBUG:websockets.protocol:client < Frame(fin=True, opcode=9, data=b'', rsv1=False, rsv2=False, rsv3=False)
DEBUG:websockets.protocol:client - received ping, sending pong: [empty]
DEBUG:websockets.protocol:client > Frame(fin=True, opcode=10, data=b'', rsv1=False, rsv2=False, rsv3=False)
DEBUG:websockets.protocol:client - event = data_received(<2 bytes>)
DEBUG:websockets.protocol:client < Frame(fin=True, opcode=9, data=b'', rsv1=False, rsv2=False, rsv3=False)
DEBUG:websockets.protocol:client - received ping, sending pong: [empty]
DEBUG:websockets.protocol:client > Frame(fin=True, opcode=10, data=b'', rsv1=False, rsv2=False, rsv3=False)
DEBUG:websockets.protocol:client - event = data_received(<2 bytes>)
DEBUG:websockets.protocol:client < Frame(fin=True, opcode=9, data=b'', rsv1=False, rsv2=False, rsv3=False)
DEBUG:websockets.protocol:client - received ping, sending pong: [empty]
DEBUG:websockets.protocol:client > Frame(fin=True, opcode=10, data=b'', rsv1=False, rsv2=False, rsv3=False)
DEBUG:websockets.protocol:client - event = data_received(<2 bytes>)
DEBUG:websockets.protocol:client < Frame(fin=True, opcode=9, data=b'', rsv1=False, rsv2=False, rsv3=False)
DEBUG:websockets.protocol:client - received ping, sending pong: [empty]
DEBUG:websockets.protocol:client > Frame(fin=True, opcode=10, data=b'', rsv1=False, rsv2=False, rsv3=False)
DEBUG:websockets.protocol:client > Frame(fin=True, opcode=9, data=b'\xdc\x86\xc3\xb0', rsv1=False, rsv2=False, rsv3=False)
DEBUG:websockets.protocol:client - event = data_received(<6 bytes>)
DEBUG:websockets.protocol:client < Frame(fin=True, opcode=10, data=b'\xdc\x86\xc3\xb0', rsv1=False, rsv2=False, rsv3=False)
DEBUG:websockets.protocol:client - received solicited pong: dc86c3b0
DEBUG:websockets.protocol:client - event = data_received(<2 bytes>)
DEBUG:websockets.protocol:client < Frame(fin=True, opcode=9, data=b'', rsv1=False, rsv2=False, rsv3=False)
DEBUG:websockets.protocol:client - received ping, sending pong: [empty]
DEBUG:websockets.protocol:client > Frame(fin=True, opcode=10, data=b'', rsv1=False, rsv2=False, rsv3=False)
DEBUG:websockets.protocol:client - event = data_received(<2 bytes>)
DEBUG:websockets.protocol:client < Frame(fin=True, opcode=9, data=b'', rsv1=False, rsv2=False, rsv3=False)
DEBUG:websockets.protocol:client - received ping, sending pong: [empty]
DEBUG:websockets.protocol:client > Frame(fin=True, opcode=10, data=b'', rsv1=False, rsv2=False, rsv3=False)
DEBUG:websockets.protocol:client > Frame(fin=True, opcode=9, data=b'{\x9cI\xfe', rsv1=False, rsv2=False, rsv3=False)
DEBUG:websockets.protocol:client - event = data_received(<6 bytes>)
DEBUG:websockets.protocol:client < Frame(fin=True, opcode=10, data=b'{\x9cI\xfe', rsv1=False, rsv2=False, rsv3=False)
DEBUG:websockets.protocol:client - received solicited pong: 7b9c49fe
DEBUG:websockets.protocol:client - event = data_received(<2 bytes>)
DEBUG:websockets.protocol:client < Frame(fin=True, opcode=9, data=b'', rsv1=False, rsv2=False, rsv3=False)
DEBUG:websockets.protocol:client - received ping, sending pong: [empty]
DEBUG:websockets.protocol:client > Frame(fin=True, opcode=10, data=b'', rsv1=False, rsv2=False, rsv3=False)
DEBUG:websockets.protocol:client - event = data_received(<2 bytes>)
DEBUG:websockets.protocol:client < Frame(fin=True, opcode=9, data=b'', rsv1=False, rsv2=False, rsv3=False)
DEBUG:websockets.protocol:client - received ping, sending pong: [empty]
DEBUG:websockets.protocol:client > Frame(fin=True, opcode=10, data=b'', rsv1=False, rsv2=False, rsv3=False)
DEBUG:websockets.protocol:client - event = data_received(<2 bytes>)
DEBUG:websockets.protocol:client < Frame(fin=True, opcode=9, data=b'', rsv1=False, rsv2=False, rsv3=False)
DEBUG:websockets.protocol:client - received ping, sending pong: [empty]
DEBUG:websockets.protocol:client > Frame(fin=True, opcode=10, data=b'', rsv1=False, rsv2=False, rsv3=False)
DEBUG:websockets.protocol:client - event = data_received(<2 bytes>)
DEBUG:websockets.protocol:client < Frame(fin=True, opcode=9, data=b'', rsv1=False, rsv2=False, rsv3=False)
DEBUG:websockets.protocol:client - received ping, sending pong: [empty]
DEBUG:websockets.protocol:client > Frame(fin=True, opcode=10, data=b'', rsv1=False, rsv2=False, rsv3=False)
DEBUG:websockets.protocol:client - event = data_received(<2 bytes>)
DEBUG:websockets.protocol:client < Frame(fin=True, opcode=9, data=b'', rsv1=False, rsv2=False, rsv3=False)
DEBUG:websockets.protocol:client - received ping, sending pong: [empty]
DEBUG:websockets.protocol:client > Frame(fin=True, opcode=10, data=b'', rsv1=False, rsv2=False, rsv3=False)
DEBUG:websockets.protocol:client - event = data_received(<2 bytes>)
DEBUG:websockets.protocol:client < Frame(fin=True, opcode=9, data=b'', rsv1=False, rsv2=False, rsv3=False)
DEBUG:websockets.protocol:client - received ping, sending pong: [empty]
DEBUG:websockets.protocol:client > Frame(fin=True, opcode=10, data=b'', rsv1=False, rsv2=False, rsv3=False)
DEBUG:websockets.protocol:client - event = data_received(<2 bytes>)
DEBUG:websockets.protocol:client < Frame(fin=True, opcode=9, data=b'', rsv1=False, rsv2=False, rsv3=False)
DEBUG:websockets.protocol:client - received ping, sending pong: [empty]
DEBUG:websockets.protocol:client > Frame(fin=True, opcode=10, data=b'', rsv1=False, rsv2=False, rsv3=False)
DEBUG:websockets.protocol:client > Frame(fin=True, opcode=9, data=b'\x89w\x1a\x8b', rsv1=False, rsv2=False, rsv3=False)
DEBUG:websockets.protocol:client - event = data_received(<6 bytes>)
DEBUG:websockets.protocol:client < Frame(fin=True, opcode=10, data=b'\x89w\x1a\x8b', rsv1=False, rsv2=False, rsv3=False)
DEBUG:websockets.protocol:client - received solicited pong: 89771a8b
DEBUG:websockets.protocol:client - event = data_received(<2 bytes>)
DEBUG:websockets.protocol:client < Frame(fin=True, opcode=9, data=b'', rsv1=False, rsv2=False, rsv3=False)
DEBUG:websockets.protocol:client - received ping, sending pong: [empty]
DEBUG:websockets.protocol:client > Frame(fin=True, opcode=10, data=b'', rsv1=False, rsv2=False, rsv3=False)
DEBUG:websockets.protocol:client > Frame(fin=True, opcode=9, data=b'[\xdb{\x8d', rsv1=False, rsv2=False, rsv3=False)
DEBUG:websockets.protocol:client - event = data_received(<6 bytes>)
DEBUG:websockets.protocol:client < Frame(fin=True, opcode=10, data=b'[\xdb{\x8d', rsv1=False, rsv2=False, rsv3=False)
DEBUG:websockets.protocol:client - received solicited pong: 5bdb7b8d
DEBUG:websockets.protocol:client - event = data_received(<2 bytes>)
DEBUG:websockets.protocol:client < Frame(fin=True, opcode=9, data=b'', rsv1=False, rsv2=False, rsv3=False)
DEBUG:websockets.protocol:client - received ping, sending pong: [empty]
DEBUG:websockets.protocol:client > Frame(fin=True, opcode=10, data=b'', rsv1=False, rsv2=False, rsv3=False)
DEBUG:websockets.protocol:client - event = data_received(<2 bytes>)
DEBUG:websockets.protocol:client < Frame(fin=True, opcode=9, data=b'', rsv1=False, rsv2=False, rsv3=False)
DEBUG:websockets.protocol:client - received ping, sending pong: [empty]
DEBUG:websockets.protocol:client > Frame(fin=True, opcode=10, data=b'', rsv1=False, rsv2=False, rsv3=False)
DEBUG:websockets.protocol:client - event = data_received(<2 bytes>)
DEBUG:websockets.protocol:client < Frame(fin=True, opcode=9, data=b'', rsv1=False, rsv2=False, rsv3=False)
DEBUG:websockets.protocol:client - received ping, sending pong: [empty]
DEBUG:websockets.protocol:client > Frame(fin=True, opcode=10, data=b'', rsv1=False, rsv2=False, rsv3=False)
DEBUG:websockets.protocol:client - event = data_received(<2 bytes>)
DEBUG:websockets.protocol:client < Frame(fin=True, opcode=9, data=b'', rsv1=False, rsv2=False, rsv3=False)
DEBUG:websockets.protocol:client - received ping, sending pong: [empty]
DEBUG:websockets.protocol:client > Frame(fin=True, opcode=10, data=b'', rsv1=False, rsv2=False, rsv3=False)
DEBUG:websockets.protocol:client > Frame(fin=True, opcode=9, data=b'\xa8/:H', rsv1=False, rsv2=False, rsv3=False)
DEBUG:websockets.protocol:client - event = data_received(<2 bytes>)
DEBUG:websockets.protocol:client < Frame(fin=True, opcode=9, data=b'', rsv1=False, rsv2=False, rsv3=False)
DEBUG:websockets.protocol:client - received ping, sending pong: [empty]
DEBUG:websockets.protocol:client > Frame(fin=True, opcode=10, data=b'', rsv1=False, rsv2=False, rsv3=False)
DEBUG:websockets.protocol:client - event = data_received(<6 bytes>)
DEBUG:websockets.protocol:client < Frame(fin=True, opcode=10, data=b'\xa8/:H', rsv1=False, rsv2=False, rsv3=False)
DEBUG:websockets.protocol:client - received solicited pong: a82f3a48
DEBUG:websockets.protocol:client - event = data_received(<2 bytes>)
DEBUG:websockets.protocol:client < Frame(fin=True, opcode=9, data=b'', rsv1=False, rsv2=False, rsv3=False)
DEBUG:websockets.protocol:client - received ping, sending pong: [empty]
DEBUG:websockets.protocol:client > Frame(fin=True, opcode=10, data=b'', rsv1=False, rsv2=False, rsv3=False)
DEBUG:websockets.protocol:client - event = data_received(<2 bytes>)
DEBUG:websockets.protocol:client < Frame(fin=True, opcode=9, data=b'', rsv1=False, rsv2=False, rsv3=False)
DEBUG:websockets.protocol:client - received ping, sending pong: [empty]
DEBUG:websockets.protocol:client > Frame(fin=True, opcode=10, data=b'', rsv1=False, rsv2=False, rsv3=False)
DEBUG:websockets.protocol:client - event = data_received(<2 bytes>)
DEBUG:websockets.protocol:client < Frame(fin=True, opcode=9, data=b'', rsv1=False, rsv2=False, rsv3=False)
DEBUG:websockets.protocol:client - received ping, sending pong: [empty]
DEBUG:websockets.protocol:client > Frame(fin=True, opcode=10, data=b'', rsv1=False, rsv2=False, rsv3=False)
DEBUG:websockets.protocol:client - event = data_received(<2 bytes>)
DEBUG:websockets.protocol:client < Frame(fin=True, opcode=9, data=b'', rsv1=False, rsv2=False, rsv3=False)
DEBUG:websockets.protocol:client - received ping, sending pong: [empty]
DEBUG:websockets.protocol:client > Frame(fin=True, opcode=10, data=b'', rsv1=False, rsv2=False, rsv3=False)
DEBUG:websockets.protocol:client > Frame(fin=True, opcode=9, data=b'F\x1e\x80\xb9', rsv1=False, rsv2=False, rsv3=False)
DEBUG:websockets.protocol:client - event = data_received(<6 bytes>)
DEBUG:websockets.protocol:client < Frame(fin=True, opcode=10, data=b'F\x1e\x80\xb9', rsv1=False, rsv2=False, rsv3=False)
DEBUG:websockets.protocol:client - received solicited pong: 461e80b9
DEBUG:websockets.protocol:client - event = data_received(<2 bytes>)
DEBUG:websockets.protocol:client < Frame(fin=True, opcode=9, data=b'', rsv1=False, rsv2=False, rsv3=False)
DEBUG:websockets.protocol:client - received ping, sending pong: [empty]
DEBUG:websockets.protocol:client > Frame(fin=True, opcode=10, data=b'', rsv1=False, rsv2=False, rsv3=False)
DEBUG:websockets.protocol:client - event = data_received(<2 bytes>)
DEBUG:websockets.protocol:client < Frame(fin=True, opcode=9, data=b'', rsv1=False, rsv2=False, rsv3=False)
DEBUG:websockets.protocol:client - received ping, sending pong: [empty]
DEBUG:websockets.protocol:client > Frame(fin=True, opcode=10, data=b'', rsv1=False, rsv2=False, rsv3=False)
DEBUG:websockets.protocol:client - event = data_received(<2 bytes>)
DEBUG:websockets.protocol:client < Frame(fin=True, opcode=9, data=b'', rsv1=False, rsv2=False, rsv3=False)
DEBUG:websockets.protocol:client - received ping, sending pong: [empty]
DEBUG:websockets.protocol:client > Frame(fin=True, opcode=10, data=b'', rsv1=False, rsv2=False, rsv3=False)
DEBUG:websockets.protocol:client > Frame(fin=True, opcode=9, data=b'~\x80;y', rsv1=False, rsv2=False, rsv3=False)
DEBUG:websockets.protocol:client - event = data_received(<6 bytes>)
DEBUG:websockets.protocol:client < Frame(fin=True, opcode=10, data=b'~\x80;y', rsv1=False, rsv2=False, rsv3=False)
DEBUG:websockets.protocol:client - received solicited pong: 7e803b79
DEBUG:websockets.protocol:client - event = data_received(<2 bytes>)
DEBUG:websockets.protocol:client < Frame(fin=True, opcode=9, data=b'', rsv1=False, rsv2=False, rsv3=False)
DEBUG:websockets.protocol:client - received ping, sending pong: [empty]
DEBUG:websockets.protocol:client > Frame(fin=True, opcode=10, data=b'', rsv1=False, rsv2=False, rsv3=False)
DEBUG:websockets.protocol:client - event = data_received(<2 bytes>)
DEBUG:websockets.protocol:client < Frame(fin=True, opcode=9, data=b'', rsv1=False, rsv2=False, rsv3=False)
DEBUG:websockets.protocol:client - received ping, sending pong: [empty]
DEBUG:websockets.protocol:client > Frame(fin=True, opcode=10, data=b'', rsv1=False, rsv2=False, rsv3=False)
DEBUG:websockets.protocol:client - event = data_received(<2 bytes>)
DEBUG:websockets.protocol:client < Frame(fin=True, opcode=9, data=b'', rsv1=False, rsv2=False, rsv3=False)
DEBUG:websockets.protocol:client - received ping, sending pong: [empty]
DEBUG:websockets.protocol:client > Frame(fin=True, opcode=10, data=b'', rsv1=False, rsv2=False, rsv3=False)
DEBUG:websockets.protocol:client - event = data_received(<2 bytes>)
DEBUG:websockets.protocol:client < Frame(fin=True, opcode=9, data=b'', rsv1=False, rsv2=False, rsv3=False)
DEBUG:websockets.protocol:client - received ping, sending pong: [empty]
DEBUG:websockets.protocol:client > Frame(fin=True, opcode=10, data=b'', rsv1=False, rsv2=False, rsv3=False)
DEBUG:websockets.protocol:client - event = data_received(<2 bytes>)
DEBUG:websockets.protocol:client < Frame(fin=True, opcode=9, data=b'', rsv1=False, rsv2=False, rsv3=False)
DEBUG:websockets.protocol:client - received ping, sending pong: [empty]
DEBUG:websockets.protocol:client > Frame(fin=True, opcode=10, data=b'', rsv1=False, rsv2=False, rsv3=False)
DEBUG:websockets.protocol:client > Frame(fin=True, opcode=9, data=b'%\xf8\x0c`', rsv1=False, rsv2=False, rsv3=False)
DEBUG:websockets.protocol:client - event = data_received(<6 bytes>)
DEBUG:websockets.protocol:client < Frame(fin=True, opcode=10, data=b'%\xf8\x0c`', rsv1=False, rsv2=False, rsv3=False)
DEBUG:websockets.protocol:client - received solicited pong: 25f80c60
DEBUG:websockets.protocol:client - event = data_received(<2 bytes>)
DEBUG:websockets.protocol:client < Frame(fin=True, opcode=9, data=b'', rsv1=False, rsv2=False, rsv3=False)
DEBUG:websockets.protocol:client - received ping, sending pong: [empty]
DEBUG:websockets.protocol:client > Frame(fin=True, opcode=10, data=b'', rsv1=False, rsv2=False, rsv3=False)
DEBUG:websockets.protocol:client > Frame(fin=True, opcode=9, data=b'j\xce1[', rsv1=False, rsv2=False, rsv3=False)
DEBUG:websockets.protocol:client - event = data_received(<6 bytes>)
DEBUG:websockets.protocol:client < Frame(fin=True, opcode=10, data=b'j\xce1[', rsv1=False, rsv2=False, rsv3=False)
DEBUG:websockets.protocol:client - received solicited pong: 6ace315b
DEBUG:websockets.protocol:client - event = data_received(<2 bytes>)
DEBUG:websockets.protocol:client < Frame(fin=True, opcode=9, data=b'', rsv1=False, rsv2=False, rsv3=False)
DEBUG:websockets.protocol:client - received ping, sending pong: [empty]
DEBUG:websockets.protocol:client > Frame(fin=True, opcode=10, data=b'', rsv1=False, rsv2=False, rsv3=False)
DEBUG:websockets.protocol:client - event = data_received(<2 bytes>)
DEBUG:websockets.protocol:client < Frame(fin=True, opcode=9, data=b'', rsv1=False, rsv2=False, rsv3=False)
DEBUG:websockets.protocol:client - received ping, sending pong: [empty]
DEBUG:websockets.protocol:client > Frame(fin=True, opcode=10, data=b'', rsv1=False, rsv2=False, rsv3=False)
DEBUG:websockets.protocol:client - event = data_received(<2 bytes>)
DEBUG:websockets.protocol:client < Frame(fin=True, opcode=9, data=b'', rsv1=False, rsv2=False, rsv3=False)
DEBUG:websockets.protocol:client - received ping, sending pong: [empty]
DEBUG:websockets.protocol:client > Frame(fin=True, opcode=10, data=b'', rsv1=False, rsv2=False, rsv3=False)
DEBUG:websockets.protocol:client - event = data_received(<2 bytes>)
DEBUG:websockets.protocol:client < Frame(fin=True, opcode=9, data=b'', rsv1=False, rsv2=False, rsv3=False)
DEBUG:websockets.protocol:client - received ping, sending pong: [empty]
DEBUG:websockets.protocol:client > Frame(fin=True, opcode=10, data=b'', rsv1=False, rsv2=False, rsv3=False)
DEBUG:websockets.protocol:client - event = data_received(<2 bytes>)
DEBUG:websockets.protocol:client < Frame(fin=True, opcode=9, data=b'', rsv1=False, rsv2=False, rsv3=False)
DEBUG:websockets.protocol:client - received ping, sending pong: [empty]
DEBUG:websockets.protocol:client > Frame(fin=True, opcode=10, data=b'', rsv1=False, rsv2=False, rsv3=False)
DEBUG:websockets.protocol:client > Frame(fin=True, opcode=9, data=b'\xcb6\xf0\x8d', rsv1=False, rsv2=False, rsv3=False)
DEBUG:websockets.protocol:client - event = data_received(<6 bytes>)
DEBUG:websockets.protocol:client < Frame(fin=True, opcode=10, data=b'\xcb6\xf0\x8d', rsv1=False, rsv2=False, rsv3=False)
DEBUG:websockets.protocol:client - received solicited pong: cb36f08d
DEBUG:websockets.protocol:client - event = data_received(<2 bytes>)
DEBUG:websockets.protocol:client < Frame(fin=True, opcode=9, data=b'', rsv1=False, rsv2=False, rsv3=False)
DEBUG:websockets.protocol:client - received ping, sending pong: [empty]
DEBUG:websockets.protocol:client > Frame(fin=True, opcode=10, data=b'', rsv1=False, rsv2=False, rsv3=False)
DEBUG:websockets.protocol:client - event = data_received(<2 bytes>)
DEBUG:websockets.protocol:client < Frame(fin=True, opcode=9, data=b'', rsv1=False, rsv2=False, rsv3=False)
DEBUG:websockets.protocol:client - received ping, sending pong: [empty]
DEBUG:websockets.protocol:client > Frame(fin=True, opcode=10, data=b'', rsv1=False, rsv2=False, rsv3=False)
DEBUG:websockets.protocol:client - event = data_received(<2 bytes>)
DEBUG:websockets.protocol:client < Frame(fin=True, opcode=9, data=b'', rsv1=False, rsv2=False, rsv3=False)
DEBUG:websockets.protocol:client - received ping, sending pong: [empty]
DEBUG:websockets.protocol:client > Frame(fin=True, opcode=10, data=b'', rsv1=False, rsv2=False, rsv3=False)
DEBUG:websockets.protocol:client - event = data_received(<2 bytes>)
DEBUG:websockets.protocol:client < Frame(fin=True, opcode=9, data=b'', rsv1=False, rsv2=False, rsv3=False)
DEBUG:websockets.protocol:client - received ping, sending pong: [empty]
DEBUG:websockets.protocol:client > Frame(fin=True, opcode=10, data=b'', rsv1=False, rsv2=False, rsv3=False)
DEBUG:websockets.protocol:client > Frame(fin=True, opcode=9, data=b'iA9\xdf', rsv1=False, rsv2=False, rsv3=False)
DEBUG:websockets.protocol:client - event = data_received(<6 bytes>)
DEBUG:websockets.protocol:client < Frame(fin=True, opcode=10, data=b'iA9\xdf', rsv1=False, rsv2=False, rsv3=False)
DEBUG:websockets.protocol:client - received solicited pong: 694139df
DEBUG:websockets.protocol:client - event = data_received(<2 bytes>)
DEBUG:websockets.protocol:client < Frame(fin=True, opcode=9, data=b'', rsv1=False, rsv2=False, rsv3=False)
DEBUG:websockets.protocol:client - received ping, sending pong: [empty]
DEBUG:websockets.protocol:client > Frame(fin=True, opcode=10, data=b'', rsv1=False, rsv2=False, rsv3=False)
DEBUG:websockets.protocol:client - event = data_received(<2 bytes>)
DEBUG:websockets.protocol:client < Frame(fin=True, opcode=9, data=b'', rsv1=False, rsv2=False, rsv3=False)
DEBUG:websockets.protocol:client - received ping, sending pong: [empty]
DEBUG:websockets.protocol:client > Frame(fin=True, opcode=10, data=b'', rsv1=False, rsv2=False, rsv3=False)
DEBUG:websockets.protocol:client > Frame(fin=True, opcode=9, data=b"s\xb5N'", rsv1=False, rsv2=False, rsv3=False)
DEBUG:websockets.protocol:client - event = data_received(<6 bytes>)
DEBUG:websockets.protocol:client < Frame(fin=True, opcode=10, data=b"s\xb5N'", rsv1=False, rsv2=False, rsv3=False)
DEBUG:websockets.protocol:client - received solicited pong: 73b54e27
DEBUG:websockets.protocol:client - event = data_received(<2 bytes>)
DEBUG:websockets.protocol:client < Frame(fin=True, opcode=9, data=b'', rsv1=False, rsv2=False, rsv3=False)
DEBUG:websockets.protocol:client - received ping, sending pong: [empty]
DEBUG:websockets.protocol:client > Frame(fin=True, opcode=10, data=b'', rsv1=False, rsv2=False, rsv3=False)
DEBUG:websockets.protocol:client - event = data_received(<2 bytes>)
DEBUG:websockets.protocol:client < Frame(fin=True, opcode=9, data=b'', rsv1=False, rsv2=False, rsv3=False)
DEBUG:websockets.protocol:client - received ping, sending pong: [empty]
DEBUG:websockets.protocol:client > Frame(fin=True, opcode=10, data=b'', rsv1=False, rsv2=False, rsv3=False)
DEBUG:websockets.protocol:client - event = data_received(<2 bytes>)
DEBUG:websockets.protocol:client < Frame(fin=True, opcode=9, data=b'', rsv1=False, rsv2=False, rsv3=False)
DEBUG:websockets.protocol:client - received ping, sending pong: [empty]
DEBUG:websockets.protocol:client > Frame(fin=True, opcode=10, data=b'', rsv1=False, rsv2=False, rsv3=False)
DEBUG:websockets.protocol:client - event = data_received(<2 bytes>)
DEBUG:websockets.protocol:client < Frame(fin=True, opcode=9, data=b'', rsv1=False, rsv2=False, rsv3=False)
DEBUG:websockets.protocol:client - received ping, sending pong: [empty]
DEBUG:websockets.protocol:client > Frame(fin=True, opcode=10, data=b'', rsv1=False, rsv2=False, rsv3=False)
DEBUG:websockets.protocol:client - event = data_received(<2 bytes>)
DEBUG:websockets.protocol:client < Frame(fin=True, opcode=9, data=b'', rsv1=False, rsv2=False, rsv3=False)
DEBUG:websockets.protocol:client - received ping, sending pong: [empty]
DEBUG:websockets.protocol:client > Frame(fin=True, opcode=10, data=b'', rsv1=False, rsv2=False, rsv3=False)
DEBUG:websockets.protocol:client > Frame(fin=True, opcode=9, data=b'\xd3\xf1\xaf\x81', rsv1=False, rsv2=False, rsv3=False)
DEBUG:websockets.protocol:client - event = data_received(<6 bytes>)
DEBUG:websockets.protocol:client < Frame(fin=True, opcode=10, data=b'\xd3\xf1\xaf\x81', rsv1=False, rsv2=False, rsv3=False)
DEBUG:websockets.protocol:client - received solicited pong: d3f1af81
DEBUG:websockets.protocol:client - event = data_received(<2 bytes>)
DEBUG:websockets.protocol:client < Frame(fin=True, opcode=9, data=b'', rsv1=False, rsv2=False, rsv3=False)
DEBUG:websockets.protocol:client - received ping, sending pong: [empty]
DEBUG:websockets.protocol:client > Frame(fin=True, opcode=10, data=b'', rsv1=False, rsv2=False, rsv3=False)
DEBUG:websockets.protocol:client > Frame(fin=True, opcode=9, data=b'P\xcf\x08\x95', rsv1=False, rsv2=False, rsv3=False)
DEBUG:websockets.protocol:client - event = data_received(<6 bytes>)
DEBUG:websockets.protocol:client < Frame(fin=True, opcode=10, data=b'P\xcf\x08\x95', rsv1=False, rsv2=False, rsv3=False)
DEBUG:websockets.protocol:client - received solicited pong: 50cf0895
DEBUG:websockets.protocol:client - event = data_received(<2 bytes>)
DEBUG:websockets.protocol:client < Frame(fin=True, opcode=9, data=b'', rsv1=False, rsv2=False, rsv3=False)
DEBUG:websockets.protocol:client - received ping, sending pong: [empty]
DEBUG:websockets.protocol:client > Frame(fin=True, opcode=10, data=b'', rsv1=False, rsv2=False, rsv3=False)
DEBUG:websockets.protocol:client - event = data_received(<2 bytes>)
DEBUG:websockets.protocol:client < Frame(fin=True, opcode=9, data=b'', rsv1=False, rsv2=False, rsv3=False)
DEBUG:websockets.protocol:client - received ping, sending pong: [empty]
DEBUG:websockets.protocol:client > Frame(fin=True, opcode=10, data=b'', rsv1=False, rsv2=False, rsv3=False)
DEBUG:websockets.protocol:client - event = data_received(<2 bytes>)
DEBUG:websockets.protocol:client < Frame(fin=True, opcode=9, data=b'', rsv1=False, rsv2=False, rsv3=False)
DEBUG:websockets.protocol:client - received ping, sending pong: [empty]
DEBUG:websockets.protocol:client > Frame(fin=True, opcode=10, data=b'', rsv1=False, rsv2=False, rsv3=False)
DEBUG:websockets.protocol:client - event = data_received(<2 bytes>)
DEBUG:websockets.protocol:client < Frame(fin=True, opcode=9, data=b'', rsv1=False, rsv2=False, rsv3=False)
DEBUG:websockets.protocol:client - received ping, sending pong: [empty]
DEBUG:websockets.protocol:client > Frame(fin=True, opcode=10, data=b'', rsv1=False, rsv2=False, rsv3=False)
DEBUG:websockets.protocol:client - event = data_received(<2 bytes>)
DEBUG:websockets.protocol:client < Frame(fin=True, opcode=9, data=b'', rsv1=False, rsv2=False, rsv3=False)
DEBUG:websockets.protocol:client - received ping, sending pong: [empty]
DEBUG:websockets.protocol:client > Frame(fin=True, opcode=10, data=b'', rsv1=False, rsv2=False, rsv3=False)
DEBUG:websockets.protocol:client > Frame(fin=True, opcode=9, data=b'"\r\xb2\xf2', rsv1=False, rsv2=False, rsv3=False)
DEBUG:websockets.protocol:client - event = data_received(<6 bytes>)
DEBUG:websockets.protocol:client < Frame(fin=True, opcode=10, data=b'"\r\xb2\xf2', rsv1=False, rsv2=False, rsv3=False)
DEBUG:websockets.protocol:client - received solicited pong: 220db2f2
DEBUG:websockets.protocol:client - event = data_received(<2 bytes>)
DEBUG:websockets.protocol:client < Frame(fin=True, opcode=9, data=b'', rsv1=False, rsv2=False, rsv3=False)
DEBUG:websockets.protocol:client - received ping, sending pong: [empty]
DEBUG:websockets.protocol:client > Frame(fin=True, opcode=10, data=b'', rsv1=False, rsv2=False, rsv3=False)
DEBUG:websockets.protocol:client - event = data_received(<2 bytes>)
DEBUG:websockets.protocol:client < Frame(fin=True, opcode=9, data=b'', rsv1=False, rsv2=False, rsv3=False)
DEBUG:websockets.protocol:client - received ping, sending pong: [empty]
DEBUG:websockets.protocol:client > Frame(fin=True, opcode=10, data=b'', rsv1=False, rsv2=False, rsv3=False)
DEBUG:websockets.protocol:client - event = data_received(<2 bytes>)
DEBUG:websockets.protocol:client < Frame(fin=True, opcode=9, data=b'', rsv1=False, rsv2=False, rsv3=False)
DEBUG:websockets.protocol:client - received ping, sending pong: [empty]
DEBUG:websockets.protocol:client > Frame(fin=True, opcode=10, data=b'', rsv1=False, rsv2=False, rsv3=False)
DEBUG:websockets.protocol:client > Frame(fin=True, opcode=9, data=b'_\x9a\x9d\x1c', rsv1=False, rsv2=False, rsv3=False)
DEBUG:websockets.protocol:client - event = data_received(<6 bytes>)
DEBUG:websockets.protocol:client < Frame(fin=True, opcode=10, data=b'_\x9a\x9d\x1c', rsv1=False, rsv2=False, rsv3=False)
DEBUG:websockets.protocol:client - received solicited pong: 5f9a9d1c
DEBUG:websockets.protocol:client - event = data_received(<2 bytes>)
DEBUG:websockets.protocol:client < Frame(fin=True, opcode=9, data=b'', rsv1=False, rsv2=False, rsv3=False)
DEBUG:websockets.protocol:client - received ping, sending pong: [empty]
DEBUG:websockets.protocol:client > Frame(fin=True, opcode=10, data=b'', rsv1=False, rsv2=False, rsv3=False)
DEBUG:websockets.protocol:client > Frame(fin=True, opcode=9, data=b'\x891\xea\xa9', rsv1=False, rsv2=False, rsv3=False)
DEBUG:websockets.protocol:client - event = data_received(<6 bytes>)
DEBUG:websockets.protocol:client < Frame(fin=True, opcode=10, data=b'\x891\xea\xa9', rsv1=False, rsv2=False, rsv3=False)
DEBUG:websockets.protocol:client - received solicited pong: 8931eaa9
DEBUG:websockets.protocol:client - event = data_received(<2 bytes>)
DEBUG:websockets.protocol:client < Frame(fin=True, opcode=9, data=b'', rsv1=False, rsv2=False, rsv3=False)
DEBUG:websockets.protocol:client - received ping, sending pong: [empty]
DEBUG:websockets.protocol:client > Frame(fin=True, opcode=10, data=b'', rsv1=False, rsv2=False, rsv3=False)
DEBUG:websockets.protocol:client - event = data_received(<2 bytes>)
DEBUG:websockets.protocol:client < Frame(fin=True, opcode=9, data=b'', rsv1=False, rsv2=False, rsv3=False)
DEBUG:websockets.protocol:client - received ping, sending pong: [empty]
DEBUG:websockets.protocol:client > Frame(fin=True, opcode=10, data=b'', rsv1=False, rsv2=False, rsv3=False)
DEBUG:websockets.protocol:client - event = data_received(<2 bytes>)
DEBUG:websockets.protocol:client < Frame(fin=True, opcode=9, data=b'', rsv1=False, rsv2=False, rsv3=False)
DEBUG:websockets.protocol:client - received ping, sending pong: [empty]
DEBUG:websockets.protocol:client > Frame(fin=True, opcode=10, data=b'', rsv1=False, rsv2=False, rsv3=False)
DEBUG:websockets.protocol:client - event = data_received(<2 bytes>)
DEBUG:websockets.protocol:client < Frame(fin=True, opcode=9, data=b'', rsv1=False, rsv2=False, rsv3=False)
DEBUG:websockets.protocol:client - received ping, sending pong: [empty]
DEBUG:websockets.protocol:client > Frame(fin=True, opcode=10, data=b'', rsv1=False, rsv2=False, rsv3=False)
DEBUG:websockets.protocol:client - event = data_received(<2 bytes>)
DEBUG:websockets.protocol:client < Frame(fin=True, opcode=9, data=b'', rsv1=False, rsv2=False, rsv3=False)
DEBUG:websockets.protocol:client - received ping, sending pong: [empty]
DEBUG:websockets.protocol:client > Frame(fin=True, opcode=10, data=b'', rsv1=False, rsv2=False, rsv3=False)
DEBUG:websockets.protocol:client - event = data_received(<2 bytes>)
DEBUG:websockets.protocol:client < Frame(fin=True, opcode=9, data=b'', rsv1=False, rsv2=False, rsv3=False)
DEBUG:websockets.protocol:client - received ping, sending pong: [empty]
DEBUG:websockets.protocol:client > Frame(fin=True, opcode=10, data=b'', rsv1=False, rsv2=False, rsv3=False)
DEBUG:websockets.protocol:client > Frame(fin=True, opcode=9, data=b'\x93\xe1\xa6)', rsv1=False, rsv2=False, rsv3=False)
DEBUG:websockets.protocol:client - event = data_received(<6 bytes>)
DEBUG:websockets.protocol:client < Frame(fin=True, opcode=10, data=b'\x93\xe1\xa6)', rsv1=False, rsv2=False, rsv3=False)
DEBUG:websockets.protocol:client - received solicited pong: 93e1a629
DEBUG:websockets.protocol:client - event = data_received(<2 bytes>)
DEBUG:websockets.protocol:client < Frame(fin=True, opcode=9, data=b'', rsv1=False, rsv2=False, rsv3=False)
DEBUG:websockets.protocol:client - received ping, sending pong: [empty]
DEBUG:websockets.protocol:client > Frame(fin=True, opcode=10, data=b'', rsv1=False, rsv2=False, rsv3=False)
DEBUG:websockets.protocol:client > Frame(fin=True, opcode=9, data=b'3\xd3\xce\x0f', rsv1=False, rsv2=False, rsv3=False)
DEBUG:websockets.protocol:client - event = data_received(<6 bytes>)
DEBUG:websockets.protocol:client < Frame(fin=True, opcode=10, data=b'3\xd3\xce\x0f', rsv1=False, rsv2=False, rsv3=False)
DEBUG:websockets.protocol:client - received solicited pong: 33d3ce0f
DEBUG:websockets.protocol:client - event = data_received(<2 bytes>)
DEBUG:websockets.protocol:client < Frame(fin=True, opcode=9, data=b'', rsv1=False, rsv2=False, rsv3=False)
DEBUG:websockets.protocol:client - received ping, sending pong: [empty]
DEBUG:websockets.protocol:client > Frame(fin=True, opcode=10, data=b'', rsv1=False, rsv2=False, rsv3=False)
DEBUG:websockets.protocol:client - event = data_received(<2 bytes>)
DEBUG:websockets.protocol:client < Frame(fin=True, opcode=9, data=b'', rsv1=False, rsv2=False, rsv3=False)
DEBUG:websockets.protocol:client - received ping, sending pong: [empty]
DEBUG:websockets.protocol:client > Frame(fin=True, opcode=10, data=b'', rsv1=False, rsv2=False, rsv3=False)
DEBUG:websockets.protocol:client - event = data_received(<2 bytes>)
DEBUG:websockets.protocol:client < Frame(fin=True, opcode=9, data=b'', rsv1=False, rsv2=False, rsv3=False)
DEBUG:websockets.protocol:client - received ping, sending pong: [empty]
DEBUG:websockets.protocol:client > Frame(fin=True, opcode=10, data=b'', rsv1=False, rsv2=False, rsv3=False)
DEBUG:websockets.protocol:client - event = data_received(<2 bytes>)
DEBUG:websockets.protocol:client < Frame(fin=True, opcode=9, data=b'', rsv1=False, rsv2=False, rsv3=False)
DEBUG:websockets.protocol:client - received ping, sending pong: [empty]
DEBUG:websockets.protocol:client > Frame(fin=True, opcode=10, data=b'', rsv1=False, rsv2=False, rsv3=False)
DEBUG:websockets.protocol:client - event = data_received(<2 bytes>)
DEBUG:websockets.protocol:client < Frame(fin=True, opcode=9, data=b'', rsv1=False, rsv2=False, rsv3=False)
DEBUG:websockets.protocol:client - received ping, sending pong: [empty]
DEBUG:websockets.protocol:client > Frame(fin=True, opcode=10, data=b'', rsv1=False, rsv2=False, rsv3=False)
DEBUG:websockets.protocol:client > Frame(fin=True, opcode=9, data=b'Q\xe6\xb3\x9f', rsv1=False, rsv2=False, rsv3=False)
DEBUG:websockets.protocol:client - event = data_received(<6 bytes>)
DEBUG:websockets.protocol:client < Frame(fin=True, opcode=10, data=b'Q\xe6\xb3\x9f', rsv1=False, rsv2=False, rsv3=False)
DEBUG:websockets.protocol:client - received solicited pong: 51e6b39f
DEBUG:websockets.protocol:client - event = data_received(<2 bytes>)
DEBUG:websockets.protocol:client < Frame(fin=True, opcode=9, data=b'', rsv1=False, rsv2=False, rsv3=False)
DEBUG:websockets.protocol:client - received ping, sending pong: [empty]
DEBUG:websockets.protocol:client > Frame(fin=True, opcode=10, data=b'', rsv1=False, rsv2=False, rsv3=False)
DEBUG:websockets.protocol:client - event = data_received(<2 bytes>)
DEBUG:websockets.protocol:client < Frame(fin=True, opcode=9, data=b'', rsv1=False, rsv2=False, rsv3=False)
DEBUG:websockets.protocol:client - received ping, sending pong: [empty]
DEBUG:websockets.protocol:client > Frame(fin=True, opcode=10, data=b'', rsv1=False, rsv2=False, rsv3=False)
DEBUG:websockets.protocol:client - event = data_received(<2 bytes>)
DEBUG:websockets.protocol:client < Frame(fin=True, opcode=9, data=b'', rsv1=False, rsv2=False, rsv3=False)
DEBUG:websockets.protocol:client - received ping, sending pong: [empty]
DEBUG:websockets.protocol:client > Frame(fin=True, opcode=10, data=b'', rsv1=False, rsv2=False, rsv3=False)
DEBUG:websockets.protocol:client > Frame(fin=True, opcode=9, data=b'e\x0e\xf2k', rsv1=False, rsv2=False, rsv3=False)
DEBUG:websockets.protocol:client - event = data_received(<6 bytes>)
DEBUG:websockets.protocol:client < Frame(fin=True, opcode=10, data=b'e\x0e\xf2k', rsv1=False, rsv2=False, rsv3=False)
DEBUG:websockets.protocol:client - received solicited pong: 650ef26b
DEBUG:websockets.protocol:client - event = data_received(<2 bytes>)
DEBUG:websockets.protocol:client < Frame(fin=True, opcode=9, data=b'', rsv1=False, rsv2=False, rsv3=False)
DEBUG:websockets.protocol:client - received ping, sending pong: [empty]
DEBUG:websockets.protocol:client > Frame(fin=True, opcode=10, data=b'', rsv1=False, rsv2=False, rsv3=False)
DEBUG:websockets.protocol:client - event = data_received(<2 bytes>)
DEBUG:websockets.protocol:client < Frame(fin=True, opcode=9, data=b'', rsv1=False, rsv2=False, rsv3=False)
DEBUG:websockets.protocol:client - received ping, sending pong: [empty]
DEBUG:websockets.protocol:client > Frame(fin=True, opcode=10, data=b'', rsv1=False, rsv2=False, rsv3=False)
DEBUG:websockets.protocol:client > Frame(fin=True, opcode=9, data=b':9\x81\xe1', rsv1=False, rsv2=False, rsv3=False)
DEBUG:websockets.protocol:client - event = data_received(<6 bytes>)
DEBUG:websockets.protocol:client < Frame(fin=True, opcode=10, data=b':9\x81\xe1', rsv1=False, rsv2=False, rsv3=False)
DEBUG:websockets.protocol:client - received solicited pong: 3a3981e1
DEBUG:websockets.protocol:client - event = data_received(<2 bytes>)
DEBUG:websockets.protocol:client < Frame(fin=True, opcode=9, data=b'', rsv1=False, rsv2=False, rsv3=False)
DEBUG:websockets.protocol:client - received ping, sending pong: [empty]
DEBUG:websockets.protocol:client > Frame(fin=True, opcode=10, data=b'', rsv1=False, rsv2=False, rsv3=False)
DEBUG:websockets.protocol:client - event = data_received(<2 bytes>)
DEBUG:websockets.protocol:client < Frame(fin=True, opcode=9, data=b'', rsv1=False, rsv2=False, rsv3=False)
DEBUG:websockets.protocol:client - received ping, sending pong: [empty]
DEBUG:websockets.protocol:client > Frame(fin=True, opcode=10, data=b'', rsv1=False, rsv2=False, rsv3=False)
DEBUG:websockets.protocol:client - event = data_received(<2 bytes>)
DEBUG:websockets.protocol:client < Frame(fin=True, opcode=9, data=b'', rsv1=False, rsv2=False, rsv3=False)
DEBUG:websockets.protocol:client - received ping, sending pong: [empty]
DEBUG:websockets.protocol:client > Frame(fin=True, opcode=10, data=b'', rsv1=False, rsv2=False, rsv3=False)
DEBUG:websockets.protocol:client - event = data_received(<2 bytes>)
DEBUG:websockets.protocol:client < Frame(fin=True, opcode=9, data=b'', rsv1=False, rsv2=False, rsv3=False)
DEBUG:websockets.protocol:client - received ping, sending pong: [empty]
DEBUG:websockets.protocol:client > Frame(fin=True, opcode=10, data=b'', rsv1=False, rsv2=False, rsv3=False)
DEBUG:websockets.protocol:client - event = data_received(<2 bytes>)
DEBUG:websockets.protocol:client < Frame(fin=True, opcode=9, data=b'', rsv1=False, rsv2=False, rsv3=False)
DEBUG:websockets.protocol:client - received ping, sending pong: [empty]
DEBUG:websockets.protocol:client > Frame(fin=True, opcode=10, data=b'', rsv1=False, rsv2=False, rsv3=False)
DEBUG:websockets.protocol:client - event = data_received(<2 bytes>)
DEBUG:websockets.protocol:client < Frame(fin=True, opcode=9, data=b'', rsv1=False, rsv2=False, rsv3=False)
DEBUG:websockets.protocol:client - received ping, sending pong: [empty]
DEBUG:websockets.protocol:client > Frame(fin=True, opcode=10, data=b'', rsv1=False, rsv2=False, rsv3=False)
DEBUG:websockets.protocol:client > Frame(fin=True, opcode=9, data=b']\x92\xdf\xe6', rsv1=False, rsv2=False, rsv3=False)
DEBUG:websockets.protocol:client - event = data_received(<6 bytes>)
DEBUG:websockets.protocol:client < Frame(fin=True, opcode=10, data=b']\x92\xdf\xe6', rsv1=False, rsv2=False, rsv3=False)
DEBUG:websockets.protocol:client - received solicited pong: 5d92dfe6
DEBUG:websockets.protocol:client - event = data_received(<2 bytes>)
DEBUG:websockets.protocol:client < Frame(fin=True, opcode=9, data=b'', rsv1=False, rsv2=False, rsv3=False)
DEBUG:websockets.protocol:client - received ping, sending pong: [empty]
DEBUG:websockets.protocol:client > Frame(fin=True, opcode=10, data=b'', rsv1=False, rsv2=False, rsv3=False)
DEBUG:websockets.protocol:client > Frame(fin=True, opcode=9, data=b'\x96\xaar4', rsv1=False, rsv2=False, rsv3=False)
DEBUG:websockets.protocol:client - event = data_received(<6 bytes>)
DEBUG:websockets.protocol:client < Frame(fin=True, opcode=10, data=b'\x96\xaar4', rsv1=False, rsv2=False, rsv3=False)
DEBUG:websockets.protocol:client - received solicited pong: 96aa7234
DEBUG:websockets.protocol:client - event = data_received(<2 bytes>)
DEBUG:websockets.protocol:client < Frame(fin=True, opcode=9, data=b'', rsv1=False, rsv2=False, rsv3=False)
DEBUG:websockets.protocol:client - received ping, sending pong: [empty]
DEBUG:websockets.protocol:client > Frame(fin=True, opcode=10, data=b'', rsv1=False, rsv2=False, rsv3=False)
DEBUG:websockets.protocol:client - event = data_received(<2 bytes>)
DEBUG:websockets.protocol:client < Frame(fin=True, opcode=9, data=b'', rsv1=False, rsv2=False, rsv3=False)
DEBUG:websockets.protocol:client - received ping, sending pong: [empty]
DEBUG:websockets.protocol:client > Frame(fin=True, opcode=10, data=b'', rsv1=False, rsv2=False, rsv3=False)
DEBUG:websockets.protocol:client - event = data_received(<2 bytes>)
DEBUG:websockets.protocol:client < Frame(fin=True, opcode=9, data=b'', rsv1=False, rsv2=False, rsv3=False)
DEBUG:websockets.protocol:client - received ping, sending pong: [empty]
DEBUG:websockets.protocol:client > Frame(fin=True, opcode=10, data=b'', rsv1=False, rsv2=False, rsv3=False)
DEBUG:websockets.protocol:client - event = data_received(<2 bytes>)
DEBUG:websockets.protocol:client < Frame(fin=True, opcode=9, data=b'', rsv1=False, rsv2=False, rsv3=False)
DEBUG:websockets.protocol:client - received ping, sending pong: [empty]
DEBUG:websockets.protocol:client > Frame(fin=True, opcode=10, data=b'', rsv1=False, rsv2=False, rsv3=False)
DEBUG:websockets.protocol:client - event = data_received(<2 bytes>)
DEBUG:websockets.protocol:client < Frame(fin=True, opcode=9, data=b'', rsv1=False, rsv2=False, rsv3=False)
DEBUG:websockets.protocol:client - received ping, sending pong: [empty]
DEBUG:websockets.protocol:client > Frame(fin=True, opcode=10, data=b'', rsv1=False, rsv2=False, rsv3=False)
DEBUG:websockets.protocol:client > Frame(fin=True, opcode=9, data=b'\xd9\x90\x87<', rsv1=False, rsv2=False, rsv3=False)
DEBUG:websockets.protocol:client - event = data_received(<6 bytes>)
DEBUG:websockets.protocol:client < Frame(fin=True, opcode=10, data=b'\xd9\x90\x87<', rsv1=False, rsv2=False, rsv3=False)
DEBUG:websockets.protocol:client - received solicited pong: d990873c
DEBUG:websockets.protocol:client - event = data_received(<2 bytes>)
DEBUG:websockets.protocol:client < Frame(fin=True, opcode=9, data=b'', rsv1=False, rsv2=False, rsv3=False)
DEBUG:websockets.protocol:client - received ping, sending pong: [empty]
DEBUG:websockets.protocol:client > Frame(fin=True, opcode=10, data=b'', rsv1=False, rsv2=False, rsv3=False)
DEBUG:websockets.protocol:client - event = data_received(<2 bytes>)
DEBUG:websockets.protocol:client < Frame(fin=True, opcode=9, data=b'', rsv1=False, rsv2=False, rsv3=False)
DEBUG:websockets.protocol:client - received ping, sending pong: [empty]
DEBUG:websockets.protocol:client > Frame(fin=True, opcode=10, data=b'', rsv1=False, rsv2=False, rsv3=False)
DEBUG:websockets.protocol:client > Frame(fin=True, opcode=9, data=b'\xa8\x7f\x90\x96', rsv1=False, rsv2=False, rsv3=False)
DEBUG:websockets.protocol:client - event = data_received(<6 bytes>)
DEBUG:websockets.protocol:client < Frame(fin=True, opcode=10, data=b'\xa8\x7f\x90\x96', rsv1=False, rsv2=False, rsv3=False)
DEBUG:websockets.protocol:client - received solicited pong: a87f9096
DEBUG:websockets.protocol:client - event = data_received(<2 bytes>)
DEBUG:websockets.protocol:client < Frame(fin=True, opcode=9, data=b'', rsv1=False, rsv2=False, rsv3=False)
DEBUG:websockets.protocol:client - received ping, sending pong: [empty]
DEBUG:websockets.protocol:client > Frame(fin=True, opcode=10, data=b'', rsv1=False, rsv2=False, rsv3=False)
DEBUG:websockets.protocol:client - event = data_received(<2 bytes>)
DEBUG:websockets.protocol:client < Frame(fin=True, opcode=9, data=b'', rsv1=False, rsv2=False, rsv3=False)
DEBUG:websockets.protocol:client - received ping, sending pong: [empty]
DEBUG:websockets.protocol:client > Frame(fin=True, opcode=10, data=b'', rsv1=False, rsv2=False, rsv3=False)
DEBUG:websockets.protocol:client - event = data_received(<2 bytes>)
DEBUG:websockets.protocol:client < Frame(fin=True, opcode=9, data=b'', rsv1=False, rsv2=False, rsv3=False)
DEBUG:websockets.protocol:client - received ping, sending pong: [empty]
DEBUG:websockets.protocol:client > Frame(fin=True, opcode=10, data=b'', rsv1=False, rsv2=False, rsv3=False)
DEBUG:websockets.protocol:client > Frame(fin=True, opcode=9, data=b'uJ\x89E', rsv1=False, rsv2=False, rsv3=False)
DEBUG:websockets.protocol:client - event = data_received(<6 bytes>)
DEBUG:websockets.protocol:client < Frame(fin=True, opcode=10, data=b'uJ\x89E', rsv1=False, rsv2=False, rsv3=False)
DEBUG:websockets.protocol:client - received solicited pong: 754a8945
DEBUG:websockets.protocol:client - event = data_received(<2 bytes>)
DEBUG:websockets.protocol:client < Frame(fin=True, opcode=9, data=b'', rsv1=False, rsv2=False, rsv3=False)
DEBUG:websockets.protocol:client - received ping, sending pong: [empty]
DEBUG:websockets.protocol:client > Frame(fin=True, opcode=10, data=b'', rsv1=False, rsv2=False, rsv3=False)
DEBUG:websockets.protocol:client - event = data_received(<2 bytes>)
DEBUG:websockets.protocol:client < Frame(fin=True, opcode=9, data=b'', rsv1=False, rsv2=False, rsv3=False)
DEBUG:websockets.protocol:client - received ping, sending pong: [empty]
DEBUG:websockets.protocol:client > Frame(fin=True, opcode=10, data=b'', rsv1=False, rsv2=False, rsv3=False)
DEBUG:websockets.protocol:client - event = data_received(<2 bytes>)
DEBUG:websockets.protocol:client < Frame(fin=True, opcode=9, data=b'', rsv1=False, rsv2=False, rsv3=False)
DEBUG:websockets.protocol:client - received ping, sending pong: [empty]
DEBUG:websockets.protocol:client > Frame(fin=True, opcode=10, data=b'', rsv1=False, rsv2=False, rsv3=False)
DEBUG:websockets.protocol:client - event = data_received(<2 bytes>)
DEBUG:websockets.protocol:client < Frame(fin=True, opcode=9, data=b'', rsv1=False, rsv2=False, rsv3=False)
DEBUG:websockets.protocol:client - received ping, sending pong: [empty]
DEBUG:websockets.protocol:client > Frame(fin=True, opcode=10, data=b'', rsv1=False, rsv2=False, rsv3=False)
DEBUG:websockets.protocol:client - event = data_received(<2 bytes>)
DEBUG:websockets.protocol:client < Frame(fin=True, opcode=9, data=b'', rsv1=False, rsv2=False, rsv3=False)
DEBUG:websockets.protocol:client - received ping, sending pong: [empty]
DEBUG:websockets.protocol:client > Frame(fin=True, opcode=10, data=b'', rsv1=False, rsv2=False, rsv3=False)
DEBUG:websockets.protocol:client > Frame(fin=True, opcode=9, data=b'\x141\x16\xd7', rsv1=False, rsv2=False, rsv3=False)
DEBUG:websockets.protocol:client - event = data_received(<2 bytes>)
DEBUG:websockets.protocol:client < Frame(fin=True, opcode=9, data=b'', rsv1=False, rsv2=False, rsv3=False)
DEBUG:websockets.protocol:client - received ping, sending pong: [empty]
DEBUG:websockets.protocol:client > Frame(fin=True, opcode=10, data=b'', rsv1=False, rsv2=False, rsv3=False)
DEBUG:websockets.protocol:client - event = data_received(<6 bytes>)
DEBUG:websockets.protocol:client < Frame(fin=True, opcode=10, data=b'\x141\x16\xd7', rsv1=False, rsv2=False, rsv3=False)
DEBUG:websockets.protocol:client - received solicited pong: 143116d7
DEBUG:websockets.protocol:client > Frame(fin=True, opcode=9, data=b'?\xfe\xae*', rsv1=False, rsv2=False, rsv3=False)
DEBUG:websockets.protocol:client - event = data_received(<6 bytes>)
DEBUG:websockets.protocol:client < Frame(fin=True, opcode=10, data=b'?\xfe\xae*', rsv1=False, rsv2=False, rsv3=False)
DEBUG:websockets.protocol:client - received solicited pong: 3ffeae2a
DEBUG:websockets.protocol:client - event = data_received(<2 bytes>)
DEBUG:websockets.protocol:client < Frame(fin=True, opcode=9, data=b'', rsv1=False, rsv2=False, rsv3=False)
DEBUG:websockets.protocol:client - received ping, sending pong: [empty]
DEBUG:websockets.protocol:client > Frame(fin=True, opcode=10, data=b'', rsv1=False, rsv2=False, rsv3=False)
DEBUG:websockets.protocol:client - event = data_received(<2 bytes>)
DEBUG:websockets.protocol:client < Frame(fin=True, opcode=9, data=b'', rsv1=False, rsv2=False, rsv3=False)
DEBUG:websockets.protocol:client - received ping, sending pong: [empty]
DEBUG:websockets.protocol:client > Frame(fin=True, opcode=10, data=b'', rsv1=False, rsv2=False, rsv3=False)
DEBUG:websockets.protocol:client - event = data_received(<2 bytes>)
DEBUG:websockets.protocol:client < Frame(fin=True, opcode=9, data=b'', rsv1=False, rsv2=False, rsv3=False)
DEBUG:websockets.protocol:client - received ping, sending pong: [empty]
DEBUG:websockets.protocol:client > Frame(fin=True, opcode=10, data=b'', rsv1=False, rsv2=False, rsv3=False)
DEBUG:websockets.protocol:client - event = data_received(<2 bytes>)
DEBUG:websockets.protocol:client < Frame(fin=True, opcode=9, data=b'', rsv1=False, rsv2=False, rsv3=False)
DEBUG:websockets.protocol:client - received ping, sending pong: [empty]
DEBUG:websockets.protocol:client > Frame(fin=True, opcode=10, data=b'', rsv1=False, rsv2=False, rsv3=False)
DEBUG:websockets.protocol:client - event = data_received(<2 bytes>)
DEBUG:websockets.protocol:client < Frame(fin=True, opcode=9, data=b'', rsv1=False, rsv2=False, rsv3=False)
DEBUG:websockets.protocol:client - received ping, sending pong: [empty]
DEBUG:websockets.protocol:client > Frame(fin=True, opcode=10, data=b'', rsv1=False, rsv2=False, rsv3=False)
DEBUG:websockets.protocol:client > Frame(fin=True, opcode=9, data=b'\xe7F\xf9\xdc', rsv1=False, rsv2=False, rsv3=False)
DEBUG:websockets.protocol:client - event = data_received(<6 bytes>)
DEBUG:websockets.protocol:client < Frame(fin=True, opcode=10, data=b'\xe7F\xf9\xdc', rsv1=False, rsv2=False, rsv3=False)
DEBUG:websockets.protocol:client - received solicited pong: e746f9dc
DEBUG:websockets.protocol:client - event = data_received(<2 bytes>)
DEBUG:websockets.protocol:client < Frame(fin=True, opcode=9, data=b'', rsv1=False, rsv2=False, rsv3=False)
DEBUG:websockets.protocol:client - received ping, sending pong: [empty]
DEBUG:websockets.protocol:client > Frame(fin=True, opcode=10, data=b'', rsv1=False, rsv2=False, rsv3=False)
DEBUG:websockets.protocol:client - event = data_received(<2 bytes>)
DEBUG:websockets.protocol:client < Frame(fin=True, opcode=9, data=b'', rsv1=False, rsv2=False, rsv3=False)
DEBUG:websockets.protocol:client - received ping, sending pong: [empty]
DEBUG:websockets.protocol:client > Frame(fin=True, opcode=10, data=b'', rsv1=False, rsv2=False, rsv3=False)
DEBUG:websockets.protocol:client - event = data_received(<2 bytes>)
DEBUG:websockets.protocol:client < Frame(fin=True, opcode=9, data=b'', rsv1=False, rsv2=False, rsv3=False)
DEBUG:websockets.protocol:client - received ping, sending pong: [empty]
DEBUG:websockets.protocol:client > Frame(fin=True, opcode=10, data=b'', rsv1=False, rsv2=False, rsv3=False)
DEBUG:websockets.protocol:client - event = data_received(<2 bytes>)
DEBUG:websockets.protocol:client < Frame(fin=True, opcode=9, data=b'', rsv1=False, rsv2=False, rsv3=False)
DEBUG:websockets.protocol:client - received ping, sending pong: [empty]
DEBUG:websockets.protocol:client > Frame(fin=True, opcode=10, data=b'', rsv1=False, rsv2=False, rsv3=False)
DEBUG:websockets.protocol:client > Frame(fin=True, opcode=9, data=b'GZf\xba', rsv1=False, rsv2=False, rsv3=False)
DEBUG:websockets.protocol:client - event = data_received(<6 bytes>)
DEBUG:websockets.protocol:client < Frame(fin=True, opcode=10, data=b'GZf\xba', rsv1=False, rsv2=False, rsv3=False)
DEBUG:websockets.protocol:client - received solicited pong: 475a66ba
DEBUG:websockets.protocol:client - event = data_received(<2 bytes>)
DEBUG:websockets.protocol:client < Frame(fin=True, opcode=9, data=b'', rsv1=False, rsv2=False, rsv3=False)
DEBUG:websockets.protocol:client - received ping, sending pong: [empty]
DEBUG:websockets.protocol:client > Frame(fin=True, opcode=10, data=b'', rsv1=False, rsv2=False, rsv3=False)
DEBUG:websockets.protocol:client - event = data_received(<2 bytes>)
DEBUG:websockets.protocol:client < Frame(fin=True, opcode=9, data=b'', rsv1=False, rsv2=False, rsv3=False)
DEBUG:websockets.protocol:client - received ping, sending pong: [empty]
DEBUG:websockets.protocol:client > Frame(fin=True, opcode=10, data=b'', rsv1=False, rsv2=False, rsv3=False)
DEBUG:websockets.protocol:client - event = data_received(<2 bytes>)
DEBUG:websockets.protocol:client < Frame(fin=True, opcode=9, data=b'', rsv1=False, rsv2=False, rsv3=False)
DEBUG:websockets.protocol:client - received ping, sending pong: [empty]
DEBUG:websockets.protocol:client > Frame(fin=True, opcode=10, data=b'', rsv1=False, rsv2=False, rsv3=False)
DEBUG:websockets.protocol:client > Frame(fin=True, opcode=9, data=b'\x0b\xdd\xeaK', rsv1=False, rsv2=False, rsv3=False)
DEBUG:websockets.protocol:client - event = data_received(<6 bytes>)
DEBUG:websockets.protocol:client < Frame(fin=True, opcode=10, data=b'\x0b\xdd\xeaK', rsv1=False, rsv2=False, rsv3=False)
DEBUG:websockets.protocol:client - received solicited pong: 0bddea4b
DEBUG:websockets.protocol:client - event = data_received(<2 bytes>)
DEBUG:websockets.protocol:client < Frame(fin=True, opcode=9, data=b'', rsv1=False, rsv2=False, rsv3=False)
DEBUG:websockets.protocol:client - received ping, sending pong: [empty]
DEBUG:websockets.protocol:client > Frame(fin=True, opcode=10, data=b'', rsv1=False, rsv2=False, rsv3=False)
DEBUG:websockets.protocol:client - event = data_received(<2 bytes>)
DEBUG:websockets.protocol:client < Frame(fin=True, opcode=9, data=b'', rsv1=False, rsv2=False, rsv3=False)
DEBUG:websockets.protocol:client - received ping, sending pong: [empty]
DEBUG:websockets.protocol:client > Frame(fin=True, opcode=10, data=b'', rsv1=False, rsv2=False, rsv3=False)
DEBUG:websockets.protocol:client - event = data_received(<2 bytes>)
DEBUG:websockets.protocol:client < Frame(fin=True, opcode=9, data=b'', rsv1=False, rsv2=False, rsv3=False)
DEBUG:websockets.protocol:client - received ping, sending pong: [empty]
DEBUG:websockets.protocol:client > Frame(fin=True, opcode=10, data=b'', rsv1=False, rsv2=False, rsv3=False)
DEBUG:websockets.protocol:client - event = data_received(<2 bytes>)
DEBUG:websockets.protocol:client < Frame(fin=True, opcode=9, data=b'', rsv1=False, rsv2=False, rsv3=False)
DEBUG:websockets.protocol:client - received ping, sending pong: [empty]
DEBUG:websockets.protocol:client > Frame(fin=True, opcode=10, data=b'', rsv1=False, rsv2=False, rsv3=False)
DEBUG:websockets.protocol:client - event = data_received(<2 bytes>)
DEBUG:websockets.protocol:client < Frame(fin=True, opcode=9, data=b'', rsv1=False, rsv2=False, rsv3=False)
DEBUG:websockets.protocol:client - received ping, sending pong: [empty]
DEBUG:websockets.protocol:client > Frame(fin=True, opcode=10, data=b'', rsv1=False, rsv2=False, rsv3=False)
DEBUG:websockets.protocol:client > Frame(fin=True, opcode=9, data=b'NR"\x1f', rsv1=False, rsv2=False, rsv3=False)
DEBUG:websockets.protocol:client - event = data_received(<6 bytes>)
DEBUG:websockets.protocol:client < Frame(fin=True, opcode=10, data=b'NR"\x1f', rsv1=False, rsv2=False, rsv3=False)
DEBUG:websockets.protocol:client - received solicited pong: 4e52221f
DEBUG:websockets.protocol:client - event = data_received(<2 bytes>)
DEBUG:websockets.protocol:client < Frame(fin=True, opcode=9, data=b'', rsv1=False, rsv2=False, rsv3=False)
DEBUG:websockets.protocol:client - received ping, sending pong: [empty]
DEBUG:websockets.protocol:client > Frame(fin=True, opcode=10, data=b'', rsv1=False, rsv2=False, rsv3=False)
DEBUG:websockets.protocol:client > Frame(fin=True, opcode=9, data=b'DxE\xb8', rsv1=False, rsv2=False, rsv3=False)
DEBUG:websockets.protocol:client - event = data_received(<6 bytes>)
DEBUG:websockets.protocol:client < Frame(fin=True, opcode=10, data=b'DxE\xb8', rsv1=False, rsv2=False, rsv3=False)
DEBUG:websockets.protocol:client - received solicited pong: 447845b8
DEBUG:websockets.protocol:client - event = data_received(<2 bytes>)
DEBUG:websockets.protocol:client < Frame(fin=True, opcode=9, data=b'', rsv1=False, rsv2=False, rsv3=False)
DEBUG:websockets.protocol:client - received ping, sending pong: [empty]
DEBUG:websockets.protocol:client > Frame(fin=True, opcode=10, data=b'', rsv1=False, rsv2=False, rsv3=False)
DEBUG:websockets.protocol:client - event = data_received(<2 bytes>)
DEBUG:websockets.protocol:client < Frame(fin=True, opcode=9, data=b'', rsv1=False, rsv2=False, rsv3=False)
DEBUG:websockets.protocol:client - received ping, sending pong: [empty]
DEBUG:websockets.protocol:client > Frame(fin=True, opcode=10, data=b'', rsv1=False, rsv2=False, rsv3=False)
DEBUG:websockets.protocol:client - event = data_received(<2 bytes>)
DEBUG:websockets.protocol:client < Frame(fin=True, opcode=9, data=b'', rsv1=False, rsv2=False, rsv3=False)
DEBUG:websockets.protocol:client - received ping, sending pong: [empty]
DEBUG:websockets.protocol:client > Frame(fin=True, opcode=10, data=b'', rsv1=False, rsv2=False, rsv3=False)
DEBUG:websockets.protocol:client - event = data_received(<2 bytes>)
DEBUG:websockets.protocol:client < Frame(fin=True, opcode=9, data=b'', rsv1=False, rsv2=False, rsv3=False)
DEBUG:websockets.protocol:client - received ping, sending pong: [empty]
DEBUG:websockets.protocol:client > Frame(fin=True, opcode=10, data=b'', rsv1=False, rsv2=False, rsv3=False)
DEBUG:websockets.protocol:client - event = data_received(<2 bytes>)
DEBUG:websockets.protocol:client < Frame(fin=True, opcode=9, data=b'', rsv1=False, rsv2=False, rsv3=False)
DEBUG:websockets.protocol:client - received ping, sending pong: [empty]
DEBUG:websockets.protocol:client > Frame(fin=True, opcode=10, data=b'', rsv1=False, rsv2=False, rsv3=False)
DEBUG:websockets.protocol:client > Frame(fin=True, opcode=9, data=b'+\x14\x04&', rsv1=False, rsv2=False, rsv3=False)
DEBUG:websockets.protocol:client - event = data_received(<6 bytes>)
DEBUG:websockets.protocol:client < Frame(fin=True, opcode=10, data=b'+\x14\x04&', rsv1=False, rsv2=False, rsv3=False)
DEBUG:websockets.protocol:client - received solicited pong: 2b140426
DEBUG:websockets.protocol:client - event = data_received(<2 bytes>)
DEBUG:websockets.protocol:client < Frame(fin=True, opcode=9, data=b'', rsv1=False, rsv2=False, rsv3=False)
DEBUG:websockets.protocol:client - received ping, sending pong: [empty]
DEBUG:websockets.protocol:client > Frame(fin=True, opcode=10, data=b'', rsv1=False, rsv2=False, rsv3=False)
DEBUG:websockets.protocol:client - event = data_received(<2 bytes>)
DEBUG:websockets.protocol:client < Frame(fin=True, opcode=9, data=b'', rsv1=False, rsv2=False, rsv3=False)
DEBUG:websockets.protocol:client - received ping, sending pong: [empty]
DEBUG:websockets.protocol:client > Frame(fin=True, opcode=10, data=b'', rsv1=False, rsv2=False, rsv3=False)
DEBUG:websockets.protocol:client - event = data_received(<2 bytes>)
DEBUG:websockets.protocol:client < Frame(fin=True, opcode=9, data=b'', rsv1=False, rsv2=False, rsv3=False)
DEBUG:websockets.protocol:client - received ping, sending pong: [empty]
DEBUG:websockets.protocol:client > Frame(fin=True, opcode=10, data=b'', rsv1=False, rsv2=False, rsv3=False)
DEBUG:websockets.protocol:client > Frame(fin=True, opcode=9, data=b'\x04::\xff', rsv1=False, rsv2=False, rsv3=False)
DEBUG:websockets.protocol:client - event = data_received(<6 bytes>)
DEBUG:websockets.protocol:client < Frame(fin=True, opcode=10, data=b'\x04::\xff', rsv1=False, rsv2=False, rsv3=False)
DEBUG:websockets.protocol:client - received solicited pong: 043a3aff
DEBUG:websockets.protocol:client - event = data_received(<2 bytes>)
DEBUG:websockets.protocol:client < Frame(fin=True, opcode=9, data=b'', rsv1=False, rsv2=False, rsv3=False)
DEBUG:websockets.protocol:client - received ping, sending pong: [empty]
DEBUG:websockets.protocol:client > Frame(fin=True, opcode=10, data=b'', rsv1=False, rsv2=False, rsv3=False)
DEBUG:websockets.protocol:client - event = data_received(<2 bytes>)
DEBUG:websockets.protocol:client < Frame(fin=True, opcode=9, data=b'', rsv1=False, rsv2=False, rsv3=False)
DEBUG:websockets.protocol:client - received ping, sending pong: [empty]
DEBUG:websockets.protocol:client > Frame(fin=True, opcode=10, data=b'', rsv1=False, rsv2=False, rsv3=False)
DEBUG:websockets.protocol:client - event = data_received(<2 bytes>)
DEBUG:websockets.protocol:client < Frame(fin=True, opcode=9, data=b'', rsv1=False, rsv2=False, rsv3=False)
DEBUG:websockets.protocol:client - received ping, sending pong: [empty]
DEBUG:websockets.protocol:client > Frame(fin=True, opcode=10, data=b'', rsv1=False, rsv2=False, rsv3=False)
DEBUG:websockets.protocol:client - event = data_received(<2 bytes>)
DEBUG:websockets.protocol:client < Frame(fin=True, opcode=9, data=b'', rsv1=False, rsv2=False, rsv3=False)
DEBUG:websockets.protocol:client - received ping, sending pong: [empty]
DEBUG:websockets.protocol:client > Frame(fin=True, opcode=10, data=b'', rsv1=False, rsv2=False, rsv3=False)
DEBUG:websockets.protocol:client > Frame(fin=True, opcode=9, data=b'\x88a\x8b\xb7', rsv1=False, rsv2=False, rsv3=False)
DEBUG:websockets.protocol:client - event = data_received(<6 bytes>)
DEBUG:websockets.protocol:client < Frame(fin=True, opcode=10, data=b'\x88a\x8b\xb7', rsv1=False, rsv2=False, rsv3=False)
DEBUG:websockets.protocol:client - received solicited pong: 88618bb7
DEBUG:websockets.protocol:client - event = data_received(<2 bytes>)
DEBUG:websockets.protocol:client < Frame(fin=True, opcode=9, data=b'', rsv1=False, rsv2=False, rsv3=False)
DEBUG:websockets.protocol:client - received ping, sending pong: [empty]
DEBUG:websockets.protocol:client > Frame(fin=True, opcode=10, data=b'', rsv1=False, rsv2=False, rsv3=False)
DEBUG:websockets.protocol:client - event = data_received(<2 bytes>)
DEBUG:websockets.protocol:client < Frame(fin=True, opcode=9, data=b'', rsv1=False, rsv2=False, rsv3=False)
DEBUG:websockets.protocol:client - received ping, sending pong: [empty]
DEBUG:websockets.protocol:client > Frame(fin=True, opcode=10, data=b'', rsv1=False, rsv2=False, rsv3=False)
DEBUG:websockets.protocol:client - event = data_received(<2 bytes>)
DEBUG:websockets.protocol:client < Frame(fin=True, opcode=9, data=b'', rsv1=False, rsv2=False, rsv3=False)
DEBUG:websockets.protocol:client - received ping, sending pong: [empty]
DEBUG:websockets.protocol:client > Frame(fin=True, opcode=10, data=b'', rsv1=False, rsv2=False, rsv3=False)
DEBUG:websockets.protocol:client - event = data_received(<2 bytes>)
DEBUG:websockets.protocol:client < Frame(fin=True, opcode=9, data=b'', rsv1=False, rsv2=False, rsv3=False)
DEBUG:websockets.protocol:client - received ping, sending pong: [empty]
DEBUG:websockets.protocol:client > Frame(fin=True, opcode=10, data=b'', rsv1=False, rsv2=False, rsv3=False)
DEBUG:websockets.protocol:client > Frame(fin=True, opcode=9, data=b'+ \xdb\x9c', rsv1=False, rsv2=False, rsv3=False)
DEBUG:websockets.protocol:client - event = data_received(<6 bytes>)
DEBUG:websockets.protocol:client < Frame(fin=True, opcode=10, data=b'+ \xdb\x9c', rsv1=False, rsv2=False, rsv3=False)
DEBUG:websockets.protocol:client - received solicited pong: 2b20db9c
DEBUG:websockets.protocol:client > Frame(fin=True, opcode=9, data=b'\x8f\xb5j\x88', rsv1=False, rsv2=False, rsv3=False)
DEBUG:websockets.protocol:client - event = data_received(<8 bytes>)
DEBUG:websockets.protocol:client < Frame(fin=True, opcode=9, data=b'', rsv1=False, rsv2=False, rsv3=False)
DEBUG:websockets.protocol:client - received ping, sending pong: [empty]
DEBUG:websockets.protocol:client > Frame(fin=True, opcode=10, data=b'', rsv1=False, rsv2=False, rsv3=False)
DEBUG:websockets.protocol:client < Frame(fin=True, opcode=10, data=b'\x8f\xb5j\x88', rsv1=False, rsv2=False, rsv3=False)
DEBUG:websockets.protocol:client - received solicited pong: 8fb56a88
DEBUG:websockets.protocol:client - event = data_received(<2 bytes>)
DEBUG:websockets.protocol:client < Frame(fin=True, opcode=9, data=b'', rsv1=False, rsv2=False, rsv3=False)
DEBUG:websockets.protocol:client - received ping, sending pong: [empty]
DEBUG:websockets.protocol:client > Frame(fin=True, opcode=10, data=b'', rsv1=False, rsv2=False, rsv3=False)
DEBUG:websockets.protocol:client - event = data_received(<2 bytes>)
DEBUG:websockets.protocol:client < Frame(fin=True, opcode=9, data=b'', rsv1=False, rsv2=False, rsv3=False)
DEBUG:websockets.protocol:client - received ping, sending pong: [empty]
DEBUG:websockets.protocol:client > Frame(fin=True, opcode=10, data=b'', rsv1=False, rsv2=False, rsv3=False)
DEBUG:websockets.protocol:client - event = data_received(<2 bytes>)
DEBUG:websockets.protocol:client < Frame(fin=True, opcode=9, data=b'', rsv1=False, rsv2=False, rsv3=False)
DEBUG:websockets.protocol:client - received ping, sending pong: [empty]
DEBUG:websockets.protocol:client > Frame(fin=True, opcode=10, data=b'', rsv1=False, rsv2=False, rsv3=False)
DEBUG:websockets.protocol:client - event = data_received(<2 bytes>)
DEBUG:websockets.protocol:client < Frame(fin=True, opcode=9, data=b'', rsv1=False, rsv2=False, rsv3=False)
DEBUG:websockets.protocol:client - received ping, sending pong: [empty]
DEBUG:websockets.protocol:client > Frame(fin=True, opcode=10, data=b'', rsv1=False, rsv2=False, rsv3=False)
DEBUG:websockets.protocol:client - event = data_received(<2 bytes>)
DEBUG:websockets.protocol:client < Frame(fin=True, opcode=9, data=b'', rsv1=False, rsv2=False, rsv3=False)
DEBUG:websockets.protocol:client - received ping, sending pong: [empty]
DEBUG:websockets.protocol:client > Frame(fin=True, opcode=10, data=b'', rsv1=False, rsv2=False, rsv3=False)
DEBUG:websockets.protocol:client > Frame(fin=True, opcode=9, data=b'x\xc7i\xfc', rsv1=False, rsv2=False, rsv3=False)
DEBUG:websockets.protocol:client - event = data_received(<6 bytes>)
DEBUG:websockets.protocol:client < Frame(fin=True, opcode=10, data=b'x\xc7i\xfc', rsv1=False, rsv2=False, rsv3=False)
DEBUG:websockets.protocol:client - received solicited pong: 78c769fc
DEBUG:websockets.protocol:client - event = data_received(<2 bytes>)
DEBUG:websockets.protocol:client < Frame(fin=True, opcode=9, data=b'', rsv1=False, rsv2=False, rsv3=False)
DEBUG:websockets.protocol:client - received ping, sending pong: [empty]
DEBUG:websockets.protocol:client > Frame(fin=True, opcode=10, data=b'', rsv1=False, rsv2=False, rsv3=False)
DEBUG:websockets.protocol:client - event = data_received(<2 bytes>)
DEBUG:websockets.protocol:client < Frame(fin=True, opcode=9, data=b'', rsv1=False, rsv2=False, rsv3=False)
DEBUG:websockets.protocol:client - received ping, sending pong: [empty]
DEBUG:websockets.protocol:client > Frame(fin=True, opcode=10, data=b'', rsv1=False, rsv2=False, rsv3=False)
DEBUG:websockets.protocol:client - event = data_received(<2 bytes>)
DEBUG:websockets.protocol:client < Frame(fin=True, opcode=9, data=b'', rsv1=False, rsv2=False, rsv3=False)
DEBUG:websockets.protocol:client - received ping, sending pong: [empty]
DEBUG:websockets.protocol:client > Frame(fin=True, opcode=10, data=b'', rsv1=False, rsv2=False, rsv3=False)
DEBUG:websockets.protocol:client - event = data_received(<2 bytes>)
DEBUG:websockets.protocol:client < Frame(fin=True, opcode=9, data=b'', rsv1=False, rsv2=False, rsv3=False)
DEBUG:websockets.protocol:client - received ping, sending pong: [empty]
DEBUG:websockets.protocol:client > Frame(fin=True, opcode=10, data=b'', rsv1=False, rsv2=False, rsv3=False)
DEBUG:websockets.protocol:client > Frame(fin=True, opcode=9, data=b'\x96`\xe3\xf3', rsv1=False, rsv2=False, rsv3=False)
DEBUG:websockets.protocol:client - event = data_received(<6 bytes>)
DEBUG:websockets.protocol:client < Frame(fin=True, opcode=10, data=b'\x96`\xe3\xf3', rsv1=False, rsv2=False, rsv3=False)
DEBUG:websockets.protocol:client - received solicited pong: 9660e3f3
DEBUG:websockets.protocol:client - event = data_received(<2 bytes>)
DEBUG:websockets.protocol:client < Frame(fin=True, opcode=9, data=b'', rsv1=False, rsv2=False, rsv3=False)
DEBUG:websockets.protocol:client - received ping, sending pong: [empty]
DEBUG:websockets.protocol:client > Frame(fin=True, opcode=10, data=b'', rsv1=False, rsv2=False, rsv3=False)
DEBUG:websockets.protocol:client - event = data_received(<2 bytes>)
DEBUG:websockets.protocol:client < Frame(fin=True, opcode=9, data=b'', rsv1=False, rsv2=False, rsv3=False)
DEBUG:websockets.protocol:client - received ping, sending pong: [empty]
DEBUG:websockets.protocol:client > Frame(fin=True, opcode=10, data=b'', rsv1=False, rsv2=False, rsv3=False)
DEBUG:websockets.protocol:client - event = data_received(<2 bytes>)
DEBUG:websockets.protocol:client < Frame(fin=True, opcode=9, data=b'', rsv1=False, rsv2=False, rsv3=False)
DEBUG:websockets.protocol:client - received ping, sending pong: [empty]
DEBUG:websockets.protocol:client > Frame(fin=True, opcode=10, data=b'', rsv1=False, rsv2=False, rsv3=False)
DEBUG:websockets.protocol:client - event = data_received(<2 bytes>)
DEBUG:websockets.protocol:client < Frame(fin=True, opcode=9, data=b'', rsv1=False, rsv2=False, rsv3=False)
DEBUG:websockets.protocol:client - received ping, sending pong: [empty]
DEBUG:websockets.protocol:client > Frame(fin=True, opcode=10, data=b'', rsv1=False, rsv2=False, rsv3=False)
DEBUG:websockets.protocol:client > Frame(fin=True, opcode=9, data=b'\xc9\xa8\n\xd3', rsv1=False, rsv2=False, rsv3=False)
DEBUG:websockets.protocol:client - event = data_received(<6 bytes>)
DEBUG:websockets.protocol:client < Frame(fin=True, opcode=10, data=b'\xc9\xa8\n\xd3', rsv1=False, rsv2=False, rsv3=False)
DEBUG:websockets.protocol:client - received solicited pong: c9a80ad3
DEBUG:websockets.protocol:client - event = data_received(<2 bytes>)
DEBUG:websockets.protocol:client < Frame(fin=True, opcode=9, data=b'', rsv1=False, rsv2=False, rsv3=False)
DEBUG:websockets.protocol:client - received ping, sending pong: [empty]
DEBUG:websockets.protocol:client > Frame(fin=True, opcode=10, data=b'', rsv1=False, rsv2=False, rsv3=False)
DEBUG:websockets.protocol:client - event = data_received(<2 bytes>)
DEBUG:websockets.protocol:client < Frame(fin=True, opcode=9, data=b'', rsv1=False, rsv2=False, rsv3=False)
DEBUG:websockets.protocol:client - received ping, sending pong: [empty]
DEBUG:websockets.protocol:client > Frame(fin=True, opcode=10, data=b'', rsv1=False, rsv2=False, rsv3=False)
DEBUG:websockets.protocol:client - event = data_received(<2 bytes>)
DEBUG:websockets.protocol:client < Frame(fin=True, opcode=9, data=b'', rsv1=False, rsv2=False, rsv3=False)
DEBUG:websockets.protocol:client - received ping, sending pong: [empty]
DEBUG:websockets.protocol:client > Frame(fin=True, opcode=10, data=b'', rsv1=False, rsv2=False, rsv3=False)
DEBUG:websockets.protocol:client - event = data_received(<2 bytes>)
DEBUG:websockets.protocol:client < Frame(fin=True, opcode=9, data=b'', rsv1=False, rsv2=False, rsv3=False)
DEBUG:websockets.protocol:client - received ping, sending pong: [empty]
DEBUG:websockets.protocol:client > Frame(fin=True, opcode=10, data=b'', rsv1=False, rsv2=False, rsv3=False)
DEBUG:websockets.protocol:client - event = data_received(<2 bytes>)
DEBUG:websockets.protocol:client < Frame(fin=True, opcode=9, data=b'', rsv1=False, rsv2=False, rsv3=False)
DEBUG:websockets.protocol:client - received ping, sending pong: [empty]
DEBUG:websockets.protocol:client > Frame(fin=True, opcode=10, data=b'', rsv1=False, rsv2=False, rsv3=False)
DEBUG:websockets.protocol:client - event = data_received(<2 bytes>)
DEBUG:websockets.protocol:client < Frame(fin=True, opcode=9, data=b'', rsv1=False, rsv2=False, rsv3=False)
DEBUG:websockets.protocol:client - received ping, sending pong: [empty]
DEBUG:websockets.protocol:client > Frame(fin=True, opcode=10, data=b'', rsv1=False, rsv2=False, rsv3=False)
DEBUG:websockets.protocol:client > Frame(fin=True, opcode=9, data=b'\xa9|\xc5N', rsv1=False, rsv2=False, rsv3=False)
DEBUG:websockets.protocol:client > Frame(fin=True, opcode=9, data=b'\x1b\x80E\x98', rsv1=False, rsv2=False, rsv3=False)
DEBUG:websockets.protocol:client - event = data_received(<6 bytes>)
DEBUG:websockets.protocol:client - event = data_received(<6 bytes>)
DEBUG:websockets.protocol:client < Frame(fin=True, opcode=10, data=b'\xa9|\xc5N', rsv1=False, rsv2=False, rsv3=False)
DEBUG:websockets.protocol:client - received solicited pong: a97cc54e
DEBUG:websockets.protocol:client < Frame(fin=True, opcode=10, data=b'\x1b\x80E\x98', rsv1=False, rsv2=False, rsv3=False)
DEBUG:websockets.protocol:client - received solicited pong: 1b804598
DEBUG:websockets.protocol:client - event = data_received(<2 bytes>)
DEBUG:websockets.protocol:client < Frame(fin=True, opcode=9, data=b'', rsv1=False, rsv2=False, rsv3=False)
DEBUG:websockets.protocol:client - received ping, sending pong: [empty]
DEBUG:websockets.protocol:client > Frame(fin=True, opcode=10, data=b'', rsv1=False, rsv2=False, rsv3=False)
DEBUG:websockets.protocol:client - event = data_received(<2 bytes>)
DEBUG:websockets.protocol:client < Frame(fin=True, opcode=9, data=b'', rsv1=False, rsv2=False, rsv3=False)
DEBUG:websockets.protocol:client - received ping, sending pong: [empty]
DEBUG:websockets.protocol:client > Frame(fin=True, opcode=10, data=b'', rsv1=False, rsv2=False, rsv3=False)
DEBUG:websockets.protocol:client - event = data_received(<2 bytes>)
DEBUG:websockets.protocol:client < Frame(fin=True, opcode=9, data=b'', rsv1=False, rsv2=False, rsv3=False)
DEBUG:websockets.protocol:client - received ping, sending pong: [empty]
DEBUG:websockets.protocol:client > Frame(fin=True, opcode=10, data=b'', rsv1=False, rsv2=False, rsv3=False)
DEBUG:websockets.protocol:client - event = data_received(<2 bytes>)
DEBUG:websockets.protocol:client < Frame(fin=True, opcode=9, data=b'', rsv1=False, rsv2=False, rsv3=False)
DEBUG:websockets.protocol:client - received ping, sending pong: [empty]
DEBUG:websockets.protocol:client > Frame(fin=True, opcode=10, data=b'', rsv1=False, rsv2=False, rsv3=False)
DEBUG:websockets.protocol:client - event = data_received(<2 bytes>)
DEBUG:websockets.protocol:client < Frame(fin=True, opcode=9, data=b'', rsv1=False, rsv2=False, rsv3=False)
DEBUG:websockets.protocol:client - received ping, sending pong: [empty]
DEBUG:websockets.protocol:client > Frame(fin=True, opcode=10, data=b'', rsv1=False, rsv2=False, rsv3=False)
DEBUG:websockets.protocol:client - event = data_received(<2 bytes>)
DEBUG:websockets.protocol:client < Frame(fin=True, opcode=9, data=b'', rsv1=False, rsv2=False, rsv3=False)
DEBUG:websockets.protocol:client - received ping, sending pong: [empty]
DEBUG:websockets.protocol:client > Frame(fin=True, opcode=10, data=b'', rsv1=False, rsv2=False, rsv3=False)
DEBUG:websockets.protocol:client > Frame(fin=True, opcode=9, data=b'\x92#\xf9\x84', rsv1=False, rsv2=False, rsv3=False)
DEBUG:websockets.protocol:client - event = data_received(<6 bytes>)
DEBUG:websockets.protocol:client < Frame(fin=True, opcode=10, data=b'\x92#\xf9\x84', rsv1=False, rsv2=False, rsv3=False)
DEBUG:websockets.protocol:client - received solicited pong: 9223f984
DEBUG:websockets.protocol:client - event = data_received(<2 bytes>)
DEBUG:websockets.protocol:client < Frame(fin=True, opcode=9, data=b'', rsv1=False, rsv2=False, rsv3=False)
DEBUG:websockets.protocol:client - received ping, sending pong: [empty]
DEBUG:websockets.protocol:client > Frame(fin=True, opcode=10, data=b'', rsv1=False, rsv2=False, rsv3=False)
DEBUG:websockets.protocol:client - event = data_received(<2 bytes>)
DEBUG:websockets.protocol:client < Frame(fin=True, opcode=9, data=b'', rsv1=False, rsv2=False, rsv3=False)
DEBUG:websockets.protocol:client - received ping, sending pong: [empty]
DEBUG:websockets.protocol:client > Frame(fin=True, opcode=10, data=b'', rsv1=False, rsv2=False, rsv3=False)
DEBUG:websockets.protocol:client > Frame(fin=True, opcode=9, data=b'\\\x9c&k', rsv1=False, rsv2=False, rsv3=False)
DEBUG:websockets.protocol:client - event = data_received(<6 bytes>)
DEBUG:websockets.protocol:client < Frame(fin=True, opcode=10, data=b'\\\x9c&k', rsv1=False, rsv2=False, rsv3=False)
DEBUG:websockets.protocol:client - received solicited pong: 5c9c266b
DEBUG:websockets.protocol:client - event = data_received(<2 bytes>)
DEBUG:websockets.protocol:client < Frame(fin=True, opcode=9, data=b'', rsv1=False, rsv2=False, rsv3=False)
DEBUG:websockets.protocol:client - received ping, sending pong: [empty]
DEBUG:websockets.protocol:client > Frame(fin=True, opcode=10, data=b'', rsv1=False, rsv2=False, rsv3=False)
DEBUG:websockets.protocol:client - event = data_received(<2 bytes>)
DEBUG:websockets.protocol:client < Frame(fin=True, opcode=9, data=b'', rsv1=False, rsv2=False, rsv3=False)
DEBUG:websockets.protocol:client - received ping, sending pong: [empty]
DEBUG:websockets.protocol:client > Frame(fin=True, opcode=10, data=b'', rsv1=False, rsv2=False, rsv3=False)
DEBUG:websockets.protocol:client - event = data_received(<2 bytes>)
DEBUG:websockets.protocol:client < Frame(fin=True, opcode=9, data=b'', rsv1=False, rsv2=False, rsv3=False)
DEBUG:websockets.protocol:client - received ping, sending pong: [empty]
DEBUG:websockets.protocol:client > Frame(fin=True, opcode=10, data=b'', rsv1=False, rsv2=False, rsv3=False)
DEBUG:websockets.protocol:client - event = data_received(<2 bytes>)
DEBUG:websockets.protocol:client < Frame(fin=True, opcode=9, data=b'', rsv1=False, rsv2=False, rsv3=False)
DEBUG:websockets.protocol:client - received ping, sending pong: [empty]
DEBUG:websockets.protocol:client > Frame(fin=True, opcode=10, data=b'', rsv1=False, rsv2=False, rsv3=False)
DEBUG:websockets.protocol:client > Frame(fin=True, opcode=9, data=b'\x7f!q\xfb', rsv1=False, rsv2=False, rsv3=False)
DEBUG:websockets.protocol:client - event = data_received(<6 bytes>)
DEBUG:websockets.protocol:client < Frame(fin=True, opcode=10, data=b'\x7f!q\xfb', rsv1=False, rsv2=False, rsv3=False)
DEBUG:websockets.protocol:client - received solicited pong: 7f2171fb
DEBUG:websockets.protocol:client - event = data_received(<2 bytes>)
DEBUG:websockets.protocol:client < Frame(fin=True, opcode=9, data=b'', rsv1=False, rsv2=False, rsv3=False)
DEBUG:websockets.protocol:client - received ping, sending pong: [empty]
DEBUG:websockets.protocol:client > Frame(fin=True, opcode=10, data=b'', rsv1=False, rsv2=False, rsv3=False)
DEBUG:websockets.protocol:client - event = data_received(<2 bytes>)
DEBUG:websockets.protocol:client < Frame(fin=True, opcode=9, data=b'', rsv1=False, rsv2=False, rsv3=False)
DEBUG:websockets.protocol:client - received ping, sending pong: [empty]
DEBUG:websockets.protocol:client > Frame(fin=True, opcode=10, data=b'', rsv1=False, rsv2=False, rsv3=False)
DEBUG:websockets.protocol:client - event = data_received(<2 bytes>)
DEBUG:websockets.protocol:client < Frame(fin=True, opcode=9, data=b'', rsv1=False, rsv2=False, rsv3=False)
DEBUG:websockets.protocol:client - received ping, sending pong: [empty]
DEBUG:websockets.protocol:client > Frame(fin=True, opcode=10, data=b'', rsv1=False, rsv2=False, rsv3=False)
DEBUG:websockets.protocol:client - event = data_received(<2 bytes>)
DEBUG:websockets.protocol:client < Frame(fin=True, opcode=9, data=b'', rsv1=False, rsv2=False, rsv3=False)
DEBUG:websockets.protocol:client - received ping, sending pong: [empty]
DEBUG:websockets.protocol:client > Frame(fin=True, opcode=10, data=b'', rsv1=False, rsv2=False, rsv3=False)
DEBUG:websockets.protocol:client - event = data_received(<2 bytes>)
DEBUG:websockets.protocol:client < Frame(fin=True, opcode=9, data=b'', rsv1=False, rsv2=False, rsv3=False)
DEBUG:websockets.protocol:client - received ping, sending pong: [empty]
DEBUG:websockets.protocol:client > Frame(fin=True, opcode=10, data=b'', rsv1=False, rsv2=False, rsv3=False)
DEBUG:websockets.protocol:client - event = data_received(<2 bytes>)
DEBUG:websockets.protocol:client < Frame(fin=True, opcode=9, data=b'', rsv1=False, rsv2=False, rsv3=False)
DEBUG:websockets.protocol:client - received ping, sending pong: [empty]
DEBUG:websockets.protocol:client > Frame(fin=True, opcode=10, data=b'', rsv1=False, rsv2=False, rsv3=False)
DEBUG:websockets.protocol:client > Frame(fin=True, opcode=9, data=b'!\xb7\x17\x8c', rsv1=False, rsv2=False, rsv3=False)
DEBUG:websockets.protocol:client - event = data_received(<6 bytes>)
DEBUG:websockets.protocol:client < Frame(fin=True, opcode=10, data=b'!\xb7\x17\x8c', rsv1=False, rsv2=False, rsv3=False)
DEBUG:websockets.protocol:client - received solicited pong: 21b7178c
DEBUG:websockets.protocol:client - event = data_received(<2 bytes>)
DEBUG:websockets.protocol:client < Frame(fin=True, opcode=9, data=b'', rsv1=False, rsv2=False, rsv3=False)
DEBUG:websockets.protocol:client - received ping, sending pong: [empty]
DEBUG:websockets.protocol:client > Frame(fin=True, opcode=10, data=b'', rsv1=False, rsv2=False, rsv3=False)
DEBUG:websockets.protocol:client > Frame(fin=True, opcode=9, data=b')sa1', rsv1=False, rsv2=False, rsv3=False)
DEBUG:websockets.protocol:client - event = data_received(<6 bytes>)
DEBUG:websockets.protocol:client < Frame(fin=True, opcode=10, data=b')sa1', rsv1=False, rsv2=False, rsv3=False)
DEBUG:websockets.protocol:client - received solicited pong: 29736131
DEBUG:websockets.protocol:client - event = data_received(<2 bytes>)
DEBUG:websockets.protocol:client < Frame(fin=True, opcode=9, data=b'', rsv1=False, rsv2=False, rsv3=False)
DEBUG:websockets.protocol:client - received ping, sending pong: [empty]
DEBUG:websockets.protocol:client > Frame(fin=True, opcode=10, data=b'', rsv1=False, rsv2=False, rsv3=False)
DEBUG:websockets.protocol:client - event = data_received(<2 bytes>)
DEBUG:websockets.protocol:client < Frame(fin=True, opcode=9, data=b'', rsv1=False, rsv2=False, rsv3=False)
DEBUG:websockets.protocol:client - received ping, sending pong: [empty]
DEBUG:websockets.protocol:client > Frame(fin=True, opcode=10, data=b'', rsv1=False, rsv2=False, rsv3=False)
DEBUG:websockets.protocol:client - event = data_received(<2 bytes>)
DEBUG:websockets.protocol:client < Frame(fin=True, opcode=9, data=b'', rsv1=False, rsv2=False, rsv3=False)
DEBUG:websockets.protocol:client - received ping, sending pong: [empty]
DEBUG:websockets.protocol:client > Frame(fin=True, opcode=10, data=b'', rsv1=False, rsv2=False, rsv3=False)
DEBUG:websockets.protocol:client - event = data_received(<2 bytes>)
DEBUG:websockets.protocol:client < Frame(fin=True, opcode=9, data=b'', rsv1=False, rsv2=False, rsv3=False)
DEBUG:websockets.protocol:client - received ping, sending pong: [empty]
DEBUG:websockets.protocol:client > Frame(fin=True, opcode=10, data=b'', rsv1=False, rsv2=False, rsv3=False)
DEBUG:websockets.protocol:client - event = data_received(<2 bytes>)
DEBUG:websockets.protocol:client < Frame(fin=True, opcode=9, data=b'', rsv1=False, rsv2=False, rsv3=False)
DEBUG:websockets.protocol:client - received ping, sending pong: [empty]
DEBUG:websockets.protocol:client > Frame(fin=True, opcode=10, data=b'', rsv1=False, rsv2=False, rsv3=False)
DEBUG:websockets.protocol:client - event = data_received(<2 bytes>)
DEBUG:websockets.protocol:client < Frame(fin=True, opcode=9, data=b'', rsv1=False, rsv2=False, rsv3=False)
DEBUG:websockets.protocol:client - received ping, sending pong: [empty]
DEBUG:websockets.protocol:client > Frame(fin=True, opcode=10, data=b'', rsv1=False, rsv2=False, rsv3=False)
DEBUG:websockets.protocol:client - event = data_received(<2 bytes>)
DEBUG:websockets.protocol:client < Frame(fin=True, opcode=9, data=b'', rsv1=False, rsv2=False, rsv3=False)
DEBUG:websockets.protocol:client - received ping, sending pong: [empty]
DEBUG:websockets.protocol:client > Frame(fin=True, opcode=10, data=b'', rsv1=False, rsv2=False, rsv3=False)
DEBUG:websockets.protocol:client > Frame(fin=True, opcode=9, data=b'_\x93\xea\x17', rsv1=False, rsv2=False, rsv3=False)
DEBUG:websockets.protocol:client - event = data_received(<6 bytes>)
DEBUG:websockets.protocol:client < Frame(fin=True, opcode=10, data=b'_\x93\xea\x17', rsv1=False, rsv2=False, rsv3=False)
DEBUG:websockets.protocol:client - received solicited pong: 5f93ea17
DEBUG:websockets.protocol:client - event = data_received(<2 bytes>)
DEBUG:websockets.protocol:client < Frame(fin=True, opcode=9, data=b'', rsv1=False, rsv2=False, rsv3=False)
DEBUG:websockets.protocol:client - received ping, sending pong: [empty]
DEBUG:websockets.protocol:client > Frame(fin=True, opcode=10, data=b'', rsv1=False, rsv2=False, rsv3=False)
DEBUG:websockets.protocol:client - event = data_received(<2 bytes>)
DEBUG:websockets.protocol:client < Frame(fin=True, opcode=9, data=b'', rsv1=False, rsv2=False, rsv3=False)
DEBUG:websockets.protocol:client - received ping, sending pong: [empty]
DEBUG:websockets.protocol:client > Frame(fin=True, opcode=10, data=b'', rsv1=False, rsv2=False, rsv3=False)
DEBUG:websockets.protocol:client > Frame(fin=True, opcode=9, data=b'X\x12Y\x12', rsv1=False, rsv2=False, rsv3=False)
DEBUG:websockets.protocol:client - event = data_received(<2 bytes>)
DEBUG:websockets.protocol:client < Frame(fin=True, opcode=9, data=b'', rsv1=False, rsv2=False, rsv3=False)
DEBUG:websockets.protocol:client - received ping, sending pong: [empty]
DEBUG:websockets.protocol:client > Frame(fin=True, opcode=10, data=b'', rsv1=False, rsv2=False, rsv3=False)
DEBUG:websockets.protocol:client - event = data_received(<6 bytes>)
DEBUG:websockets.protocol:client < Frame(fin=True, opcode=10, data=b'X\x12Y\x12', rsv1=False, rsv2=False, rsv3=False)
DEBUG:websockets.protocol:client - received solicited pong: 58125912
DEBUG:websockets.protocol:client - event = data_received(<2 bytes>)
DEBUG:websockets.protocol:client < Frame(fin=True, opcode=9, data=b'', rsv1=False, rsv2=False, rsv3=False)
DEBUG:websockets.protocol:client - received ping, sending pong: [empty]
DEBUG:websockets.protocol:client > Frame(fin=True, opcode=10, data=b'', rsv1=False, rsv2=False, rsv3=False)
DEBUG:websockets.protocol:client - event = data_received(<2 bytes>)
DEBUG:websockets.protocol:client < Frame(fin=True, opcode=9, data=b'', rsv1=False, rsv2=False, rsv3=False)
DEBUG:websockets.protocol:client - received ping, sending pong: [empty]
DEBUG:websockets.protocol:client > Frame(fin=True, opcode=10, data=b'', rsv1=False, rsv2=False, rsv3=False)
DEBUG:websockets.protocol:client - event = data_received(<2 bytes>)
DEBUG:websockets.protocol:client < Frame(fin=True, opcode=9, data=b'', rsv1=False, rsv2=False, rsv3=False)
DEBUG:websockets.protocol:client - received ping, sending pong: [empty]
DEBUG:websockets.protocol:client > Frame(fin=True, opcode=10, data=b'', rsv1=False, rsv2=False, rsv3=False)
DEBUG:websockets.protocol:client > Frame(fin=True, opcode=9, data=b'\x8f\x1e\xce\x1b', rsv1=False, rsv2=False, rsv3=False)
DEBUG:websockets.protocol:client - event = data_received(<6 bytes>)
DEBUG:websockets.protocol:client < Frame(fin=True, opcode=10, data=b'\x8f\x1e\xce\x1b', rsv1=False, rsv2=False, rsv3=False)
DEBUG:websockets.protocol:client - received solicited pong: 8f1ece1b
DEBUG:websockets.protocol:client - event = data_received(<2 bytes>)
DEBUG:websockets.protocol:client < Frame(fin=True, opcode=9, data=b'', rsv1=False, rsv2=False, rsv3=False)
DEBUG:websockets.protocol:client - received ping, sending pong: [empty]
DEBUG:websockets.protocol:client > Frame(fin=True, opcode=10, data=b'', rsv1=False, rsv2=False, rsv3=False)
DEBUG:websockets.protocol:client - event = data_received(<2 bytes>)
DEBUG:websockets.protocol:client < Frame(fin=True, opcode=9, data=b'', rsv1=False, rsv2=False, rsv3=False)
DEBUG:websockets.protocol:client - received ping, sending pong: [empty]
DEBUG:websockets.protocol:client > Frame(fin=True, opcode=10, data=b'', rsv1=False, rsv2=False, rsv3=False)
DEBUG:websockets.protocol:client - event = data_received(<2 bytes>)
DEBUG:websockets.protocol:client < Frame(fin=True, opcode=9, data=b'', rsv1=False, rsv2=False, rsv3=False)
DEBUG:websockets.protocol:client - received ping, sending pong: [empty]
DEBUG:websockets.protocol:client > Frame(fin=True, opcode=10, data=b'', rsv1=False, rsv2=False, rsv3=False)
DEBUG:websockets.protocol:client - event = data_received(<2 bytes>)
DEBUG:websockets.protocol:client < Frame(fin=True, opcode=9, data=b'', rsv1=False, rsv2=False, rsv3=False)
DEBUG:websockets.protocol:client - received ping, sending pong: [empty]
DEBUG:websockets.protocol:client > Frame(fin=True, opcode=10, data=b'', rsv1=False, rsv2=False, rsv3=False)
DEBUG:websockets.protocol:client - event = data_received(<2 bytes>)
DEBUG:websockets.protocol:client < Frame(fin=True, opcode=9, data=b'', rsv1=False, rsv2=False, rsv3=False)
DEBUG:websockets.protocol:client - received ping, sending pong: [empty]
DEBUG:websockets.protocol:client > Frame(fin=True, opcode=10, data=b'', rsv1=False, rsv2=False, rsv3=False)
DEBUG:websockets.protocol:client - event = data_received(<2 bytes>)
DEBUG:websockets.protocol:client < Frame(fin=True, opcode=9, data=b'', rsv1=False, rsv2=False, rsv3=False)
DEBUG:websockets.protocol:client - received ping, sending pong: [empty]
DEBUG:websockets.protocol:client > Frame(fin=True, opcode=10, data=b'', rsv1=False, rsv2=False, rsv3=False)
DEBUG:websockets.protocol:client > Frame(fin=True, opcode=9, data=b':M\xd4\x89', rsv1=False, rsv2=False, rsv3=False)
DEBUG:websockets.protocol:client - event = data_received(<6 bytes>)
DEBUG:websockets.protocol:client < Frame(fin=True, opcode=10, data=b':M\xd4\x89', rsv1=False, rsv2=False, rsv3=False)
DEBUG:websockets.protocol:client - received solicited pong: 3a4dd489
DEBUG:websockets.protocol:client > Frame(fin=True, opcode=9, data=b'\xf1\x9b\x95\xeb', rsv1=False, rsv2=False, rsv3=False)
DEBUG:websockets.protocol:client - event = data_received(<6 bytes>)
DEBUG:websockets.protocol:client < Frame(fin=True, opcode=10, data=b'\xf1\x9b\x95\xeb', rsv1=False, rsv2=False, rsv3=False)
DEBUG:websockets.protocol:client - received solicited pong: f19b95eb
DEBUG:websockets.protocol:client - event = data_received(<2 bytes>)
DEBUG:websockets.protocol:client < Frame(fin=True, opcode=9, data=b'', rsv1=False, rsv2=False, rsv3=False)
DEBUG:websockets.protocol:client - received ping, sending pong: [empty]
DEBUG:websockets.protocol:client > Frame(fin=True, opcode=10, data=b'', rsv1=False, rsv2=False, rsv3=False)
DEBUG:websockets.protocol:client - event = data_received(<2 bytes>)
DEBUG:websockets.protocol:client < Frame(fin=True, opcode=9, data=b'', rsv1=False, rsv2=False, rsv3=False)
DEBUG:websockets.protocol:client - received ping, sending pong: [empty]
DEBUG:websockets.protocol:client > Frame(fin=True, opcode=10, data=b'', rsv1=False, rsv2=False, rsv3=False)
DEBUG:websockets.protocol:client - event = data_received(<2 bytes>)
DEBUG:websockets.protocol:client < Frame(fin=True, opcode=9, data=b'', rsv1=False, rsv2=False, rsv3=False)
DEBUG:websockets.protocol:client - received ping, sending pong: [empty]
DEBUG:websockets.protocol:client > Frame(fin=True, opcode=10, data=b'', rsv1=False, rsv2=False, rsv3=False)
DEBUG:websockets.protocol:client - event = data_received(<2 bytes>)
DEBUG:websockets.protocol:client < Frame(fin=True, opcode=9, data=b'', rsv1=False, rsv2=False, rsv3=False)
DEBUG:websockets.protocol:client - received ping, sending pong: [empty]
DEBUG:websockets.protocol:client > Frame(fin=True, opcode=10, data=b'', rsv1=False, rsv2=False, rsv3=False)
DEBUG:websockets.protocol:client - event = data_received(<2 bytes>)
DEBUG:websockets.protocol:client < Frame(fin=True, opcode=9, data=b'', rsv1=False, rsv2=False, rsv3=False)
DEBUG:websockets.protocol:client - received ping, sending pong: [empty]
DEBUG:websockets.protocol:client > Frame(fin=True, opcode=10, data=b'', rsv1=False, rsv2=False, rsv3=False)
DEBUG:websockets.protocol:client > Frame(fin=True, opcode=9, data=b'\xdc\xf1\xcbg', rsv1=False, rsv2=False, rsv3=False)
DEBUG:websockets.protocol:client - event = data_received(<6 bytes>)
DEBUG:websockets.protocol:client < Frame(fin=True, opcode=10, data=b'\xdc\xf1\xcbg', rsv1=False, rsv2=False, rsv3=False)
DEBUG:websockets.protocol:client - received solicited pong: dcf1cb67
DEBUG:websockets.protocol:client - event = data_received(<2 bytes>)
DEBUG:websockets.protocol:client < Frame(fin=True, opcode=9, data=b'', rsv1=False, rsv2=False, rsv3=False)
DEBUG:websockets.protocol:client - received ping, sending pong: [empty]
DEBUG:websockets.protocol:client > Frame(fin=True, opcode=10, data=b'', rsv1=False, rsv2=False, rsv3=False)
DEBUG:websockets.protocol:client - event = data_received(<2 bytes>)
DEBUG:websockets.protocol:client < Frame(fin=True, opcode=9, data=b'', rsv1=False, rsv2=False, rsv3=False)
DEBUG:websockets.protocol:client - received ping, sending pong: [empty]
DEBUG:websockets.protocol:client > Frame(fin=True, opcode=10, data=b'', rsv1=False, rsv2=False, rsv3=False)
DEBUG:websockets.protocol:client - event = data_received(<2 bytes>)
DEBUG:websockets.protocol:client < Frame(fin=True, opcode=9, data=b'', rsv1=False, rsv2=False, rsv3=False)
DEBUG:websockets.protocol:client - received ping, sending pong: [empty]
DEBUG:websockets.protocol:client > Frame(fin=True, opcode=10, data=b'', rsv1=False, rsv2=False, rsv3=False)
DEBUG:websockets.protocol:client > Frame(fin=True, opcode=9, data=b'\xe3\xfb"\xc5', rsv1=False, rsv2=False, rsv3=False)
DEBUG:websockets.protocol:client - event = data_received(<6 bytes>)
DEBUG:websockets.protocol:client < Frame(fin=True, opcode=10, data=b'\xe3\xfb"\xc5', rsv1=False, rsv2=False, rsv3=False)
DEBUG:websockets.protocol:client - received solicited pong: e3fb22c5
DEBUG:websockets.protocol:client - event = data_received(<2 bytes>)
DEBUG:websockets.protocol:client < Frame(fin=True, opcode=9, data=b'', rsv1=False, rsv2=False, rsv3=False)
DEBUG:websockets.protocol:client - received ping, sending pong: [empty]
DEBUG:websockets.protocol:client > Frame(fin=True, opcode=10, data=b'', rsv1=False, rsv2=False, rsv3=False)
DEBUG:websockets.protocol:client - event = data_received(<2 bytes>)
DEBUG:websockets.protocol:client < Frame(fin=True, opcode=9, data=b'', rsv1=False, rsv2=False, rsv3=False)
DEBUG:websockets.protocol:client - received ping, sending pong: [empty]
DEBUG:websockets.protocol:client > Frame(fin=True, opcode=10, data=b'', rsv1=False, rsv2=False, rsv3=False)
DEBUG:websockets.protocol:client - event = data_received(<2 bytes>)
DEBUG:websockets.protocol:client < Frame(fin=True, opcode=9, data=b'', rsv1=False, rsv2=False, rsv3=False)
DEBUG:websockets.protocol:client - received ping, sending pong: [empty]
DEBUG:websockets.protocol:client > Frame(fin=True, opcode=10, data=b'', rsv1=False, rsv2=False, rsv3=False)
DEBUG:websockets.protocol:client > Frame(fin=True, opcode=9, data=b'7\x7f\x14V', rsv1=False, rsv2=False, rsv3=False)
DEBUG:websockets.protocol:client - event = data_received(<6 bytes>)
DEBUG:websockets.protocol:client < Frame(fin=True, opcode=10, data=b'7\x7f\x14V', rsv1=False, rsv2=False, rsv3=False)
DEBUG:websockets.protocol:client - received solicited pong: 377f1456
DEBUG:websockets.protocol:client - event = data_received(<2 bytes>)
DEBUG:websockets.protocol:client < Frame(fin=True, opcode=9, data=b'', rsv1=False, rsv2=False, rsv3=False)
DEBUG:websockets.protocol:client - received ping, sending pong: [empty]
DEBUG:websockets.protocol:client > Frame(fin=True, opcode=10, data=b'', rsv1=False, rsv2=False, rsv3=False)
DEBUG:websockets.protocol:client - event = data_received(<2 bytes>)
DEBUG:websockets.protocol:client < Frame(fin=True, opcode=9, data=b'', rsv1=False, rsv2=False, rsv3=False)
DEBUG:websockets.protocol:client - received ping, sending pong: [empty]
DEBUG:websockets.protocol:client > Frame(fin=True, opcode=10, data=b'', rsv1=False, rsv2=False, rsv3=False)
DEBUG:websockets.protocol:client - event = data_received(<2 bytes>)
DEBUG:websockets.protocol:client < Frame(fin=True, opcode=9, data=b'', rsv1=False, rsv2=False, rsv3=False)
DEBUG:websockets.protocol:client - received ping, sending pong: [empty]
DEBUG:websockets.protocol:client > Frame(fin=True, opcode=10, data=b'', rsv1=False, rsv2=False, rsv3=False)
DEBUG:websockets.protocol:client - event = data_received(<2 bytes>)
DEBUG:websockets.protocol:client < Frame(fin=True, opcode=9, data=b'', rsv1=False, rsv2=False, rsv3=False)
DEBUG:websockets.protocol:client - received ping, sending pong: [empty]
DEBUG:websockets.protocol:client > Frame(fin=True, opcode=10, data=b'', rsv1=False, rsv2=False, rsv3=False)
DEBUG:websockets.protocol:client - event = data_received(<2 bytes>)
DEBUG:websockets.protocol:client < Frame(fin=True, opcode=9, data=b'', rsv1=False, rsv2=False, rsv3=False)
DEBUG:websockets.protocol:client - received ping, sending pong: [empty]
DEBUG:websockets.protocol:client > Frame(fin=True, opcode=10, data=b'', rsv1=False, rsv2=False, rsv3=False)
DEBUG:websockets.protocol:client - event = data_received(<2 bytes>)
DEBUG:websockets.protocol:client < Frame(fin=True, opcode=9, data=b'', rsv1=False, rsv2=False, rsv3=False)
DEBUG:websockets.protocol:client - received ping, sending pong: [empty]
DEBUG:websockets.protocol:client > Frame(fin=True, opcode=10, data=b'', rsv1=False, rsv2=False, rsv3=False)
DEBUG:websockets.protocol:client > Frame(fin=True, opcode=9, data=b'9\xc1\xd1\xce', rsv1=False, rsv2=False, rsv3=False)
DEBUG:websockets.protocol:client - event = data_received(<6 bytes>)
DEBUG:websockets.protocol:client < Frame(fin=True, opcode=10, data=b'9\xc1\xd1\xce', rsv1=False, rsv2=False, rsv3=False)
DEBUG:websockets.protocol:client - received solicited pong: 39c1d1ce
DEBUG:websockets.protocol:client > Frame(fin=True, opcode=9, data=b'^9@\xcf', rsv1=False, rsv2=False, rsv3=False)
DEBUG:websockets.protocol:client - event = data_received(<6 bytes>)
DEBUG:websockets.protocol:client < Frame(fin=True, opcode=10, data=b'^9@\xcf', rsv1=False, rsv2=False, rsv3=False)
DEBUG:websockets.protocol:client - received solicited pong: 5e3940cf
DEBUG:websockets.protocol:client - event = data_received(<2 bytes>)
DEBUG:websockets.protocol:client < Frame(fin=True, opcode=9, data=b'', rsv1=False, rsv2=False, rsv3=False)
DEBUG:websockets.protocol:client - received ping, sending pong: [empty]
DEBUG:websockets.protocol:client > Frame(fin=True, opcode=10, data=b'', rsv1=False, rsv2=False, rsv3=False)
DEBUG:websockets.protocol:client - event = data_received(<2 bytes>)
DEBUG:websockets.protocol:client < Frame(fin=True, opcode=9, data=b'', rsv1=False, rsv2=False, rsv3=False)
DEBUG:websockets.protocol:client - received ping, sending pong: [empty]
DEBUG:websockets.protocol:client > Frame(fin=True, opcode=10, data=b'', rsv1=False, rsv2=False, rsv3=False)
DEBUG:websockets.protocol:client - event = data_received(<2 bytes>)
DEBUG:websockets.protocol:client < Frame(fin=True, opcode=9, data=b'', rsv1=False, rsv2=False, rsv3=False)
DEBUG:websockets.protocol:client - received ping, sending pong: [empty]
DEBUG:websockets.protocol:client > Frame(fin=True, opcode=10, data=b'', rsv1=False, rsv2=False, rsv3=False)
DEBUG:websockets.protocol:client - event = data_received(<2 bytes>)
DEBUG:websockets.protocol:client < Frame(fin=True, opcode=9, data=b'', rsv1=False, rsv2=False, rsv3=False)
DEBUG:websockets.protocol:client - received ping, sending pong: [empty]
DEBUG:websockets.protocol:client > Frame(fin=True, opcode=10, data=b'', rsv1=False, rsv2=False, rsv3=False)
DEBUG:websockets.protocol:client - event = data_received(<2 bytes>)
DEBUG:websockets.protocol:client < Frame(fin=True, opcode=9, data=b'', rsv1=False, rsv2=False, rsv3=False)
DEBUG:websockets.protocol:client - received ping, sending pong: [empty]
DEBUG:websockets.protocol:client > Frame(fin=True, opcode=10, data=b'', rsv1=False, rsv2=False, rsv3=False)
DEBUG:websockets.protocol:client - event = data_received(<2 bytes>)
DEBUG:websockets.protocol:client < Frame(fin=True, opcode=9, data=b'', rsv1=False, rsv2=False, rsv3=False)
DEBUG:websockets.protocol:client - received ping, sending pong: [empty]
DEBUG:websockets.protocol:client > Frame(fin=True, opcode=10, data=b'', rsv1=False, rsv2=False, rsv3=False)
DEBUG:websockets.protocol:client > Frame(fin=True, opcode=9, data=b'\xc98\x1eX', rsv1=False, rsv2=False, rsv3=False)
DEBUG:websockets.protocol:client - event = data_received(<6 bytes>)
DEBUG:websockets.protocol:client < Frame(fin=True, opcode=10, data=b'\xc98\x1eX', rsv1=False, rsv2=False, rsv3=False)
DEBUG:websockets.protocol:client - received solicited pong: c9381e58
DEBUG:websockets.protocol:client - event = data_received(<2 bytes>)
DEBUG:websockets.protocol:client < Frame(fin=True, opcode=9, data=b'', rsv1=False, rsv2=False, rsv3=False)
DEBUG:websockets.protocol:client - received ping, sending pong: [empty]
DEBUG:websockets.protocol:client > Frame(fin=True, opcode=10, data=b'', rsv1=False, rsv2=False, rsv3=False)
DEBUG:websockets.protocol:client - event = data_received(<2 bytes>)
DEBUG:websockets.protocol:client < Frame(fin=True, opcode=9, data=b'', rsv1=False, rsv2=False, rsv3=False)
DEBUG:websockets.protocol:client - received ping, sending pong: [empty]
DEBUG:websockets.protocol:client > Frame(fin=True, opcode=10, data=b'', rsv1=False, rsv2=False, rsv3=False)
DEBUG:websockets.protocol:client - event = data_received(<2 bytes>)
DEBUG:websockets.protocol:client < Frame(fin=True, opcode=9, data=b'', rsv1=False, rsv2=False, rsv3=False)
DEBUG:websockets.protocol:client - received ping, sending pong: [empty]
DEBUG:websockets.protocol:client > Frame(fin=True, opcode=10, data=b'', rsv1=False, rsv2=False, rsv3=False)
DEBUG:websockets.protocol:client > Frame(fin=True, opcode=9, data=b'sY\xba\x16', rsv1=False, rsv2=False, rsv3=False)
DEBUG:websockets.protocol:client - event = data_received(<6 bytes>)
DEBUG:websockets.protocol:client < Frame(fin=True, opcode=10, data=b'sY\xba\x16', rsv1=False, rsv2=False, rsv3=False)
DEBUG:websockets.protocol:client - received solicited pong: 7359ba16
DEBUG:websockets.protocol:client - event = data_received(<2 bytes>)
DEBUG:websockets.protocol:client < Frame(fin=True, opcode=9, data=b'', rsv1=False, rsv2=False, rsv3=False)
DEBUG:websockets.protocol:client - received ping, sending pong: [empty]
DEBUG:websockets.protocol:client > Frame(fin=True, opcode=10, data=b'', rsv1=False, rsv2=False, rsv3=False)
DEBUG:websockets.protocol:client - event = data_received(<2 bytes>)
DEBUG:websockets.protocol:client < Frame(fin=True, opcode=9, data=b'', rsv1=False, rsv2=False, rsv3=False)
DEBUG:websockets.protocol:client - received ping, sending pong: [empty]
DEBUG:websockets.protocol:client > Frame(fin=True, opcode=10, data=b'', rsv1=False, rsv2=False, rsv3=False)
DEBUG:websockets.protocol:client - event = data_received(<2 bytes>)
DEBUG:websockets.protocol:client < Frame(fin=True, opcode=9, data=b'', rsv1=False, rsv2=False, rsv3=False)
DEBUG:websockets.protocol:client - received ping, sending pong: [empty]
DEBUG:websockets.protocol:client > Frame(fin=True, opcode=10, data=b'', rsv1=False, rsv2=False, rsv3=False)
DEBUG:websockets.protocol:client - event = data_received(<2 bytes>)
DEBUG:websockets.protocol:client < Frame(fin=True, opcode=9, data=b'', rsv1=False, rsv2=False, rsv3=False)
DEBUG:websockets.protocol:client - received ping, sending pong: [empty]
DEBUG:websockets.protocol:client > Frame(fin=True, opcode=10, data=b'', rsv1=False, rsv2=False, rsv3=False)
DEBUG:websockets.protocol:client > Frame(fin=True, opcode=9, data=b'\x96\x86\xa5\xf8', rsv1=False, rsv2=False, rsv3=False)
DEBUG:websockets.protocol:client - event = data_received(<6 bytes>)
DEBUG:websockets.protocol:client < Frame(fin=True, opcode=10, data=b'\x96\x86\xa5\xf8', rsv1=False, rsv2=False, rsv3=False)
DEBUG:websockets.protocol:client - received solicited pong: 9686a5f8
DEBUG:websockets.protocol:client - event = data_received(<2 bytes>)
DEBUG:websockets.protocol:client < Frame(fin=True, opcode=9, data=b'', rsv1=False, rsv2=False, rsv3=False)
DEBUG:websockets.protocol:client - received ping, sending pong: [empty]
DEBUG:websockets.protocol:client > Frame(fin=True, opcode=10, data=b'', rsv1=False, rsv2=False, rsv3=False)
DEBUG:websockets.protocol:client - event = data_received(<2 bytes>)
DEBUG:websockets.protocol:client < Frame(fin=True, opcode=9, data=b'', rsv1=False, rsv2=False, rsv3=False)
DEBUG:websockets.protocol:client - received ping, sending pong: [empty]
DEBUG:websockets.protocol:client > Frame(fin=True, opcode=10, data=b'', rsv1=False, rsv2=False, rsv3=False)
DEBUG:websockets.protocol:client - event = data_received(<2 bytes>)
DEBUG:websockets.protocol:client < Frame(fin=True, opcode=9, data=b'', rsv1=False, rsv2=False, rsv3=False)
DEBUG:websockets.protocol:client - received ping, sending pong: [empty]
DEBUG:websockets.protocol:client > Frame(fin=True, opcode=10, data=b'', rsv1=False, rsv2=False, rsv3=False)
DEBUG:websockets.protocol:client - event = data_received(<2 bytes>)
DEBUG:websockets.protocol:client < Frame(fin=True, opcode=9, data=b'', rsv1=False, rsv2=False, rsv3=False)
DEBUG:websockets.protocol:client - received ping, sending pong: [empty]
DEBUG:websockets.protocol:client > Frame(fin=True, opcode=10, data=b'', rsv1=False, rsv2=False, rsv3=False)
DEBUG:websockets.protocol:client - event = data_received(<2 bytes>)
DEBUG:websockets.protocol:client < Frame(fin=True, opcode=9, data=b'', rsv1=False, rsv2=False, rsv3=False)
DEBUG:websockets.protocol:client - received ping, sending pong: [empty]
DEBUG:websockets.protocol:client > Frame(fin=True, opcode=10, data=b'', rsv1=False, rsv2=False, rsv3=False)
DEBUG:websockets.protocol:client > Frame(fin=True, opcode=9, data=b'\xe6F\x07\x01', rsv1=False, rsv2=False, rsv3=False)
DEBUG:websockets.protocol:client - event = data_received(<6 bytes>)
DEBUG:websockets.protocol:client < Frame(fin=True, opcode=10, data=b'\xe6F\x07\x01', rsv1=False, rsv2=False, rsv3=False)
DEBUG:websockets.protocol:client - received solicited pong: e6460701
DEBUG:websockets.protocol:client - event = data_received(<2 bytes>)
DEBUG:websockets.protocol:client < Frame(fin=True, opcode=9, data=b'', rsv1=False, rsv2=False, rsv3=False)
DEBUG:websockets.protocol:client - received ping, sending pong: [empty]
DEBUG:websockets.protocol:client > Frame(fin=True, opcode=10, data=b'', rsv1=False, rsv2=False, rsv3=False)
DEBUG:websockets.protocol:client > Frame(fin=True, opcode=9, data=b'\x8a\xaco0', rsv1=False, rsv2=False, rsv3=False)
DEBUG:websockets.protocol:client - event = data_received(<6 bytes>)
DEBUG:websockets.protocol:client < Frame(fin=True, opcode=10, data=b'\x8a\xaco0', rsv1=False, rsv2=False, rsv3=False)
DEBUG:websockets.protocol:client - received solicited pong: 8aac6f30
DEBUG:websockets.protocol:client - event = data_received(<2 bytes>)
DEBUG:websockets.protocol:client < Frame(fin=True, opcode=9, data=b'', rsv1=False, rsv2=False, rsv3=False)
DEBUG:websockets.protocol:client - received ping, sending pong: [empty]
DEBUG:websockets.protocol:client > Frame(fin=True, opcode=10, data=b'', rsv1=False, rsv2=False, rsv3=False)
DEBUG:websockets.protocol:client - event = data_received(<2 bytes>)
DEBUG:websockets.protocol:client < Frame(fin=True, opcode=9, data=b'', rsv1=False, rsv2=False, rsv3=False)
DEBUG:websockets.protocol:client - received ping, sending pong: [empty]
DEBUG:websockets.protocol:client > Frame(fin=True, opcode=10, data=b'', rsv1=False, rsv2=False, rsv3=False)
DEBUG:websockets.protocol:client - event = data_received(<2 bytes>)
DEBUG:websockets.protocol:client < Frame(fin=True, opcode=9, data=b'', rsv1=False, rsv2=False, rsv3=False)
DEBUG:websockets.protocol:client - received ping, sending pong: [empty]
DEBUG:websockets.protocol:client > Frame(fin=True, opcode=10, data=b'', rsv1=False, rsv2=False, rsv3=False)
DEBUG:websockets.protocol:client - event = data_received(<2 bytes>)
DEBUG:websockets.protocol:client < Frame(fin=True, opcode=9, data=b'', rsv1=False, rsv2=False, rsv3=False)
DEBUG:websockets.protocol:client - received ping, sending pong: [empty]
DEBUG:websockets.protocol:client > Frame(fin=True, opcode=10, data=b'', rsv1=False, rsv2=False, rsv3=False)
DEBUG:websockets.protocol:client - event = data_received(<2 bytes>)
DEBUG:websockets.protocol:client < Frame(fin=True, opcode=9, data=b'', rsv1=False, rsv2=False, rsv3=False)
DEBUG:websockets.protocol:client - received ping, sending pong: [empty]
DEBUG:websockets.protocol:client > Frame(fin=True, opcode=10, data=b'', rsv1=False, rsv2=False, rsv3=False)
DEBUG:websockets.protocol:client - event = data_received(<2 bytes>)
DEBUG:websockets.protocol:client < Frame(fin=True, opcode=9, data=b'', rsv1=False, rsv2=False, rsv3=False)
DEBUG:websockets.protocol:client - received ping, sending pong: [empty]
DEBUG:websockets.protocol:client > Frame(fin=True, opcode=10, data=b'', rsv1=False, rsv2=False, rsv3=False)
DEBUG:websockets.protocol:client > Frame(fin=True, opcode=9, data=b'd=@\x86', rsv1=False, rsv2=False, rsv3=False)
DEBUG:websockets.protocol:client - event = data_received(<6 bytes>)
DEBUG:websockets.protocol:client < Frame(fin=True, opcode=10, data=b'd=@\x86', rsv1=False, rsv2=False, rsv3=False)
DEBUG:websockets.protocol:client - received solicited pong: 643d4086
DEBUG:websockets.protocol:client - event = data_received(<2 bytes>)
DEBUG:websockets.protocol:client < Frame(fin=True, opcode=9, data=b'', rsv1=False, rsv2=False, rsv3=False)
DEBUG:websockets.protocol:client - received ping, sending pong: [empty]
DEBUG:websockets.protocol:client > Frame(fin=True, opcode=10, data=b'', rsv1=False, rsv2=False, rsv3=False)
DEBUG:websockets.protocol:client - event = data_received(<2 bytes>)
DEBUG:websockets.protocol:client < Frame(fin=True, opcode=9, data=b'', rsv1=False, rsv2=False, rsv3=False)
DEBUG:websockets.protocol:client - received ping, sending pong: [empty]
DEBUG:websockets.protocol:client > Frame(fin=True, opcode=10, data=b'', rsv1=False, rsv2=False, rsv3=False)
DEBUG:websockets.protocol:client - event = data_received(<2 bytes>)
DEBUG:websockets.protocol:client < Frame(fin=True, opcode=9, data=b'', rsv1=False, rsv2=False, rsv3=False)
DEBUG:websockets.protocol:client - received ping, sending pong: [empty]
DEBUG:websockets.protocol:client > Frame(fin=True, opcode=10, data=b'', rsv1=False, rsv2=False, rsv3=False)
DEBUG:websockets.protocol:client > Frame(fin=True, opcode=9, data=b'\x91\xf0\xea\x9a', rsv1=False, rsv2=False, rsv3=False)
DEBUG:websockets.protocol:client - event = data_received(<6 bytes>)
DEBUG:websockets.protocol:client < Frame(fin=True, opcode=10, data=b'\x91\xf0\xea\x9a', rsv1=False, rsv2=False, rsv3=False)
DEBUG:websockets.protocol:client - received solicited pong: 91f0ea9a
DEBUG:websockets.protocol:client - event = data_received(<2 bytes>)
DEBUG:websockets.protocol:client < Frame(fin=True, opcode=9, data=b'', rsv1=False, rsv2=False, rsv3=False)
DEBUG:websockets.protocol:client - received ping, sending pong: [empty]
DEBUG:websockets.protocol:client > Frame(fin=True, opcode=10, data=b'', rsv1=False, rsv2=False, rsv3=False)
DEBUG:websockets.protocol:client - event = data_received(<2 bytes>)
DEBUG:websockets.protocol:client < Frame(fin=True, opcode=9, data=b'', rsv1=False, rsv2=False, rsv3=False)
DEBUG:websockets.protocol:client - received ping, sending pong: [empty]
DEBUG:websockets.protocol:client > Frame(fin=True, opcode=10, data=b'', rsv1=False, rsv2=False, rsv3=False)
DEBUG:websockets.protocol:client - event = data_received(<2 bytes>)
DEBUG:websockets.protocol:client < Frame(fin=True, opcode=9, data=b'', rsv1=False, rsv2=False, rsv3=False)
DEBUG:websockets.protocol:client - received ping, sending pong: [empty]
DEBUG:websockets.protocol:client > Frame(fin=True, opcode=10, data=b'', rsv1=False, rsv2=False, rsv3=False)
DEBUG:websockets.protocol:client > Frame(fin=True, opcode=9, data=b'\x04\xbbB5', rsv1=False, rsv2=False, rsv3=False)
DEBUG:websockets.protocol:client - event = data_received(<6 bytes>)
DEBUG:websockets.protocol:client < Frame(fin=True, opcode=10, data=b'\x04\xbbB5', rsv1=False, rsv2=False, rsv3=False)
DEBUG:websockets.protocol:client - received solicited pong: 04bb4235
DEBUG:websockets.protocol:client - event = data_received(<2 bytes>)
DEBUG:websockets.protocol:client < Frame(fin=True, opcode=9, data=b'', rsv1=False, rsv2=False, rsv3=False)
DEBUG:websockets.protocol:client - received ping, sending pong: [empty]
DEBUG:websockets.protocol:client > Frame(fin=True, opcode=10, data=b'', rsv1=False, rsv2=False, rsv3=False)
DEBUG:websockets.protocol:client - event = data_received(<2 bytes>)
DEBUG:websockets.protocol:client < Frame(fin=True, opcode=9, data=b'', rsv1=False, rsv2=False, rsv3=False)
DEBUG:websockets.protocol:client - received ping, sending pong: [empty]
DEBUG:websockets.protocol:client > Frame(fin=True, opcode=10, data=b'', rsv1=False, rsv2=False, rsv3=False)
DEBUG:websockets.protocol:client - event = data_received(<2 bytes>)
DEBUG:websockets.protocol:client < Frame(fin=True, opcode=9, data=b'', rsv1=False, rsv2=False, rsv3=False)
DEBUG:websockets.protocol:client - received ping, sending pong: [empty]
DEBUG:websockets.protocol:client > Frame(fin=True, opcode=10, data=b'', rsv1=False, rsv2=False, rsv3=False)
DEBUG:websockets.protocol:client - event = data_received(<2 bytes>)
DEBUG:websockets.protocol:client < Frame(fin=True, opcode=9, data=b'', rsv1=False, rsv2=False, rsv3=False)
DEBUG:websockets.protocol:client - received ping, sending pong: [empty]
DEBUG:websockets.protocol:client > Frame(fin=True, opcode=10, data=b'', rsv1=False, rsv2=False, rsv3=False)
DEBUG:websockets.protocol:client > Frame(fin=True, opcode=9, data=b'\x97\x02\nz', rsv1=False, rsv2=False, rsv3=False)
DEBUG:websockets.protocol:client - event = data_received(<6 bytes>)
DEBUG:websockets.protocol:client < Frame(fin=True, opcode=10, data=b'\x97\x02\nz', rsv1=False, rsv2=False, rsv3=False)
DEBUG:websockets.protocol:client - received solicited pong: 97020a7a
DEBUG:websockets.protocol:client - event = data_received(<2 bytes>)
DEBUG:websockets.protocol:client < Frame(fin=True, opcode=9, data=b'', rsv1=False, rsv2=False, rsv3=False)
DEBUG:websockets.protocol:client - received ping, sending pong: [empty]
DEBUG:websockets.protocol:client > Frame(fin=True, opcode=10, data=b'', rsv1=False, rsv2=False, rsv3=False)
DEBUG:websockets.protocol:client > Frame(fin=True, opcode=9, data=b'\x81\x14Q\x17', rsv1=False, rsv2=False, rsv3=False)
DEBUG:websockets.protocol:client - event = data_received(<6 bytes>)
DEBUG:websockets.protocol:client < Frame(fin=True, opcode=10, data=b'\x81\x14Q\x17', rsv1=False, rsv2=False, rsv3=False)
DEBUG:websockets.protocol:client - received solicited pong: 81145117
DEBUG:websockets.protocol:client - event = data_received(<2 bytes>)
DEBUG:websockets.protocol:client < Frame(fin=True, opcode=9, data=b'', rsv1=False, rsv2=False, rsv3=False)
DEBUG:websockets.protocol:client - received ping, sending pong: [empty]
DEBUG:websockets.protocol:client > Frame(fin=True, opcode=10, data=b'', rsv1=False, rsv2=False, rsv3=False)
DEBUG:websockets.protocol:client - event = data_received(<2 bytes>)
DEBUG:websockets.protocol:client < Frame(fin=True, opcode=9, data=b'', rsv1=False, rsv2=False, rsv3=False)
DEBUG:websockets.protocol:client - received ping, sending pong: [empty]
DEBUG:websockets.protocol:client > Frame(fin=True, opcode=10, data=b'', rsv1=False, rsv2=False, rsv3=False)
DEBUG:websockets.protocol:client - event = data_received(<2 bytes>)
DEBUG:websockets.protocol:client < Frame(fin=True, opcode=9, data=b'', rsv1=False, rsv2=False, rsv3=False)
DEBUG:websockets.protocol:client - received ping, sending pong: [empty]
DEBUG:websockets.protocol:client > Frame(fin=True, opcode=10, data=b'', rsv1=False, rsv2=False, rsv3=False)
DEBUG:websockets.protocol:client - event = data_received(<2 bytes>)
DEBUG:websockets.protocol:client < Frame(fin=True, opcode=9, data=b'', rsv1=False, rsv2=False, rsv3=False)
DEBUG:websockets.protocol:client - received ping, sending pong: [empty]
DEBUG:websockets.protocol:client > Frame(fin=True, opcode=10, data=b'', rsv1=False, rsv2=False, rsv3=False)
DEBUG:websockets.protocol:client - event = data_received(<2 bytes>)
DEBUG:websockets.protocol:client < Frame(fin=True, opcode=9, data=b'', rsv1=False, rsv2=False, rsv3=False)
DEBUG:websockets.protocol:client - received ping, sending pong: [empty]
DEBUG:websockets.protocol:client > Frame(fin=True, opcode=10, data=b'', rsv1=False, rsv2=False, rsv3=False)
DEBUG:websockets.protocol:client > Frame(fin=True, opcode=9, data=b'\xfd\xc0\xe3#', rsv1=False, rsv2=False, rsv3=False)
DEBUG:websockets.protocol:client > Frame(fin=True, opcode=9, data=b'\xfcO\xde\xad', rsv1=False, rsv2=False, rsv3=False)
DEBUG:websockets.protocol:client - event = data_received(<2 bytes>)
DEBUG:websockets.protocol:client - event = data_received(<2 bytes>)
DEBUG:websockets.protocol:client - event = data_received(<45 bytes>)
DEBUG:websockets.protocol:client < Frame(fin=True, opcode=9, data=b'', rsv1=False, rsv2=False, rsv3=False)
DEBUG:websockets.protocol:client - received ping, sending pong: [empty]
DEBUG:websockets.protocol:client > Frame(fin=True, opcode=10, data=b'', rsv1=False, rsv2=False, rsv3=False)
DEBUG:websockets.protocol:client < Frame(fin=True, opcode=9, data=b'', rsv1=False, rsv2=False, rsv3=False)
DEBUG:websockets.protocol:client - received ping, sending pong: [empty]
DEBUG:websockets.protocol:client > Frame(fin=True, opcode=10, data=b'', rsv1=False, rsv2=False, rsv3=False)
DEBUG:websockets.protocol:client < Frame(fin=True, opcode=9, data=b'', rsv1=False, rsv2=False, rsv3=False)
DEBUG:websockets.protocol:client - received ping, sending pong: [empty]
DEBUG:websockets.protocol:client > Frame(fin=True, opcode=10, data=b'', rsv1=False, rsv2=False, rsv3=False)
DEBUG:websockets.protocol:client < Frame(fin=True, opcode=1, data=b'{"type":"error","message":"ping timeout"}', rsv1=False, rsv2=False, rsv3=False)
DEBUG:websockets.protocol:client - event = eof_received()
DEBUG:websockets.protocol:client ! failing OPEN WebSocket connection with code 1006
DEBUG:websockets.protocol:client - event = connection_lost(None)
DEBUG:websockets.protocol:client - state = CLOSED
DEBUG:websockets.protocol:client x code = 1006, reason = [no reason]
DEBUG:websockets.protocol:client - aborted pending pings: fdc0e323, fc4fdead
ERROR:asyncio:Future exception was never retrieved
future: <Future finished exception=ConnectionClosedError('code = 1006 (connection closed abnormally [internal]), no reason')>
Traceback (most recent call last):
  File "/home/jman563412/miniconda3/envs/hummingbot/lib/python3.8/site-packages/websockets/protocol.py", line 827, in transfer_data
    message = await self.read_message()
  File "/home/jman563412/miniconda3/envs/hummingbot/lib/python3.8/site-packages/websockets/protocol.py", line 895, in read_message
    frame = await self.read_data_frame(max_size=self.max_size)
  File "/home/jman563412/miniconda3/envs/hummingbot/lib/python3.8/site-packages/websockets/protocol.py", line 971, in read_data_frame
    frame = await self.read_frame(max_size)
  File "/home/jman563412/miniconda3/envs/hummingbot/lib/python3.8/site-packages/websockets/protocol.py", line 1047, in read_frame
    frame = await Frame.read(
  File "/home/jman563412/miniconda3/envs/hummingbot/lib/python3.8/site-packages/websockets/framing.py", line 105, in read
    data = await reader(2)
  File "/home/jman563412/miniconda3/envs/hummingbot/lib/python3.8/asyncio/streams.py", line 721, in readexactly
    raise exceptions.IncompleteReadError(incomplete, n)
asyncio.exceptions.IncompleteReadError: 0 bytes read on a total of 2 expected bytes

The above exception was the direct cause of the following exception:

websockets.exceptions.ConnectionClosedError: code = 1006 (connection closed abnormally [internal]), no reason
DEBUG:websockets.protocol:client x closing TCP connection
